Archive member included to satisfy reference by file (symbol)

e:/programs/stmicroelectronics/truestudio for arm 7.0.1/armtools/bin/../lib/gcc/arm-atollic-eabi/5.3.1/../../../../arm-atollic-eabi/lib/armv7e-m/fpu\libc.a(lib_a-init.o)
                              startup\startup_stm32f417xx.o (__libc_init_array)
e:/programs/stmicroelectronics/truestudio for arm 7.0.1/armtools/bin/../lib/gcc/arm-atollic-eabi/5.3.1/../../../../arm-atollic-eabi/lib/armv7e-m/fpu\libc.a(lib_a-malloc.o)
                              Middlewares\ST\STM32_USB_Device_Library\Class\CDC\Src\usbd_cdc.o (malloc)
e:/programs/stmicroelectronics/truestudio for arm 7.0.1/armtools/bin/../lib/gcc/arm-atollic-eabi/5.3.1/../../../../arm-atollic-eabi/lib/armv7e-m/fpu\libc.a(lib_a-mallocr.o)
                              e:/programs/stmicroelectronics/truestudio for arm 7.0.1/armtools/bin/../lib/gcc/arm-atollic-eabi/5.3.1/../../../../arm-atollic-eabi/lib/armv7e-m/fpu\libc.a(lib_a-malloc.o) (_malloc_r)
e:/programs/stmicroelectronics/truestudio for arm 7.0.1/armtools/bin/../lib/gcc/arm-atollic-eabi/5.3.1/../../../../arm-atollic-eabi/lib/armv7e-m/fpu\libc.a(lib_a-mlock.o)
                              e:/programs/stmicroelectronics/truestudio for arm 7.0.1/armtools/bin/../lib/gcc/arm-atollic-eabi/5.3.1/../../../../arm-atollic-eabi/lib/armv7e-m/fpu\libc.a(lib_a-mallocr.o) (__malloc_lock)
e:/programs/stmicroelectronics/truestudio for arm 7.0.1/armtools/bin/../lib/gcc/arm-atollic-eabi/5.3.1/../../../../arm-atollic-eabi/lib/armv7e-m/fpu\libc.a(lib_a-sbrkr.o)
                              e:/programs/stmicroelectronics/truestudio for arm 7.0.1/armtools/bin/../lib/gcc/arm-atollic-eabi/5.3.1/../../../../arm-atollic-eabi/lib/armv7e-m/fpu\libc.a(lib_a-mallocr.o) (_sbrk_r)
e:/programs/stmicroelectronics/truestudio for arm 7.0.1/armtools/bin/../lib/gcc/arm-atollic-eabi/5.3.1/../../../../arm-atollic-eabi/lib/armv7e-m/fpu\libc.a(lib_a-sprintf.o)
                              Src\USBTransmission.o (sprintf)
e:/programs/stmicroelectronics/truestudio for arm 7.0.1/armtools/bin/../lib/gcc/arm-atollic-eabi/5.3.1/../../../../arm-atollic-eabi/lib/armv7e-m/fpu\libc.a(lib_a-strcpy.o)
                              Src\USBTransmission.o (strcpy)
e:/programs/stmicroelectronics/truestudio for arm 7.0.1/armtools/bin/../lib/gcc/arm-atollic-eabi/5.3.1/../../../../arm-atollic-eabi/lib/armv7e-m/fpu\libc.a(lib_a-strlcpy.o)
                              Src\usbd_cdc_if.o (strlcpy)
e:/programs/stmicroelectronics/truestudio for arm 7.0.1/armtools/bin/../lib/gcc/arm-atollic-eabi/5.3.1/../../../../arm-atollic-eabi/lib/armv7e-m/fpu\libc.a(lib_a-strncmp.o)
                              Src\GSM.o (strncmp)
e:/programs/stmicroelectronics/truestudio for arm 7.0.1/armtools/bin/../lib/gcc/arm-atollic-eabi/5.3.1/../../../../arm-atollic-eabi/lib/armv7e-m/fpu\libc.a(lib_a-svfprintf.o)
                              e:/programs/stmicroelectronics/truestudio for arm 7.0.1/armtools/bin/../lib/gcc/arm-atollic-eabi/5.3.1/../../../../arm-atollic-eabi/lib/armv7e-m/fpu\libc.a(lib_a-sprintf.o) (_svfprintf_r)
e:/programs/stmicroelectronics/truestudio for arm 7.0.1/armtools/bin/../lib/gcc/arm-atollic-eabi/5.3.1/../../../../arm-atollic-eabi/lib/armv7e-m/fpu\libc.a(lib_a-dtoa.o)
                              e:/programs/stmicroelectronics/truestudio for arm 7.0.1/armtools/bin/../lib/gcc/arm-atollic-eabi/5.3.1/../../../../arm-atollic-eabi/lib/armv7e-m/fpu\libc.a(lib_a-svfprintf.o) (_dtoa_r)
e:/programs/stmicroelectronics/truestudio for arm 7.0.1/armtools/bin/../lib/gcc/arm-atollic-eabi/5.3.1/../../../../arm-atollic-eabi/lib/armv7e-m/fpu\libc.a(lib_a-freer.o)
                              e:/programs/stmicroelectronics/truestudio for arm 7.0.1/armtools/bin/../lib/gcc/arm-atollic-eabi/5.3.1/../../../../arm-atollic-eabi/lib/armv7e-m/fpu\libc.a(lib_a-malloc.o) (_free_r)
e:/programs/stmicroelectronics/truestudio for arm 7.0.1/armtools/bin/../lib/gcc/arm-atollic-eabi/5.3.1/../../../../arm-atollic-eabi/lib/armv7e-m/fpu\libc.a(lib_a-impure.o)
                              e:/programs/stmicroelectronics/truestudio for arm 7.0.1/armtools/bin/../lib/gcc/arm-atollic-eabi/5.3.1/../../../../arm-atollic-eabi/lib/armv7e-m/fpu\libc.a(lib_a-malloc.o) (_impure_ptr)
e:/programs/stmicroelectronics/truestudio for arm 7.0.1/armtools/bin/../lib/gcc/arm-atollic-eabi/5.3.1/../../../../arm-atollic-eabi/lib/armv7e-m/fpu\libc.a(lib_a-locale.o)
                              e:/programs/stmicroelectronics/truestudio for arm 7.0.1/armtools/bin/../lib/gcc/arm-atollic-eabi/5.3.1/../../../../arm-atollic-eabi/lib/armv7e-m/fpu\libc.a(lib_a-svfprintf.o) (_localeconv_r)
e:/programs/stmicroelectronics/truestudio for arm 7.0.1/armtools/bin/../lib/gcc/arm-atollic-eabi/5.3.1/../../../../arm-atollic-eabi/lib/armv7e-m/fpu\libc.a(lib_a-memchr.o)
[...]
Memory Configuration

Name             Origin             Length             Attributes
RAM              0x20000000         0x00020000         xrw
CCMRAM           0x10000000         0x00010000         rw
FLASH            0x08000000         0x00100000         xr
*default*        0x00000000         0xffffffff

Linker script and memory map

LOAD e:/programs/stmicroelectronics/truestudio for arm 7.0.1/armtools/bin/../lib/gcc/arm-atollic-eabi/5.3.1/armv7e-m/fpu/crti.o
LOAD e:/programs/stmicroelectronics/truestudio for arm 7.0.1/armtools/bin/../lib/gcc/arm-atollic-eabi/5.3.1/armv7e-m/fpu/crtbegin.o
LOAD Drivers\STM32F4xx_HAL_Driver\Src\stm32f4xx_hal.o
LOAD Drivers\STM32F4xx_HAL_Driver\Src\stm32f4xx_hal_cortex.o
LOAD Drivers\STM32F4xx_HAL_Driver\Src\stm32f4xx_hal_dma.o
LOAD Drivers\STM32F4xx_HAL_Driver\Src\stm32f4xx_hal_dma_ex.o
LOAD Drivers\STM32F4xx_HAL_Driver\Src\stm32f4xx_hal_flash.o
LOAD Drivers\STM32F4xx_HAL_Driver\Src\stm32f4xx_hal_flash_ex.o
LOAD Drivers\STM32F4xx_HAL_Driver\Src\stm32f4xx_hal_flash_ramfunc.o
LOAD Drivers\STM32F4xx_HAL_Driver\Src\stm32f4xx_hal_gpio.o
LOAD Drivers\STM32F4xx_HAL_Driver\Src\stm32f4xx_hal_i2c.o
LOAD Drivers\STM32F4xx_HAL_Driver\Src\stm32f4xx_hal_i2c_ex.o
LOAD Drivers\STM32F4xx_HAL_Driver\Src\stm32f4xx_hal_pcd.o
LOAD Drivers\STM32F4xx_HAL_Driver\Src\stm32f4xx_hal_pcd_ex.o
LOAD Drivers\STM32F4xx_HAL_Driver\Src\stm32f4xx_hal_pwr.o
LOAD Drivers\STM32F4xx_HAL_Driver\Src\stm32f4xx_hal_pwr_ex.o
LOAD Drivers\STM32F4xx_HAL_Driver\Src\stm32f4xx_hal_rcc.o
LOAD Drivers\STM32F4xx_HAL_Driver\Src\stm32f4xx_hal_rcc_ex.o
LOAD Drivers\STM32F4xx_HAL_Driver\Src\stm32f4xx_hal_rtc.o
LOAD Drivers\STM32F4xx_HAL_Driver\Src\stm32f4xx_hal_rtc_ex.o
LOAD Drivers\STM32F4xx_HAL_Driver\Src\stm32f4xx_hal_tim.o
LOAD Drivers\STM32F4xx_HAL_Driver\Src\stm32f4xx_hal_tim_ex.o
LOAD Drivers\STM32F4xx_HAL_Driver\Src\stm32f4xx_hal_uart.o
LOAD Drivers\STM32F4xx_HAL_Driver\Src\stm32f4xx_ll_usb.o
LOAD Middlewares\ST\STM32_USB_Device_Library\Class\CDC\Src\usbd_cdc.o
LOAD Middlewares\ST\STM32_USB_Device_Library\Core\Src\usbd_core.o
LOAD Middlewares\ST\STM32_USB_Device_Library\Core\Src\usbd_ctlreq.o
LOAD Middlewares\ST\STM32_USB_Device_Library\Core\Src\usbd_ioreq.o
LOAD Src\Accelerometer.o
LOAD Src\EEPROM.o
LOAD Src\GSM.o
LOAD Src\PositionLog.o
LOAD Src\USBTransmission.o
LOAD Src\gpio.o
LOAD Src\i2c.o
LOAD Src\main.o
LOAD Src\rtc.o
LOAD Src\stm32f4xx_hal_msp.o
LOAD Src\stm32f4xx_it.o
LOAD Src\system_stm32f4xx.o
LOAD Src\tim.o
LOAD Src\usart.o
LOAD Src\usb_device.o
LOAD Src\usbd_cdc_if.o
LOAD Src\usbd_conf.o
LOAD Src\usbd_desc.o
LOAD startup\startup_stm32f417xx.o
START GROUP
LOAD e:/programs/stmicroelectronics/truestudio for arm 7.0.1/armtools/bin/../lib/gcc/arm-atollic-eabi/5.3.1/../../../../arm-atollic-eabi/lib/armv7e-m/fpu\libc.a
LOAD e:/programs/stmicroelectronics/truestudio for arm 7.0.1/armtools/bin/../lib/gcc/arm-atollic-eabi/5.3.1/../../../../arm-atollic-eabi/lib/armv7e-m/fpu\libm.a
END GROUP
                0x00000080                malloc_getpagesize_P = 0x80
START GROUP
LOAD e:/programs/stmicroelectronics/truestudio for arm 7.0.1/armtools/bin/../lib/gcc/arm-atollic-eabi/5.3.1/armv7e-m/fpu\libgcc.a
LOAD e:/programs/stmicroelectronics/truestudio for arm 7.0.1/armtools/bin/../lib/gcc/arm-atollic-eabi/5.3.1/../../../../arm-atollic-eabi/lib/armv7e-m/fpu\libc.a
END GROUP
START GROUP
LOAD e:/programs/stmicroelectronics/truestudio for arm 7.0.1/armtools/bin/../lib/gcc/arm-atollic-eabi/5.3.1/armv7e-m/fpu\libgcc.a
LOAD e:/programs/stmicroelectronics/truestudio for arm 7.0.1/armtools/bin/../lib/gcc/arm-atollic-eabi/5.3.1/../../../../arm-atollic-eabi/lib/armv7e-m/fpu\libc.a
LOAD e:/programs/stmicroelectronics/truestudio for arm 7.0.1/armtools/bin/../lib/gcc/arm-atollic-eabi/5.3.1/../../../../arm-atollic-eabi/lib/armv7e-m/fpu\libnosys.a
END GROUP
LOAD e:/programs/stmicroelectronics/truestudio for arm 7.0.1/armtools/bin/../lib/gcc/arm-atollic-eabi/5.3.1/armv7e-m/fpu/crtend.o
LOAD e:/programs/stmicroelectronics/truestudio for arm 7.0.1/armtools/bin/../lib/gcc/arm-atollic-eabi/5.3.1/armv7e-m/fpu/crtn.o
                0x20020000                _estack = 0x20020000
                0x00000200                _Min_Heap_Size = 0x200
                0x00000400                _Min_Stack_Size = 0x400

.isr_vector     0x08000000      0x188
                0x08000000                . = ALIGN (0x4)
 *(.isr_vector)
 .isr_vector    0x08000000      0x188 startup\startup_stm32f417xx.o
                0x08000000                g_pfnVectors
                0x08000188                . = ALIGN (0x4)

.text           0x08000188     0x4290
                0x08000188                . = ALIGN (0x4)
 *(.text)
 .text          0x08000188       0x40 e:/programs/stmicroelectronics/truestudio for arm 7.0.1/armtools/bin/../lib/gcc/arm-atollic-eabi/5.3.1/armv7e-m/fpu/crtbegin.o
 *(.text*)
 .text.HAL_InitTick
                0x080001c8       0x28 Drivers\STM32F4xx_HAL_Driver\Src\stm32f4xx_hal.o
                0x080001c8                HAL_InitTick
 .text.HAL_Init
                0x080001f0       0x34 Drivers\STM32F4xx_HAL_Driver\Src\stm32f4xx_hal.o
                0x080001f0                HAL_Init
 .text.HAL_IncTick
                0x08000224       0x10 Drivers\STM32F4xx_HAL_Driver\Src\stm32f4xx_hal.o
                0x08000224                HAL_IncTick
 .text.HAL_GetTick
                0x08000234        0xc Drivers\STM32F4xx_HAL_Driver\Src\stm32f4xx_hal.o
                0x08000234                HAL_GetTick
 .text.HAL_Delay
                0x08000240       0x20 Drivers\STM32F4xx_HAL_Driver\Src\stm32f4xx_hal.o
                0x08000240                HAL_Delay
 .text.HAL_NVIC_SetPriorityGrouping
                0x08000260       0x24 Drivers\STM32F4xx_HAL_Driver\Src\stm32f4xx_hal_cortex.o
                0x08000260                HAL_NVIC_SetPriorityGrouping
 .text.HAL_NVIC_SetPriority
                0x08000284       0x68 Drivers\STM32F4xx_HAL_Driver\Src\stm32f4xx_hal_cortex.o
                0x08000284                HAL_NVIC_SetPriority
 .text.HAL_NVIC_EnableIRQ
                0x080002ec       0x18 Drivers\STM32F4xx_HAL_Driver\Src\stm32f4xx_hal_cortex.o
                0x080002ec                HAL_NVIC_EnableIRQ
 .text.HAL_SYSTICK_Config
                0x08000304       0x2c Drivers\STM32F4xx_HAL_Driver\Src\stm32f4xx_hal_cortex.o
                0x08000304                HAL_SYSTICK_Config
 .text.HAL_SYSTICK_CLKSourceConfig
                0x08000330       0x18 Drivers\STM32F4xx_HAL_Driver\Src\stm32f4xx_hal_cortex.o
                0x08000330                HAL_SYSTICK_CLKSourceConfig
 .text.HAL_SYSTICK_Callback
                0x08000348        0x2 Drivers\STM32F4xx_HAL_Driver\Src\stm32f4xx_hal_cortex.o
                0x08000348                HAL_SYSTICK_Callback
 .text.HAL_SYSTICK_IRQHandler
                0x0800034a        0x8 Drivers\STM32F4xx_HAL_Driver\Src\stm32f4xx_hal_cortex.o
                0x0800034a                HAL_SYSTICK_IRQHandler
 .text.HAL_DMA_Abort_IT
                0x08000352       0x24 Drivers\STM32F4xx_HAL_Driver\Src\stm32f4xx_hal_dma.o
                0x08000352                HAL_DMA_Abort_IT
 *fill*         0x08000376        0x2 
 .text.HAL_GPIO_Init
                0x08000378      0x1c0 Drivers\STM32F4xx_HAL_Driver\Src\stm32f4xx_hal_gpio.o
                0x08000378                HAL_GPIO_Init
 .text.HAL_GPIO_EXTI_Callback
                0x08000538        0x2 Drivers\STM32F4xx_HAL_Driver\Src\stm32f4xx_hal_gpio.o
                0x08000538                HAL_GPIO_EXTI_Callback
 *fill*         0x0800053a        0x2 
 .text.HAL_GPIO_EXTI_IRQHandler
                0x0800053c       0x18 Drivers\STM32F4xx_HAL_Driver\Src\stm32f4xx_hal_gpio.o
                0x0800053c                HAL_GPIO_EXTI_IRQHandler
 .text.HAL_I2C_Init
                0x08000554       0xdc Drivers\STM32F4xx_HAL_Driver\Src\stm32f4xx_hal_i2c.o
                0x08000554                HAL_I2C_Init
 .text.HAL_PCD_Init
                0x08000630       0xd8 Drivers\STM32F4xx_HAL_Driver\Src\stm32f4xx_hal_pcd.o
                0x08000630                HAL_PCD_Init
 .text.HAL_PCD_Start
                0x08000708       0x2a Drivers\STM32F4xx_HAL_Driver\Src\stm32f4xx_hal_pcd.o
                0x08000708                HAL_PCD_Start
 *fill*         0x08000732        0x2 
 .text.HAL_PCD_IRQHandler
                0x08000734      0x548 Drivers\STM32F4xx_HAL_Driver\Src\stm32f4xx_hal_pcd.o
                0x08000734                HAL_PCD_IRQHandler
 .text.HAL_PCD_SetAddress
                0x08000c7c       0x24 Drivers\STM32F4xx_HAL_Driver\Src\stm32f4xx_hal_pcd.o
                0x08000c7c                HAL_PCD_SetAddress
 .text.HAL_PCD_EP_Open
                0x08000ca0       0x5c Drivers\STM32F4xx_HAL_Driver\Src\stm32f4xx_hal_pcd.o
                0x08000ca0                HAL_PCD_EP_Open
 .text.HAL_PCD_EP_Close
                0x08000cfc       0x46 Drivers\STM32F4xx_HAL_Driver\Src\stm32f4xx_hal_pcd.o
                0x08000cfc                HAL_PCD_EP_Close
 .text.HAL_PCD_EP_Receive
                0x08000d42       0x46 Drivers\STM32F4xx_HAL_Driver\Src\stm32f4xx_hal_pcd.o
                0x08000d42                HAL_PCD_EP_Receive
 .text.HAL_PCD_EP_GetRxCount
                0x08000d88       0x10 Drivers\STM32F4xx_HAL_Driver\Src\stm32f4xx_hal_pcd.o
                0x08000d88                HAL_PCD_EP_GetRxCount
 .text.HAL_PCD_EP_Transmit
                0x08000d98       0x40 Drivers\STM32F4xx_HAL_Driver\Src\stm32f4xx_hal_pcd.o
                0x08000d98                HAL_PCD_EP_Transmit
 .text.HAL_PCD_EP_SetStall
                0x08000dd8       0x58 Drivers\STM32F4xx_HAL_Driver\Src\stm32f4xx_hal_pcd.o
                0x08000dd8                HAL_PCD_EP_SetStall
 .text.HAL_PCD_EP_ClrStall
                0x08000e30       0x4a Drivers\STM32F4xx_HAL_Driver\Src\stm32f4xx_hal_pcd.o
                0x08000e30                HAL_PCD_EP_ClrStall
 .text.HAL_PCDEx_SetTxFiFo
                0x08000e7a       0x42 Drivers\STM32F4xx_HAL_Driver\Src\stm32f4xx_hal_pcd_ex.o
                0x08000e7a                HAL_PCDEx_SetTxFiFo
 .text.HAL_PCDEx_SetRxFiFo
                0x08000ebc        0x8 Drivers\STM32F4xx_HAL_Driver\Src\stm32f4xx_hal_pcd_ex.o
                0x08000ebc                HAL_PCDEx_SetRxFiFo
 .text.HAL_RCC_OscConfig
                0x08000ec4      0x31c Drivers\STM32F4xx_HAL_Driver\Src\stm32f4xx_hal_rcc.o
                0x08000ec4                HAL_RCC_OscConfig
 .text.HAL_RCC_GetSysClockFreq
                0x080011e0       0x7c Drivers\STM32F4xx_HAL_Driver\Src\stm32f4xx_hal_rcc.o
                0x080011e0                HAL_RCC_GetSysClockFreq
 .text.HAL_RCC_ClockConfig
                0x0800125c      0x168 Drivers\STM32F4xx_HAL_Driver\Src\stm32f4xx_hal_rcc.o
                0x0800125c                HAL_RCC_ClockConfig
 .text.HAL_RCC_GetHCLKFreq
                0x080013c4        0xc Drivers\STM32F4xx_HAL_Driver\Src\stm32f4xx_hal_rcc.o
                0x080013c4                HAL_RCC_GetHCLKFreq
 .text.HAL_RCC_GetPCLK1Freq
                0x080013d0       0x30 Drivers\STM32F4xx_HAL_Driver\Src\stm32f4xx_hal_rcc.o
                0x080013d0                HAL_RCC_GetPCLK1Freq
 .text.HAL_RCC_GetPCLK2Freq
                0x08001400       0x30 Drivers\STM32F4xx_HAL_Driver\Src\stm32f4xx_hal_rcc.o
                0x08001400                HAL_RCC_GetPCLK2Freq
 .text.HAL_RCCEx_PeriphCLKConfig
                0x08001430      0x150 Drivers\STM32F4xx_HAL_Driver\Src\stm32f4xx_hal_rcc_ex.o
                0x08001430                HAL_RCCEx_PeriphCLKConfig
 .text.HAL_RTC_WaitForSynchro
                0x08001580       0x30 Drivers\STM32F4xx_HAL_Driver\Src\stm32f4xx_hal_rtc.o
                0x08001580                HAL_RTC_WaitForSynchro
 .text.RTC_EnterInitMode
                0x080015b0       0x34 Drivers\STM32F4xx_HAL_Driver\Src\stm32f4xx_hal_rtc.o
                0x080015b0                RTC_EnterInitMode
 .text.HAL_RTC_Init
                0x080015e4       0x88 Drivers\STM32F4xx_HAL_Driver\Src\stm32f4xx_hal_rtc.o
                0x080015e4                HAL_RTC_Init
 .text.RTC_ByteToBcd2
                0x0800166c       0x16 Drivers\STM32F4xx_HAL_Driver\Src\stm32f4xx_hal_rtc.o
                0x0800166c                RTC_ByteToBcd2
 .text.HAL_RTC_SetTime
                0x08001682       0xde Drivers\STM32F4xx_HAL_Driver\Src\stm32f4xx_hal_rtc.o
                0x08001682                HAL_RTC_SetTime
 .text.HAL_RTC_SetDate
                0x08001760       0xc2 Drivers\STM32F4xx_HAL_Driver\Src\stm32f4xx_hal_rtc.o
                0x08001760                HAL_RTC_SetDate
 .text.HAL_RTCEx_BKUPWrite
                0x08001822        0xa Drivers\STM32F4xx_HAL_Driver\Src\stm32f4xx_hal_rtc_ex.o
                0x08001822                HAL_RTCEx_BKUPWrite
 .text.HAL_RTCEx_BKUPRead
                0x0800182c        0xa Drivers\STM32F4xx_HAL_Driver\Src\stm32f4xx_hal_rtc_ex.o
                0x0800182c                HAL_RTCEx_BKUPRead
 .text.HAL_TIM_Base_Stop_IT
                0x08001836       0x2a Drivers\STM32F4xx_HAL_Driver\Src\stm32f4xx_hal_tim.o
                0x08001836                HAL_TIM_Base_Stop_IT
 .text.HAL_TIM_OC_DelayElapsedCallback
                0x08001860        0x2 Drivers\STM32F4xx_HAL_Driver\Src\stm32f4xx_hal_tim.o
                0x08001860                HAL_TIM_OC_DelayElapsedCallback
 .text.HAL_TIM_IC_CaptureCallback
                0x08001862        0x2 Drivers\STM32F4xx_HAL_Driver\Src\stm32f4xx_hal_tim.o
                0x08001862                HAL_TIM_IC_CaptureCallback
 .text.HAL_TIM_PWM_PulseFinishedCallback
                0x08001864        0x2 Drivers\STM32F4xx_HAL_Driver\Src\stm32f4xx_hal_tim.o
                0x08001864                HAL_TIM_PWM_PulseFinishedCallback
 .text.HAL_TIM_TriggerCallback
                0x08001866        0x2 Drivers\STM32F4xx_HAL_Driver\Src\stm32f4xx_hal_tim.o
                0x08001866                HAL_TIM_TriggerCallback
 .text.HAL_TIM_IRQHandler
                0x08001868      0x144 Drivers\STM32F4xx_HAL_Driver\Src\stm32f4xx_hal_tim.o
                0x08001868                HAL_TIM_IRQHandler
 .text.TIM_Base_SetConfig
                0x080019ac       0xc8 Drivers\STM32F4xx_HAL_Driver\Src\stm32f4xx_hal_tim.o
                0x080019ac                TIM_Base_SetConfig
 .text.HAL_TIM_Base_Init
                0x08001a74       0x34 Drivers\STM32F4xx_HAL_Driver\Src\stm32f4xx_hal_tim.o
                0x08001a74                HAL_TIM_Base_Init
 .text.HAL_TIMEx_MasterConfigSynchronization
                0x08001aa8       0x44 Drivers\STM32F4xx_HAL_Driver\Src\stm32f4xx_hal_tim_ex.o
                0x08001aa8                HAL_TIMEx_MasterConfigSynchronization
 .text.HAL_TIMEx_CommutationCallback
                0x08001aec        0x2 Drivers\STM32F4xx_HAL_Driver\Src\stm32f4xx_hal_tim_ex.o
                0x08001aec                HAL_TIMEx_CommutationCallback
 .text.HAL_TIMEx_BreakCallback
                0x08001aee        0x2 Drivers\STM32F4xx_HAL_Driver\Src\stm32f4xx_hal_tim_ex.o
                0x08001aee                HAL_TIMEx_BreakCallback
 .text.UART_EndRxTransfer
                0x08001af0       0x1a Drivers\STM32F4xx_HAL_Driver\Src\stm32f4xx_hal_uart.o
 *fill*         0x08001b0a        0x2 
 .text.UART_SetConfig
                0x08001b0c      0x23c Drivers\STM32F4xx_HAL_Driver\Src\stm32f4xx_hal_uart.o
 .text.HAL_UART_Init
                0x08001d48       0x5c Drivers\STM32F4xx_HAL_Driver\Src\stm32f4xx_hal_uart.o
                0x08001d48                HAL_UART_Init
 .text.HAL_UART_Transmit_IT
                0x08001da4       0x3e Drivers\STM32F4xx_HAL_Driver\Src\stm32f4xx_hal_uart.o
                0x08001da4                HAL_UART_Transmit_IT
 .text.HAL_UART_Receive_IT
                0x08001de2       0x46 Drivers\STM32F4xx_HAL_Driver\Src\stm32f4xx_hal_uart.o
                0x08001de2                HAL_UART_Receive_IT
 .text.UART_Receive_IT
                0x08001e28       0x78 Drivers\STM32F4xx_HAL_Driver\Src\stm32f4xx_hal_uart.o
 .text.HAL_UART_ErrorCallback
                0x08001ea0        0x2 Drivers\STM32F4xx_HAL_Driver\Src\stm32f4xx_hal_uart.o
                0x08001ea0                HAL_UART_ErrorCallback
 *fill*         0x08001ea2        0x2 
 .text.HAL_UART_IRQHandler
                0x08001ea4      0x140 Drivers\STM32F4xx_HAL_Driver\Src\stm32f4xx_hal_uart.o
                0x08001ea4                HAL_UART_IRQHandler
 .text.UART_DMAAbortOnError
                0x08001fe4       0x10 Drivers\STM32F4xx_HAL_Driver\Src\stm32f4xx_hal_uart.o
 .text.USB_CoreInit
                0x08001ff4       0x74 Drivers\STM32F4xx_HAL_Driver\Src\stm32f4xx_ll_usb.o
                0x08001ff4                USB_CoreInit
 .text.USB_EnableGlobalInt
                0x08002068        0xc Drivers\STM32F4xx_HAL_Driver\Src\stm32f4xx_ll_usb.o
                0x08002068                USB_EnableGlobalInt
 .text.USB_DisableGlobalInt
                0x08002074        0xc Drivers\STM32F4xx_HAL_Driver\Src\stm32f4xx_ll_usb.o
                0x08002074                USB_DisableGlobalInt
 .text.USB_SetCurrentMode
                0x08002080       0x2c Drivers\STM32F4xx_HAL_Driver\Src\stm32f4xx_ll_usb.o
                0x08002080                USB_SetCurrentMode
 .text.USB_DevInit
                0x080020ac      0x134 Drivers\STM32F4xx_HAL_Driver\Src\stm32f4xx_ll_usb.o
                0x080020ac                USB_DevInit
 .text.USB_FlushTxFifo
                0x080021e0       0x24 Drivers\STM32F4xx_HAL_Driver\Src\stm32f4xx_ll_usb.o
                0x080021e0                USB_FlushTxFifo
 .text.USB_FlushRxFifo
                0x08002204       0x20 Drivers\STM32F4xx_HAL_Driver\Src\stm32f4xx_ll_usb.o
                0x08002204                USB_FlushRxFifo
 .text.USB_SetDevSpeed
                0x08002224        0xe Drivers\STM32F4xx_HAL_Driver\Src\stm32f4xx_ll_usb.o
                0x08002224                USB_SetDevSpeed
 .text.USB_GetDevSpeed
                0x08002232       0x36 Drivers\STM32F4xx_HAL_Driver\Src\stm32f4xx_ll_usb.o
                0x08002232                USB_GetDevSpeed
 .text.USB_ActivateEndpoint
                0x08002268       0x82 Drivers\STM32F4xx_HAL_Driver\Src\stm32f4xx_ll_usb.o
                0x08002268                USB_ActivateEndpoint
 .text.USB_DeactivateEndpoint
                0x080022ea        0x4 Drivers\STM32F4xx_HAL_Driver\Src\stm32f4xx_ll_usb.o
                0x080022ea                USB_DeactivateEndpoint
 *fill*         0x080022ee        0x2 
 .text.USB_DeactivateDedicatedEndpoint
                0x080022f0       0xdc Drivers\STM32F4xx_HAL_Driver\Src\stm32f4xx_ll_usb.o
                0x080022f0                USB_DeactivateDedicatedEndpoint
 .text.USB_EPStartXfer
                0x080023cc      0x238 Drivers\STM32F4xx_HAL_Driver\Src\stm32f4xx_ll_usb.o
                0x080023cc                USB_EPStartXfer
 .text.USB_EP0StartXfer
                0x08002604      0x152 Drivers\STM32F4xx_HAL_Driver\Src\stm32f4xx_ll_usb.o
                0x08002604                USB_EP0StartXfer
 .text.USB_WritePacket
                0x08002756       0x28 Drivers\STM32F4xx_HAL_Driver\Src\stm32f4xx_ll_usb.o
                0x08002756                USB_WritePacket
 .text.USB_ReadPacket
                0x0800277e       0x1c Drivers\STM32F4xx_HAL_Driver\Src\stm32f4xx_ll_usb.o
                0x0800277e                USB_ReadPacket
 .text.USB_EPSetStall
                0x0800279a       0x64 Drivers\STM32F4xx_HAL_Driver\Src\stm32f4xx_ll_usb.o
                0x0800279a                USB_EPSetStall
 .text.USB_EPClearStall
                0x080027fe       0x3c Drivers\STM32F4xx_HAL_Driver\Src\stm32f4xx_ll_usb.o
                0x080027fe                USB_EPClearStall
 .text.USB_SetDevAddress
                0x0800283a       0x20 Drivers\STM32F4xx_HAL_Driver\Src\stm32f4xx_ll_usb.o
                0x0800283a                USB_SetDevAddress
 .text.USB_DevConnect
                0x0800285a       0x18 Drivers\STM32F4xx_HAL_Driver\Src\stm32f4xx_ll_usb.o
                0x0800285a                USB_DevConnect
 .text.USB_DevDisconnect
                0x08002872       0x18 Drivers\STM32F4xx_HAL_Driver\Src\stm32f4xx_ll_usb.o
                0x08002872                USB_DevDisconnect
 .text.USB_ReadInterrupts
                0x0800288a        0x8 Drivers\STM32F4xx_HAL_Driver\Src\stm32f4xx_ll_usb.o
                0x0800288a                USB_ReadInterrupts
 .text.USB_ReadDevAllOutEpInterrupt
                0x08002892       0x10 Drivers\STM32F4xx_HAL_Driver\Src\stm32f4xx_ll_usb.o
                0x08002892                USB_ReadDevAllOutEpInterrupt
 .text.USB_ReadDevAllInEpInterrupt
                0x080028a2       0x10 Drivers\STM32F4xx_HAL_Driver\Src\stm32f4xx_ll_usb.o
                0x080028a2                USB_ReadDevAllInEpInterrupt
 .text.USB_ReadDevOutEPInterrupt
                0x080028b2       0x14 Drivers\STM32F4xx_HAL_Driver\Src\stm32f4xx_ll_usb.o
                0x080028b2                USB_ReadDevOutEPInterrupt
 .text.USB_ReadDevInEPInterrupt
                0x080028c6       0x20 Drivers\STM32F4xx_HAL_Driver\Src\stm32f4xx_ll_usb.o
                0x080028c6                USB_ReadDevInEPInterrupt
 .text.USB_GetMode
                0x080028e6        0x8 Drivers\STM32F4xx_HAL_Driver\Src\stm32f4xx_ll_usb.o
                0x080028e6                USB_GetMode
 .text.USB_ActivateSetup
                0x080028ee       0x36 Drivers\STM32F4xx_HAL_Driver\Src\stm32f4xx_ll_usb.o
                0x080028ee                USB_ActivateSetup
 .text.USB_EP0_OutStart
                0x08002924       0x46 Drivers\STM32F4xx_HAL_Driver\Src\stm32f4xx_ll_usb.o
                0x08002924                USB_EP0_OutStart
 *fill*         0x0800296a        0x2 
 .text.USB_CoreReset
                0x0800296c       0x30 Drivers\STM32F4xx_HAL_Driver\Src\stm32f4xx_ll_usb.o
 .text.USBD_CDC_DataIn
                0x0800299c       0x12 Middlewares\ST\STM32_USB_Device_Library\Class\CDC\Src\usbd_cdc.o
 .text.USBD_CDC_EP0_RxReady
                0x080029ae       0x28 Middlewares\ST\STM32_USB_Device_Library\Class\CDC\Src\usbd_cdc.o
 *fill*         0x080029d6        0x2 
 .text.USBD_CDC_GetFSCfgDesc
                0x080029d8        0xc Middlewares\ST\STM32_USB_Device_Library\Class\CDC\Src\usbd_cdc.o
 .text.USBD_CDC_GetHSCfgDesc
                0x080029e4        0xc Middlewares\ST\STM32_USB_Device_Library\Class\CDC\Src\usbd_cdc.o
 .text.USBD_CDC_GetOtherSpeedCfgDesc
                0x080029f0        0xc Middlewares\ST\STM32_USB_Device_Library\Class\CDC\Src\usbd_cdc.o
 .text.USBD_CDC_GetDeviceQualifierDescriptor
                0x080029fc        0xc Middlewares\ST\STM32_USB_Device_Library\Class\CDC\Src\usbd_cdc.o
                0x080029fc                USBD_CDC_GetDeviceQualifierDescriptor
 .text.USBD_CDC_DataOut
                0x08002a08       0x2e Middlewares\ST\STM32_USB_Device_Library\Class\CDC\Src\usbd_cdc.o
 *fill*         0x08002a36        0x2 
 .text.USBD_CDC_Setup
                0x08002a38       0x6c Middlewares\ST\STM32_USB_Device_Library\Class\CDC\Src\usbd_cdc.o
 .text.USBD_CDC_DeInit
                0x08002aa4       0x3a Middlewares\ST\STM32_USB_Device_Library\Class\CDC\Src\usbd_cdc.o
 .text.USBD_CDC_Init
                0x08002ade       0x8c Middlewares\ST\STM32_USB_Device_Library\Class\CDC\Src\usbd_cdc.o
 .text.USBD_CDC_RegisterInterface
                0x08002b6a        0xe Middlewares\ST\STM32_USB_Device_Library\Class\CDC\Src\usbd_cdc.o
                0x08002b6a                USBD_CDC_RegisterInterface
 .text.USBD_CDC_SetTxBuffer
                0x08002b78       0x10 Middlewares\ST\STM32_USB_Device_Library\Class\CDC\Src\usbd_cdc.o
                0x08002b78                USBD_CDC_SetTxBuffer
 .text.USBD_CDC_SetRxBuffer
                0x08002b88        0xc Middlewares\ST\STM32_USB_Device_Library\Class\CDC\Src\usbd_cdc.o
                0x08002b88                USBD_CDC_SetRxBuffer
 .text.USBD_CDC_ReceivePacket
                0x08002b94       0x26 Middlewares\ST\STM32_USB_Device_Library\Class\CDC\Src\usbd_cdc.o
                0x08002b94                USBD_CDC_ReceivePacket
 .text.USBD_Init
                0x08002bba       0x2a Middlewares\ST\STM32_USB_Device_Library\Core\Src\usbd_core.o
                0x08002bba                USBD_Init
 .text.USBD_RegisterClass
                0x08002be4        0xe Middlewares\ST\STM32_USB_Device_Library\Core\Src\usbd_core.o
                0x08002be4                USBD_RegisterClass
 .text.USBD_Start
                0x08002bf2        0xa Middlewares\ST\STM32_USB_Device_Library\Core\Src\usbd_core.o
                0x08002bf2                USBD_Start
 .text.USBD_SetClassConfig
                0x08002bfc       0x16 Middlewares\ST\STM32_USB_Device_Library\Core\Src\usbd_core.o
                0x08002bfc                USBD_SetClassConfig
 .text.USBD_ClrClassConfig
                0x08002c12        0xe Middlewares\ST\STM32_USB_Device_Library\Core\Src\usbd_core.o
                0x08002c12                USBD_ClrClassConfig
 .text.USBD_LL_SetupStage
                0x08002c20       0x5a Middlewares\ST\STM32_USB_Device_Library\Core\Src\usbd_core.o
                0x08002c20                USBD_LL_SetupStage
 .text.USBD_LL_DataOutStage
                0x08002c7a       0x62 Middlewares\ST\STM32_USB_Device_Library\Core\Src\usbd_core.o
                0x08002c7a                USBD_LL_DataOutStage
 .text.USBD_LL_DataInStage
                0x08002cdc       0x9c Middlewares\ST\STM32_USB_Device_Library\Core\Src\usbd_core.o
                0x08002cdc                USBD_LL_DataInStage
 .text.USBD_LL_Reset
                0x08002d78       0x3e Middlewares\ST\STM32_USB_Device_Library\Core\Src\usbd_core.o
                0x08002d78                USBD_LL_Reset
 .text.USBD_LL_SetSpeed
                0x08002db6        0x6 Middlewares\ST\STM32_USB_Device_Library\Core\Src\usbd_core.o
                0x08002db6                USBD_LL_SetSpeed
 .text.USBD_LL_Suspend
                0x08002dbc       0x12 Middlewares\ST\STM32_USB_Device_Library\Core\Src\usbd_core.o
                0x08002dbc                USBD_LL_Suspend
 .text.USBD_LL_Resume
                0x08002dce        0xc Middlewares\ST\STM32_USB_Device_Library\Core\Src\usbd_core.o
                0x08002dce                USBD_LL_Resume
 .text.USBD_LL_SOF
                0x08002dda       0x18 Middlewares\ST\STM32_USB_Device_Library\Core\Src\usbd_core.o
                0x08002dda                USBD_LL_SOF
 .text.USBD_LL_IsoINIncomplete
                0x08002df2        0x4 Middlewares\ST\STM32_USB_Device_Library\Core\Src\usbd_core.o
                0x08002df2                USBD_LL_IsoINIncomplete
 .text.USBD_LL_IsoOUTIncomplete
                0x08002df6        0x4 Middlewares\ST\STM32_USB_Device_Library\Core\Src\usbd_core.o
                0x08002df6                USBD_LL_IsoOUTIncomplete
 .text.USBD_LL_DevConnected
                0x08002dfa        0x4 Middlewares\ST\STM32_USB_Device_Library\Core\Src\usbd_core.o
                0x08002dfa                USBD_LL_DevConnected
 .text.USBD_LL_DevDisconnected
                0x08002dfe       0x16 Middlewares\ST\STM32_USB_Device_Library\Core\Src\usbd_core.o
                0x08002dfe                USBD_LL_DevDisconnected
 .text.USBD_ParseSetupRequest
                0x08002e14       0x28 Middlewares\ST\STM32_USB_Device_Library\Core\Src\usbd_ctlreq.o
                0x08002e14                USBD_ParseSetupRequest
 .text.USBD_CtlError
                0x08002e3c       0x16 Middlewares\ST\STM32_USB_Device_Library\Core\Src\usbd_ctlreq.o
                0x08002e3c                USBD_CtlError
 *fill*         0x08002e52        0x2 
 .text.USBD_StdDevReq
                0x08002e54      0x214 Middlewares\ST\STM32_USB_Device_Library\Core\Src\usbd_ctlreq.o
                0x08002e54                USBD_StdDevReq
 .text.USBD_StdItfReq
                0x08003068       0x30 Middlewares\ST\STM32_USB_Device_Library\Core\Src\usbd_ctlreq.o
                0x08003068                USBD_StdItfReq
 .text.USBD_StdEPReq
                0x08003098       0xc6 Middlewares\ST\STM32_USB_Device_Library\Core\Src\usbd_ctlreq.o
                0x08003098                USBD_StdEPReq
 .text.USBD_GetString
                0x0800315e       0x38 Middlewares\ST\STM32_USB_Device_Library\Core\Src\usbd_ctlreq.o
                0x0800315e                USBD_GetString
 .text.USBD_CtlSendData
                0x08003196       0x1a Middlewares\ST\STM32_USB_Device_Library\Core\Src\usbd_ioreq.o
                0x08003196                USBD_CtlSendData
 .text.USBD_CtlContinueSendData
                0x080031b0       0x10 Middlewares\ST\STM32_USB_Device_Library\Core\Src\usbd_ioreq.o
                0x080031b0                USBD_CtlContinueSendData
 .text.USBD_CtlPrepareRx
                0x080031c0       0x1e Middlewares\ST\STM32_USB_Device_Library\Core\Src\usbd_ioreq.o
                0x080031c0                USBD_CtlPrepareRx
 .text.USBD_CtlContinueRx
                0x080031de       0x10 Middlewares\ST\STM32_USB_Device_Library\Core\Src\usbd_ioreq.o
                0x080031de                USBD_CtlContinueRx
 .text.USBD_CtlSendStatus
                0x080031ee       0x16 Middlewares\ST\STM32_USB_Device_Library\Core\Src\usbd_ioreq.o
                0x080031ee                USBD_CtlSendStatus
 .text.USBD_CtlReceiveStatus
                0x08003204       0x16 Middlewares\ST\STM32_USB_Device_Library\Core\Src\usbd_ioreq.o
                0x08003204                USBD_CtlReceiveStatus
 *fill*         0x0800321a        0x2 
 .text.HAL_TIM_PeriodElapsedCallback
                0x0800321c       0x20 Src\GSM.o
                0x0800321c                HAL_TIM_PeriodElapsedCallback
 .text.HAL_UART_TxCpltCallback
                0x0800323c       0x24 Src\GSM.o
                0x0800323c                HAL_UART_TxCpltCallback
 .text.GSM_VerifyATReady
                0x08003260       0x28 Src\GSM.o
                0x08003260                GSM_VerifyATReady
 .text.GSM_VerifyAutoBaudrate
                0x08003288       0x48 Src\GSM.o
                0x08003288                GSM_VerifyAutoBaudrate
 .text.HAL_UART_RxCpltCallback
                0x080032d0       0x28 Src\GSM.o
                0x080032d0                HAL_UART_RxCpltCallback
 .text.MX_GPIO_Init
                0x080032f8       0xa0 Src\gpio.o
                0x080032f8                MX_GPIO_Init
 .text.MX_I2C1_Init
                0x08003398       0x40 Src\i2c.o
                0x08003398                MX_I2C1_Init
 .text.HAL_I2C_MspInit
                0x080033d8       0x54 Src\i2c.o
                0x080033d8                HAL_I2C_MspInit
 .text.SystemClock_Config
                0x0800342c       0xc8 Src\main.o
                0x0800342c                SystemClock_Config
 .text.startup.main
                0x080034f4       0x28 Src\main.o
                0x080034f4                main
 .text.Error_Handler
                0x0800351c        0x2 Src\main.o
                0x0800351c                Error_Handler
 *fill*         0x0800351e        0x2 
 .text.MX_RTC_Init
                0x08003520       0x94 Src\rtc.o
                0x08003520                MX_RTC_Init
 .text.HAL_RTC_MspInit
                0x080035b4       0x18 Src\rtc.o
                0x080035b4                HAL_RTC_MspInit
 .text.HAL_MspInit
                0x080035cc       0x60 Src\stm32f4xx_hal_msp.o
                0x080035cc                HAL_MspInit
 .text.NMI_Handler
                0x0800362c        0x2 Src\stm32f4xx_it.o
                0x0800362c                NMI_Handler
 .text.HardFault_Handler
                0x0800362e        0x2 Src\stm32f4xx_it.o
                0x0800362e                HardFault_Handler
 .text.MemManage_Handler
                0x08003630        0x2 Src\stm32f4xx_it.o
                0x08003630                MemManage_Handler
 .text.BusFault_Handler
                0x08003632        0x2 Src\stm32f4xx_it.o
                0x08003632                BusFault_Handler
 .text.UsageFault_Handler
                0x08003634        0x2 Src\stm32f4xx_it.o
                0x08003634                UsageFault_Handler
 .text.SVC_Handler
                0x08003636        0x2 Src\stm32f4xx_it.o
                0x08003636                SVC_Handler
 .text.DebugMon_Handler
                0x08003638        0x2 Src\stm32f4xx_it.o
                0x08003638                DebugMon_Handler
 .text.PendSV_Handler
                0x0800363a        0x2 Src\stm32f4xx_it.o
                0x0800363a                PendSV_Handler
 .text.SysTick_Handler
                0x0800363c        0xe Src\stm32f4xx_it.o
                0x0800363c                SysTick_Handler
 .text.EXTI9_5_IRQHandler
                0x0800364a        0x6 Src\stm32f4xx_it.o
                0x0800364a                EXTI9_5_IRQHandler
 .text.UART4_IRQHandler
                0x08003650        0xc Src\stm32f4xx_it.o
                0x08003650                UART4_IRQHandler
 .text.TIM6_DAC_IRQHandler
                0x0800365c        0xc Src\stm32f4xx_it.o
                0x0800365c                TIM6_DAC_IRQHandler
 .text.OTG_FS_IRQHandler
                0x08003668        0xc Src\stm32f4xx_it.o
                0x08003668                OTG_FS_IRQHandler
 .text.USART6_IRQHandler
                0x08003674        0xc Src\stm32f4xx_it.o
                0x08003674                USART6_IRQHandler
 .text.SystemInit
                0x08003680       0x4c Src\system_stm32f4xx.o
                0x08003680                SystemInit
 .text.MX_TIM6_Init
                0x080036cc       0x40 Src\tim.o
                0x080036cc                MX_TIM6_Init
 .text.HAL_TIM_Base_MspInit
                0x0800370c       0x3c Src\tim.o
                0x0800370c                HAL_TIM_Base_MspInit
 .text.MX_UART4_Init
                0x08003748       0x38 Src\usart.o
                0x08003748                MX_UART4_Init
 .text.MX_USART6_UART_Init
                0x08003780       0x38 Src\usart.o
                0x08003780                MX_USART6_UART_Init
 .text.HAL_UART_MspInit
                0x080037b8       0xb0 Src\usart.o
                0x080037b8                HAL_UART_MspInit
 .text.MX_USB_DEVICE_Init
                0x08003868       0x38 Src\usb_device.o
                0x08003868                MX_USB_DEVICE_Init
 .text.CDC_DeInit_FS
                0x080038a0        0x4 Src\usbd_cdc_if.o
 .text.CDC_Control_FS
                0x080038a4        0x4 Src\usbd_cdc_if.o
 .text.CDC_Receive_FS
                0x080038a8       0x44 Src\usbd_cdc_if.o
 .text.CDC_Init_FS
                0x080038ec       0x28 Src\usbd_cdc_if.o
 .text.HAL_PCD_MspInit
                0x08003914       0x64 Src\usbd_conf.o
                0x08003914                HAL_PCD_MspInit
 .text.HAL_PCD_SetupStageCallback
                0x08003978        0xc Src\usbd_conf.o
                0x08003978                HAL_PCD_SetupStageCallback
 .text.HAL_PCD_DataOutStageCallback
                0x08003984       0x12 Src\usbd_conf.o
                0x08003984                HAL_PCD_DataOutStageCallback
 .text.HAL_PCD_DataInStageCallback
                0x08003996       0x10 Src\usbd_conf.o
                0x08003996                HAL_PCD_DataInStageCallback
 .text.HAL_PCD_SOFCallback
                0x080039a6        0x8 Src\usbd_conf.o
                0x080039a6                HAL_PCD_SOFCallback
 .text.HAL_PCD_ResetCallback
                0x080039ae       0x20 Src\usbd_conf.o
                0x080039ae                HAL_PCD_ResetCallback
 *fill*         0x080039ce        0x2 
 .text.HAL_PCD_SuspendCallback
                0x080039d0       0x30 Src\usbd_conf.o
                0x080039d0                HAL_PCD_SuspendCallback
 .text.HAL_PCD_ResumeCallback
                0x08003a00        0x8 Src\usbd_conf.o
                0x08003a00                HAL_PCD_ResumeCallback
 .text.HAL_PCD_ISOOUTIncompleteCallback
                0x08003a08        0x8 Src\usbd_conf.o
                0x08003a08                HAL_PCD_ISOOUTIncompleteCallback
 .text.HAL_PCD_ISOINIncompleteCallback
                0x08003a10        0x8 Src\usbd_conf.o
                0x08003a10                HAL_PCD_ISOINIncompleteCallback
 .text.HAL_PCD_ConnectCallback
                0x08003a18        0x8 Src\usbd_conf.o
                0x08003a18                HAL_PCD_ConnectCallback
 .text.HAL_PCD_DisconnectCallback
                0x08003a20        0x8 Src\usbd_conf.o
                0x08003a20                HAL_PCD_DisconnectCallback
 .text.USBD_LL_Init
                0x08003a28       0x60 Src\usbd_conf.o
                0x08003a28                USBD_LL_Init
 .text.USBD_LL_Start
                0x08003a88       0x1c Src\usbd_conf.o
                0x08003a88                USBD_LL_Start
 .text.USBD_LL_OpenEP
                0x08003aa4       0x20 Src\usbd_conf.o
                0x08003aa4                USBD_LL_OpenEP
 .text.USBD_LL_CloseEP
                0x08003ac4       0x1c Src\usbd_conf.o
                0x08003ac4                USBD_LL_CloseEP
 .text.USBD_LL_StallEP
                0x08003ae0       0x1c Src\usbd_conf.o
                0x08003ae0                USBD_LL_StallEP
 .text.USBD_LL_ClearStallEP
                0x08003afc       0x1c Src\usbd_conf.o
                0x08003afc                USBD_LL_ClearStallEP
 .text.USBD_LL_IsStallEP
                0x08003b18       0x26 Src\usbd_conf.o
                0x08003b18                USBD_LL_IsStallEP
 *fill*         0x08003b3e        0x2 
 .text.USBD_LL_SetUSBAddress
                0x08003b40       0x1c Src\usbd_conf.o
                0x08003b40                USBD_LL_SetUSBAddress
 .text.USBD_LL_Transmit
                0x08003b5c       0x1c Src\usbd_conf.o
                0x08003b5c                USBD_LL_Transmit
 .text.USBD_LL_PrepareReceive
                0x08003b78       0x1c Src\usbd_conf.o
                0x08003b78                USBD_LL_PrepareReceive
 .text.USBD_LL_GetRxDataSize
                0x08003b94        0xc Src\usbd_conf.o
                0x08003b94                USBD_LL_GetRxDataSize
 .text.USBD_FS_DeviceDescriptor
                0x08003ba0        0xc Src\usbd_desc.o
                0x08003ba0                USBD_FS_DeviceDescriptor
 .text.USBD_FS_LangIDStrDescriptor
                0x08003bac        0xc Src\usbd_desc.o
                0x08003bac                USBD_FS_LangIDStrDescriptor
 .text.USBD_FS_ManufacturerStrDescriptor
                0x08003bb8       0x1c Src\usbd_desc.o
                0x08003bb8                USBD_FS_ManufacturerStrDescriptor
 .text.USBD_FS_ProductStrDescriptor
                0x08003bd4       0x1c Src\usbd_desc.o
                0x08003bd4                USBD_FS_ProductStrDescriptor
 .text.USBD_FS_SerialStrDescriptor
                0x08003bf0       0x1c Src\usbd_desc.o
                0x08003bf0                USBD_FS_SerialStrDescriptor
 .text.USBD_FS_ConfigStrDescriptor
                0x08003c0c       0x1c Src\usbd_desc.o
                0x08003c0c                USBD_FS_ConfigStrDescriptor
 .text.USBD_FS_InterfaceStrDescriptor
                0x08003c28       0x1c Src\usbd_desc.o
                0x08003c28                USBD_FS_InterfaceStrDescriptor
 .text.Reset_Handler
                0x08003c44       0x50 startup\startup_stm32f417xx.o
                0x08003c44                Reset_Handler
 .text.Default_Handler
                0x08003c94        0x2 startup\startup_stm32f417xx.o
                0x08003c94                RTC_Alarm_IRQHandler
                0x08003c94                HASH_RNG_IRQHandler
                0x08003c94                EXTI2_IRQHandler
                0x08003c94                TIM8_CC_IRQHandler
                0x08003c94                TIM1_CC_IRQHandler
                0x08003c94                DMA2_Stream5_IRQHandler
                0x08003c94                DMA1_Stream5_IRQHandler
                0x08003c94                PVD_IRQHandler
                0x08003c94                SDIO_IRQHandler
                0x08003c94                TAMP_STAMP_IRQHandler
                0x08003c94                CAN2_RX1_IRQHandler
                0x08003c94                EXTI3_IRQHandler
                0x08003c94                TIM8_TRG_COM_TIM14_IRQHandler
                0x08003c94                TIM1_UP_TIM10_IRQHandler
                0x08003c94                TIM8_UP_TIM13_IRQHandler
                0x08003c94                I2C3_ER_IRQHandler
                0x08003c94                EXTI0_IRQHandler
                0x08003c94                I2C2_EV_IRQHandler
                0x08003c94                DMA1_Stream2_IRQHandler
                0x08003c94                CAN1_RX0_IRQHandler
                0x08003c94                FPU_IRQHandler
                0x08003c94                OTG_HS_WKUP_IRQHandler
                0x08003c94                CAN2_SCE_IRQHandler
                0x08003c94                DMA2_Stream2_IRQHandler
                0x08003c94                SPI1_IRQHandler
                0x08003c94                TIM1_BRK_TIM9_IRQHandler
                0x08003c94                DCMI_IRQHandler
                0x08003c94                CAN2_RX0_IRQHandler
                0x08003c94                DMA2_Stream3_IRQHandler
                0x08003c94                USART3_IRQHandler
                0x08003c94                CRYP_IRQHandler
                0x08003c94                CAN1_RX1_IRQHandler
                0x08003c94                UART5_IRQHandler
                0x08003c94                DMA2_Stream0_IRQHandler
                0x08003c94                TIM4_IRQHandler
                0x08003c94                I2C1_EV_IRQHandler
                0x08003c94                DMA1_Stream6_IRQHandler
                0x08003c94                DMA1_Stream1_IRQHandler
                0x08003c94                TIM3_IRQHandler
                0x08003c94                RCC_IRQHandler
                0x08003c94                TIM8_BRK_TIM12_IRQHandler
                0x08003c94                Default_Handler
                0x08003c94                EXTI15_10_IRQHandler
                0x08003c94                ADC_IRQHandler
                0x08003c94                DMA1_Stream7_IRQHandler
                0x08003c94                TIM7_IRQHandler
                0x08003c94                CAN2_TX_IRQHandler
                0x08003c94                TIM5_IRQHandler
                0x08003c94                DMA2_Stream7_IRQHandler
                0x08003c94                I2C3_EV_IRQHandler
                0x08003c94                RTC_WKUP_IRQHandler
                0x08003c94                ETH_WKUP_IRQHandler
                0x08003c94                SPI2_IRQHandler
                0x08003c94                OTG_HS_EP1_IN_IRQHandler
                0x08003c94                DMA1_Stream0_IRQHandler
                0x08003c94                CAN1_TX_IRQHandler
                0x08003c94                EXTI4_IRQHandler
                0x08003c94                FSMC_IRQHandler
                0x08003c94                ETH_IRQHandler
                0x08003c94                OTG_HS_EP1_OUT_IRQHandler
                0x08003c94                WWDG_IRQHandler
                0x08003c94                TIM2_IRQHandler
                0x08003c94                OTG_FS_WKUP_IRQHandler
                0x08003c94                TIM1_TRG_COM_TIM11_IRQHandler
                0x08003c94                OTG_HS_IRQHandler
                0x08003c94                EXTI1_IRQHandler
                0x08003c94                USART2_IRQHandler
                0x08003c94                I2C2_ER_IRQHandler
                0x08003c94                DMA2_Stream1_IRQHandler
                0x08003c94                CAN1_SCE_IRQHandler
                0x08003c94                FLASH_IRQHandler
                0x08003c94                DMA2_Stream4_IRQHandler
                0x08003c94                USART1_IRQHandler
                0x08003c94                SPI3_IRQHandler
                0x08003c94                DMA1_Stream4_IRQHandler
                0x08003c94                I2C1_ER_IRQHandler
                0x08003c94                DMA2_Stream6_IRQHandler
                0x08003c94                DMA1_Stream3_IRQHandler
 *fill*         0x08003c96        0x2 
 .text.__libc_init_array
                0x08003c98       0x4c e:/programs/stmicroelectronics/truestudio for arm 7.0.1/armtools/bin/../lib/gcc/arm-atollic-eabi/5.3.1/../../../../arm-atollic-eabi/lib/armv7e-m/fpu\libc.a(lib_a-init.o)
                0x08003c98                __libc_init_array
 .text.malloc   0x08003ce4       0x10 e:/programs/stmicroelectronics/truestudio for arm 7.0.1/armtools/bin/../lib/gcc/arm-atollic-eabi/5.3.1/../../../../arm-atollic-eabi/lib/armv7e-m/fpu\libc.a(lib_a-malloc.o)
                0x08003ce4                malloc
 .text.free     0x08003cf4       0x10 e:/programs/stmicroelectronics/truestudio for arm 7.0.1/armtools/bin/../lib/gcc/arm-atollic-eabi/5.3.1/../../../../arm-atollic-eabi/lib/armv7e-m/fpu\libc.a(lib_a-malloc.o)
                0x08003cf4                free
 .text._malloc_r
                0x08003d04      0x440 e:/programs/stmicroelectronics/truestudio for arm 7.0.1/armtools/bin/../lib/gcc/arm-atollic-eabi/5.3.1/../../../../arm-atollic-eabi/lib/armv7e-m/fpu\libc.a(lib_a-mallocr.o)
                0x08003d04                _malloc_r
 .text.__malloc_lock
                0x08004144        0x2 e:/programs/stmicroelectronics/truestudio for arm 7.0.1/armtools/bin/../lib/gcc/arm-atollic-eabi/5.3.1/../../../../arm-atollic-eabi/lib/armv7e-m/fpu\libc.a(lib_a-mlock.o)
                0x08004144                __malloc_lock
 .text.__malloc_unlock
                0x08004146        0x2 e:/programs/stmicroelectronics/truestudio for arm 7.0.1/armtools/bin/../lib/gcc/arm-atollic-eabi/5.3.1/../../../../arm-atollic-eabi/lib/armv7e-m/fpu\libc.a(lib_a-mlock.o)
                0x08004146                __malloc_unlock
 .text._sbrk_r  0x08004148       0x20 e:/programs/stmicroelectronics/truestudio for arm 7.0.1/armtools/bin/../lib/gcc/arm-atollic-eabi/5.3.1/../../../../arm-atollic-eabi/lib/armv7e-m/fpu\libc.a(lib_a-sbrkr.o)
                0x08004148                _sbrk_r
 .text.strlcpy  0x08004168       0x2a e:/programs/stmicroelectronics/truestudio for arm 7.0.1/armtools/bin/../lib/gcc/arm-atollic-eabi/5.3.1/../../../../arm-atollic-eabi/lib/armv7e-m/fpu\libc.a(lib_a-strlcpy.o)
                0x08004168                strlcpy
 .text.strncmp  0x08004192       0x2a e:/programs/stmicroelectronics/truestudio for arm 7.0.1/armtools/bin/../lib/gcc/arm-atollic-eabi/5.3.1/../../../../arm-atollic-eabi/lib/armv7e-m/fpu\libc.a(lib_a-strncmp.o)
                0x08004192                strncmp
 .text._malloc_trim_r
                0x080041bc       0xac e:/programs/stmicroelectronics/truestudio for arm 7.0.1/armtools/bin/../lib/gcc/arm-atollic-eabi/5.3.1/../../../../arm-atollic-eabi/lib/armv7e-m/fpu\libc.a(lib_a-freer.o)
                0x080041bc                _malloc_trim_r
 .text._free_r  0x08004268      0x17c e:/programs/stmicroelectronics/truestudio for arm 7.0.1/armtools/bin/../lib/gcc/arm-atollic-eabi/5.3.1/../../../../arm-atollic-eabi/lib/armv7e-m/fpu\libc.a(lib_a-freer.o)
                0x08004268                _free_r
 .text._sbrk    0x080043e4       0x1c e:/programs/stmicroelectronics/truestudio for arm 7.0.1/armtools/bin/../lib/gcc/arm-atollic-eabi/5.3.1/../../../../arm-atollic-eabi/lib/armv7e-m/fpu\libnosys.a(sbrk.o)
                0x080043e4                _sbrk
 *(.glue_7)
 .glue_7        0x08004400        0x0 linker stubs
 *(.glue_7t)
 .glue_7t       0x08004400        0x0 linker stubs
 *(.eh_frame)
 .eh_frame      0x08004400        0x0 e:/programs/stmicroelectronics/truestudio for arm 7.0.1/armtools/bin/../lib/gcc/arm-atollic-eabi/5.3.1/armv7e-m/fpu/crtbegin.o
 *(.init)
 .init          0x08004400        0x4 e:/programs/stmicroelectronics/truestudio for arm 7.0.1/armtools/bin/../lib/gcc/arm-atollic-eabi/5.3.1/armv7e-m/fpu/crti.o
                0x08004400                _init
 .init          0x08004404        0x8 e:/programs/stmicroelectronics/truestudio for arm 7.0.1/armtools/bin/../lib/gcc/arm-atollic-eabi/5.3.1/armv7e-m/fpu/crtn.o
 *(.fini)
 .fini          0x0800440c        0x4 e:/programs/stmicroelectronics/truestudio for arm 7.0.1/armtools/bin/../lib/gcc/arm-atollic-eabi/5.3.1/armv7e-m/fpu/crti.o
                0x0800440c                _fini
 .fini          0x08004410        0x8 e:/programs/stmicroelectronics/truestudio for arm 7.0.1/armtools/bin/../lib/gcc/arm-atollic-eabi/5.3.1/armv7e-m/fpu/crtn.o
                0x08004418                . = ALIGN (0x4)
                0x08004418                _etext = .

.vfp11_veneer   0x08004418        0x0
 .vfp11_veneer  0x08004418        0x0 linker stubs

.v4_bx          0x08004418        0x0
 .v4_bx         0x08004418        0x0 linker stubs

.iplt           0x08004418        0x0
 .iplt          0x08004418        0x0 e:/programs/stmicroelectronics/truestudio for arm 7.0.1/armtools/bin/../lib/gcc/arm-atollic-eabi/5.3.1/armv7e-m/fpu/crtbegin.o

.rodata         0x08004418       0x78
                0x08004418                . = ALIGN (0x4)
 *(.rodata)
 *(.rodata*)
 .rodata.str1.1
                0x08004418        0xa Src\GSM.o
 .rodata.AHBPrescTable
                0x08004422       0x10 Src\system_stm32f4xx.o
                0x08004422                AHBPrescTable
 .rodata.APBPrescTable
                0x08004432        0x8 Src\system_stm32f4xx.o
                0x08004432                APBPrescTable
 .rodata.CSWTCH.39
                0x0800443a        0x4 Src\usbd_conf.o
 .rodata.str1.1
                0x0800443e       0x4f Src\usbd_desc.o
 .rodata.str1.1
                0x0800448d        0x2 e:/programs/stmicroelectronics/truestudio for arm 7.0.1/armtools/bin/../lib/gcc/arm-atollic-eabi/5.3.1/../../../../arm-atollic-eabi/lib/armv7e-m/fpu\libc.a(lib_a-impure.o)
                0x08004490                . = ALIGN (0x4)
 *fill*         0x0800448f        0x1 

.rel.dyn        0x08004490        0x0
 .rel.iplt      0x08004490        0x0 e:/programs/stmicroelectronics/truestudio for arm 7.0.1/armtools/bin/../lib/gcc/arm-atollic-eabi/5.3.1/armv7e-m/fpu/crtbegin.o

.ARM.extab
 *(.ARM.extab* .gnu.linkonce.armextab.*)

.ARM            0x08004490        0x0
                0x08004490                __exidx_start = .
 *(.ARM.exidx*)
                0x08004490                __exidx_end = .

.preinit_array  0x08004490        0x0
                0x08004490                PROVIDE (__preinit_array_start, .)
 *(.preinit_array*)
                0x08004490                PROVIDE (__preinit_array_end, .)

.init_array     0x08004490        0x4
                0x08004490                PROVIDE (__init_array_start, .)
 *(SORT(.init_array.*))
 *(.init_array*)
 .init_array    0x08004490        0x4 e:/programs/stmicroelectronics/truestudio for arm 7.0.1/armtools/bin/../lib/gcc/arm-atollic-eabi/5.3.1/armv7e-m/fpu/crtbegin.o
                0x08004494                PROVIDE (__init_array_end, .)

.fini_array     0x08004494        0x4
                [!provide]                PROVIDE (__fini_array_start, .)
 *(SORT(.fini_array.*))
 *(.fini_array*)
 .fini_array    0x08004494        0x4 e:/programs/stmicroelectronics/truestudio for arm 7.0.1/armtools/bin/../lib/gcc/arm-atollic-eabi/5.3.1/armv7e-m/fpu/crtbegin.o
                [!provide]                PROVIDE (__fini_array_end, .)
                0x08004498                _sidata = LOADADDR (.data)

.data           0x20000000      0x65c load address 0x08004498
                0x20000000                . = ALIGN (0x4)
                0x20000000                _sdata = .
 *(.data)
 *(.data*)
 .data.USBD_CDC_CfgFSDesc
                0x20000000       0x43 Middlewares\ST\STM32_USB_Device_Library\Class\CDC\Src\usbd_cdc.o
                0x20000000                USBD_CDC_CfgFSDesc
 *fill*         0x20000043        0x1 
 .data.USBD_CDC
                0x20000044       0x38 Middlewares\ST\STM32_USB_Device_Library\Class\CDC\Src\usbd_cdc.o
                0x20000044                USBD_CDC
 .data.USBD_CDC_DeviceQualifierDesc
                0x2000007c        0xa Middlewares\ST\STM32_USB_Device_Library\Class\CDC\Src\usbd_cdc.o
 *fill*         0x20000086        0x2 
 .data.USBD_CDC_OtherSpeedCfgDesc
                0x20000088       0x43 Middlewares\ST\STM32_USB_Device_Library\Class\CDC\Src\usbd_cdc.o
                0x20000088                USBD_CDC_OtherSpeedCfgDesc
 *fill*         0x200000cb        0x1 
 .data.USBD_CDC_CfgHSDesc
                0x200000cc       0x43 Middlewares\ST\STM32_USB_Device_Library\Class\CDC\Src\usbd_cdc.o
                0x200000cc                USBD_CDC_CfgHSDesc
 *fill*         0x2000010f        0x1 
 .data.SystemCoreClock
                0x20000110        0x4 Src\system_stm32f4xx.o
                0x20000110                SystemCoreClock
 .data.USBD_Interface_fops_FS
                0x20000114       0x10 Src\usbd_cdc_if.o
                0x20000114                USBD_Interface_fops_FS
 .data.FS_Desc  0x20000124       0x1c Src\usbd_desc.o
                0x20000124                FS_Desc
 .data.USBD_LangIDDesc
                0x20000140        0x4 Src\usbd_desc.o
                0x20000140                USBD_LangIDDesc
 .data.USBD_FS_DeviceDesc
                0x20000144       0x12 Src\usbd_desc.o
                0x20000144                USBD_FS_DeviceDesc
 *fill*         0x20000156        0x2 
 .data.__malloc_av_
                0x20000158      0x408 e:/programs/stmicroelectronics/truestudio for arm 7.0.1/armtools/bin/../lib/gcc/arm-atollic-eabi/5.3.1/../../../../arm-atollic-eabi/lib/armv7e-m/fpu\libc.a(lib_a-mallocr.o)
                0x20000158                __malloc_av_
 .data.__malloc_trim_threshold
                0x20000560        0x4 e:/programs/stmicroelectronics/truestudio for arm 7.0.1/armtools/bin/../lib/gcc/arm-atollic-eabi/5.3.1/../../../../arm-atollic-eabi/lib/armv7e-m/fpu\libc.a(lib_a-mallocr.o)
                0x20000560                __malloc_trim_threshold
 .data.__malloc_sbrk_base
                0x20000564        0x4 e:/programs/stmicroelectronics/truestudio for arm 7.0.1/armtools/bin/../lib/gcc/arm-atollic-eabi/5.3.1/../../../../arm-atollic-eabi/lib/armv7e-m/fpu\libc.a(lib_a-mallocr.o)
                0x20000564                __malloc_sbrk_base
 .data.impure_data
                0x20000568       0xf0 e:/programs/stmicroelectronics/truestudio for arm 7.0.1/armtools/bin/../lib/gcc/arm-atollic-eabi/5.3.1/../../../../arm-atollic-eabi/lib/armv7e-m/fpu\libc.a(lib_a-impure.o)
 .data._impure_ptr
                0x20000658        0x4 e:/programs/stmicroelectronics/truestudio for arm 7.0.1/armtools/bin/../lib/gcc/arm-atollic-eabi/5.3.1/../../../../arm-atollic-eabi/lib/armv7e-m/fpu\libc.a(lib_a-impure.o)
                0x20000658                _impure_ptr
                0x2000065c                . = ALIGN (0x4)
                0x2000065c                _edata = .
                0x08004af4                _siccmram = LOADADDR (.ccmram)

.igot.plt       0x2000065c        0x0 load address 0x08004af4
 .igot.plt      0x2000065c        0x0 e:/programs/stmicroelectronics/truestudio for arm 7.0.1/armtools/bin/../lib/gcc/arm-atollic-eabi/5.3.1/armv7e-m/fpu/crtbegin.o

.ccmram         0x10000000        0x0 load address 0x08004af4
                0x10000000                . = ALIGN (0x4)
                0x10000000                _sccmram = .
 *(.ccmram)
 *(.ccmram*)
                0x10000000                . = ALIGN (0x4)
                0x10000000                _eccmram = .
                0x10000000                . = ALIGN (0x4)

.bss            0x2000065c      0xa50
                0x2000065c                _sbss = .
                0x2000065c                __bss_start__ = _sbss
 *(.bss)
 .bss           0x2000065c       0x1c e:/programs/stmicroelectronics/truestudio for arm 7.0.1/armtools/bin/../lib/gcc/arm-atollic-eabi/5.3.1/armv7e-m/fpu/crtbegin.o
 *(.bss*)
 .bss.ifalt.9302
                0x20000678        0x1 Middlewares\ST\STM32_USB_Device_Library\Class\CDC\Src\usbd_cdc.o
 .bss.cfgidx.9307
                0x20000679        0x1 Middlewares\ST\STM32_USB_Device_Library\Core\Src\usbd_ctlreq.o
 .bss.g_GSM_ATReadyFlag
                0x2000067a        0x1 Src\GSM.o
                0x2000067a                g_GSM_ATReadyFlag
 .bss.g_GSM_BaudrateSetFlag
                0x2000067b        0x1 Src\GSM.o
                0x2000067b                g_GSM_BaudrateSetFlag
 .bss.__malloc_max_total_mem
                0x2000067c        0x4 e:/programs/stmicroelectronics/truestudio for arm 7.0.1/armtools/bin/../lib/gcc/arm-atollic-eabi/5.3.1/../../../../arm-atollic-eabi/lib/armv7e-m/fpu\libc.a(lib_a-mallocr.o)
                0x2000067c                __malloc_max_total_mem
 .bss.__malloc_max_sbrked_mem
                0x20000680        0x4 e:/programs/stmicroelectronics/truestudio for arm 7.0.1/armtools/bin/../lib/gcc/arm-atollic-eabi/5.3.1/../../../../arm-atollic-eabi/lib/armv7e-m/fpu\libc.a(lib_a-mallocr.o)
                0x20000680                __malloc_max_sbrked_mem
 .bss.__malloc_top_pad
                0x20000684        0x4 e:/programs/stmicroelectronics/truestudio for arm 7.0.1/armtools/bin/../lib/gcc/arm-atollic-eabi/5.3.1/../../../../arm-atollic-eabi/lib/armv7e-m/fpu\libc.a(lib_a-mallocr.o)
                0x20000684                __malloc_top_pad
 .bss.__malloc_current_mallinfo
                0x20000688       0x28 e:/programs/stmicroelectronics/truestudio for arm 7.0.1/armtools/bin/../lib/gcc/arm-atollic-eabi/5.3.1/../../../../arm-atollic-eabi/lib/armv7e-m/fpu\libc.a(lib_a-mallocr.o)
                0x20000688                __malloc_current_mallinfo
 .bss.heap_end.4169
                0x200006b0        0x4 e:/programs/stmicroelectronics/truestudio for arm 7.0.1/armtools/bin/../lib/gcc/arm-atollic-eabi/5.3.1/../../../../arm-atollic-eabi/lib/armv7e-m/fpu\libnosys.a(sbrk.o)
 *(COMMON)
 COMMON         0x200006b4        0x4 Drivers\STM32F4xx_HAL_Driver\Src\stm32f4xx_hal.o
                0x200006b4                uwTick
 COMMON         0x200006b8       0x14 Src\GSM.o
                0x200006b8                g_GSM_ReceivedData
 COMMON         0x200006cc       0x33 Src\USBTransmission.o
                0x200006cc                g_ReceivedDataBuffer
                0x200006fe                g_USBRcvCpltFlag
 *fill*         0x200006ff        0x1 
 COMMON         0x20000700       0x54 Src\i2c.o
                0x20000700                hi2c1
 COMMON         0x20000754       0x20 Src\rtc.o
                0x20000754                hrtc
 COMMON         0x20000774       0x3c Src\tim.o
                0x20000774                htim6
 COMMON         0x200007b0       0x80 Src\usart.o
                0x200007b0                huart6
                0x200007f0                huart4
 COMMON         0x20000830      0x224 Src\usb_device.o
                0x20000830                hUsbDeviceFS
 COMMON         0x20000a54       0x64 Src\usbd_cdc_if.o
                0x20000a54                UserRxBufferFS
                0x20000a86                UserTxBufferFS
 COMMON         0x20000ab8      0x3f0 Src\usbd_conf.o
                0x20000ab8                hpcd_USB_OTG_FS
 COMMON         0x20000ea8      0x200 Src\usbd_desc.o
                0x20000ea8                USBD_StrDesc
 COMMON         0x200010a8        0x4 e:/programs/stmicroelectronics/truestudio for arm 7.0.1/armtools/bin/../lib/gcc/arm-atollic-eabi/5.3.1/../../../../arm-atollic-eabi/lib/armv7e-m/fpu\libc.a(lib_a-reent.o)
                0x200010a8                errno
                0x200010ac                . = ALIGN (0x4)
                0x200010ac                _ebss = .
                0x200010ac                __bss_end__ = _ebss

._user_heap_stack
                0x200010ac      0x600
                0x200010ac                . = ALIGN (0x4)
                0x200010ac                PROVIDE (end, .)
                [!provide]                PROVIDE (_end, .)
                0x200012ac                . = (. + _Min_Heap_Size)
 *fill*         0x200010ac      0x200 
                0x200016ac                . = (. + _Min_Stack_Size)
 *fill*         0x200012ac      0x400 
                0x200016ac                . = ALIGN (0x4)

/DISCARD/
 libc.a(*)
 libm.a(*)
 libgcc.a(*)

.ARM.attributes
                0x00000000       0x30
 *(.ARM.attributes)
 .ARM.attributes
                0x00000000       0x22 e:/programs/stmicroelectronics/truestudio for arm 7.0.1/armtools/bin/../lib/gcc/arm-atollic-eabi/5.3.1/armv7e-m/fpu/crti.o
 .ARM.attributes
                0x00000022       0x34 e:/programs/stmicroelectronics/truestudio for arm 7.0.1/armtools/bin/../lib/gcc/arm-atollic-eabi/5.3.1/armv7e-m/fpu/crtbegin.o
 .ARM.attributes
                0x00000056       0x39 Drivers\STM32F4xx_HAL_Driver\Src\stm32f4xx_hal.o
 .ARM.attributes
                0x0000008f       0x39 Drivers\STM32F4xx_HAL_Driver\Src\stm32f4xx_hal_cortex.o
 .ARM.attributes
                0x000000c8       0x39 Drivers\STM32F4xx_HAL_Driver\Src\stm32f4xx_hal_dma.o
 .ARM.attributes
                0x00000101       0x39 Drivers\STM32F4xx_HAL_Driver\Src\stm32f4xx_hal_gpio.o
 .ARM.attributes
                0x0000013a       0x39 Drivers\STM32F4xx_HAL_Driver\Src\stm32f4xx_hal_i2c.o
 .ARM.attributes
                0x00000173       0x39 Drivers\STM32F4xx_HAL_Driver\Src\stm32f4xx_hal_pcd.o
 .ARM.attributes
                0x000001ac       0x39 Drivers\STM32F4xx_HAL_Driver\Src\stm32f4xx_hal_pcd_ex.o
 .ARM.attributes
                0x000001e5       0x39 Drivers\STM32F4xx_HAL_Driver\Src\stm32f4xx_hal_rcc.o
 .ARM.attributes
                0x0000021e       0x39 Drivers\STM32F4xx_HAL_Driver\Src\stm32f4xx_hal_rcc_ex.o
 .ARM.attributes
                0x00000257       0x39 Drivers\STM32F4xx_HAL_Driver\Src\stm32f4xx_hal_rtc.o
 .ARM.attributes
                0x00000290       0x39 Drivers\STM32F4xx_HAL_Driver\Src\stm32f4xx_hal_rtc_ex.o
 .ARM.attributes
                0x000002c9       0x39 Drivers\STM32F4xx_HAL_Driver\Src\stm32f4xx_hal_tim.o
 .ARM.attributes
                0x00000302       0x39 Drivers\STM32F4xx_HAL_Driver\Src\stm32f4xx_hal_tim_ex.o
 .ARM.attributes
                0x0000033b       0x39 Drivers\STM32F4xx_HAL_Driver\Src\stm32f4xx_hal_uart.o
 .ARM.attributes
                0x00000374       0x39 Drivers\STM32F4xx_HAL_Driver\Src\stm32f4xx_ll_usb.o
 .ARM.attributes
                0x000003ad       0x39 Middlewares\ST\STM32_USB_Device_Library\Class\CDC\Src\usbd_cdc.o
 .ARM.attributes
                0x000003e6       0x39 Middlewares\ST\STM32_USB_Device_Library\Core\Src\usbd_core.o
 .ARM.attributes
                0x0000041f       0x39 Middlewares\ST\STM32_USB_Device_Library\Core\Src\usbd_ctlreq.o
 .ARM.attributes
                0x00000458       0x39 Middlewares\ST\STM32_USB_Device_Library\Core\Src\usbd_ioreq.o
 .ARM.attributes
                0x00000491       0x39 Src\GSM.o
 .ARM.attributes
                0x000004ca       0x39 Src\USBTransmission.o
 .ARM.attributes
                0x00000503       0x39 Src\gpio.o
 .ARM.attributes
                0x0000053c       0x39 Src\i2c.o
 .ARM.attributes
                0x00000575       0x39 Src\main.o
 .ARM.attributes
                0x000005ae       0x39 Src\rtc.o
 .ARM.attributes
                0x000005e7       0x39 Src\stm32f4xx_hal_msp.o
 .ARM.attributes
                0x00000620       0x39 Src\stm32f4xx_it.o
 .ARM.attributes
                0x00000659       0x39 Src\system_stm32f4xx.o
 .ARM.attributes
                0x00000692       0x39 Src\tim.o
 .ARM.attributes
                0x000006cb       0x39 Src\usart.o
 .ARM.attributes
                0x00000704       0x39 Src\usb_device.o
 .ARM.attributes
                0x0000073d       0x39 Src\usbd_cdc_if.o
 .ARM.attributes
                0x00000776       0x39 Src\usbd_conf.o
 .ARM.attributes
                0x000007af       0x39 Src\usbd_desc.o
 .ARM.attributes
                0x000007e8       0x21 startup\startup_stm32f417xx.o
 .ARM.attributes
                0x00000809       0x34 e:/programs/stmicroelectronics/truestudio for arm 7.0.1/armtools/bin/../lib/gcc/arm-atollic-eabi/5.3.1/../../../../arm-atollic-eabi/lib/armv7e-m/fpu\libc.a(lib_a-init.o)
 .ARM.attributes
                0x0000083d       0x34 e:/programs/stmicroelectronics/truestudio for arm 7.0.1/armtools/bin/../lib/gcc/arm-atollic-eabi/5.3.1/../../../../arm-atollic-eabi/lib/armv7e-m/fpu\libc.a(lib_a-malloc.o)
 .ARM.attributes
                0x00000871       0x34 e:/programs/stmicroelectronics/truestudio for arm 7.0.1/armtools/bin/../lib/gcc/arm-atollic-eabi/5.3.1/../../../../arm-atollic-eabi/lib/armv7e-m/fpu\libc.a(lib_a-mallocr.o)
 .ARM.attributes
                0x000008a5       0x34 e:/programs/stmicroelectronics/truestudio for arm 7.0.1/armtools/bin/../lib/gcc/arm-atollic-eabi/5.3.1/../../../../arm-atollic-eabi/lib/armv7e-m/fpu\libc.a(lib_a-mlock.o)
 .ARM.attributes
                0x000008d9       0x34 e:/programs/stmicroelectronics/truestudio for arm 7.0.1/armtools/bin/../lib/gcc/arm-atollic-eabi/5.3.1/../../../../arm-atollic-eabi/lib/armv7e-m/fpu\libc.a(lib_a-sbrkr.o)
 .ARM.attributes
                0x0000090d       0x34 e:/programs/stmicroelectronics/truestudio for arm 7.0.1/armtools/bin/../lib/gcc/arm-atollic-eabi/5.3.1/../../../../arm-atollic-eabi/lib/armv7e-m/fpu\libc.a(lib_a-strlcpy.o)
 .ARM.attributes
                0x00000941       0x34 e:/programs/stmicroelectronics/truestudio for arm 7.0.1/armtools/bin/../lib/gcc/arm-atollic-eabi/5.3.1/../../../../arm-atollic-eabi/lib/armv7e-m/fpu\libc.a(lib_a-strncmp.o)
 .ARM.attributes
                0x00000975       0x34 e:/programs/stmicroelectronics/truestudio for arm 7.0.1/armtools/bin/../lib/gcc/arm-atollic-eabi/5.3.1/../../../../arm-atollic-eabi/lib/armv7e-m/fpu\libc.a(lib_a-freer.o)
 .ARM.attributes
                0x000009a9       0x34 e:/programs/stmicroelectronics/truestudio for arm 7.0.1/armtools/bin/../lib/gcc/arm-atollic-eabi/5.3.1/../../../../arm-atollic-eabi/lib/armv7e-m/fpu\libc.a(lib_a-impure.o)
 .ARM.attributes
                0x000009dd       0x34 e:/programs/stmicroelectronics/truestudio for arm 7.0.1/armtools/bin/../lib/gcc/arm-atollic-eabi/5.3.1/../../../../arm-atollic-eabi/lib/armv7e-m/fpu\libc.a(lib_a-reent.o)
 .ARM.attributes
                0x00000a11       0x34 e:/programs/stmicroelectronics/truestudio for arm 7.0.1/armtools/bin/../lib/gcc/arm-atollic-eabi/5.3.1/../../../../arm-atollic-eabi/lib/armv7e-m/fpu\libnosys.a(sbrk.o)
 .ARM.attributes
                0x00000a45       0x22 e:/programs/stmicroelectronics/truestudio for arm 7.0.1/armtools/bin/../lib/gcc/arm-atollic-eabi/5.3.1/armv7e-m/fpu/crtn.o
OUTPUT(AlarmZL41Project.elf elf32-littlearm)

.debug_info     0x00000000    0x1c245
 .debug_info    0x00000000      0x91b Drivers\STM32F4xx_HAL_Driver\Src\stm32f4xx_hal.o
 .debug_info    0x0000091b      0xf01 Drivers\STM32F4xx_HAL_Driver\Src\stm32f4xx_hal_cortex.o
 .debug_info    0x0000181c      0xa28 Drivers\STM32F4xx_HAL_Driver\Src\stm32f4xx_hal_dma.o
 .debug_info    0x00002244      0x72d Drivers\STM32F4xx_HAL_Driver\Src\stm32f4xx_hal_gpio.o
 .debug_info    0x00002971     0x2e3e Drivers\STM32F4xx_HAL_Driver\Src\stm32f4xx_hal_i2c.o
 .debug_info    0x000057af     0x12b3 Drivers\STM32F4xx_HAL_Driver\Src\stm32f4xx_hal_pcd.o
 .debug_info    0x00006a62      0x570 Drivers\STM32F4xx_HAL_Driver\Src\stm32f4xx_hal_pcd_ex.o
 .debug_info    0x00006fd2      0xcad Drivers\STM32F4xx_HAL_Driver\Src\stm32f4xx_hal_rcc.o
 .debug_info    0x00007c7f      0x5ce Drivers\STM32F4xx_HAL_Driver\Src\stm32f4xx_hal_rcc_ex.o
 .debug_info    0x0000824d      0xdf9 Drivers\STM32F4xx_HAL_Driver\Src\stm32f4xx_hal_rtc.o
 .debug_info    0x00009046      0xfc5 Drivers\STM32F4xx_HAL_Driver\Src\stm32f4xx_hal_rtc_ex.o
 .debug_info    0x0000a00b     0x2ea6 Drivers\STM32F4xx_HAL_Driver\Src\stm32f4xx_hal_tim.o
 .debug_info    0x0000ceb1      0xf7b Drivers\STM32F4xx_HAL_Driver\Src\stm32f4xx_hal_tim_ex.o
 .debug_info    0x0000de2c     0x1506 Drivers\STM32F4xx_HAL_Driver\Src\stm32f4xx_hal_uart.o
 .debug_info    0x0000f332     0x16e5 Drivers\STM32F4xx_HAL_Driver\Src\stm32f4xx_ll_usb.o
 .debug_info    0x00010a17      0xc80 Middlewares\ST\STM32_USB_Device_Library\Class\CDC\Src\usbd_cdc.o
 .debug_info    0x00011697      0xbd9 Middlewares\ST\STM32_USB_Device_Library\Core\Src\usbd_core.o
 .debug_info    0x00012270      0xbc7 Middlewares\ST\STM32_USB_Device_Library\Core\Src\usbd_ctlreq.o
 .debug_info    0x00012e37      0x761 Middlewares\ST\STM32_USB_Device_Library\Core\Src\usbd_ioreq.o
 .debug_info    0x00013598      0xa0e Src\GSM.o
 .debug_info    0x00013fa6      0x77c Src\USBTransmission.o
 .debug_info    0x00014722      0x6b7 Src\gpio.o
 .debug_info    0x00014dd9      0x9a3 Src\i2c.o
 .debug_info    0x0001577c      0x947 Src\main.o
 .debug_info    0x000160c3      0x676 Src\rtc.o
 .debug_info    0x00016739      0x3e0 Src\stm32f4xx_hal_msp.o
 .debug_info    0x00016b19      0xcb5 Src\stm32f4xx_it.o
 .debug_info    0x000177ce      0x4fc Src\system_stm32f4xx.o
 .debug_info    0x00017cca      0xb04 Src\tim.o
 .debug_info    0x000187ce      0xc4e Src\usart.o
 .debug_info    0x0001941c      0x615 Src\usb_device.o
 .debug_info    0x00019a31      0x872 Src\usbd_cdc_if.o
 .debug_info    0x0001a2a3     0x1a0a Src\usbd_conf.o
 .debug_info    0x0001bcad      0x4f4 Src\usbd_desc.o
 .debug_info    0x0001c1a1       0xa4 startup\startup_stm32f417xx.o

.debug_abbrev   0x00000000     0x4915
 .debug_abbrev  0x00000000      0x26b Drivers\STM32F4xx_HAL_Driver\Src\stm32f4xx_hal.o
 .debug_abbrev  0x0000026b      0x32f Drivers\STM32F4xx_HAL_Driver\Src\stm32f4xx_hal_cortex.o
 .debug_abbrev  0x0000059a      0x2dd Drivers\STM32F4xx_HAL_Driver\Src\stm32f4xx_hal_dma.o
 .debug_abbrev  0x00000877      0x1c8 Drivers\STM32F4xx_HAL_Driver\Src\stm32f4xx_hal_gpio.o
 .debug_abbrev  0x00000a3f      0x336 Drivers\STM32F4xx_HAL_Driver\Src\stm32f4xx_hal_i2c.o
 .debug_abbrev  0x00000d75      0x2dc Drivers\STM32F4xx_HAL_Driver\Src\stm32f4xx_hal_pcd.o
 .debug_abbrev  0x00001051      0x16f Drivers\STM32F4xx_HAL_Driver\Src\stm32f4xx_hal_pcd_ex.o
 .debug_abbrev  0x000011c0      0x30d Drivers\STM32F4xx_HAL_Driver\Src\stm32f4xx_hal_rcc.o
 .debug_abbrev  0x000014cd      0x201 Drivers\STM32F4xx_HAL_Driver\Src\stm32f4xx_hal_rcc_ex.o
 .debug_abbrev  0x000016ce      0x21b Drivers\STM32F4xx_HAL_Driver\Src\stm32f4xx_hal_rtc.o
 .debug_abbrev  0x000018e9      0x22c Drivers\STM32F4xx_HAL_Driver\Src\stm32f4xx_hal_rtc_ex.o
 .debug_abbrev  0x00001b15      0x311 Drivers\STM32F4xx_HAL_Driver\Src\stm32f4xx_hal_tim.o
 .debug_abbrev  0x00001e26      0x270 Drivers\STM32F4xx_HAL_Driver\Src\stm32f4xx_hal_tim_ex.o
 .debug_abbrev  0x00002096      0x308 Drivers\STM32F4xx_HAL_Driver\Src\stm32f4xx_hal_uart.o
 .debug_abbrev  0x0000239e      0x2de Drivers\STM32F4xx_HAL_Driver\Src\stm32f4xx_ll_usb.o
 .debug_abbrev  0x0000267c      0x256 Middlewares\ST\STM32_USB_Device_Library\Class\CDC\Src\usbd_cdc.o
 .debug_abbrev  0x000028d2      0x270 Middlewares\ST\STM32_USB_Device_Library\Core\Src\usbd_core.o
 .debug_abbrev  0x00002b42      0x2c4 Middlewares\ST\STM32_USB_Device_Library\Core\Src\usbd_ctlreq.o
 .debug_abbrev  0x00002e06      0x155 Middlewares\ST\STM32_USB_Device_Library\Core\Src\usbd_ioreq.o
 .debug_abbrev  0x00002f5b      0x209 Src\GSM.o
 .debug_abbrev  0x00003164      0x1e8 Src\USBTransmission.o
 .debug_abbrev  0x0000334c      0x168 Src\gpio.o
 .debug_abbrev  0x000034b4      0x1c1 Src\i2c.o
 .debug_abbrev  0x00003675      0x1cd Src\main.o
 .debug_abbrev  0x00003842      0x15e Src\rtc.o
 .debug_abbrev  0x000039a0       0xc2 Src\stm32f4xx_hal_msp.o
 .debug_abbrev  0x00003a62      0x20e Src\stm32f4xx_it.o
 .debug_abbrev  0x00003c70      0x101 Src\system_stm32f4xx.o
 .debug_abbrev  0x00003d71      0x1c5 Src\tim.o
 .debug_abbrev  0x00003f36      0x1ba Src\usart.o
 .debug_abbrev  0x000040f0      0x170 Src\usb_device.o
 .debug_abbrev  0x00004260      0x246 Src\usbd_cdc_if.o
 .debug_abbrev  0x000044a6      0x295 Src\usbd_conf.o
 .debug_abbrev  0x0000473b      0x1c8 Src\usbd_desc.o
 .debug_abbrev  0x00004903       0x12 startup\startup_stm32f417xx.o

.debug_loc      0x00000000     0xe5a5
 .debug_loc     0x00000000       0x91 Drivers\STM32F4xx_HAL_Driver\Src\stm32f4xx_hal.o
 .debug_loc     0x00000091      0x4cc Drivers\STM32F4xx_HAL_Driver\Src\stm32f4xx_hal_cortex.o
 .debug_loc     0x0000055d      0x740 Drivers\STM32F4xx_HAL_Driver\Src\stm32f4xx_hal_dma.o
 .debug_loc     0x00000c9d      0x374 Drivers\STM32F4xx_HAL_Driver\Src\stm32f4xx_hal_gpio.o
 .debug_loc     0x00001011     0x2882 Drivers\STM32F4xx_HAL_Driver\Src\stm32f4xx_hal_i2c.o
 .debug_loc     0x00003893      0xb20 Drivers\STM32F4xx_HAL_Driver\Src\stm32f4xx_hal_pcd.o
 .debug_loc     0x000043b3       0xda Drivers\STM32F4xx_HAL_Driver\Src\stm32f4xx_hal_pcd_ex.o
 .debug_loc     0x0000448d      0x485 Drivers\STM32F4xx_HAL_Driver\Src\stm32f4xx_hal_rcc.o
 .debug_loc     0x00004912      0x28f Drivers\STM32F4xx_HAL_Driver\Src\stm32f4xx_hal_rcc_ex.o
 .debug_loc     0x00004ba1      0x82b Drivers\STM32F4xx_HAL_Driver\Src\stm32f4xx_hal_rtc.o
 .debug_loc     0x000053cc      0xadc Drivers\STM32F4xx_HAL_Driver\Src\stm32f4xx_hal_rtc_ex.o
 .debug_loc     0x00005ea8     0x3146 Drivers\STM32F4xx_HAL_Driver\Src\stm32f4xx_hal_tim.o
 .debug_loc     0x00008fee      0x8ec Drivers\STM32F4xx_HAL_Driver\Src\stm32f4xx_hal_tim_ex.o
 .debug_loc     0x000098da     0x13be Drivers\STM32F4xx_HAL_Driver\Src\stm32f4xx_hal_uart.o
 .debug_loc     0x0000ac98     0x154d Drivers\STM32F4xx_HAL_Driver\Src\stm32f4xx_ll_usb.o
 .debug_loc     0x0000c1e5      0x4bc Middlewares\ST\STM32_USB_Device_Library\Class\CDC\Src\usbd_cdc.o
 .debug_loc     0x0000c6a1      0x5d9 Middlewares\ST\STM32_USB_Device_Library\Core\Src\usbd_core.o
 .debug_loc     0x0000cc7a      0x6d9 Middlewares\ST\STM32_USB_Device_Library\Core\Src\usbd_ctlreq.o
 .debug_loc     0x0000d353      0x23c Middlewares\ST\STM32_USB_Device_Library\Core\Src\usbd_ioreq.o
 .debug_loc     0x0000d58f       0x9d Src\GSM.o
 .debug_loc     0x0000d62c       0x6d Src\USBTransmission.o
 .debug_loc     0x0000d699       0x4d Src\i2c.o
 .debug_loc     0x0000d6e6       0xd7 Src\system_stm32f4xx.o
 .debug_loc     0x0000d7bd       0x4d Src\tim.o
 .debug_loc     0x0000d80a       0x7f Src\usart.o
 .debug_loc     0x0000d889      0x14e Src\usbd_cdc_if.o
 .debug_loc     0x0000d9d7      0x95b Src\usbd_conf.o
 .debug_loc     0x0000e332      0x273 Src\usbd_desc.o

.debug_aranges  0x00000000     0x1348
 .debug_aranges
                0x00000000       0xc0 Drivers\STM32F4xx_HAL_Driver\Src\stm32f4xx_hal.o
 .debug_aranges
                0x000000c0       0xa8 Drivers\STM32F4xx_HAL_Driver\Src\stm32f4xx_hal_cortex.o
 .debug_aranges
                0x00000168       0x80 Drivers\STM32F4xx_HAL_Driver\Src\stm32f4xx_hal_dma.o
 .debug_aranges
                0x000001e8       0x58 Drivers\STM32F4xx_HAL_Driver\Src\stm32f4xx_hal_gpio.o
 .debug_aranges
                0x00000240      0x190 Drivers\STM32F4xx_HAL_Driver\Src\stm32f4xx_hal_i2c.o
 .debug_aranges
                0x000003d0       0xc0 Drivers\STM32F4xx_HAL_Driver\Src\stm32f4xx_hal_pcd.o
 .debug_aranges
                0x00000490       0x28 Drivers\STM32F4xx_HAL_Driver\Src\stm32f4xx_hal_pcd_ex.o
 .debug_aranges
                0x000004b8       0x80 Drivers\STM32F4xx_HAL_Driver\Src\stm32f4xx_hal_rcc.o
 .debug_aranges
                0x00000538       0x38 Drivers\STM32F4xx_HAL_Driver\Src\stm32f4xx_hal_rcc_ex.o
 .debug_aranges
                0x00000570       0xa8 Drivers\STM32F4xx_HAL_Driver\Src\stm32f4xx_hal_rtc.o
 .debug_aranges
                0x00000618      0x110 Drivers\STM32F4xx_HAL_Driver\Src\stm32f4xx_hal_rtc_ex.o
 .debug_aranges
                0x00000728      0x250 Drivers\STM32F4xx_HAL_Driver\Src\stm32f4xx_hal_tim.o
 .debug_aranges
                0x00000978       0xf0 Drivers\STM32F4xx_HAL_Driver\Src\stm32f4xx_hal_tim_ex.o
 .debug_aranges
                0x00000a68      0x170 Drivers\STM32F4xx_HAL_Driver\Src\stm32f4xx_hal_uart.o
 .debug_aranges
                0x00000bd8      0x178 Drivers\STM32F4xx_HAL_Driver\Src\stm32f4xx_ll_usb.o
 .debug_aranges
                0x00000d50       0x90 Middlewares\ST\STM32_USB_Device_Library\Class\CDC\Src\usbd_cdc.o
 .debug_aranges
                0x00000de0       0xa8 Middlewares\ST\STM32_USB_Device_Library\Core\Src\usbd_core.o
 .debug_aranges
                0x00000e88       0x48 Middlewares\ST\STM32_USB_Device_Library\Core\Src\usbd_ctlreq.o
 .debug_aranges
                0x00000ed0       0x50 Middlewares\ST\STM32_USB_Device_Library\Core\Src\usbd_ioreq.o
 .debug_aranges
                0x00000f20       0x60 Src\GSM.o
 .debug_aranges
                0x00000f80       0x28 Src\USBTransmission.o
 .debug_aranges
                0x00000fa8       0x20 Src\gpio.o
 .debug_aranges
                0x00000fc8       0x30 Src\i2c.o
 .debug_aranges
                0x00000ff8       0x30 Src\main.o
 .debug_aranges
                0x00001028       0x30 Src\rtc.o
 .debug_aranges
                0x00001058       0x20 Src\stm32f4xx_hal_msp.o
 .debug_aranges
                0x00001078       0x70 Src\stm32f4xx_it.o
 .debug_aranges
                0x000010e8       0x28 Src\system_stm32f4xx.o
 .debug_aranges
                0x00001110       0x30 Src\tim.o
 .debug_aranges
                0x00001140       0x38 Src\usart.o
 .debug_aranges
                0x00001178       0x20 Src\usb_device.o
 .debug_aranges
                0x00001198       0x40 Src\usbd_cdc_if.o
 .debug_aranges
                0x000011d8       0xf8 Src\usbd_conf.o
 .debug_aranges
                0x000012d0       0x50 Src\usbd_desc.o
 .debug_aranges
                0x00001320       0x28 startup\startup_stm32f417xx.o

.debug_ranges   0x00000000     0x1578
 .debug_ranges  0x00000000       0xb0 Drivers\STM32F4xx_HAL_Driver\Src\stm32f4xx_hal.o
 .debug_ranges  0x000000b0      0x158 Drivers\STM32F4xx_HAL_Driver\Src\stm32f4xx_hal_cortex.o
 .debug_ranges  0x00000208       0xa8 Drivers\STM32F4xx_HAL_Driver\Src\stm32f4xx_hal_dma.o
 .debug_ranges  0x000002b0       0x70 Drivers\STM32F4xx_HAL_Driver\Src\stm32f4xx_hal_gpio.o
 .debug_ranges  0x00000320      0x210 Drivers\STM32F4xx_HAL_Driver\Src\stm32f4xx_hal_i2c.o
 .debug_ranges  0x00000530       0xb0 Drivers\STM32F4xx_HAL_Driver\Src\stm32f4xx_hal_pcd.o
 .debug_ranges  0x000005e0       0x18 Drivers\STM32F4xx_HAL_Driver\Src\stm32f4xx_hal_pcd_ex.o
 .debug_ranges  0x000005f8      0x150 Drivers\STM32F4xx_HAL_Driver\Src\stm32f4xx_hal_rcc.o
 .debug_ranges  0x00000748       0x70 Drivers\STM32F4xx_HAL_Driver\Src\stm32f4xx_hal_rcc_ex.o
 .debug_ranges  0x000007b8       0x98 Drivers\STM32F4xx_HAL_Driver\Src\stm32f4xx_hal_rtc.o
 .debug_ranges  0x00000850      0x100 Drivers\STM32F4xx_HAL_Driver\Src\stm32f4xx_hal_rtc_ex.o
 .debug_ranges  0x00000950      0x330 Drivers\STM32F4xx_HAL_Driver\Src\stm32f4xx_hal_tim.o
 .debug_ranges  0x00000c80       0xe0 Drivers\STM32F4xx_HAL_Driver\Src\stm32f4xx_hal_tim_ex.o
 .debug_ranges  0x00000d60      0x178 Drivers\STM32F4xx_HAL_Driver\Src\stm32f4xx_hal_uart.o
 .debug_ranges  0x00000ed8      0x168 Drivers\STM32F4xx_HAL_Driver\Src\stm32f4xx_ll_usb.o
 .debug_ranges  0x00001040       0x80 Middlewares\ST\STM32_USB_Device_Library\Class\CDC\Src\usbd_cdc.o
 .debug_ranges  0x000010c0       0x98 Middlewares\ST\STM32_USB_Device_Library\Core\Src\usbd_core.o
 .debug_ranges  0x00001158       0x38 Middlewares\ST\STM32_USB_Device_Library\Core\Src\usbd_ctlreq.o
 .debug_ranges  0x00001190       0x40 Middlewares\ST\STM32_USB_Device_Library\Core\Src\usbd_ioreq.o
 .debug_ranges  0x000011d0       0x50 Src\GSM.o
 .debug_ranges  0x00001220       0x18 Src\USBTransmission.o
 .debug_ranges  0x00001238       0x28 Src\gpio.o
 .debug_ranges  0x00001260       0x20 Src\i2c.o
 .debug_ranges  0x00001280       0x20 Src\main.o
 .debug_ranges  0x000012a0       0x20 Src\rtc.o
 .debug_ranges  0x000012c0       0x10 Src\stm32f4xx_hal_msp.o
 .debug_ranges  0x000012d0       0x60 Src\stm32f4xx_it.o
 .debug_ranges  0x00001330       0x18 Src\system_stm32f4xx.o
 .debug_ranges  0x00001348       0x38 Src\tim.o
 .debug_ranges  0x00001380       0x58 Src\usart.o
 .debug_ranges  0x000013d8       0x10 Src\usb_device.o
 .debug_ranges  0x000013e8       0x30 Src\usbd_cdc_if.o
 .debug_ranges  0x00001418      0x100 Src\usbd_conf.o
 .debug_ranges  0x00001518       0x40 Src\usbd_desc.o
 .debug_ranges  0x00001558       0x20 startup\startup_stm32f417xx.o

.debug_line     0x00000000     0xa5e2
 .debug_line    0x00000000      0x3c1 Drivers\STM32F4xx_HAL_Driver\Src\stm32f4xx_hal.o
 .debug_line    0x000003c1      0x42c Drivers\STM32F4xx_HAL_Driver\Src\stm32f4xx_hal_cortex.o
 .debug_line    0x000007ed      0x53e Drivers\STM32F4xx_HAL_Driver\Src\stm32f4xx_hal_dma.o
 .debug_line    0x00000d2b      0x3ca Drivers\STM32F4xx_HAL_Driver\Src\stm32f4xx_hal_gpio.o
 .debug_line    0x000010f5     0x171a Drivers\STM32F4xx_HAL_Driver\Src\stm32f4xx_hal_i2c.o
 .debug_line    0x0000280f      0x66e Drivers\STM32F4xx_HAL_Driver\Src\stm32f4xx_hal_pcd.o
 .debug_line    0x00002e7d      0x244 Drivers\STM32F4xx_HAL_Driver\Src\stm32f4xx_hal_pcd_ex.o
 .debug_line    0x000030c1      0x59a Drivers\STM32F4xx_HAL_Driver\Src\stm32f4xx_hal_rcc.o
 .debug_line    0x0000365b      0x338 Drivers\STM32F4xx_HAL_Driver\Src\stm32f4xx_hal_rcc_ex.o
 .debug_line    0x00003993      0x5b1 Drivers\STM32F4xx_HAL_Driver\Src\stm32f4xx_hal_rtc.o
 .debug_line    0x00003f44      0x8be Drivers\STM32F4xx_HAL_Driver\Src\stm32f4xx_hal_rtc_ex.o
 .debug_line    0x00004802     0x1089 Drivers\STM32F4xx_HAL_Driver\Src\stm32f4xx_hal_tim.o
 .debug_line    0x0000588b      0x622 Drivers\STM32F4xx_HAL_Driver\Src\stm32f4xx_hal_tim_ex.o
 .debug_line    0x00005ead      0xb16 Drivers\STM32F4xx_HAL_Driver\Src\stm32f4xx_hal_uart.o
 .debug_line    0x000069c3      0x7fc Drivers\STM32F4xx_HAL_Driver\Src\stm32f4xx_ll_usb.o
 .debug_line    0x000071bf      0x3f8 Middlewares\ST\STM32_USB_Device_Library\Class\CDC\Src\usbd_cdc.o
 .debug_line    0x000075b7      0x39b Middlewares\ST\STM32_USB_Device_Library\Core\Src\usbd_core.o
 .debug_line    0x00007952      0x2de Middlewares\ST\STM32_USB_Device_Library\Core\Src\usbd_ctlreq.o
 .debug_line    0x00007c30      0x244 Middlewares\ST\STM32_USB_Device_Library\Core\Src\usbd_ioreq.o
 .debug_line    0x00007e74      0x324 Src\GSM.o
 .debug_line    0x00008198      0x2de Src\USBTransmission.o
 .debug_line    0x00008476      0x1ed Src\gpio.o
 .debug_line    0x00008663      0x255 Src\i2c.o
 .debug_line    0x000088b8      0x2d8 Src\main.o
 .debug_line    0x00008b90      0x252 Src\rtc.o
 .debug_line    0x00008de2      0x1d8 Src\stm32f4xx_hal_msp.o
 .debug_line    0x00008fba      0x328 Src\stm32f4xx_it.o
 .debug_line    0x000092e2      0x1c3 Src\system_stm32f4xx.o
 .debug_line    0x000094a5      0x268 Src\tim.o
 .debug_line    0x0000970d      0x2b3 Src\usart.o
 .debug_line    0x000099c0      0x210 Src\usb_device.o
 .debug_line    0x00009bd0      0x29f Src\usbd_cdc_if.o
 .debug_line    0x00009e6f      0x4e8 Src\usbd_conf.o
 .debug_line    0x0000a357      0x20c Src\usbd_desc.o
 .debug_line    0x0000a563       0x7f startup\startup_stm32f417xx.o

.debug_str      0x00000000     0x6169
 .debug_str     0x00000000      0xa90 Drivers\STM32F4xx_HAL_Driver\Src\stm32f4xx_hal.o
                                0xaf0 (size before relaxing)
 .debug_str     0x00000a90      0x3d4 Drivers\STM32F4xx_HAL_Driver\Src\stm32f4xx_hal_cortex.o
                                0xc77 (size before relaxing)
 .debug_str     0x00000e64      0x522 Drivers\STM32F4xx_HAL_Driver\Src\stm32f4xx_hal_dma.o
                                0x7d4 (size before relaxing)
 .debug_str     0x00001386      0x1d1 Drivers\STM32F4xx_HAL_Driver\Src\stm32f4xx_hal_gpio.o
                                0x53e (size before relaxing)
 .debug_str     0x00001557      0x940 Drivers\STM32F4xx_HAL_Driver\Src\stm32f4xx_hal_i2c.o
                                0xe9b (size before relaxing)
 .debug_str     0x00001e97      0x88b Drivers\STM32F4xx_HAL_Driver\Src\stm32f4xx_hal_pcd.o
                                0xb3e (size before relaxing)
 .debug_str     0x00002722       0x77 Drivers\STM32F4xx_HAL_Driver\Src\stm32f4xx_hal_pcd_ex.o
                                0x5ca (size before relaxing)
 .debug_str     0x00002799      0x2a9 Drivers\STM32F4xx_HAL_Driver\Src\stm32f4xx_hal_rcc.o
                                0x715 (size before relaxing)
 .debug_str     0x00002a42      0x155 Drivers\STM32F4xx_HAL_Driver\Src\stm32f4xx_hal_rcc_ex.o
                                0x4e7 (size before relaxing)
 .debug_str     0x00002b97      0x47f Drivers\STM32F4xx_HAL_Driver\Src\stm32f4xx_hal_rtc.o
                                0x781 (size before relaxing)
 .debug_str     0x00003016      0x4cf Drivers\STM32F4xx_HAL_Driver\Src\stm32f4xx_hal_rtc_ex.o
                                0xa81 (size before relaxing)
 .debug_str     0x000034e5      0xc5a Drivers\STM32F4xx_HAL_Driver\Src\stm32f4xx_hal_tim.o
                               0x1169 (size before relaxing)
 .debug_str     0x0000413f      0x43a Drivers\STM32F4xx_HAL_Driver\Src\stm32f4xx_hal_tim_ex.o
                                0xbc0 (size before relaxing)
 .debug_str     0x00004579      0x5d8 Drivers\STM32F4xx_HAL_Driver\Src\stm32f4xx_hal_uart.o
                                0xb5f (size before relaxing)
 .debug_str     0x00004b51      0x3c4 Drivers\STM32F4xx_HAL_Driver\Src\stm32f4xx_ll_usb.o
                                0xbd7 (size before relaxing)
 .debug_str     0x00004f15      0x601 Middlewares\ST\STM32_USB_Device_Library\Class\CDC\Src\usbd_cdc.o
                                0x8fd (size before relaxing)
 .debug_str     0x00005516      0x288 Middlewares\ST\STM32_USB_Device_Library\Core\Src\usbd_core.o
                                0x877 (size before relaxing)
 .debug_str     0x0000579e      0x125 Middlewares\ST\STM32_USB_Device_Library\Core\Src\usbd_ctlreq.o
                                0x7a9 (size before relaxing)
 .debug_str     0x000058c3       0x51 Middlewares\ST\STM32_USB_Device_Library\Core\Src\usbd_ioreq.o
                                0x6d6 (size before relaxing)
 .debug_str     0x00005914      0x124 Src\GSM.o
                                0x93b (size before relaxing)
 .debug_str     0x00005a38       0xf4 Src\USBTransmission.o
                                0x729 (size before relaxing)
 .debug_str     0x00005b2c       0x1b Src\gpio.o
                                0x8bc (size before relaxing)
 .debug_str     0x00005b47       0x5a Src\i2c.o
                                0x8f1 (size before relaxing)
 .debug_str     0x00005ba1       0x88 Src\main.o
                                0xb60 (size before relaxing)
 .debug_str     0x00005c29       0x39 Src\rtc.o
                                0x586 (size before relaxing)
 .debug_str     0x00005c62       0x27 Src\stm32f4xx_hal_msp.o
                                0x72c (size before relaxing)
 .debug_str     0x00005c89       0xf0 Src\stm32f4xx_it.o
                                0xbf0 (size before relaxing)
 .debug_str     0x00005d79       0x45 Src\system_stm32f4xx.o
                                0x3ce (size before relaxing)
 .debug_str     0x00005dbe       0x48 Src\tim.o
                                0xd44 (size before relaxing)
 .debug_str     0x00005e06       0x3e Src\usart.o
                                0xd69 (size before relaxing)
 .debug_str     0x00005e44       0x33 Src\usb_device.o
                                0x66f (size before relaxing)
 .debug_str     0x00005e77       0x73 Src\usbd_cdc_if.o
                                0x78e (size before relaxing)
 .debug_str     0x00005eea      0x171 Src\usbd_conf.o
                               0x14d4 (size before relaxing)
 .debug_str     0x0000605b      0x10e Src\usbd_desc.o
                                0x436 (size before relaxing)

.comment        0x00000000       0x7e
 .comment       0x00000000       0x7e Drivers\STM32F4xx_HAL_Driver\Src\stm32f4xx_hal.o
                                 0x7f (size before relaxing)
 .comment       0x0000007e       0x7f Drivers\STM32F4xx_HAL_Driver\Src\stm32f4xx_hal_cortex.o
 .comment       0x0000007e       0x7f Drivers\STM32F4xx_HAL_Driver\Src\stm32f4xx_hal_dma.o
 .comment       0x0000007e       0x7f Drivers\STM32F4xx_HAL_Driver\Src\stm32f4xx_hal_gpio.o
 .comment       0x0000007e       0x7f Drivers\STM32F4xx_HAL_Driver\Src\stm32f4xx_hal_i2c.o
 .comment       0x0000007e       0x7f Drivers\STM32F4xx_HAL_Driver\Src\stm32f4xx_hal_pcd.o
 .comment       0x0000007e       0x7f Drivers\STM32F4xx_HAL_Driver\Src\stm32f4xx_hal_pcd_ex.o
 .comment       0x0000007e       0x7f Drivers\STM32F4xx_HAL_Driver\Src\stm32f4xx_hal_rcc.o
 .comment       0x0000007e       0x7f Drivers\STM32F4xx_HAL_Driver\Src\stm32f4xx_hal_rcc_ex.o
 .comment       0x0000007e       0x7f Drivers\STM32F4xx_HAL_Driver\Src\stm32f4xx_hal_rtc.o
 .comment       0x0000007e       0x7f Drivers\STM32F4xx_HAL_Driver\Src\stm32f4xx_hal_rtc_ex.o
 .comment       0x0000007e       0x7f Drivers\STM32F4xx_HAL_Driver\Src\stm32f4xx_hal_tim.o
 .comment       0x0000007e       0x7f Drivers\STM32F4xx_HAL_Driver\Src\stm32f4xx_hal_tim_ex.o
 .comment       0x0000007e       0x7f Drivers\STM32F4xx_HAL_Driver\Src\stm32f4xx_hal_uart.o
 .comment       0x0000007e       0x7f Drivers\STM32F4xx_HAL_Driver\Src\stm32f4xx_ll_usb.o
 .comment       0x0000007e       0x7f Middlewares\ST\STM32_USB_Device_Library\Class\CDC\Src\usbd_cdc.o
 .comment       0x0000007e       0x7f Middlewares\ST\STM32_USB_Device_Library\Core\Src\usbd_core.o
 .comment       0x0000007e       0x7f Middlewares\ST\STM32_USB_Device_Library\Core\Src\usbd_ctlreq.o
 .comment       0x0000007e       0x7f Middlewares\ST\STM32_USB_Device_Library\Core\Src\usbd_ioreq.o
 .comment       0x0000007e       0x7f Src\GSM.o
 .comment       0x0000007e       0x7f Src\USBTransmission.o
 .comment       0x0000007e       0x7f Src\gpio.o
 .comment       0x0000007e       0x7f Src\i2c.o
 .comment       0x0000007e       0x7f Src\main.o
 .comment       0x0000007e       0x7f Src\rtc.o
 .comment       0x0000007e       0x7f Src\stm32f4xx_hal_msp.o
 .comment       0x0000007e       0x7f Src\stm32f4xx_it.o
 .comment       0x0000007e       0x7f Src\system_stm32f4xx.o
 .comment       0x0000007e       0x7f Src\tim.o
 .comment       0x0000007e       0x7f Src\usart.o
 .comment       0x0000007e       0x7f Src\usb_device.o
 .comment       0x0000007e       0x7f Src\usbd_cdc_if.o
 .comment       0x0000007e       0x7f Src\usbd_conf.o
 .comment       0x0000007e       0x7f Src\usbd_desc.o

.debug_frame    0x00000000     0x389c
 .debug_frame   0x00000000      0x194 Drivers\STM32F4xx_HAL_Driver\Src\stm32f4xx_hal.o
 .debug_frame   0x00000194      0x150 Drivers\STM32F4xx_HAL_Driver\Src\stm32f4xx_hal_cortex.o
 .debug_frame   0x000002e4      0x150 Drivers\STM32F4xx_HAL_Driver\Src\stm32f4xx_hal_dma.o
 .debug_frame   0x00000434       0xd4 Drivers\STM32F4xx_HAL_Driver\Src\stm32f4xx_hal_gpio.o
 .debug_frame   0x00000508      0x638 Drivers\STM32F4xx_HAL_Driver\Src\stm32f4xx_hal_i2c.o
 .debug_frame   0x00000b40      0x2c0 Drivers\STM32F4xx_HAL_Driver\Src\stm32f4xx_hal_pcd.o
 .debug_frame   0x00000e00       0x3c Drivers\STM32F4xx_HAL_Driver\Src\stm32f4xx_hal_pcd_ex.o
 .debug_frame   0x00000e3c      0x138 Drivers\STM32F4xx_HAL_Driver\Src\stm32f4xx_hal_rcc.o
 .debug_frame   0x00000f74       0x6c Drivers\STM32F4xx_HAL_Driver\Src\stm32f4xx_hal_rcc_ex.o
 .debug_frame   0x00000fe0      0x210 Drivers\STM32F4xx_HAL_Driver\Src\stm32f4xx_hal_rtc.o
 .debug_frame   0x000011f0      0x344 Drivers\STM32F4xx_HAL_Driver\Src\stm32f4xx_hal_rtc_ex.o
 .debug_frame   0x00001534      0x854 Drivers\STM32F4xx_HAL_Driver\Src\stm32f4xx_hal_tim.o
 .debug_frame   0x00001d88      0x32c Drivers\STM32F4xx_HAL_Driver\Src\stm32f4xx_hal_tim_ex.o
 .debug_frame   0x000020b4      0x498 Drivers\STM32F4xx_HAL_Driver\Src\stm32f4xx_hal_uart.o
 .debug_frame   0x0000254c      0x474 Drivers\STM32F4xx_HAL_Driver\Src\stm32f4xx_ll_usb.o
 .debug_frame   0x000029c0      0x14c Middlewares\ST\STM32_USB_Device_Library\Class\CDC\Src\usbd_cdc.o
 .debug_frame   0x00002b0c      0x1c0 Middlewares\ST\STM32_USB_Device_Library\Core\Src\usbd_core.o
 .debug_frame   0x00002ccc       0xb0 Middlewares\ST\STM32_USB_Device_Library\Core\Src\usbd_ctlreq.o
 .debug_frame   0x00002d7c       0xb8 Middlewares\ST\STM32_USB_Device_Library\Core\Src\usbd_ioreq.o
 .debug_frame   0x00002e34       0xc4 Src\GSM.o
 .debug_frame   0x00002ef8       0x50 Src\USBTransmission.o
 .debug_frame   0x00002f48       0x30 Src\gpio.o
 .debug_frame   0x00002f78       0x58 Src\i2c.o
 .debug_frame   0x00002fd0       0x58 Src\main.o
 .debug_frame   0x00003028       0x4c Src\rtc.o
 .debug_frame   0x00003074       0x2c Src\stm32f4xx_hal_msp.o
 .debug_frame   0x000030a0       0xfc Src\stm32f4xx_it.o
 .debug_frame   0x0000319c       0x30 Src\system_stm32f4xx.o
 .debug_frame   0x000031cc       0x54 Src\tim.o
 .debug_frame   0x00003220       0x90 Src\usart.o
 .debug_frame   0x000032b0       0x2c Src\usb_device.o
 .debug_frame   0x000032dc       0x84 Src\usbd_cdc_if.o
 .debug_frame   0x00003360      0x26c Src\usbd_conf.o
 .debug_frame   0x000035cc       0xa8 Src\usbd_desc.o
 .debug_frame   0x00003674       0x2c e:/programs/stmicroelectronics/truestudio for arm 7.0.1/armtools/bin/../lib/gcc/arm-atollic-eabi/5.3.1/../../../../arm-atollic-eabi/lib/armv7e-m/fpu\libc.a(lib_a-init.o)
 .debug_frame   0x000036a0       0x30 e:/programs/stmicroelectronics/truestudio for arm 7.0.1/armtools/bin/../lib/gcc/arm-atollic-eabi/5.3.1/../../../../arm-atollic-eabi/lib/armv7e-m/fpu\libc.a(lib_a-malloc.o)