Archive member included to satisfy reference by file (symbol)

e:/programs/stmicroelectronics/truestudio for arm 7.0.1/armtools/bin/../lib/gcc/arm-atollic-eabi/5.3.1/../../../../arm-atollic-eabi/lib/armv7e-m/fpu\libc.a(lib_a-init.o)
                              startup\startup_stm32f417xx.o (__libc_init_array)
e:/programs/stmicroelectronics/truestudio for arm 7.0.1/armtools/bin/../lib/gcc/arm-atollic-eabi/5.3.1/../../../../arm-atollic-eabi/lib/armv7e-m/fpu\libc.a(lib_a-malloc.o)
                              Middlewares\ST\STM32_USB_Device_Library\Class\CDC\Src\usbd_cdc.o (malloc)
e:/programs/stmicroelectronics/truestudio for arm 7.0.1/armtools/bin/../lib/gcc/arm-atollic-eabi/5.3.1/../../../../arm-atollic-eabi/lib/armv7e-m/fpu\libc.a(lib_a-mallocr.o)
                              e:/programs/stmicroelectronics/truestudio for arm 7.0.1/armtools/bin/../lib/gcc/arm-atollic-eabi/5.3.1/../../../../arm-atollic-eabi/lib/armv7e-m/fpu\libc.a(lib_a-malloc.o) (_malloc_r)
e:/programs/stmicroelectronics/truestudio for arm 7.0.1/armtools/bin/../lib/gcc/arm-atollic-eabi/5.3.1/../../../../arm-atollic-eabi/lib/armv7e-m/fpu\libc.a(lib_a-mlock.o)
                              e:/programs/stmicroelectronics/truestudio for arm 7.0.1/armtools/bin/../lib/gcc/arm-atollic-eabi/5.3.1/../../../../arm-atollic-eabi/lib/armv7e-m/fpu\libc.a(lib_a-mallocr.o) (__malloc_lock)
e:/programs/stmicroelectronics/truestudio for arm 7.0.1/armtools/bin/../lib/gcc/arm-atollic-eabi/5.3.1/../../../../arm-atollic-eabi/lib/armv7e-m/fpu\libc.a(lib_a-sbrkr.o)
                              e:/programs/stmicroelectronics/truestudio for arm 7.0.1/armtools/bin/../lib/gcc/arm-atollic-eabi/5.3.1/../../../../arm-atollic-eabi/lib/armv7e-m/fpu\libc.a(lib_a-mallocr.o) (_sbrk_r)
e:/programs/stmicroelectronics/truestudio for arm 7.0.1/armtools/bin/../lib/gcc/arm-atollic-eabi/5.3.1/../../../../arm-atollic-eabi/lib/armv7e-m/fpu\libc.a(lib_a-sprintf.o)
                              Src\USBTransmission.o (sprintf)
e:/programs/stmicroelectronics/truestudio for arm 7.0.1/armtools/bin/../lib/gcc/arm-atollic-eabi/5.3.1/../../../../arm-atollic-eabi/lib/armv7e-m/fpu\libc.a(lib_a-strlcpy.o)
                              Src\usbd_cdc_if.o (strlcpy)
e:/programs/stmicroelectronics/truestudio for arm 7.0.1/armtools/bin/../lib/gcc/arm-atollic-eabi/5.3.1/../../../../arm-atollic-eabi/lib/armv7e-m/fpu\libc.a(lib_a-strncmp.o)
                              Src\GSM.o (strncmp)
e:/programs/stmicroelectronics/truestudio for arm 7.0.1/armtools/bin/../lib/gcc/arm-atollic-eabi/5.3.1/../../../../arm-atollic-eabi/lib/armv7e-m/fpu\libc.a(lib_a-svfprintf.o)
                              e:/programs/stmicroelectronics/truestudio for arm 7.0.1/armtools/bin/../lib/gcc/arm-atollic-eabi/5.3.1/../../../../arm-atollic-eabi/lib/armv7e-m/fpu\libc.a(lib_a-sprintf.o) (_svfprintf_r)
e:/programs/stmicroelectronics/truestudio for arm 7.0.1/armtools/bin/../lib/gcc/arm-atollic-eabi/5.3.1/../../../../arm-atollic-eabi/lib/armv7e-m/fpu\libc.a(lib_a-dtoa.o)
                              e:/programs/stmicroelectronics/truestudio for arm 7.0.1/armtools/bin/../lib/gcc/arm-atollic-eabi/5.3.1/../../../../arm-atollic-eabi/lib/armv7e-m/fpu\libc.a(lib_a-svfprintf.o) (_dtoa_r)
e:/programs/stmicroelectronics/truestudio for arm 7.0.1/armtools/bin/../lib/gcc/arm-atollic-eabi/5.3.1/../../../../arm-atollic-eabi/lib/armv7e-m/fpu\libc.a(lib_a-freer.o)
                              e:/programs/stmicroelectronics/truestudio for arm 7.0.1/armtools/bin/../lib/gcc/arm-atollic-eabi/5.3.1/../../../../arm-atollic-eabi/lib/armv7e-m/fpu\libc.a(lib_a-malloc.o) (_free_r)
e:/programs/stmicroelectronics/truestudio for arm 7.0.1/armtools/bin/../lib/gcc/arm-atollic-eabi/5.3.1/../../../../arm-atollic-eabi/lib/armv7e-m/fpu\libc.a(lib_a-impure.o)
                              e:/programs/stmicroelectronics/truestudio for arm 7.0.1/armtools/bin/../lib/gcc/arm-atollic-eabi/5.3.1/../../../../arm-atollic-eabi/lib/armv7e-m/fpu\libc.a(lib_a-malloc.o) (_impure_ptr)
e:/programs/stmicroelectronics/truestudio for arm 7.0.1/armtools/bin/../lib/gcc/arm-atollic-eabi/5.3.1/../../../../arm-atollic-eabi/lib/armv7e-m/fpu\libc.a(lib_a-locale.o)
                              e:/programs/stmicroelectronics/truestudio for arm 7.0.1/armtools/bin/../lib/gcc/arm-atollic-eabi/5.3.1/../../../../arm-atollic-eabi/lib/armv7e-m/fpu\libc.a(lib_a-svfprintf.o) (_localeconv_r)
e:/programs/stmicroelectronics/truestudio for arm 7.0.1/armtools/bin/../lib/gcc/arm-atollic-eabi/5.3.1/../../../../arm-atollic-eabi/lib/armv7e-m/fpu\libc.a(lib_a-memchr.o)
                              e:/programs/stmicroelectronics/truestudio for arm 7.0.1/armtools/bin/../lib/gcc/arm-atollic-eabi/5.3.1/../../../../arm-atollic-eabi/lib/armv7e-m/fpu\libc.a(lib_a-svfprintf.o) (memchr)
e:/programs/stmicroelectronics/truestudio for arm 7.0.1/armtools/bin/../lib/gcc/arm-atollic-eabi/5.3.1/../../../../arm-atollic-eabi/lib/armv7e-m/fpu\libc.a(lib_a-memcpy-stub.o)
[...]
Memory Configuration

Name             Origin             Length             Attributes
RAM              0x20000000         0x00020000         xrw
CCMRAM           0x10000000         0x00010000         rw
FLASH            0x08000000         0x00100000         xr
*default*        0x00000000         0xffffffff

Linker script and memory map

LOAD e:/programs/stmicroelectronics/truestudio for arm 7.0.1/armtools/bin/../lib/gcc/arm-atollic-eabi/5.3.1/armv7e-m/fpu/crti.o
LOAD e:/programs/stmicroelectronics/truestudio for arm 7.0.1/armtools/bin/../lib/gcc/arm-atollic-eabi/5.3.1/armv7e-m/fpu/crtbegin.o
LOAD Drivers\STM32F4xx_HAL_Driver\Src\stm32f4xx_hal.o
LOAD Drivers\STM32F4xx_HAL_Driver\Src\stm32f4xx_hal_cortex.o
LOAD Drivers\STM32F4xx_HAL_Driver\Src\stm32f4xx_hal_dma.o
LOAD Drivers\STM32F4xx_HAL_Driver\Src\stm32f4xx_hal_dma_ex.o
LOAD Drivers\STM32F4xx_HAL_Driver\Src\stm32f4xx_hal_flash.o
LOAD Drivers\STM32F4xx_HAL_Driver\Src\stm32f4xx_hal_flash_ex.o
LOAD Drivers\STM32F4xx_HAL_Driver\Src\stm32f4xx_hal_flash_ramfunc.o
LOAD Drivers\STM32F4xx_HAL_Driver\Src\stm32f4xx_hal_gpio.o
LOAD Drivers\STM32F4xx_HAL_Driver\Src\stm32f4xx_hal_i2c.o
LOAD Drivers\STM32F4xx_HAL_Driver\Src\stm32f4xx_hal_i2c_ex.o
LOAD Drivers\STM32F4xx_HAL_Driver\Src\stm32f4xx_hal_pcd.o
LOAD Drivers\STM32F4xx_HAL_Driver\Src\stm32f4xx_hal_pcd_ex.o
LOAD Drivers\STM32F4xx_HAL_Driver\Src\stm32f4xx_hal_pwr.o
LOAD Drivers\STM32F4xx_HAL_Driver\Src\stm32f4xx_hal_pwr_ex.o
LOAD Drivers\STM32F4xx_HAL_Driver\Src\stm32f4xx_hal_rcc.o
LOAD Drivers\STM32F4xx_HAL_Driver\Src\stm32f4xx_hal_rcc_ex.o
LOAD Drivers\STM32F4xx_HAL_Driver\Src\stm32f4xx_hal_rtc.o
LOAD Drivers\STM32F4xx_HAL_Driver\Src\stm32f4xx_hal_rtc_ex.o
LOAD Drivers\STM32F4xx_HAL_Driver\Src\stm32f4xx_hal_tim.o
LOAD Drivers\STM32F4xx_HAL_Driver\Src\stm32f4xx_hal_tim_ex.o
LOAD Drivers\STM32F4xx_HAL_Driver\Src\stm32f4xx_hal_uart.o
LOAD Drivers\STM32F4xx_HAL_Driver\Src\stm32f4xx_ll_usb.o
LOAD Middlewares\ST\STM32_USB_Device_Library\Class\CDC\Src\usbd_cdc.o
LOAD Middlewares\ST\STM32_USB_Device_Library\Core\Src\usbd_core.o
LOAD Middlewares\ST\STM32_USB_Device_Library\Core\Src\usbd_ctlreq.o
LOAD Middlewares\ST\STM32_USB_Device_Library\Core\Src\usbd_ioreq.o
LOAD Src\Accelerometer.o
LOAD Src\EEPROM.o
LOAD Src\GPS.o
LOAD Src\GSM.o
LOAD Src\PositionLog.o
LOAD Src\USBTransmission.o
LOAD Src\gpio.o
LOAD Src\i2c.o
LOAD Src\main.o
LOAD Src\rtc.o
LOAD Src\stm32f4xx_hal_msp.o
LOAD Src\stm32f4xx_it.o
LOAD Src\system_stm32f4xx.o
LOAD Src\tim.o
LOAD Src\usart.o
LOAD Src\usb_device.o
LOAD Src\usbd_cdc_if.o
LOAD Src\usbd_conf.o
LOAD Src\usbd_desc.o
LOAD startup\startup_stm32f417xx.o
START GROUP
LOAD e:/programs/stmicroelectronics/truestudio for arm 7.0.1/armtools/bin/../lib/gcc/arm-atollic-eabi/5.3.1/../../../../arm-atollic-eabi/lib/armv7e-m/fpu\libc.a
LOAD e:/programs/stmicroelectronics/truestudio for arm 7.0.1/armtools/bin/../lib/gcc/arm-atollic-eabi/5.3.1/../../../../arm-atollic-eabi/lib/armv7e-m/fpu\libm.a
END GROUP
                0x00000080                malloc_getpagesize_P = 0x80
START GROUP
LOAD e:/programs/stmicroelectronics/truestudio for arm 7.0.1/armtools/bin/../lib/gcc/arm-atollic-eabi/5.3.1/armv7e-m/fpu\libgcc.a
LOAD e:/programs/stmicroelectronics/truestudio for arm 7.0.1/armtools/bin/../lib/gcc/arm-atollic-eabi/5.3.1/../../../../arm-atollic-eabi/lib/armv7e-m/fpu\libc.a
END GROUP
START GROUP
LOAD e:/programs/stmicroelectronics/truestudio for arm 7.0.1/armtools/bin/../lib/gcc/arm-atollic-eabi/5.3.1/armv7e-m/fpu\libgcc.a
LOAD e:/programs/stmicroelectronics/truestudio for arm 7.0.1/armtools/bin/../lib/gcc/arm-atollic-eabi/5.3.1/../../../../arm-atollic-eabi/lib/armv7e-m/fpu\libc.a
LOAD e:/programs/stmicroelectronics/truestudio for arm 7.0.1/armtools/bin/../lib/gcc/arm-atollic-eabi/5.3.1/../../../../arm-atollic-eabi/lib/armv7e-m/fpu\libnosys.a
END GROUP
LOAD e:/programs/stmicroelectronics/truestudio for arm 7.0.1/armtools/bin/../lib/gcc/arm-atollic-eabi/5.3.1/armv7e-m/fpu/crtend.o
LOAD e:/programs/stmicroelectronics/truestudio for arm 7.0.1/armtools/bin/../lib/gcc/arm-atollic-eabi/5.3.1/armv7e-m/fpu/crtn.o
                0x20020000                _estack = 0x20020000
                0x00000200                _Min_Heap_Size = 0x200
                0x00000400                _Min_Stack_Size = 0x400

.isr_vector     0x08000000      0x188
                0x08000000                . = ALIGN (0x4)
 *(.isr_vector)
 .isr_vector    0x08000000      0x188 startup\startup_stm32f417xx.o
                0x08000000                g_pfnVectors
                0x08000188                . = ALIGN (0x4)

.text           0x08000188     0x8450
                0x08000188                . = ALIGN (0x4)
 *(.text)
 .text          0x08000188       0x40 e:/programs/stmicroelectronics/truestudio for arm 7.0.1/armtools/bin/../lib/gcc/arm-atollic-eabi/5.3.1/armv7e-m/fpu/crtbegin.o
 *(.text*)
 .text.HAL_Init
                0x080001c8       0x44 Drivers\STM32F4xx_HAL_Driver\Src\stm32f4xx_hal.o
                0x080001c8                HAL_Init
 .text.HAL_InitTick
                0x0800020c       0x38 Drivers\STM32F4xx_HAL_Driver\Src\stm32f4xx_hal.o
                0x0800020c                HAL_InitTick
 .text.HAL_IncTick
                0x08000244       0x1c Drivers\STM32F4xx_HAL_Driver\Src\stm32f4xx_hal.o
                0x08000244                HAL_IncTick
 .text.HAL_GetTick
                0x08000260       0x18 Drivers\STM32F4xx_HAL_Driver\Src\stm32f4xx_hal.o
                0x08000260                HAL_GetTick
 .text.HAL_Delay
                0x08000278       0x3c Drivers\STM32F4xx_HAL_Driver\Src\stm32f4xx_hal.o
                0x08000278                HAL_Delay
 .text.NVIC_SetPriorityGrouping
                0x080002b4       0x48 Drivers\STM32F4xx_HAL_Driver\Src\stm32f4xx_hal_cortex.o
 .text.NVIC_GetPriorityGrouping
                0x080002fc       0x1c Drivers\STM32F4xx_HAL_Driver\Src\stm32f4xx_hal_cortex.o
 .text.NVIC_EnableIRQ
                0x08000318       0x34 Drivers\STM32F4xx_HAL_Driver\Src\stm32f4xx_hal_cortex.o
 .text.NVIC_SetPriority
                0x0800034c       0x54 Drivers\STM32F4xx_HAL_Driver\Src\stm32f4xx_hal_cortex.o
 .text.NVIC_EncodePriority
                0x080003a0       0x64 Drivers\STM32F4xx_HAL_Driver\Src\stm32f4xx_hal_cortex.o
 .text.SysTick_Config
                0x08000404       0x44 Drivers\STM32F4xx_HAL_Driver\Src\stm32f4xx_hal_cortex.o
 .text.HAL_NVIC_SetPriorityGrouping
                0x08000448       0x18 Drivers\STM32F4xx_HAL_Driver\Src\stm32f4xx_hal_cortex.o
                0x08000448                HAL_NVIC_SetPriorityGrouping
 .text.HAL_NVIC_SetPriority
                0x08000460       0x38 Drivers\STM32F4xx_HAL_Driver\Src\stm32f4xx_hal_cortex.o
                0x08000460                HAL_NVIC_SetPriority
 .text.HAL_NVIC_EnableIRQ
                0x08000498       0x1c Drivers\STM32F4xx_HAL_Driver\Src\stm32f4xx_hal_cortex.o
                0x08000498                HAL_NVIC_EnableIRQ
 .text.HAL_SYSTICK_Config
                0x080004b4       0x18 Drivers\STM32F4xx_HAL_Driver\Src\stm32f4xx_hal_cortex.o
                0x080004b4                HAL_SYSTICK_Config
 .text.HAL_SYSTICK_CLKSourceConfig
                0x080004cc       0x38 Drivers\STM32F4xx_HAL_Driver\Src\stm32f4xx_hal_cortex.o
                0x080004cc                HAL_SYSTICK_CLKSourceConfig
 .text.HAL_SYSTICK_IRQHandler
                0x08000504        0xc Drivers\STM32F4xx_HAL_Driver\Src\stm32f4xx_hal_cortex.o
                0x08000504                HAL_SYSTICK_IRQHandler
 .text.HAL_SYSTICK_Callback
                0x08000510       0x10 Drivers\STM32F4xx_HAL_Driver\Src\stm32f4xx_hal_cortex.o
                0x08000510                HAL_SYSTICK_Callback
 .text.HAL_DMA_Abort_IT
                0x08000520       0x44 Drivers\STM32F4xx_HAL_Driver\Src\stm32f4xx_hal_dma.o
                0x08000520                HAL_DMA_Abort_IT
 .text.HAL_GPIO_Init
                0x08000564      0x334 Drivers\STM32F4xx_HAL_Driver\Src\stm32f4xx_hal_gpio.o
                0x08000564                HAL_GPIO_Init
 .text.HAL_GPIO_EXTI_IRQHandler
                0x08000898       0x30 Drivers\STM32F4xx_HAL_Driver\Src\stm32f4xx_hal_gpio.o
                0x08000898                HAL_GPIO_EXTI_IRQHandler
 .text.HAL_I2C_Init
                0x080008c8      0x1c0 Drivers\STM32F4xx_HAL_Driver\Src\stm32f4xx_hal_i2c.o
                0x080008c8                HAL_I2C_Init
 .text.HAL_I2C_Mem_Write
                0x08000a88      0x214 Drivers\STM32F4xx_HAL_Driver\Src\stm32f4xx_hal_i2c.o
                0x08000a88                HAL_I2C_Mem_Write
 .text.I2C_RequestMemoryWrite
                0x08000c9c      0x124 Drivers\STM32F4xx_HAL_Driver\Src\stm32f4xx_hal_i2c.o
 .text.I2C_WaitOnFlagUntilTimeout
                0x08000dc0       0xa4 Drivers\STM32F4xx_HAL_Driver\Src\stm32f4xx_hal_i2c.o
 .text.I2C_WaitOnMasterAddressFlagUntilTimeout
                0x08000e64       0xdc Drivers\STM32F4xx_HAL_Driver\Src\stm32f4xx_hal_i2c.o
 .text.I2C_WaitOnTXEFlagUntilTimeout
                0x08000f40       0x7c Drivers\STM32F4xx_HAL_Driver\Src\stm32f4xx_hal_i2c.o
 .text.I2C_WaitOnBTFFlagUntilTimeout
                0x08000fbc       0x7c Drivers\STM32F4xx_HAL_Driver\Src\stm32f4xx_hal_i2c.o
 .text.I2C_IsAcknowledgeFailed
                0x08001038       0x50 Drivers\STM32F4xx_HAL_Driver\Src\stm32f4xx_hal_i2c.o
 .text.HAL_PCD_Init
                0x08001088      0x210 Drivers\STM32F4xx_HAL_Driver\Src\stm32f4xx_hal_pcd.o
                0x08001088                HAL_PCD_Init
 .text.HAL_PCD_Start
                0x08001298       0x44 Drivers\STM32F4xx_HAL_Driver\Src\stm32f4xx_hal_pcd.o
                0x08001298                HAL_PCD_Start
 .text.HAL_PCD_IRQHandler
                0x080012dc      0x8fc Drivers\STM32F4xx_HAL_Driver\Src\stm32f4xx_hal_pcd.o
                0x080012dc                HAL_PCD_IRQHandler
 .text.HAL_PCD_SetAddress
                0x08001bd8       0x44 Drivers\STM32F4xx_HAL_Driver\Src\stm32f4xx_hal_pcd.o
                0x08001bd8                HAL_PCD_SetAddress
 .text.HAL_PCD_EP_Open
                0x08001c1c       0xd0 Drivers\STM32F4xx_HAL_Driver\Src\stm32f4xx_hal_pcd.o
                0x08001c1c                HAL_PCD_EP_Open
 .text.HAL_PCD_EP_Close
                0x08001cec       0x94 Drivers\STM32F4xx_HAL_Driver\Src\stm32f4xx_hal_pcd.o
                0x08001cec                HAL_PCD_EP_Close
 .text.HAL_PCD_EP_Receive
                0x08001d80       0x94 Drivers\STM32F4xx_HAL_Driver\Src\stm32f4xx_hal_pcd.o
                0x08001d80                HAL_PCD_EP_Receive
 .text.HAL_PCD_EP_GetRxCount
                0x08001e14       0x34 Drivers\STM32F4xx_HAL_Driver\Src\stm32f4xx_hal_pcd.o
                0x08001e14                HAL_PCD_EP_GetRxCount
 .text.HAL_PCD_EP_Transmit
                0x08001e48       0x94 Drivers\STM32F4xx_HAL_Driver\Src\stm32f4xx_hal_pcd.o
                0x08001e48                HAL_PCD_EP_Transmit
 .text.HAL_PCD_EP_SetStall
                0x08001edc       0xb8 Drivers\STM32F4xx_HAL_Driver\Src\stm32f4xx_hal_pcd.o
                0x08001edc                HAL_PCD_EP_SetStall
 .text.HAL_PCD_EP_ClrStall
                0x08001f94       0x98 Drivers\STM32F4xx_HAL_Driver\Src\stm32f4xx_hal_pcd.o
                0x08001f94                HAL_PCD_EP_ClrStall
 .text.PCD_WriteEmptyTxFifo
                0x0800202c      0x104 Drivers\STM32F4xx_HAL_Driver\Src\stm32f4xx_hal_pcd.o
 .text.HAL_PCDEx_SetTxFiFo
                0x08002130       0x98 Drivers\STM32F4xx_HAL_Driver\Src\stm32f4xx_hal_pcd_ex.o
                0x08002130                HAL_PCDEx_SetTxFiFo
 .text.HAL_PCDEx_SetRxFiFo
                0x080021c8       0x24 Drivers\STM32F4xx_HAL_Driver\Src\stm32f4xx_hal_pcd_ex.o
                0x080021c8                HAL_PCDEx_SetRxFiFo
 .text.HAL_RCC_OscConfig
                0x080021ec      0x4b4 Drivers\STM32F4xx_HAL_Driver\Src\stm32f4xx_hal_rcc.o
                0x080021ec                HAL_RCC_OscConfig
 .text.HAL_RCC_ClockConfig
                0x080026a0      0x224 Drivers\STM32F4xx_HAL_Driver\Src\stm32f4xx_hal_rcc.o
                0x080026a0                HAL_RCC_ClockConfig
 .text.HAL_RCC_GetSysClockFreq
                0x080028c4       0xfc Drivers\STM32F4xx_HAL_Driver\Src\stm32f4xx_hal_rcc.o
                0x080028c4                HAL_RCC_GetSysClockFreq
 .text.HAL_RCC_GetHCLKFreq
                0x080029c0       0x18 Drivers\STM32F4xx_HAL_Driver\Src\stm32f4xx_hal_rcc.o
                0x080029c0                HAL_RCC_GetHCLKFreq
 .text.HAL_RCC_GetPCLK1Freq
                0x080029d8       0x44 Drivers\STM32F4xx_HAL_Driver\Src\stm32f4xx_hal_rcc.o
                0x080029d8                HAL_RCC_GetPCLK1Freq
 .text.HAL_RCC_GetPCLK2Freq
                0x08002a1c       0x44 Drivers\STM32F4xx_HAL_Driver\Src\stm32f4xx_hal_rcc.o
                0x08002a1c                HAL_RCC_GetPCLK2Freq
 .text.HAL_RCCEx_PeriphCLKConfig
                0x08002a60      0x1ec Drivers\STM32F4xx_HAL_Driver\Src\stm32f4xx_hal_rcc_ex.o
                0x08002a60                HAL_RCCEx_PeriphCLKConfig
 .text.HAL_RTC_Init
                0x08002c4c       0xf8 Drivers\STM32F4xx_HAL_Driver\Src\stm32f4xx_hal_rtc.o
                0x08002c4c                HAL_RTC_Init
 .text.HAL_RTC_SetTime
                0x08002d44      0x18c Drivers\STM32F4xx_HAL_Driver\Src\stm32f4xx_hal_rtc.o
                0x08002d44                HAL_RTC_SetTime
 .text.HAL_RTC_SetDate
                0x08002ed0      0x16c Drivers\STM32F4xx_HAL_Driver\Src\stm32f4xx_hal_rtc.o
                0x08002ed0                HAL_RTC_SetDate
 .text.HAL_RTC_WaitForSynchro
                0x0800303c       0x50 Drivers\STM32F4xx_HAL_Driver\Src\stm32f4xx_hal_rtc.o
                0x0800303c                HAL_RTC_WaitForSynchro
 .text.RTC_EnterInitMode
                0x0800308c       0x58 Drivers\STM32F4xx_HAL_Driver\Src\stm32f4xx_hal_rtc.o
                0x0800308c                RTC_EnterInitMode
 .text.RTC_ByteToBcd2
                0x080030e4       0x3c Drivers\STM32F4xx_HAL_Driver\Src\stm32f4xx_hal_rtc.o
                0x080030e4                RTC_ByteToBcd2
 .text.RTC_Bcd2ToByte
                0x08003120       0x3c Drivers\STM32F4xx_HAL_Driver\Src\stm32f4xx_hal_rtc.o
                0x08003120                RTC_Bcd2ToByte
 .text.HAL_RTCEx_BKUPWrite
                0x0800315c       0x34 Drivers\STM32F4xx_HAL_Driver\Src\stm32f4xx_hal_rtc_ex.o
                0x0800315c                HAL_RTCEx_BKUPWrite
 .text.HAL_RTCEx_BKUPRead
                0x08003190       0x30 Drivers\STM32F4xx_HAL_Driver\Src\stm32f4xx_hal_rtc_ex.o
                0x08003190                HAL_RTCEx_BKUPRead
 .text.HAL_TIM_Base_Init
                0x080031c0       0x58 Drivers\STM32F4xx_HAL_Driver\Src\stm32f4xx_hal_tim.o
                0x080031c0                HAL_TIM_Base_Init
 .text.HAL_TIM_Base_Stop_IT
                0x08003218       0x58 Drivers\STM32F4xx_HAL_Driver\Src\stm32f4xx_hal_tim.o
                0x08003218                HAL_TIM_Base_Stop_IT
 .text.HAL_TIM_IRQHandler
                0x08003270      0x210 Drivers\STM32F4xx_HAL_Driver\Src\stm32f4xx_hal_tim.o
                0x08003270                HAL_TIM_IRQHandler
 .text.HAL_TIM_OC_DelayElapsedCallback
                0x08003480       0x14 Drivers\STM32F4xx_HAL_Driver\Src\stm32f4xx_hal_tim.o
                0x08003480                HAL_TIM_OC_DelayElapsedCallback
 .text.HAL_TIM_IC_CaptureCallback
                0x08003494       0x14 Drivers\STM32F4xx_HAL_Driver\Src\stm32f4xx_hal_tim.o
                0x08003494                HAL_TIM_IC_CaptureCallback
 .text.HAL_TIM_PWM_PulseFinishedCallback
                0x080034a8       0x14 Drivers\STM32F4xx_HAL_Driver\Src\stm32f4xx_hal_tim.o
                0x080034a8                HAL_TIM_PWM_PulseFinishedCallback
 .text.HAL_TIM_TriggerCallback
                0x080034bc       0x14 Drivers\STM32F4xx_HAL_Driver\Src\stm32f4xx_hal_tim.o
                0x080034bc                HAL_TIM_TriggerCallback
 .text.TIM_Base_SetConfig
                0x080034d0      0x154 Drivers\STM32F4xx_HAL_Driver\Src\stm32f4xx_hal_tim.o
                0x080034d0                TIM_Base_SetConfig
 .text.HAL_TIMEx_MasterConfigSynchronization
                0x08003624       0x8c Drivers\STM32F4xx_HAL_Driver\Src\stm32f4xx_hal_tim_ex.o
                0x08003624                HAL_TIMEx_MasterConfigSynchronization
 .text.HAL_TIMEx_CommutationCallback
                0x080036b0       0x14 Drivers\STM32F4xx_HAL_Driver\Src\stm32f4xx_hal_tim_ex.o
                0x080036b0                HAL_TIMEx_CommutationCallback
 .text.HAL_TIMEx_BreakCallback
                0x080036c4       0x14 Drivers\STM32F4xx_HAL_Driver\Src\stm32f4xx_hal_tim_ex.o
                0x080036c4                HAL_TIMEx_BreakCallback
 .text.HAL_UART_Init
                0x080036d8       0x9c Drivers\STM32F4xx_HAL_Driver\Src\stm32f4xx_hal_uart.o
                0x080036d8                HAL_UART_Init
 .text.HAL_UART_Transmit_IT
                0x08003774       0x8c Drivers\STM32F4xx_HAL_Driver\Src\stm32f4xx_hal_uart.o
                0x08003774                HAL_UART_Transmit_IT
 .text.HAL_UART_Receive_IT
                0x08003800       0x9c Drivers\STM32F4xx_HAL_Driver\Src\stm32f4xx_hal_uart.o
                0x08003800                HAL_UART_Receive_IT
 .text.HAL_UART_IRQHandler
                0x0800389c      0x1f8 Drivers\STM32F4xx_HAL_Driver\Src\stm32f4xx_hal_uart.o
                0x0800389c                HAL_UART_IRQHandler
 .text.HAL_UART_ErrorCallback
                0x08003a94       0x14 Drivers\STM32F4xx_HAL_Driver\Src\stm32f4xx_hal_uart.o
                0x08003a94                HAL_UART_ErrorCallback
 .text.UART_EndRxTransfer
                0x08003aa8       0x3c Drivers\STM32F4xx_HAL_Driver\Src\stm32f4xx_hal_uart.o
 .text.UART_DMAAbortOnError
                0x08003ae4       0x28 Drivers\STM32F4xx_HAL_Driver\Src\stm32f4xx_hal_uart.o
 .text.UART_Transmit_IT
                0x08003b0c       0xac Drivers\STM32F4xx_HAL_Driver\Src\stm32f4xx_hal_uart.o
 .text.UART_EndTransmit_IT
                0x08003bb8       0x30 Drivers\STM32F4xx_HAL_Driver\Src\stm32f4xx_hal_uart.o
 .text.UART_Receive_IT
                0x08003be8       0xf4 Drivers\STM32F4xx_HAL_Driver\Src\stm32f4xx_hal_uart.o
 .text.UART_SetConfig
                0x08003cdc      0x438 Drivers\STM32F4xx_HAL_Driver\Src\stm32f4xx_hal_uart.o
 .text.USB_CoreInit
                0x08004114       0xa4 Drivers\STM32F4xx_HAL_Driver\Src\stm32f4xx_ll_usb.o
                0x08004114                USB_CoreInit
 .text.USB_EnableGlobalInt
                0x080041b8       0x24 Drivers\STM32F4xx_HAL_Driver\Src\stm32f4xx_ll_usb.o
                0x080041b8                USB_EnableGlobalInt
 .text.USB_DisableGlobalInt
                0x080041dc       0x24 Drivers\STM32F4xx_HAL_Driver\Src\stm32f4xx_ll_usb.o
                0x080041dc                USB_DisableGlobalInt
 .text.USB_SetCurrentMode
                0x08004200       0x50 Drivers\STM32F4xx_HAL_Driver\Src\stm32f4xx_ll_usb.o
                0x08004200                USB_SetCurrentMode
 .text.USB_DevInit
                0x08004250      0x258 Drivers\STM32F4xx_HAL_Driver\Src\stm32f4xx_ll_usb.o
                0x08004250                USB_DevInit
 .text.USB_FlushTxFifo
                0x080044a8       0x4c Drivers\STM32F4xx_HAL_Driver\Src\stm32f4xx_ll_usb.o
                0x080044a8                USB_FlushTxFifo
 .text.USB_FlushRxFifo
                0x080044f4       0x44 Drivers\STM32F4xx_HAL_Driver\Src\stm32f4xx_ll_usb.o
                0x080044f4                USB_FlushRxFifo
 .text.USB_SetDevSpeed
                0x08004538       0x30 Drivers\STM32F4xx_HAL_Driver\Src\stm32f4xx_ll_usb.o
                0x08004538                USB_SetDevSpeed
 .text.USB_GetDevSpeed
                0x08004568       0x6c Drivers\STM32F4xx_HAL_Driver\Src\stm32f4xx_ll_usb.o
                0x08004568                USB_GetDevSpeed
 .text.USB_ActivateEndpoint
                0x080045d4      0x114 Drivers\STM32F4xx_HAL_Driver\Src\stm32f4xx_ll_usb.o
                0x080045d4                USB_ActivateEndpoint
 .text.USB_DeactivateEndpoint
                0x080046e8      0x180 Drivers\STM32F4xx_HAL_Driver\Src\stm32f4xx_ll_usb.o
                0x080046e8                USB_DeactivateEndpoint
 .text.USB_EPStartXfer
                0x08004868      0x484 Drivers\STM32F4xx_HAL_Driver\Src\stm32f4xx_ll_usb.o
                0x08004868                USB_EPStartXfer
 .text.USB_EP0StartXfer
                0x08004cec      0x2c0 Drivers\STM32F4xx_HAL_Driver\Src\stm32f4xx_ll_usb.o
                0x08004cec                USB_EP0StartXfer
 .text.USB_WritePacket
                0x08004fac       0x6c Drivers\STM32F4xx_HAL_Driver\Src\stm32f4xx_ll_usb.o
                0x08004fac                USB_WritePacket
 .text.USB_ReadPacket
                0x08005018       0x50 Drivers\STM32F4xx_HAL_Driver\Src\stm32f4xx_ll_usb.o
                0x08005018                USB_ReadPacket
 .text.USB_EPSetStall
                0x08005068       0xe4 Drivers\STM32F4xx_HAL_Driver\Src\stm32f4xx_ll_usb.o
                0x08005068                USB_EPSetStall
 .text.USB_EPClearStall
                0x0800514c       0xdc Drivers\STM32F4xx_HAL_Driver\Src\stm32f4xx_ll_usb.o
                0x0800514c                USB_EPClearStall
 .text.USB_SetDevAddress
                0x08005228       0x4c Drivers\STM32F4xx_HAL_Driver\Src\stm32f4xx_ll_usb.o
                0x08005228                USB_SetDevAddress
 .text.USB_DevConnect
                0x08005274       0x30 Drivers\STM32F4xx_HAL_Driver\Src\stm32f4xx_ll_usb.o
                0x08005274                USB_DevConnect
 .text.USB_DevDisconnect
                0x080052a4       0x30 Drivers\STM32F4xx_HAL_Driver\Src\stm32f4xx_ll_usb.o
                0x080052a4                USB_DevDisconnect
 .text.USB_ReadInterrupts
                0x080052d4       0x2c Drivers\STM32F4xx_HAL_Driver\Src\stm32f4xx_ll_usb.o
                0x080052d4                USB_ReadInterrupts
 .text.USB_ReadDevAllOutEpInterrupt
                0x08005300       0x30 Drivers\STM32F4xx_HAL_Driver\Src\stm32f4xx_ll_usb.o
                0x08005300                USB_ReadDevAllOutEpInterrupt
 .text.USB_ReadDevAllInEpInterrupt
                0x08005330       0x30 Drivers\STM32F4xx_HAL_Driver\Src\stm32f4xx_ll_usb.o
                0x08005330                USB_ReadDevAllInEpInterrupt
 .text.USB_ReadDevOutEPInterrupt
                0x08005360       0x38 Drivers\STM32F4xx_HAL_Driver\Src\stm32f4xx_ll_usb.o
                0x08005360                USB_ReadDevOutEPInterrupt
 .text.USB_ReadDevInEPInterrupt
                0x08005398       0x54 Drivers\STM32F4xx_HAL_Driver\Src\stm32f4xx_ll_usb.o
                0x08005398                USB_ReadDevInEPInterrupt
 .text.USB_GetMode
                0x080053ec       0x1c Drivers\STM32F4xx_HAL_Driver\Src\stm32f4xx_ll_usb.o
                0x080053ec                USB_GetMode
 .text.USB_ActivateSetup
                0x08005408       0x6c Drivers\STM32F4xx_HAL_Driver\Src\stm32f4xx_ll_usb.o
                0x08005408                USB_ActivateSetup
 .text.USB_EP0_OutStart
                0x08005474       0x8c Drivers\STM32F4xx_HAL_Driver\Src\stm32f4xx_ll_usb.o
                0x08005474                USB_EP0_OutStart
 .text.USB_CoreReset
                0x08005500       0x68 Drivers\STM32F4xx_HAL_Driver\Src\stm32f4xx_ll_usb.o
 .text.USBD_CDC_Init
                0x08005568       0xd4 Middlewares\ST\STM32_USB_Device_Library\Class\CDC\Src\usbd_cdc.o
 .text.USBD_CDC_DeInit
                0x0800563c       0x5c Middlewares\ST\STM32_USB_Device_Library\Class\CDC\Src\usbd_cdc.o
 .text.USBD_CDC_Setup
                0x08005698       0xbc Middlewares\ST\STM32_USB_Device_Library\Class\CDC\Src\usbd_cdc.o
 .text.USBD_CDC_DataIn
                0x08005754       0x38 Middlewares\ST\STM32_USB_Device_Library\Class\CDC\Src\usbd_cdc.o
 .text.USBD_CDC_DataOut
                0x0800578c       0x58 Middlewares\ST\STM32_USB_Device_Library\Class\CDC\Src\usbd_cdc.o
 .text.USBD_CDC_EP0_RxReady
                0x080057e4       0x50 Middlewares\ST\STM32_USB_Device_Library\Class\CDC\Src\usbd_cdc.o
 .text.USBD_CDC_GetFSCfgDesc
                0x08005834       0x20 Middlewares\ST\STM32_USB_Device_Library\Class\CDC\Src\usbd_cdc.o
 .text.USBD_CDC_GetHSCfgDesc
                0x08005854       0x20 Middlewares\ST\STM32_USB_Device_Library\Class\CDC\Src\usbd_cdc.o
 .text.USBD_CDC_GetOtherSpeedCfgDesc
                0x08005874       0x20 Middlewares\ST\STM32_USB_Device_Library\Class\CDC\Src\usbd_cdc.o
 .text.USBD_CDC_GetDeviceQualifierDescriptor
                0x08005894       0x20 Middlewares\ST\STM32_USB_Device_Library\Class\CDC\Src\usbd_cdc.o
                0x08005894                USBD_CDC_GetDeviceQualifierDescriptor
 .text.USBD_CDC_RegisterInterface
                0x080058b4       0x30 Middlewares\ST\STM32_USB_Device_Library\Class\CDC\Src\usbd_cdc.o
                0x080058b4                USBD_CDC_RegisterInterface
 .text.USBD_CDC_SetTxBuffer
                0x080058e4       0x34 Middlewares\ST\STM32_USB_Device_Library\Class\CDC\Src\usbd_cdc.o
                0x080058e4                USBD_CDC_SetTxBuffer
 .text.USBD_CDC_SetRxBuffer
                0x08005918       0x28 Middlewares\ST\STM32_USB_Device_Library\Class\CDC\Src\usbd_cdc.o
                0x08005918                USBD_CDC_SetRxBuffer
 .text.USBD_CDC_ReceivePacket
                0x08005940       0x54 Middlewares\ST\STM32_USB_Device_Library\Class\CDC\Src\usbd_cdc.o
                0x08005940                USBD_CDC_ReceivePacket
 .text.USBD_Init
                0x08005994       0x58 Middlewares\ST\STM32_USB_Device_Library\Core\Src\usbd_core.o
                0x08005994                USBD_Init
 .text.USBD_RegisterClass
                0x080059ec       0x34 Middlewares\ST\STM32_USB_Device_Library\Core\Src\usbd_core.o
                0x080059ec                USBD_RegisterClass
 .text.USBD_Start
                0x08005a20       0x18 Middlewares\ST\STM32_USB_Device_Library\Core\Src\usbd_core.o
                0x08005a20                USBD_Start
 .text.USBD_RunTestMode
                0x08005a38       0x18 Middlewares\ST\STM32_USB_Device_Library\Core\Src\usbd_core.o
                0x08005a38                USBD_RunTestMode
 .text.USBD_SetClassConfig
                0x08005a50       0x40 Middlewares\ST\STM32_USB_Device_Library\Core\Src\usbd_core.o
                0x08005a50                USBD_SetClassConfig
 .text.USBD_ClrClassConfig
                0x08005a90       0x28 Middlewares\ST\STM32_USB_Device_Library\Core\Src\usbd_core.o
                0x08005a90                USBD_ClrClassConfig
 .text.USBD_LL_SetupStage
                0x08005ab8       0x94 Middlewares\ST\STM32_USB_Device_Library\Core\Src\usbd_core.o
                0x08005ab8                USBD_LL_SetupStage
 .text.USBD_LL_DataOutStage
                0x08005b4c       0xb8 Middlewares\ST\STM32_USB_Device_Library\Core\Src\usbd_core.o
                0x08005b4c                USBD_LL_DataOutStage
 .text.USBD_LL_DataInStage
                0x08005c04      0x120 Middlewares\ST\STM32_USB_Device_Library\Core\Src\usbd_core.o
                0x08005c04                USBD_LL_DataInStage
 .text.USBD_LL_Reset
                0x08005d24       0x60 Middlewares\ST\STM32_USB_Device_Library\Core\Src\usbd_core.o
                0x08005d24                USBD_LL_Reset
 .text.USBD_LL_SetSpeed
                0x08005d84       0x20 Middlewares\ST\STM32_USB_Device_Library\Core\Src\usbd_core.o
                0x08005d84                USBD_LL_SetSpeed
 .text.USBD_LL_Suspend
                0x08005da4       0x2c Middlewares\ST\STM32_USB_Device_Library\Core\Src\usbd_core.o
                0x08005da4                USBD_LL_Suspend
 .text.USBD_LL_Resume
                0x08005dd0       0x24 Middlewares\ST\STM32_USB_Device_Library\Core\Src\usbd_core.o
                0x08005dd0                USBD_LL_Resume
 .text.USBD_LL_SOF
                0x08005df4       0x34 Middlewares\ST\STM32_USB_Device_Library\Core\Src\usbd_core.o
                0x08005df4                USBD_LL_SOF
 .text.USBD_LL_IsoINIncomplete
                0x08005e28       0x1c Middlewares\ST\STM32_USB_Device_Library\Core\Src\usbd_core.o
                0x08005e28                USBD_LL_IsoINIncomplete
 .text.USBD_LL_IsoOUTIncomplete
                0x08005e44       0x1c Middlewares\ST\STM32_USB_Device_Library\Core\Src\usbd_core.o
                0x08005e44                USBD_LL_IsoOUTIncomplete
 .text.USBD_LL_DevConnected
                0x08005e60       0x18 Middlewares\ST\STM32_USB_Device_Library\Core\Src\usbd_core.o
                0x08005e60                USBD_LL_DevConnected
 .text.USBD_LL_DevDisconnected
                0x08005e78       0x30 Middlewares\ST\STM32_USB_Device_Library\Core\Src\usbd_core.o
                0x08005e78                USBD_LL_DevDisconnected
 .text.USBD_StdDevReq
                0x08005ea8       0xa0 Middlewares\ST\STM32_USB_Device_Library\Core\Src\usbd_ctlreq.o
                0x08005ea8                USBD_StdDevReq
 .text.USBD_StdItfReq
                0x08005f48       0x68 Middlewares\ST\STM32_USB_Device_Library\Core\Src\usbd_ctlreq.o
                0x08005f48                USBD_StdItfReq
 .text.USBD_StdEPReq
                0x08005fb0      0x1b0 Middlewares\ST\STM32_USB_Device_Library\Core\Src\usbd_ctlreq.o
                0x08005fb0                USBD_StdEPReq
 .text.USBD_GetDescriptor
                0x08006160      0x1e8 Middlewares\ST\STM32_USB_Device_Library\Core\Src\usbd_ctlreq.o
 .text.USBD_SetAddress
                0x08006348       0x7c Middlewares\ST\STM32_USB_Device_Library\Core\Src\usbd_ctlreq.o
 .text.USBD_SetConfig
                0x080063c4      0x110 Middlewares\ST\STM32_USB_Device_Library\Core\Src\usbd_ctlreq.o
 .text.USBD_GetConfig
                0x080064d4       0x64 Middlewares\ST\STM32_USB_Device_Library\Core\Src\usbd_ctlreq.o
 .text.USBD_GetStatus
                0x08006538       0x54 Middlewares\ST\STM32_USB_Device_Library\Core\Src\usbd_ctlreq.o
 .text.USBD_SetFeature
                0x0800658c       0x38 Middlewares\ST\STM32_USB_Device_Library\Core\Src\usbd_ctlreq.o
 .text.USBD_ClrFeature
                0x080065c4       0x50 Middlewares\ST\STM32_USB_Device_Library\Core\Src\usbd_ctlreq.o
 .text.USBD_ParseSetupRequest
                0x08006614       0x7c Middlewares\ST\STM32_USB_Device_Library\Core\Src\usbd_ctlreq.o
                0x08006614                USBD_ParseSetupRequest
 .text.USBD_CtlError
                0x08006690       0x24 Middlewares\ST\STM32_USB_Device_Library\Core\Src\usbd_ctlreq.o
                0x08006690                USBD_CtlError
 .text.USBD_GetString
                0x080066b4       0x88 Middlewares\ST\STM32_USB_Device_Library\Core\Src\usbd_ctlreq.o
                0x080066b4                USBD_GetString
 .text.USBD_GetLen
                0x0800673c       0x30 Middlewares\ST\STM32_USB_Device_Library\Core\Src\usbd_ctlreq.o
 .text.USBD_CtlSendData
                0x0800676c       0x38 Middlewares\ST\STM32_USB_Device_Library\Core\Src\usbd_ioreq.o
                0x0800676c                USBD_CtlSendData
 .text.USBD_CtlContinueSendData
                0x080067a4       0x24 Middlewares\ST\STM32_USB_Device_Library\Core\Src\usbd_ioreq.o
                0x080067a4                USBD_CtlContinueSendData
 .text.USBD_CtlPrepareRx
                0x080067c8       0x3c Middlewares\ST\STM32_USB_Device_Library\Core\Src\usbd_ioreq.o
                0x080067c8                USBD_CtlPrepareRx
 .text.USBD_CtlContinueRx
                0x08006804       0x24 Middlewares\ST\STM32_USB_Device_Library\Core\Src\usbd_ioreq.o
                0x08006804                USBD_CtlContinueRx
 .text.USBD_CtlSendStatus
                0x08006828       0x28 Middlewares\ST\STM32_USB_Device_Library\Core\Src\usbd_ioreq.o
                0x08006828                USBD_CtlSendStatus
 .text.USBD_CtlReceiveStatus
                0x08006850       0x28 Middlewares\ST\STM32_USB_Device_Library\Core\Src\usbd_ioreq.o
                0x08006850                USBD_CtlReceiveStatus
 .text.HAL_GPIO_EXTI_Callback
                0x08006878       0x38 Src\Accelerometer.o
                0x08006878                HAL_GPIO_EXTI_Callback
 .text.AccelerometerManagePower
                0x080068b0       0x60 Src\Accelerometer.o
                0x080068b0                AccelerometerManagePower
 .text.AccelerometerConfigure
                0x08006910       0x34 Src\Accelerometer.o
                0x08006910                AccelerometerConfigure
 .text.AccelerometerMotionIntConfigure
                0x08006944       0xb4 Src\Accelerometer.o
                0x08006944                AccelerometerMotionIntConfigure
 .text.AccelerometerInit
                0x080069f8       0x48 Src\Accelerometer.o
                0x080069f8                AccelerometerInit
 .text.HAL_TIM_PeriodElapsedCallback
                0x08006a40       0x7c Src\GSM.o
                0x08006a40                HAL_TIM_PeriodElapsedCallback
 .text.HAL_UART_RxCpltCallback
                0x08006abc       0x44 Src\GSM.o
                0x08006abc                HAL_UART_RxCpltCallback
 .text.HAL_UART_TxCpltCallback
                0x08006b00       0x38 Src\GSM.o
                0x08006b00                HAL_UART_TxCpltCallback
 .text.GSM_VerifyATReady
                0x08006b38       0x34 Src\GSM.o
                0x08006b38                GSM_VerifyATReady
 .text.GSM_VerifyAutoBaudrate
                0x08006b6c       0x50 Src\GSM.o
                0x08006b6c                GSM_VerifyAutoBaudrate
 .text.PositionLog_PushBack
                0x08006bbc       0x10 Src\PositionLog.o
                0x08006bbc                PositionLog_PushBack
 .text.MX_GPIO_Init
                0x08006bcc       0xd0 Src\gpio.o
                0x08006bcc                MX_GPIO_Init
 .text.MX_I2C1_Init
                0x08006c9c       0x5c Src\i2c.o
                0x08006c9c                MX_I2C1_Init
 .text.HAL_I2C_MspInit
                0x08006cf8       0x64 Src\i2c.o
                0x08006cf8                HAL_I2C_MspInit
 .text.main     0x08006d5c       0x50 Src\main.o
                0x08006d5c                main
 .text.SystemClock_Config
                0x08006dac      0x104 Src\main.o
                0x08006dac                SystemClock_Config
 .text.Error_Handler
                0x08006eb0        0x8 Src\main.o
                0x08006eb0                Error_Handler
 .text.MX_RTC_Init
                0x08006eb8       0xc0 Src\rtc.o
                0x08006eb8                MX_RTC_Init
 .text.HAL_RTC_MspInit
                0x08006f78       0x2c Src\rtc.o
                0x08006f78                HAL_RTC_MspInit
 .text.HAL_MspInit
                0x08006fa4       0x64 Src\stm32f4xx_hal_msp.o
                0x08006fa4                HAL_MspInit
 .text.NMI_Handler
                0x08007008       0x10 Src\stm32f4xx_it.o
                0x08007008                NMI_Handler
 .text.HardFault_Handler
                0x08007018        0x8 Src\stm32f4xx_it.o
                0x08007018                HardFault_Handler
 .text.MemManage_Handler
                0x08007020        0x8 Src\stm32f4xx_it.o
                0x08007020                MemManage_Handler
 .text.BusFault_Handler
                0x08007028        0x8 Src\stm32f4xx_it.o
                0x08007028                BusFault_Handler
 .text.UsageFault_Handler
                0x08007030        0x8 Src\stm32f4xx_it.o
                0x08007030                UsageFault_Handler
 .text.SVC_Handler
                0x08007038       0x10 Src\stm32f4xx_it.o
                0x08007038                SVC_Handler
 .text.DebugMon_Handler
                0x08007048       0x10 Src\stm32f4xx_it.o
                0x08007048                DebugMon_Handler
 .text.PendSV_Handler
                0x08007058       0x10 Src\stm32f4xx_it.o
                0x08007058                PendSV_Handler
 .text.SysTick_Handler
                0x08007068       0x10 Src\stm32f4xx_it.o
                0x08007068                SysTick_Handler
 .text.EXTI9_5_IRQHandler
                0x08007078       0x10 Src\stm32f4xx_it.o
                0x08007078                EXTI9_5_IRQHandler
 .text.UART4_IRQHandler
                0x08007088       0x14 Src\stm32f4xx_it.o
                0x08007088                UART4_IRQHandler
 .text.TIM6_DAC_IRQHandler
                0x0800709c       0x14 Src\stm32f4xx_it.o
                0x0800709c                TIM6_DAC_IRQHandler
 .text.TIM7_IRQHandler
                0x080070b0       0x14 Src\stm32f4xx_it.o
                0x080070b0                TIM7_IRQHandler
 .text.OTG_FS_IRQHandler
                0x080070c4       0x14 Src\stm32f4xx_it.o
                0x080070c4                OTG_FS_IRQHandler
 .text.USART6_IRQHandler
                0x080070d8       0x14 Src\stm32f4xx_it.o
                0x080070d8                USART6_IRQHandler
 .text.SystemInit
                0x080070ec       0x6c Src\system_stm32f4xx.o
                0x080070ec                SystemInit
 .text.MX_TIM6_Init
                0x08007158       0x60 Src\tim.o
                0x08007158                MX_TIM6_Init
 .text.MX_TIM7_Init
                0x080071b8       0x60 Src\tim.o
                0x080071b8                MX_TIM7_Init
 .text.HAL_TIM_Base_MspInit
                0x08007218       0x8c Src\tim.o
                0x08007218                HAL_TIM_Base_MspInit
 .text.MX_UART4_Init
                0x080072a4       0x54 Src\usart.o
                0x080072a4                MX_UART4_Init
 .text.MX_USART6_UART_Init
                0x080072f8       0x54 Src\usart.o
                0x080072f8                MX_USART6_UART_Init
 .text.HAL_UART_MspInit
                0x0800734c       0xd0 Src\usart.o
                0x0800734c                HAL_UART_MspInit
 .text.MX_USB_DEVICE_Init
                0x0800741c       0x38 Src\usb_device.o
                0x0800741c                MX_USB_DEVICE_Init
 .text.CDC_Init_FS
                0x08007454       0x28 Src\usbd_cdc_if.o
 .text.CDC_DeInit_FS
                0x0800747c       0x10 Src\usbd_cdc_if.o
 .text.CDC_Control_FS
                0x0800748c       0xbc Src\usbd_cdc_if.o
 .text.CDC_Receive_FS
                0x08007548       0x60 Src\usbd_cdc_if.o
 .text.HAL_PCD_MspInit
                0x080075a8       0x7c Src\usbd_conf.o
                0x080075a8                HAL_PCD_MspInit
 .text.HAL_PCD_SetupStageCallback
                0x08007624       0x24 Src\usbd_conf.o
                0x08007624                HAL_PCD_SetupStageCallback
 .text.HAL_PCD_DataOutStageCallback
                0x08007648       0x38 Src\usbd_conf.o
                0x08007648                HAL_PCD_DataOutStageCallback
 .text.HAL_PCD_DataInStageCallback
                0x08007680       0x34 Src\usbd_conf.o
                0x08007680                HAL_PCD_DataInStageCallback
 .text.HAL_PCD_SOFCallback
                0x080076b4       0x1c Src\usbd_conf.o
                0x080076b4                HAL_PCD_SOFCallback
 .text.HAL_PCD_ResetCallback
                0x080076d0       0x50 Src\usbd_conf.o
                0x080076d0                HAL_PCD_ResetCallback
 .text.HAL_PCD_SuspendCallback
                0x08007720       0x50 Src\usbd_conf.o
                0x08007720                HAL_PCD_SuspendCallback
 .text.HAL_PCD_ResumeCallback
                0x08007770       0x1c Src\usbd_conf.o
                0x08007770                HAL_PCD_ResumeCallback
 .text.HAL_PCD_ISOOUTIncompleteCallback
                0x0800778c       0x24 Src\usbd_conf.o
                0x0800778c                HAL_PCD_ISOOUTIncompleteCallback
 .text.HAL_PCD_ISOINIncompleteCallback
                0x080077b0       0x24 Src\usbd_conf.o
                0x080077b0                HAL_PCD_ISOINIncompleteCallback
 .text.HAL_PCD_ConnectCallback
                0x080077d4       0x1c Src\usbd_conf.o
                0x080077d4                HAL_PCD_ConnectCallback
 .text.HAL_PCD_DisconnectCallback
                0x080077f0       0x1c Src\usbd_conf.o
                0x080077f0                HAL_PCD_DisconnectCallback
 .text.USBD_LL_Init
                0x0800780c       0xa0 Src\usbd_conf.o
                0x0800780c                USBD_LL_Init
 .text.USBD_LL_Start
                0x080078ac       0x64 Src\usbd_conf.o
                0x080078ac                USBD_LL_Start
 .text.USBD_LL_OpenEP
                0x08007910       0x7c Src\usbd_conf.o
                0x08007910                USBD_LL_OpenEP
 .text.USBD_LL_CloseEP
                0x0800798c       0x6c Src\usbd_conf.o
                0x0800798c                USBD_LL_CloseEP
 .text.USBD_LL_StallEP
                0x080079f8       0x6c Src\usbd_conf.o
                0x080079f8                USBD_LL_StallEP
 .text.USBD_LL_ClearStallEP
                0x08007a64       0x6c Src\usbd_conf.o
                0x08007a64                USBD_LL_ClearStallEP
 .text.USBD_LL_IsStallEP
                0x08007ad0       0x58 Src\usbd_conf.o
                0x08007ad0                USBD_LL_IsStallEP
 .text.USBD_LL_SetUSBAddress
                0x08007b28       0x6c Src\usbd_conf.o
                0x08007b28                USBD_LL_SetUSBAddress
 .text.USBD_LL_Transmit
                0x08007b94       0x74 Src\usbd_conf.o
                0x08007b94                USBD_LL_Transmit
 .text.USBD_LL_PrepareReceive
                0x08007c08       0x74 Src\usbd_conf.o
                0x08007c08                USBD_LL_PrepareReceive
 .text.USBD_LL_GetRxDataSize
                0x08007c7c       0x28 Src\usbd_conf.o
                0x08007c7c                USBD_LL_GetRxDataSize
 .text.USBD_FS_DeviceDescriptor
                0x08007ca4       0x24 Src\usbd_desc.o
                0x08007ca4                USBD_FS_DeviceDescriptor
 .text.USBD_FS_LangIDStrDescriptor
                0x08007cc8       0x24 Src\usbd_desc.o
                0x08007cc8                USBD_FS_LangIDStrDescriptor
 .text.USBD_FS_ProductStrDescriptor
                0x08007cec       0x3c Src\usbd_desc.o
                0x08007cec                USBD_FS_ProductStrDescriptor
 .text.USBD_FS_ManufacturerStrDescriptor
                0x08007d28       0x28 Src\usbd_desc.o
                0x08007d28                USBD_FS_ManufacturerStrDescriptor
 .text.USBD_FS_SerialStrDescriptor
                0x08007d50       0x3c Src\usbd_desc.o
                0x08007d50                USBD_FS_SerialStrDescriptor
 .text.USBD_FS_ConfigStrDescriptor
                0x08007d8c       0x3c Src\usbd_desc.o
                0x08007d8c                USBD_FS_ConfigStrDescriptor
 .text.USBD_FS_InterfaceStrDescriptor
                0x08007dc8       0x3c Src\usbd_desc.o
                0x08007dc8                USBD_FS_InterfaceStrDescriptor
 .text.Reset_Handler
                0x08007e04       0x50 startup\startup_stm32f417xx.o
                0x08007e04                Reset_Handler
 .text.Default_Handler
                0x08007e54        0x2 startup\startup_stm32f417xx.o
                0x08007e54                RTC_Alarm_IRQHandler
                0x08007e54                HASH_RNG_IRQHandler
                0x08007e54                EXTI2_IRQHandler
                0x08007e54                TIM8_CC_IRQHandler
                0x08007e54                TIM1_CC_IRQHandler
                0x08007e54                DMA2_Stream5_IRQHandler
                0x08007e54                DMA1_Stream5_IRQHandler
                0x08007e54                PVD_IRQHandler
                0x08007e54                SDIO_IRQHandler
                0x08007e54                TAMP_STAMP_IRQHandler
                0x08007e54                CAN2_RX1_IRQHandler
                0x08007e54                EXTI3_IRQHandler
                0x08007e54                TIM8_TRG_COM_TIM14_IRQHandler
                0x08007e54                TIM1_UP_TIM10_IRQHandler
                0x08007e54                TIM8_UP_TIM13_IRQHandler
                0x08007e54                I2C3_ER_IRQHandler
                0x08007e54                EXTI0_IRQHandler
                0x08007e54                I2C2_EV_IRQHandler
                0x08007e54                DMA1_Stream2_IRQHandler
                0x08007e54                CAN1_RX0_IRQHandler
                0x08007e54                FPU_IRQHandler
                0x08007e54                OTG_HS_WKUP_IRQHandler
                0x08007e54                CAN2_SCE_IRQHandler
                0x08007e54                DMA2_Stream2_IRQHandler
                0x08007e54                SPI1_IRQHandler
                0x08007e54                TIM1_BRK_TIM9_IRQHandler
                0x08007e54                DCMI_IRQHandler
                0x08007e54                CAN2_RX0_IRQHandler
                0x08007e54                DMA2_Stream3_IRQHandler
                0x08007e54                USART3_IRQHandler
                0x08007e54                CRYP_IRQHandler
                0x08007e54                CAN1_RX1_IRQHandler
                0x08007e54                UART5_IRQHandler
                0x08007e54                DMA2_Stream0_IRQHandler
                0x08007e54                TIM4_IRQHandler
                0x08007e54                I2C1_EV_IRQHandler
                0x08007e54                DMA1_Stream6_IRQHandler
                0x08007e54                DMA1_Stream1_IRQHandler
                0x08007e54                TIM3_IRQHandler
                0x08007e54                RCC_IRQHandler
                0x08007e54                TIM8_BRK_TIM12_IRQHandler
                0x08007e54                Default_Handler
                0x08007e54                EXTI15_10_IRQHandler
                0x08007e54                ADC_IRQHandler
                0x08007e54                DMA1_Stream7_IRQHandler
                0x08007e54                CAN2_TX_IRQHandler
                0x08007e54                TIM5_IRQHandler
                0x08007e54                DMA2_Stream7_IRQHandler
                0x08007e54                I2C3_EV_IRQHandler
                0x08007e54                RTC_WKUP_IRQHandler
                0x08007e54                ETH_WKUP_IRQHandler
                0x08007e54                SPI2_IRQHandler
                0x08007e54                OTG_HS_EP1_IN_IRQHandler
                0x08007e54                DMA1_Stream0_IRQHandler
                0x08007e54                CAN1_TX_IRQHandler
                0x08007e54                EXTI4_IRQHandler
                0x08007e54                FSMC_IRQHandler
                0x08007e54                ETH_IRQHandler
                0x08007e54                OTG_HS_EP1_OUT_IRQHandler
                0x08007e54                WWDG_IRQHandler
                0x08007e54                TIM2_IRQHandler
                0x08007e54                OTG_FS_WKUP_IRQHandler
                0x08007e54                TIM1_TRG_COM_TIM11_IRQHandler
                0x08007e54                OTG_HS_IRQHandler
                0x08007e54                EXTI1_IRQHandler
                0x08007e54                USART2_IRQHandler
                0x08007e54                I2C2_ER_IRQHandler
                0x08007e54                DMA2_Stream1_IRQHandler
                0x08007e54                CAN1_SCE_IRQHandler
                0x08007e54                FLASH_IRQHandler
                0x08007e54                DMA2_Stream4_IRQHandler
                0x08007e54                USART1_IRQHandler
                0x08007e54                SPI3_IRQHandler
                0x08007e54                DMA1_Stream4_IRQHandler
                0x08007e54                I2C1_ER_IRQHandler
                0x08007e54                DMA2_Stream6_IRQHandler
                0x08007e54                DMA1_Stream3_IRQHandler
 *fill*         0x08007e56        0x2 
 .text.__libc_init_array
                0x08007e58       0x4c e:/programs/stmicroelectronics/truestudio for arm 7.0.1/armtools/bin/../lib/gcc/arm-atollic-eabi/5.3.1/../../../../arm-atollic-eabi/lib/armv7e-m/fpu\libc.a(lib_a-init.o)
                0x08007e58                __libc_init_array
 .text.malloc   0x08007ea4       0x10 e:/programs/stmicroelectronics/truestudio for arm 7.0.1/armtools/bin/../lib/gcc/arm-atollic-eabi/5.3.1/../../../../arm-atollic-eabi/lib/armv7e-m/fpu\libc.a(lib_a-malloc.o)
                0x08007ea4                malloc
 .text.free     0x08007eb4       0x10 e:/programs/stmicroelectronics/truestudio for arm 7.0.1/armtools/bin/../lib/gcc/arm-atollic-eabi/5.3.1/../../../../arm-atollic-eabi/lib/armv7e-m/fpu\libc.a(lib_a-malloc.o)
                0x08007eb4                free
 .text._malloc_r
                0x08007ec4      0x440 e:/programs/stmicroelectronics/truestudio for arm 7.0.1/armtools/bin/../lib/gcc/arm-atollic-eabi/5.3.1/../../../../arm-atollic-eabi/lib/armv7e-m/fpu\libc.a(lib_a-mallocr.o)
                0x08007ec4                _malloc_r
 .text.__malloc_lock
                0x08008304        0x2 e:/programs/stmicroelectronics/truestudio for arm 7.0.1/armtools/bin/../lib/gcc/arm-atollic-eabi/5.3.1/../../../../arm-atollic-eabi/lib/armv7e-m/fpu\libc.a(lib_a-mlock.o)
                0x08008304                __malloc_lock
 .text.__malloc_unlock
                0x08008306        0x2 e:/programs/stmicroelectronics/truestudio for arm 7.0.1/armtools/bin/../lib/gcc/arm-atollic-eabi/5.3.1/../../../../arm-atollic-eabi/lib/armv7e-m/fpu\libc.a(lib_a-mlock.o)
                0x08008306                __malloc_unlock
 .text._sbrk_r  0x08008308       0x20 e:/programs/stmicroelectronics/truestudio for arm 7.0.1/armtools/bin/../lib/gcc/arm-atollic-eabi/5.3.1/../../../../arm-atollic-eabi/lib/armv7e-m/fpu\libc.a(lib_a-sbrkr.o)
                0x08008308                _sbrk_r
 .text.strlcpy  0x08008328       0x2a e:/programs/stmicroelectronics/truestudio for arm 7.0.1/armtools/bin/../lib/gcc/arm-atollic-eabi/5.3.1/../../../../arm-atollic-eabi/lib/armv7e-m/fpu\libc.a(lib_a-strlcpy.o)
                0x08008328                strlcpy
 .text.strncmp  0x08008352       0x2a e:/programs/stmicroelectronics/truestudio for arm 7.0.1/armtools/bin/../lib/gcc/arm-atollic-eabi/5.3.1/../../../../arm-atollic-eabi/lib/armv7e-m/fpu\libc.a(lib_a-strncmp.o)
                0x08008352                strncmp
 .text._malloc_trim_r
                0x0800837c       0xac e:/programs/stmicroelectronics/truestudio for arm 7.0.1/armtools/bin/../lib/gcc/arm-atollic-eabi/5.3.1/../../../../arm-atollic-eabi/lib/armv7e-m/fpu\libc.a(lib_a-freer.o)
                0x0800837c                _malloc_trim_r
 .text._free_r  0x08008428      0x17c e:/programs/stmicroelectronics/truestudio for arm 7.0.1/armtools/bin/../lib/gcc/arm-atollic-eabi/5.3.1/../../../../arm-atollic-eabi/lib/armv7e-m/fpu\libc.a(lib_a-freer.o)
                0x08008428                _free_r
 .text._sbrk    0x080085a4       0x1c e:/programs/stmicroelectronics/truestudio for arm 7.0.1/armtools/bin/../lib/gcc/arm-atollic-eabi/5.3.1/../../../../arm-atollic-eabi/lib/armv7e-m/fpu\libnosys.a(sbrk.o)
                0x080085a4                _sbrk
 *(.glue_7)
 .glue_7        0x080085c0        0x0 linker stubs
 *(.glue_7t)
 .glue_7t       0x080085c0        0x0 linker stubs
 *(.eh_frame)
 .eh_frame      0x080085c0        0x0 e:/programs/stmicroelectronics/truestudio for arm 7.0.1/armtools/bin/../lib/gcc/arm-atollic-eabi/5.3.1/armv7e-m/fpu/crtbegin.o
 *(.init)
 .init          0x080085c0        0x4 e:/programs/stmicroelectronics/truestudio for arm 7.0.1/armtools/bin/../lib/gcc/arm-atollic-eabi/5.3.1/armv7e-m/fpu/crti.o
                0x080085c0                _init
 .init          0x080085c4        0x8 e:/programs/stmicroelectronics/truestudio for arm 7.0.1/armtools/bin/../lib/gcc/arm-atollic-eabi/5.3.1/armv7e-m/fpu/crtn.o
 *(.fini)
 .fini          0x080085cc        0x4 e:/programs/stmicroelectronics/truestudio for arm 7.0.1/armtools/bin/../lib/gcc/arm-atollic-eabi/5.3.1/armv7e-m/fpu/crti.o
                0x080085cc                _fini
 .fini          0x080085d0        0x8 e:/programs/stmicroelectronics/truestudio for arm 7.0.1/armtools/bin/../lib/gcc/arm-atollic-eabi/5.3.1/armv7e-m/fpu/crtn.o
                0x080085d8                . = ALIGN (0x4)
                0x080085d8                _etext = .

.vfp11_veneer   0x080085d8        0x0
 .vfp11_veneer  0x080085d8        0x0 linker stubs

.v4_bx          0x080085d8        0x0
 .v4_bx         0x080085d8        0x0 linker stubs

.iplt           0x080085d8        0x0
 .iplt          0x080085d8        0x0 e:/programs/stmicroelectronics/truestudio for arm 7.0.1/armtools/bin/../lib/gcc/arm-atollic-eabi/5.3.1/armv7e-m/fpu/crtbegin.o

.rodata         0x080085d8       0x84
                0x080085d8                . = ALIGN (0x4)
 *(.rodata)
 .rodata        0x080085d8        0xd Src\GSM.o
 *fill*         0x080085e5        0x3 
 .rodata        0x080085e8       0x56 Src\usbd_desc.o
 *(.rodata*)
 *fill*         0x0800863e        0x2 
 .rodata.AHBPrescTable
                0x08008640       0x10 Src\system_stm32f4xx.o
                0x08008640                AHBPrescTable
 .rodata.APBPrescTable
                0x08008650        0x8 Src\system_stm32f4xx.o
                0x08008650                APBPrescTable
 .rodata.str1.1
                0x08008658        0x2 e:/programs/stmicroelectronics/truestudio for arm 7.0.1/armtools/bin/../lib/gcc/arm-atollic-eabi/5.3.1/../../../../arm-atollic-eabi/lib/armv7e-m/fpu\libc.a(lib_a-impure.o)
                0x0800865c                . = ALIGN (0x4)
 *fill*         0x0800865a        0x2 

.rel.dyn        0x0800865c        0x0
 .rel.iplt      0x0800865c        0x0 e:/programs/stmicroelectronics/truestudio for arm 7.0.1/armtools/bin/../lib/gcc/arm-atollic-eabi/5.3.1/armv7e-m/fpu/crtbegin.o

.ARM.extab
 *(.ARM.extab* .gnu.linkonce.armextab.*)

.ARM            0x0800865c        0x0
                0x0800865c                __exidx_start = .
 *(.ARM.exidx*)
                0x0800865c                __exidx_end = .

.preinit_array  0x0800865c        0x0
                0x0800865c                PROVIDE (__preinit_array_start, .)
 *(.preinit_array*)
                0x0800865c                PROVIDE (__preinit_array_end, .)

.init_array     0x0800865c        0x4
                0x0800865c                PROVIDE (__init_array_start, .)
 *(SORT(.init_array.*))
 *(.init_array*)
 .init_array    0x0800865c        0x4 e:/programs/stmicroelectronics/truestudio for arm 7.0.1/armtools/bin/../lib/gcc/arm-atollic-eabi/5.3.1/armv7e-m/fpu/crtbegin.o
                0x08008660                PROVIDE (__init_array_end, .)

.fini_array     0x08008660        0x4
                [!provide]                PROVIDE (__fini_array_start, .)
 *(SORT(.fini_array.*))
 *(.fini_array*)
 .fini_array    0x08008660        0x4 e:/programs/stmicroelectronics/truestudio for arm 7.0.1/armtools/bin/../lib/gcc/arm-atollic-eabi/5.3.1/armv7e-m/fpu/crtbegin.o
                [!provide]                PROVIDE (__fini_array_end, .)
                0x08008664                _sidata = LOADADDR (.data)

.data           0x20000000      0x678 load address 0x08008664
                0x20000000                . = ALIGN (0x4)
                0x20000000                _sdata = .
 *(.data)
 *(.data*)
 .data.USBD_CDC_DeviceQualifierDesc
                0x20000000        0xa Middlewares\ST\STM32_USB_Device_Library\Class\CDC\Src\usbd_cdc.o
 *fill*         0x2000000a        0x2 
 .data.USBD_CDC
                0x2000000c       0x38 Middlewares\ST\STM32_USB_Device_Library\Class\CDC\Src\usbd_cdc.o
                0x2000000c                USBD_CDC
 .data.USBD_CDC_CfgHSDesc
                0x20000044       0x43 Middlewares\ST\STM32_USB_Device_Library\Class\CDC\Src\usbd_cdc.o
                0x20000044                USBD_CDC_CfgHSDesc
 *fill*         0x20000087        0x1 
 .data.USBD_CDC_CfgFSDesc
                0x20000088       0x43 Middlewares\ST\STM32_USB_Device_Library\Class\CDC\Src\usbd_cdc.o
                0x20000088                USBD_CDC_CfgFSDesc
 *fill*         0x200000cb        0x1 
 .data.USBD_CDC_OtherSpeedCfgDesc
                0x200000cc       0x43 Middlewares\ST\STM32_USB_Device_Library\Class\CDC\Src\usbd_cdc.o
                0x200000cc                USBD_CDC_OtherSpeedCfgDesc
 *fill*         0x2000010f        0x1 
 .data.g_MPU6050_PowerManagement1Settings
                0x20000110        0x1 Src\Accelerometer.o
                0x20000110                g_MPU6050_PowerManagement1Settings
 *fill*         0x20000111        0x3 
 .data.g_MPU6050_PowerManagement2Settings
                0x20000114        0x1 Src\Accelerometer.o
                0x20000114                g_MPU6050_PowerManagement2Settings
 *fill*         0x20000115        0x3 
 .data.g_MPU6050_AccelerometerSettings
                0x20000118        0x1 Src\Accelerometer.o
                0x20000118                g_MPU6050_AccelerometerSettings
 *fill*         0x20000119        0x3 
 .data.g_MPU6050_InterruptSettings
                0x2000011c        0x1 Src\Accelerometer.o
                0x2000011c                g_MPU6050_InterruptSettings
 *fill*         0x2000011d        0x3 
 .data.g_MPU6050_InterruptEnableSettings
                0x20000120        0x1 Src\Accelerometer.o
                0x20000120                g_MPU6050_InterruptEnableSettings
 *fill*         0x20000121        0x3 
 .data.g_MPU6050_MotionInterruptThreshold
                0x20000124        0x1 Src\Accelerometer.o
                0x20000124                g_MPU6050_MotionInterruptThreshold
 *fill*         0x20000125        0x3 
 .data.g_MPU6050_MotionInterruptDuration
                0x20000128        0x4 Src\Accelerometer.o
                0x20000128                g_MPU6050_MotionInterruptDuration
 .data.SystemCoreClock
                0x2000012c        0x4 Src\system_stm32f4xx.o
                0x2000012c                SystemCoreClock
 .data.USBD_Interface_fops_FS
                0x20000130       0x10 Src\usbd_cdc_if.o
                0x20000130                USBD_Interface_fops_FS
 .data.FS_Desc  0x20000140       0x1c Src\usbd_desc.o
                0x20000140                FS_Desc
 .data.USBD_FS_DeviceDesc
                0x2000015c       0x12 Src\usbd_desc.o
                0x2000015c                USBD_FS_DeviceDesc
 *fill*         0x2000016e        0x2 
 .data.USBD_LangIDDesc
                0x20000170        0x4 Src\usbd_desc.o
                0x20000170                USBD_LangIDDesc
 .data.__malloc_av_
                0x20000174      0x408 e:/programs/stmicroelectronics/truestudio for arm 7.0.1/armtools/bin/../lib/gcc/arm-atollic-eabi/5.3.1/../../../../arm-atollic-eabi/lib/armv7e-m/fpu\libc.a(lib_a-mallocr.o)
                0x20000174                __malloc_av_
 .data.__malloc_trim_threshold
                0x2000057c        0x4 e:/programs/stmicroelectronics/truestudio for arm 7.0.1/armtools/bin/../lib/gcc/arm-atollic-eabi/5.3.1/../../../../arm-atollic-eabi/lib/armv7e-m/fpu\libc.a(lib_a-mallocr.o)
                0x2000057c                __malloc_trim_threshold
 .data.__malloc_sbrk_base
                0x20000580        0x4 e:/programs/stmicroelectronics/truestudio for arm 7.0.1/armtools/bin/../lib/gcc/arm-atollic-eabi/5.3.1/../../../../arm-atollic-eabi/lib/armv7e-m/fpu\libc.a(lib_a-mallocr.o)
                0x20000580                __malloc_sbrk_base
 .data.impure_data
                0x20000584       0xf0 e:/programs/stmicroelectronics/truestudio for arm 7.0.1/armtools/bin/../lib/gcc/arm-atollic-eabi/5.3.1/../../../../arm-atollic-eabi/lib/armv7e-m/fpu\libc.a(lib_a-impure.o)
 .data._impure_ptr
                0x20000674        0x4 e:/programs/stmicroelectronics/truestudio for arm 7.0.1/armtools/bin/../lib/gcc/arm-atollic-eabi/5.3.1/../../../../arm-atollic-eabi/lib/armv7e-m/fpu\libc.a(lib_a-impure.o)
                0x20000674                _impure_ptr
                0x20000678                . = ALIGN (0x4)
                0x20000678                _edata = .
                0x08008cdc                _siccmram = LOADADDR (.ccmram)

.igot.plt       0x20000678        0x0 load address 0x08008cdc
 .igot.plt      0x20000678        0x0 e:/programs/stmicroelectronics/truestudio for arm 7.0.1/armtools/bin/../lib/gcc/arm-atollic-eabi/5.3.1/armv7e-m/fpu/crtbegin.o

.ccmram         0x10000000        0x0 load address 0x08008cdc
                0x10000000                . = ALIGN (0x4)
                0x10000000                _sccmram = .
 *(.ccmram)
 *(.ccmram*)
                0x10000000                . = ALIGN (0x4)
                0x10000000                _eccmram = .
                0x10000000                . = ALIGN (0x4)

.bss            0x20000678      0xaa8
                0x20000678                _sbss = .
                0x20000678                __bss_start__ = _sbss
 *(.bss)
 .bss           0x20000678       0x1c e:/programs/stmicroelectronics/truestudio for arm 7.0.1/armtools/bin/../lib/gcc/arm-atollic-eabi/5.3.1/armv7e-m/fpu/crtbegin.o
 *(.bss*)
 .bss.ifalt.9302
                0x20000694        0x1 Middlewares\ST\STM32_USB_Device_Library\Class\CDC\Src\usbd_cdc.o
 .bss.cfgidx.9307
                0x20000695        0x1 Middlewares\ST\STM32_USB_Device_Library\Core\Src\usbd_ctlreq.o
 .bss.g_GSM_ATReadyFlag
                0x20000696        0x1 Src\GSM.o
                0x20000696                g_GSM_ATReadyFlag
 .bss.g_GSM_BaudrateSetFlag
                0x20000697        0x1 Src\GSM.o
                0x20000697                g_GSM_BaudrateSetFlag
 .bss.g_Tim7Seconds
                0x20000698        0x1 Src\GSM.o
                0x20000698                g_Tim7Seconds
 *fill*         0x20000699        0x3 
 .bss.__malloc_max_total_mem
                0x2000069c        0x4 e:/programs/stmicroelectronics/truestudio for arm 7.0.1/armtools/bin/../lib/gcc/arm-atollic-eabi/5.3.1/../../../../arm-atollic-eabi/lib/armv7e-m/fpu\libc.a(lib_a-mallocr.o)
                0x2000069c                __malloc_max_total_mem
 .bss.__malloc_max_sbrked_mem
                0x200006a0        0x4 e:/programs/stmicroelectronics/truestudio for arm 7.0.1/armtools/bin/../lib/gcc/arm-atollic-eabi/5.3.1/../../../../arm-atollic-eabi/lib/armv7e-m/fpu\libc.a(lib_a-mallocr.o)
                0x200006a0                __malloc_max_sbrked_mem
 .bss.__malloc_top_pad
                0x200006a4        0x4 e:/programs/stmicroelectronics/truestudio for arm 7.0.1/armtools/bin/../lib/gcc/arm-atollic-eabi/5.3.1/../../../../arm-atollic-eabi/lib/armv7e-m/fpu\libc.a(lib_a-mallocr.o)
                0x200006a4                __malloc_top_pad
 .bss.__malloc_current_mallinfo
                0x200006a8       0x28 e:/programs/stmicroelectronics/truestudio for arm 7.0.1/armtools/bin/../lib/gcc/arm-atollic-eabi/5.3.1/../../../../arm-atollic-eabi/lib/armv7e-m/fpu\libc.a(lib_a-mallocr.o)
                0x200006a8                __malloc_current_mallinfo
 .bss.heap_end.4169
                0x200006d0        0x4 e:/programs/stmicroelectronics/truestudio for arm 7.0.1/armtools/bin/../lib/gcc/arm-atollic-eabi/5.3.1/../../../../arm-atollic-eabi/lib/armv7e-m/fpu\libnosys.a(sbrk.o)
 *(COMMON)
 COMMON         0x200006d4        0x4 Drivers\STM32F4xx_HAL_Driver\Src\stm32f4xx_hal.o
                0x200006d4                uwTick
 COMMON         0x200006d8       0x14 Src\Accelerometer.o
                0x200006d8                g_AxisMeasurements
                0x200006de                g_MotionFlag
                0x200006e0                g_AggregatedAxisMeasurements
 COMMON         0x200006ec       0x14 Src\GSM.o
                0x200006ec                g_GSM_ReceivedData
 COMMON         0x20000700       0x33 Src\USBTransmission.o
                0x20000700                g_ReceivedDataBuffer
                0x20000732                g_USBRcvCpltFlag
 *fill*         0x20000733        0x1 
 COMMON         0x20000734       0x54 Src\i2c.o
                0x20000734                hi2c1
 COMMON         0x20000788       0x20 Src\rtc.o
                0x20000788                hrtc
 COMMON         0x200007a8       0x78 Src\tim.o
                0x200007a8                htim6
                0x200007e4                htim7
 COMMON         0x20000820       0x80 Src\usart.o
                0x20000820                huart6
                0x20000860                huart4
 COMMON         0x200008a0      0x224 Src\usb_device.o
                0x200008a0                hUsbDeviceFS
 COMMON         0x20000ac4       0x66 Src\usbd_cdc_if.o
                0x20000ac4                UserRxBufferFS
                0x20000af8                UserTxBufferFS
 *fill*         0x20000b2a        0x2 
 COMMON         0x20000b2c      0x3f0 Src\usbd_conf.o
                0x20000b2c                hpcd_USB_OTG_FS
 COMMON         0x20000f1c      0x200 Src\usbd_desc.o
                0x20000f1c                USBD_StrDesc
 COMMON         0x2000111c        0x4 e:/programs/stmicroelectronics/truestudio for arm 7.0.1/armtools/bin/../lib/gcc/arm-atollic-eabi/5.3.1/../../../../arm-atollic-eabi/lib/armv7e-m/fpu\libc.a(lib_a-reent.o)
                0x2000111c                errno
                0x20001120                . = ALIGN (0x4)
                0x20001120                _ebss = .
                0x20001120                __bss_end__ = _ebss

._user_heap_stack
                0x20001120      0x600
                0x20001120                . = ALIGN (0x4)
                0x20001120                PROVIDE (end, .)
                [!provide]                PROVIDE (_end, .)
                0x20001320                . = (. + _Min_Heap_Size)
 *fill*         0x20001120      0x200 
                0x20001720                . = (. + _Min_Stack_Size)
 *fill*         0x20001320      0x400 
                0x20001720                . = ALIGN (0x4)

/DISCARD/
 libc.a(*)
 libm.a(*)
 libgcc.a(*)

.ARM.attributes
                0x00000000       0x30
 *(.ARM.attributes)
 .ARM.attributes
                0x00000000       0x22 e:/programs/stmicroelectronics/truestudio for arm 7.0.1/armtools/bin/../lib/gcc/arm-atollic-eabi/5.3.1/armv7e-m/fpu/crti.o
 .ARM.attributes
                0x00000022       0x34 e:/programs/stmicroelectronics/truestudio for arm 7.0.1/armtools/bin/../lib/gcc/arm-atollic-eabi/5.3.1/armv7e-m/fpu/crtbegin.o
 .ARM.attributes
                0x00000056       0x39 Drivers\STM32F4xx_HAL_Driver\Src\stm32f4xx_hal.o
 .ARM.attributes
                0x0000008f       0x39 Drivers\STM32F4xx_HAL_Driver\Src\stm32f4xx_hal_cortex.o
 .ARM.attributes
                0x000000c8       0x39 Drivers\STM32F4xx_HAL_Driver\Src\stm32f4xx_hal_dma.o
 .ARM.attributes
                0x00000101       0x39 Drivers\STM32F4xx_HAL_Driver\Src\stm32f4xx_hal_gpio.o
 .ARM.attributes
                0x0000013a       0x39 Drivers\STM32F4xx_HAL_Driver\Src\stm32f4xx_hal_i2c.o
 .ARM.attributes
                0x00000173       0x39 Drivers\STM32F4xx_HAL_Driver\Src\stm32f4xx_hal_pcd.o
 .ARM.attributes
                0x000001ac       0x39 Drivers\STM32F4xx_HAL_Driver\Src\stm32f4xx_hal_pcd_ex.o
 .ARM.attributes
                0x000001e5       0x39 Drivers\STM32F4xx_HAL_Driver\Src\stm32f4xx_hal_rcc.o
 .ARM.attributes
                0x0000021e       0x39 Drivers\STM32F4xx_HAL_Driver\Src\stm32f4xx_hal_rcc_ex.o
 .ARM.attributes
                0x00000257       0x39 Drivers\STM32F4xx_HAL_Driver\Src\stm32f4xx_hal_rtc.o
 .ARM.attributes
                0x00000290       0x39 Drivers\STM32F4xx_HAL_Driver\Src\stm32f4xx_hal_rtc_ex.o
 .ARM.attributes
                0x000002c9       0x39 Drivers\STM32F4xx_HAL_Driver\Src\stm32f4xx_hal_tim.o
 .ARM.attributes
                0x00000302       0x39 Drivers\STM32F4xx_HAL_Driver\Src\stm32f4xx_hal_tim_ex.o
 .ARM.attributes
                0x0000033b       0x39 Drivers\STM32F4xx_HAL_Driver\Src\stm32f4xx_hal_uart.o
 .ARM.attributes
                0x00000374       0x39 Drivers\STM32F4xx_HAL_Driver\Src\stm32f4xx_ll_usb.o
 .ARM.attributes
                0x000003ad       0x39 Middlewares\ST\STM32_USB_Device_Library\Class\CDC\Src\usbd_cdc.o
 .ARM.attributes
                0x000003e6       0x39 Middlewares\ST\STM32_USB_Device_Library\Core\Src\usbd_core.o
 .ARM.attributes
                0x0000041f       0x39 Middlewares\ST\STM32_USB_Device_Library\Core\Src\usbd_ctlreq.o
 .ARM.attributes
                0x00000458       0x39 Middlewares\ST\STM32_USB_Device_Library\Core\Src\usbd_ioreq.o
 .ARM.attributes
                0x00000491       0x39 Src\Accelerometer.o
 .ARM.attributes
                0x000004ca       0x39 Src\GSM.o
 .ARM.attributes
                0x00000503       0x39 Src\PositionLog.o
 .ARM.attributes
                0x0000053c       0x39 Src\USBTransmission.o
 .ARM.attributes
                0x00000575       0x39 Src\gpio.o
 .ARM.attributes
                0x000005ae       0x39 Src\i2c.o
 .ARM.attributes
                0x000005e7       0x39 Src\main.o
 .ARM.attributes
                0x00000620       0x39 Src\rtc.o
 .ARM.attributes
                0x00000659       0x39 Src\stm32f4xx_hal_msp.o
 .ARM.attributes
                0x00000692       0x39 Src\stm32f4xx_it.o
 .ARM.attributes
                0x000006cb       0x39 Src\system_stm32f4xx.o
 .ARM.attributes
                0x00000704       0x39 Src\tim.o
 .ARM.attributes
                0x0000073d       0x39 Src\usart.o
 .ARM.attributes
                0x00000776       0x39 Src\usb_device.o
 .ARM.attributes
                0x000007af       0x39 Src\usbd_cdc_if.o
 .ARM.attributes
                0x000007e8       0x39 Src\usbd_conf.o
 .ARM.attributes
                0x00000821       0x39 Src\usbd_desc.o
 .ARM.attributes
                0x0000085a       0x21 startup\startup_stm32f417xx.o
 .ARM.attributes
                0x0000087b       0x34 e:/programs/stmicroelectronics/truestudio for arm 7.0.1/armtools/bin/../lib/gcc/arm-atollic-eabi/5.3.1/../../../../arm-atollic-eabi/lib/armv7e-m/fpu\libc.a(lib_a-init.o)
 .ARM.attributes
                0x000008af       0x34 e:/programs/stmicroelectronics/truestudio for arm 7.0.1/armtools/bin/../lib/gcc/arm-atollic-eabi/5.3.1/../../../../arm-atollic-eabi/lib/armv7e-m/fpu\libc.a(lib_a-malloc.o)
 .ARM.attributes
                0x000008e3       0x34 e:/programs/stmicroelectronics/truestudio for arm 7.0.1/armtools/bin/../lib/gcc/arm-atollic-eabi/5.3.1/../../../../arm-atollic-eabi/lib/armv7e-m/fpu\libc.a(lib_a-mallocr.o)
 .ARM.attributes
                0x00000917       0x34 e:/programs/stmicroelectronics/truestudio for arm 7.0.1/armtools/bin/../lib/gcc/arm-atollic-eabi/5.3.1/../../../../arm-atollic-eabi/lib/armv7e-m/fpu\libc.a(lib_a-mlock.o)
 .ARM.attributes
                0x0000094b       0x34 e:/programs/stmicroelectronics/truestudio for arm 7.0.1/armtools/bin/../lib/gcc/arm-atollic-eabi/5.3.1/../../../../arm-atollic-eabi/lib/armv7e-m/fpu\libc.a(lib_a-sbrkr.o)
 .ARM.attributes
                0x0000097f       0x34 e:/programs/stmicroelectronics/truestudio for arm 7.0.1/armtools/bin/../lib/gcc/arm-atollic-eabi/5.3.1/../../../../arm-atollic-eabi/lib/armv7e-m/fpu\libc.a(lib_a-strlcpy.o)
 .ARM.attributes
                0x000009b3       0x34 e:/programs/stmicroelectronics/truestudio for arm 7.0.1/armtools/bin/../lib/gcc/arm-atollic-eabi/5.3.1/../../../../arm-atollic-eabi/lib/armv7e-m/fpu\libc.a(lib_a-strncmp.o)
 .ARM.attributes
                0x000009e7       0x34 e:/programs/stmicroelectronics/truestudio for arm 7.0.1/armtools/bin/../lib/gcc/arm-atollic-eabi/5.3.1/../../../../arm-atollic-eabi/lib/armv7e-m/fpu\libc.a(lib_a-freer.o)
 .ARM.attributes
                0x00000a1b       0x34 e:/programs/stmicroelectronics/truestudio for arm 7.0.1/armtools/bin/../lib/gcc/arm-atollic-eabi/5.3.1/../../../../arm-atollic-eabi/lib/armv7e-m/fpu\libc.a(lib_a-impure.o)
 .ARM.attributes
                0x00000a4f       0x34 e:/programs/stmicroelectronics/truestudio for arm 7.0.1/armtools/bin/../lib/gcc/arm-atollic-eabi/5.3.1/../../../../arm-atollic-eabi/lib/armv7e-m/fpu\libc.a(lib_a-reent.o)
 .ARM.attributes
                0x00000a83       0x34 e:/programs/stmicroelectronics/truestudio for arm 7.0.1/armtools/bin/../lib/gcc/arm-atollic-eabi/5.3.1/../../../../arm-atollic-eabi/lib/armv7e-m/fpu\libnosys.a(sbrk.o)
 .ARM.attributes
                0x00000ab7       0x22 e:/programs/stmicroelectronics/truestudio for arm 7.0.1/armtools/bin/../lib/gcc/arm-atollic-eabi/5.3.1/armv7e-m/fpu/crtn.o
OUTPUT(AlarmZL41Project.elf elf32-littlearm)

.debug_info     0x00000000    0x1856a
 .debug_info    0x00000000      0x891 Drivers\STM32F4xx_HAL_Driver\Src\stm32f4xx_hal.o
 .debug_info    0x00000891      0xda1 Drivers\STM32F4xx_HAL_Driver\Src\stm32f4xx_hal_cortex.o
 .debug_info    0x00001632      0x8f3 Drivers\STM32F4xx_HAL_Driver\Src\stm32f4xx_hal_dma.o
 .debug_info    0x00001f25      0x71b Drivers\STM32F4xx_HAL_Driver\Src\stm32f4xx_hal_gpio.o
 .debug_info    0x00002640     0x203a Drivers\STM32F4xx_HAL_Driver\Src\stm32f4xx_hal_i2c.o
 .debug_info    0x0000467a      0xed0 Drivers\STM32F4xx_HAL_Driver\Src\stm32f4xx_hal_pcd.o
 .debug_info    0x0000554a      0x56d Drivers\STM32F4xx_HAL_Driver\Src\stm32f4xx_hal_pcd_ex.o
 .debug_info    0x00005ab7      0xb4e Drivers\STM32F4xx_HAL_Driver\Src\stm32f4xx_hal_rcc.o
 .debug_info    0x00006605      0x583 Drivers\STM32F4xx_HAL_Driver\Src\stm32f4xx_hal_rcc_ex.o
 .debug_info    0x00006b88      0xb2e Drivers\STM32F4xx_HAL_Driver\Src\stm32f4xx_hal_rtc.o
 .debug_info    0x000076b6      0xe67 Drivers\STM32F4xx_HAL_Driver\Src\stm32f4xx_hal_rtc_ex.o
 .debug_info    0x0000851d     0x218e Drivers\STM32F4xx_HAL_Driver\Src\stm32f4xx_hal_tim.o
 .debug_info    0x0000a6ab      0xf63 Drivers\STM32F4xx_HAL_Driver\Src\stm32f4xx_hal_tim_ex.o
 .debug_info    0x0000b60e     0x1188 Drivers\STM32F4xx_HAL_Driver\Src\stm32f4xx_hal_uart.o
 .debug_info    0x0000c796     0x142d Drivers\STM32F4xx_HAL_Driver\Src\stm32f4xx_ll_usb.o
 .debug_info    0x0000dbc3      0xa56 Middlewares\ST\STM32_USB_Device_Library\Class\CDC\Src\usbd_cdc.o
 .debug_info    0x0000e619      0x90a Middlewares\ST\STM32_USB_Device_Library\Core\Src\usbd_core.o
 .debug_info    0x0000ef23      0x86b Middlewares\ST\STM32_USB_Device_Library\Core\Src\usbd_ctlreq.o
 .debug_info    0x0000f78e      0x66b Middlewares\ST\STM32_USB_Device_Library\Core\Src\usbd_ioreq.o
 .debug_info    0x0000fdf9      0x84d Src\Accelerometer.o
 .debug_info    0x00010646      0x90c Src\GSM.o
 .debug_info    0x00010f52      0x114 Src\PositionLog.o
 .debug_info    0x00011066      0x6b5 Src\USBTransmission.o
 .debug_info    0x0001171b      0x649 Src\gpio.o
 .debug_info    0x00011d64      0x919 Src\i2c.o
 .debug_info    0x0001267d      0x82e Src\main.o
 .debug_info    0x00012eab      0x580 Src\rtc.o
 .debug_info    0x0001342b      0x2e2 Src\stm32f4xx_hal_msp.o
 .debug_info    0x0001370d      0xc54 Src\stm32f4xx_it.o
 .debug_info    0x00014361      0x4f7 Src\system_stm32f4xx.o
 .debug_info    0x00014858      0xa89 Src\tim.o
 .debug_info    0x000152e1      0xaee Src\usart.o
 .debug_info    0x00015dcf      0x590 Src\usb_device.o
 .debug_info    0x0001635f      0x7a3 Src\usbd_cdc_if.o
 .debug_info    0x00016b02     0x163d Src\usbd_conf.o
 .debug_info    0x0001813f      0x387 Src\usbd_desc.o
 .debug_info    0x000184c6       0xa4 startup\startup_stm32f417xx.o

.debug_abbrev   0x00000000     0x3cc6
 .debug_abbrev  0x00000000      0x224 Drivers\STM32F4xx_HAL_Driver\Src\stm32f4xx_hal.o
 .debug_abbrev  0x00000224      0x2c9 Drivers\STM32F4xx_HAL_Driver\Src\stm32f4xx_hal_cortex.o
 .debug_abbrev  0x000004ed      0x226 Drivers\STM32F4xx_HAL_Driver\Src\stm32f4xx_hal_dma.o
 .debug_abbrev  0x00000713      0x1ac Drivers\STM32F4xx_HAL_Driver\Src\stm32f4xx_hal_gpio.o
 .debug_abbrev  0x000008bf      0x1fd Drivers\STM32F4xx_HAL_Driver\Src\stm32f4xx_hal_i2c.o
 .debug_abbrev  0x00000abc      0x23a Drivers\STM32F4xx_HAL_Driver\Src\stm32f4xx_hal_pcd.o
 .debug_abbrev  0x00000cf6      0x160 Drivers\STM32F4xx_HAL_Driver\Src\stm32f4xx_hal_pcd_ex.o
 .debug_abbrev  0x00000e56      0x29f Drivers\STM32F4xx_HAL_Driver\Src\stm32f4xx_hal_rcc.o
 .debug_abbrev  0x000010f5      0x1c4 Drivers\STM32F4xx_HAL_Driver\Src\stm32f4xx_hal_rcc_ex.o
 .debug_abbrev  0x000012b9      0x1a2 Drivers\STM32F4xx_HAL_Driver\Src\stm32f4xx_hal_rtc.o
 .debug_abbrev  0x0000145b      0x1b1 Drivers\STM32F4xx_HAL_Driver\Src\stm32f4xx_hal_rtc_ex.o
 .debug_abbrev  0x0000160c      0x208 Drivers\STM32F4xx_HAL_Driver\Src\stm32f4xx_hal_tim.o
 .debug_abbrev  0x00001814      0x1ff Drivers\STM32F4xx_HAL_Driver\Src\stm32f4xx_hal_tim_ex.o
 .debug_abbrev  0x00001a13      0x224 Drivers\STM32F4xx_HAL_Driver\Src\stm32f4xx_hal_uart.o
 .debug_abbrev  0x00001c37      0x215 Drivers\STM32F4xx_HAL_Driver\Src\stm32f4xx_ll_usb.o
 .debug_abbrev  0x00001e4c      0x1e2 Middlewares\ST\STM32_USB_Device_Library\Class\CDC\Src\usbd_cdc.o
 .debug_abbrev  0x0000202e      0x1bd Middlewares\ST\STM32_USB_Device_Library\Core\Src\usbd_core.o
 .debug_abbrev  0x000021eb      0x1ed Middlewares\ST\STM32_USB_Device_Library\Core\Src\usbd_ctlreq.o
 .debug_abbrev  0x000023d8      0x12d Middlewares\ST\STM32_USB_Device_Library\Core\Src\usbd_ioreq.o
 .debug_abbrev  0x00002505      0x1c9 Src\Accelerometer.o
 .debug_abbrev  0x000026ce      0x1a3 Src\GSM.o
 .debug_abbrev  0x00002871       0xa6 Src\PositionLog.o
 .debug_abbrev  0x00002917      0x17b Src\USBTransmission.o
 .debug_abbrev  0x00002a92      0x122 Src\gpio.o
 .debug_abbrev  0x00002bb4      0x175 Src\i2c.o
 .debug_abbrev  0x00002d29      0x19f Src\main.o
 .debug_abbrev  0x00002ec8      0x127 Src\rtc.o
 .debug_abbrev  0x00002fef       0x88 Src\stm32f4xx_hal_msp.o
 .debug_abbrev  0x00003077      0x1ab Src\stm32f4xx_it.o
 .debug_abbrev  0x00003222      0x101 Src\system_stm32f4xx.o
 .debug_abbrev  0x00003323      0x171 Src\tim.o
 .debug_abbrev  0x00003494      0x189 Src\usart.o
 .debug_abbrev  0x0000361d      0x136 Src\usb_device.o
 .debug_abbrev  0x00003753      0x1ff Src\usbd_cdc_if.o
 .debug_abbrev  0x00003952      0x226 Src\usbd_conf.o
 .debug_abbrev  0x00003b78      0x13c Src\usbd_desc.o
 .debug_abbrev  0x00003cb4       0x12 startup\startup_stm32f417xx.o

.debug_aranges  0x00000000     0x17f8
 .debug_aranges
                0x00000000       0xc8 Drivers\STM32F4xx_HAL_Driver\Src\stm32f4xx_hal.o
 .debug_aranges
                0x000000c8      0x118 Drivers\STM32F4xx_HAL_Driver\Src\stm32f4xx_hal_cortex.o
 .debug_aranges
                0x000001e0       0x90 Drivers\STM32F4xx_HAL_Driver\Src\stm32f4xx_hal_dma.o
 .debug_aranges
                0x00000270       0x58 Drivers\STM32F4xx_HAL_Driver\Src\stm32f4xx_hal_gpio.o
 .debug_aranges
                0x000002c8      0x268 Drivers\STM32F4xx_HAL_Driver\Src\stm32f4xx_hal_i2c.o
 .debug_aranges
                0x00000530      0x120 Drivers\STM32F4xx_HAL_Driver\Src\stm32f4xx_hal_pcd.o
 .debug_aranges
                0x00000650       0x28 Drivers\STM32F4xx_HAL_Driver\Src\stm32f4xx_hal_pcd_ex.o
 .debug_aranges
                0x00000678       0x88 Drivers\STM32F4xx_HAL_Driver\Src\stm32f4xx_hal_rcc.o
 .debug_aranges
                0x00000700       0x38 Drivers\STM32F4xx_HAL_Driver\Src\stm32f4xx_hal_rcc_ex.o
 .debug_aranges
                0x00000738       0xb8 Drivers\STM32F4xx_HAL_Driver\Src\stm32f4xx_hal_rtc.o
 .debug_aranges
                0x000007f0      0x130 Drivers\STM32F4xx_HAL_Driver\Src\stm32f4xx_hal_rtc_ex.o
 .debug_aranges
                0x00000920      0x368 Drivers\STM32F4xx_HAL_Driver\Src\stm32f4xx_hal_tim.o
 .debug_aranges
                0x00000c88      0x140 Drivers\STM32F4xx_HAL_Driver\Src\stm32f4xx_hal_tim_ex.o
 .debug_aranges
                0x00000dc8      0x1d0 Drivers\STM32F4xx_HAL_Driver\Src\stm32f4xx_hal_uart.o
 .debug_aranges
                0x00000f98      0x180 Drivers\STM32F4xx_HAL_Driver\Src\stm32f4xx_ll_usb.o
 .debug_aranges
                0x00001118       0x90 Middlewares\ST\STM32_USB_Device_Library\Class\CDC\Src\usbd_cdc.o
 .debug_aranges
                0x000011a8       0xb8 Middlewares\ST\STM32_USB_Device_Library\Core\Src\usbd_core.o
 .debug_aranges
                0x00001260       0x88 Middlewares\ST\STM32_USB_Device_Library\Core\Src\usbd_ctlreq.o
 .debug_aranges
                0x000012e8       0x50 Middlewares\ST\STM32_USB_Device_Library\Core\Src\usbd_ioreq.o
 .debug_aranges
                0x00001338       0x50 Src\Accelerometer.o
 .debug_aranges
                0x00001388       0x60 Src\GSM.o
 .debug_aranges
                0x000013e8       0x20 Src\PositionLog.o
 .debug_aranges
                0x00001408       0x28 Src\USBTransmission.o
 .debug_aranges
                0x00001430       0x20 Src\gpio.o
 .debug_aranges
                0x00001450       0x30 Src\i2c.o
 .debug_aranges
                0x00001480       0x30 Src\main.o
 .debug_aranges
                0x000014b0       0x30 Src\rtc.o
 .debug_aranges
                0x000014e0       0x20 Src\stm32f4xx_hal_msp.o
 .debug_aranges
                0x00001500       0x90 Src\stm32f4xx_it.o
 .debug_aranges
                0x00001590       0x28 Src\system_stm32f4xx.o
 .debug_aranges
                0x000015b8       0x38 Src\tim.o
 .debug_aranges
                0x000015f0       0x38 Src\usart.o
 .debug_aranges
                0x00001628       0x20 Src\usb_device.o
 .debug_aranges
                0x00001648       0x40 Src\usbd_cdc_if.o
 .debug_aranges
                0x00001688       0xf8 Src\usbd_conf.o
 .debug_aranges
                0x00001780       0x50 Src\usbd_desc.o
 .debug_aranges
                0x000017d0       0x28 startup\startup_stm32f417xx.o

.debug_ranges   0x00000000     0x15b0
 .debug_ranges  0x00000000       0xb8 Drivers\STM32F4xx_HAL_Driver\Src\stm32f4xx_hal.o
 .debug_ranges  0x000000b8      0x108 Drivers\STM32F4xx_HAL_Driver\Src\stm32f4xx_hal_cortex.o
 .debug_ranges  0x000001c0       0x80 Drivers\STM32F4xx_HAL_Driver\Src\stm32f4xx_hal_dma.o
 .debug_ranges  0x00000240       0x48 Drivers\STM32F4xx_HAL_Driver\Src\stm32f4xx_hal_gpio.o
 .debug_ranges  0x00000288      0x258 Drivers\STM32F4xx_HAL_Driver\Src\stm32f4xx_hal_i2c.o
 .debug_ranges  0x000004e0      0x110 Drivers\STM32F4xx_HAL_Driver\Src\stm32f4xx_hal_pcd.o
 .debug_ranges  0x000005f0       0x18 Drivers\STM32F4xx_HAL_Driver\Src\stm32f4xx_hal_pcd_ex.o
 .debug_ranges  0x00000608       0x78 Drivers\STM32F4xx_HAL_Driver\Src\stm32f4xx_hal_rcc.o
 .debug_ranges  0x00000680       0x28 Drivers\STM32F4xx_HAL_Driver\Src\stm32f4xx_hal_rcc_ex.o
 .debug_ranges  0x000006a8       0xa8 Drivers\STM32F4xx_HAL_Driver\Src\stm32f4xx_hal_rtc.o
 .debug_ranges  0x00000750      0x120 Drivers\STM32F4xx_HAL_Driver\Src\stm32f4xx_hal_rtc_ex.o
 .debug_ranges  0x00000870      0x358 Drivers\STM32F4xx_HAL_Driver\Src\stm32f4xx_hal_tim.o
 .debug_ranges  0x00000bc8      0x130 Drivers\STM32F4xx_HAL_Driver\Src\stm32f4xx_hal_tim_ex.o
 .debug_ranges  0x00000cf8      0x1c0 Drivers\STM32F4xx_HAL_Driver\Src\stm32f4xx_hal_uart.o
 .debug_ranges  0x00000eb8      0x170 Drivers\STM32F4xx_HAL_Driver\Src\stm32f4xx_ll_usb.o
 .debug_ranges  0x00001028       0x80 Middlewares\ST\STM32_USB_Device_Library\Class\CDC\Src\usbd_cdc.o
 .debug_ranges  0x000010a8       0xa8 Middlewares\ST\STM32_USB_Device_Library\Core\Src\usbd_core.o
 .debug_ranges  0x00001150       0x78 Middlewares\ST\STM32_USB_Device_Library\Core\Src\usbd_ctlreq.o
 .debug_ranges  0x000011c8       0x40 Middlewares\ST\STM32_USB_Device_Library\Core\Src\usbd_ioreq.o
 .debug_ranges  0x00001208       0x40 Src\Accelerometer.o
 .debug_ranges  0x00001248       0x50 Src\GSM.o
 .debug_ranges  0x00001298       0x10 Src\PositionLog.o
 .debug_ranges  0x000012a8       0x18 Src\USBTransmission.o
 .debug_ranges  0x000012c0       0x10 Src\gpio.o
 .debug_ranges  0x000012d0       0x20 Src\i2c.o
 .debug_ranges  0x000012f0       0x20 Src\main.o
 .debug_ranges  0x00001310       0x20 Src\rtc.o
 .debug_ranges  0x00001330       0x10 Src\stm32f4xx_hal_msp.o
 .debug_ranges  0x00001340       0x80 Src\stm32f4xx_it.o
 .debug_ranges  0x000013c0       0x18 Src\system_stm32f4xx.o
 .debug_ranges  0x000013d8       0x28 Src\tim.o
 .debug_ranges  0x00001400       0x28 Src\usart.o
 .debug_ranges  0x00001428       0x10 Src\usb_device.o
 .debug_ranges  0x00001438       0x30 Src\usbd_cdc_if.o
 .debug_ranges  0x00001468       0xe8 Src\usbd_conf.o
 .debug_ranges  0x00001550       0x40 Src\usbd_desc.o
 .debug_ranges  0x00001590       0x20 startup\startup_stm32f417xx.o

.debug_line     0x00000000     0xaa64
 .debug_line    0x00000000      0x3cb Drivers\STM32F4xx_HAL_Driver\Src\stm32f4xx_hal.o
 .debug_line    0x000003cb      0x518 Drivers\STM32F4xx_HAL_Driver\Src\stm32f4xx_hal_cortex.o
 .debug_line    0x000008e3      0x4e8 Drivers\STM32F4xx_HAL_Driver\Src\stm32f4xx_hal_dma.o
 .debug_line    0x00000dcb      0x3e6 Drivers\STM32F4xx_HAL_Driver\Src\stm32f4xx_hal_gpio.o
 .debug_line    0x000011b1     0x123f Drivers\STM32F4xx_HAL_Driver\Src\stm32f4xx_hal_i2c.o
 .debug_line    0x000023f0      0x748 Drivers\STM32F4xx_HAL_Driver\Src\stm32f4xx_hal_pcd.o
 .debug_line    0x00002b38      0x249 Drivers\STM32F4xx_HAL_Driver\Src\stm32f4xx_hal_pcd_ex.o
 .debug_line    0x00002d81      0x57d Drivers\STM32F4xx_HAL_Driver\Src\stm32f4xx_hal_rcc.o
 .debug_line    0x000032fe      0x323 Drivers\STM32F4xx_HAL_Driver\Src\stm32f4xx_hal_rcc_ex.o
 .debug_line    0x00003621      0x5ad Drivers\STM32F4xx_HAL_Driver\Src\stm32f4xx_hal_rtc.o
 .debug_line    0x00003bce      0x907 Drivers\STM32F4xx_HAL_Driver\Src\stm32f4xx_hal_rtc_ex.o
 .debug_line    0x000044d5     0x13b3 Drivers\STM32F4xx_HAL_Driver\Src\stm32f4xx_hal_tim.o
 .debug_line    0x00005888      0x7d4 Drivers\STM32F4xx_HAL_Driver\Src\stm32f4xx_hal_tim_ex.o
 .debug_line    0x0000605c      0xb00 Drivers\STM32F4xx_HAL_Driver\Src\stm32f4xx_hal_uart.o
 .debug_line    0x00006b5c      0x876 Drivers\STM32F4xx_HAL_Driver\Src\stm32f4xx_ll_usb.o
 .debug_line    0x000073d2      0x376 Middlewares\ST\STM32_USB_Device_Library\Class\CDC\Src\usbd_cdc.o
 .debug_line    0x00007748      0x39c Middlewares\ST\STM32_USB_Device_Library\Core\Src\usbd_core.o
 .debug_line    0x00007ae4      0x3f6 Middlewares\ST\STM32_USB_Device_Library\Core\Src\usbd_ctlreq.o
 .debug_line    0x00007eda      0x237 Middlewares\ST\STM32_USB_Device_Library\Core\Src\usbd_ioreq.o
 .debug_line    0x00008111      0x2c9 Src\Accelerometer.o
 .debug_line    0x000083da      0x2ca Src\GSM.o
 .debug_line    0x000086a4      0x165 Src\PositionLog.o
 .debug_line    0x00008809      0x25f Src\USBTransmission.o
 .debug_line    0x00008a68      0x1cc Src\gpio.o
 .debug_line    0x00008c34      0x23e Src\i2c.o
 .debug_line    0x00008e72      0x284 Src\main.o
 .debug_line    0x000090f6      0x222 Src\rtc.o
 .debug_line    0x00009318      0x199 Src\stm32f4xx_hal_msp.o
 .debug_line    0x000094b1      0x340 Src\stm32f4xx_it.o
 .debug_line    0x000097f1      0x1bf Src\system_stm32f4xx.o
 .debug_line    0x000099b0      0x265 Src\tim.o
 .debug_line    0x00009c15      0x274 Src\usart.o
 .debug_line    0x00009e89      0x200 Src\usb_device.o
 .debug_line    0x0000a089      0x244 Src\usbd_cdc_if.o
 .debug_line    0x0000a2cd      0x50e Src\usbd_conf.o
 .debug_line    0x0000a7db      0x20a Src\usbd_desc.o
 .debug_line    0x0000a9e5       0x7f startup\startup_stm32f417xx.o

.debug_str      0x00000000     0x691d
 .debug_str     0x00000000      0xa57 Drivers\STM32F4xx_HAL_Driver\Src\stm32f4xx_hal.o
                                0xab7 (size before relaxing)
 .debug_str     0x00000a57      0x419 Drivers\STM32F4xx_HAL_Driver\Src\stm32f4xx_hal_cortex.o
                                0xc77 (size before relaxing)
 .debug_str     0x00000e70      0x522 Drivers\STM32F4xx_HAL_Driver\Src\stm32f4xx_hal_dma.o
                                0x7c8 (size before relaxing)
 .debug_str     0x00001392      0x1d1 Drivers\STM32F4xx_HAL_Driver\Src\stm32f4xx_hal_gpio.o
                                0x53e (size before relaxing)
 .debug_str     0x00001563      0xa24 Drivers\STM32F4xx_HAL_Driver\Src\stm32f4xx_hal_i2c.o
                                0xf40 (size before relaxing)
 .debug_str     0x00001f87      0x77e Drivers\STM32F4xx_HAL_Driver\Src\stm32f4xx_hal_pcd.o
                                0xa31 (size before relaxing)
 .debug_str     0x00002705       0x77 Drivers\STM32F4xx_HAL_Driver\Src\stm32f4xx_hal_pcd_ex.o
                                0x5ca (size before relaxing)
 .debug_str     0x0000277c      0x2e1 Drivers\STM32F4xx_HAL_Driver\Src\stm32f4xx_hal_rcc.o
                                0x6fd (size before relaxing)
 .debug_str     0x00002a5d      0x146 Drivers\STM32F4xx_HAL_Driver\Src\stm32f4xx_hal_rcc_ex.o
                                0x4db (size before relaxing)
 .debug_str     0x00002ba3      0x483 Drivers\STM32F4xx_HAL_Driver\Src\stm32f4xx_hal_rtc.o
                                0x779 (size before relaxing)
 .debug_str     0x00003026      0x56f Drivers\STM32F4xx_HAL_Driver\Src\stm32f4xx_hal_rtc_ex.o
                                0xabf (size before relaxing)
 .debug_str     0x00003595      0xeac Drivers\STM32F4xx_HAL_Driver\Src\stm32f4xx_hal_tim.o
                               0x139c (size before relaxing)
 .debug_str     0x00004441      0x543 Drivers\STM32F4xx_HAL_Driver\Src\stm32f4xx_hal_tim_ex.o
                                0xc57 (size before relaxing)
 .debug_str     0x00004984      0x6b9 Drivers\STM32F4xx_HAL_Driver\Src\stm32f4xx_hal_uart.o
                                0xbda (size before relaxing)
 .debug_str     0x0000503d      0x5c5 Drivers\STM32F4xx_HAL_Driver\Src\stm32f4xx_ll_usb.o
                                0xbe4 (size before relaxing)
 .debug_str     0x00005602      0x575 Middlewares\ST\STM32_USB_Device_Library\Class\CDC\Src\usbd_cdc.o
                                0x871 (size before relaxing)
 .debug_str     0x00005b77      0x1c1 Middlewares\ST\STM32_USB_Device_Library\Core\Src\usbd_core.o
                                0x78a (size before relaxing)
 .debug_str     0x00005d38      0x12b Middlewares\ST\STM32_USB_Device_Library\Core\Src\usbd_ctlreq.o
                                0x710 (size before relaxing)
 .debug_str     0x00005e63       0xc9 Middlewares\ST\STM32_USB_Device_Library\Core\Src\usbd_ioreq.o
                                0x698 (size before relaxing)
 .debug_str     0x00005f2c      0x232 Src\Accelerometer.o
                                0x965 (size before relaxing)
 .debug_str     0x0000615e       0xf6 Src\GSM.o
                                0x907 (size before relaxing)
 .debug_str     0x00006254       0x56 Src\PositionLog.o
                                0x240 (size before relaxing)
 .debug_str     0x000062aa       0x9f Src\USBTransmission.o
                                0x6f1 (size before relaxing)
 .debug_str     0x00006349       0x1b Src\gpio.o
                                0x886 (size before relaxing)
 .debug_str     0x00006364       0x24 Src\i2c.o
                                0x8b8 (size before relaxing)
 .debug_str     0x00006388       0x76 Src\main.o
                                0xac8 (size before relaxing)
 .debug_str     0x000063fe       0x23 Src\rtc.o
                                0x524 (size before relaxing)
 .debug_str     0x00006421       0x1b Src\stm32f4xx_hal_msp.o
                                0x6fa (size before relaxing)
 .debug_str     0x0000643c      0x129 Src\stm32f4xx_it.o
                                0xbb9 (size before relaxing)
 .debug_str     0x00006565       0x45 Src\system_stm32f4xx.o
                                0x3ce (size before relaxing)
 .debug_str     0x000065aa       0x36 Src\tim.o
                                0xcd5 (size before relaxing)
 .debug_str     0x000065e0       0x3c Src\usart.o
                                0xcf3 (size before relaxing)
 .debug_str     0x0000661c       0x46 Src\usb_device.o
                                0x62c (size before relaxing)
 .debug_str     0x00006662       0x7b Src\usbd_cdc_if.o
                                0x72d (size before relaxing)
 .debug_str     0x000066dd      0x132 Src\usbd_conf.o
                               0x1275 (size before relaxing)
 .debug_str     0x0000680f      0x10e Src\usbd_desc.o
                                0x427 (size before relaxing)

.comment        0x00000000       0x7e
 .comment       0x00000000       0x7e Drivers\STM32F4xx_HAL_Driver\Src\stm32f4xx_hal.o
                                 0x7f (size before relaxing)
 .comment       0x0000007e       0x7f Drivers\STM32F4xx_HAL_Driver\Src\stm32f4xx_hal_cortex.o
 .comment       0x0000007e       0x7f Drivers\STM32F4xx_HAL_Driver\Src\stm32f4xx_hal_dma.o
 .comment       0x0000007e       0x7f Drivers\STM32F4xx_HAL_Driver\Src\stm32f4xx_hal_gpio.o
 .comment       0x0000007e       0x7f Drivers\STM32F4xx_HAL_Driver\Src\stm32f4xx_hal_i2c.o
 .comment       0x0000007e       0x7f Drivers\STM32F4xx_HAL_Driver\Src\stm32f4xx_hal_pcd.o
 .comment       0x0000007e       0x7f Drivers\STM32F4xx_HAL_Driver\Src\stm32f4xx_hal_pcd_ex.o
 .comment       0x0000007e       0x7f Drivers\STM32F4xx_HAL_Driver\Src\stm32f4xx_hal_rcc.o
 .comment       0x0000007e       0x7f Drivers\STM32F4xx_HAL_Driver\Src\stm32f4xx_hal_rcc_ex.o
 .comment       0x0000007e       0x7f Drivers\STM32F4xx_HAL_Driver\Src\stm32f4xx_hal_rtc.o
 .comment       0x0000007e       0x7f Drivers\STM32F4xx_HAL_Driver\Src\stm32f4xx_hal_rtc_ex.o
 .comment       0x0000007e       0x7f Drivers\STM32F4xx_HAL_Driver\Src\stm32f4xx_hal_tim.o
 .comment       0x0000007e       0x7f Drivers\STM32F4xx_HAL_Driver\Src\stm32f4xx_hal_tim_ex.o
 .comment       0x0000007e       0x7f Drivers\STM32F4xx_HAL_Driver\Src\stm32f4xx_hal_uart.o
 .comment       0x0000007e       0x7f Drivers\STM32F4xx_HAL_Driver\Src\stm32f4xx_ll_usb.o