Archive member included to satisfy reference by file (symbol)

e:/programs/stmicroelectronics/truestudio for arm 7.0.1/armtools/bin/../lib/gcc/arm-atollic-eabi/5.3.1/../../../../arm-atollic-eabi/lib/armv7e-m/fpu\libc.a(lib_a-init.o)
                              startup\startup_stm32f417xx.o (__libc_init_array)
e:/programs/stmicroelectronics/truestudio for arm 7.0.1/armtools/bin/../lib/gcc/arm-atollic-eabi/5.3.1/../../../../arm-atollic-eabi/lib/armv7e-m/fpu\libc.a(lib_a-malloc.o)
                              Middlewares\ST\STM32_USB_Device_Library\Class\CDC\Src\usbd_cdc.o (malloc)
e:/programs/stmicroelectronics/truestudio for arm 7.0.1/armtools/bin/../lib/gcc/arm-atollic-eabi/5.3.1/../../../../arm-atollic-eabi/lib/armv7e-m/fpu\libc.a(lib_a-mallocr.o)
                              e:/programs/stmicroelectronics/truestudio for arm 7.0.1/armtools/bin/../lib/gcc/arm-atollic-eabi/5.3.1/../../../../arm-atollic-eabi/lib/armv7e-m/fpu\libc.a(lib_a-malloc.o) (_malloc_r)
e:/programs/stmicroelectronics/truestudio for arm 7.0.1/armtools/bin/../lib/gcc/arm-atollic-eabi/5.3.1/../../../../arm-atollic-eabi/lib/armv7e-m/fpu\libc.a(lib_a-mlock.o)
                              e:/programs/stmicroelectronics/truestudio for arm 7.0.1/armtools/bin/../lib/gcc/arm-atollic-eabi/5.3.1/../../../../arm-atollic-eabi/lib/armv7e-m/fpu\libc.a(lib_a-mallocr.o) (__malloc_lock)
e:/programs/stmicroelectronics/truestudio for arm 7.0.1/armtools/bin/../lib/gcc/arm-atollic-eabi/5.3.1/../../../../arm-atollic-eabi/lib/armv7e-m/fpu\libc.a(lib_a-sbrkr.o)
                              e:/programs/stmicroelectronics/truestudio for arm 7.0.1/armtools/bin/../lib/gcc/arm-atollic-eabi/5.3.1/../../../../arm-atollic-eabi/lib/armv7e-m/fpu\libc.a(lib_a-mallocr.o) (_sbrk_r)
e:/programs/stmicroelectronics/truestudio for arm 7.0.1/armtools/bin/../lib/gcc/arm-atollic-eabi/5.3.1/../../../../arm-atollic-eabi/lib/armv7e-m/fpu\libc.a(lib_a-sprintf.o)
                              Src\GSM.o (sprintf)
e:/programs/stmicroelectronics/truestudio for arm 7.0.1/armtools/bin/../lib/gcc/arm-atollic-eabi/5.3.1/../../../../arm-atollic-eabi/lib/armv7e-m/fpu\libc.a(lib_a-strlcpy.o)
                              Src\usbd_cdc_if.o (strlcpy)
e:/programs/stmicroelectronics/truestudio for arm 7.0.1/armtools/bin/../lib/gcc/arm-atollic-eabi/5.3.1/../../../../arm-atollic-eabi/lib/armv7e-m/fpu\libc.a(lib_a-strlen.o)
                              Src\GSM.o (strlen)
e:/programs/stmicroelectronics/truestudio for arm 7.0.1/armtools/bin/../lib/gcc/arm-atollic-eabi/5.3.1/../../../../arm-atollic-eabi/lib/armv7e-m/fpu\libc.a(lib_a-strncmp.o)
                              Src\GSM.o (strncmp)
e:/programs/stmicroelectronics/truestudio for arm 7.0.1/armtools/bin/../lib/gcc/arm-atollic-eabi/5.3.1/../../../../arm-atollic-eabi/lib/armv7e-m/fpu\libc.a(lib_a-strncpy.o)
                              Src\GSM.o (strncpy)
e:/programs/stmicroelectronics/truestudio for arm 7.0.1/armtools/bin/../lib/gcc/arm-atollic-eabi/5.3.1/../../../../arm-atollic-eabi/lib/armv7e-m/fpu\libc.a(lib_a-svfprintf.o)
                              e:/programs/stmicroelectronics/truestudio for arm 7.0.1/armtools/bin/../lib/gcc/arm-atollic-eabi/5.3.1/../../../../arm-atollic-eabi/lib/armv7e-m/fpu\libc.a(lib_a-sprintf.o) (_svfprintf_r)
e:/programs/stmicroelectronics/truestudio for arm 7.0.1/armtools/bin/../lib/gcc/arm-atollic-eabi/5.3.1/../../../../arm-atollic-eabi/lib/armv7e-m/fpu\libc.a(lib_a-dtoa.o)
                              e:/programs/stmicroelectronics/truestudio for arm 7.0.1/armtools/bin/../lib/gcc/arm-atollic-eabi/5.3.1/../../../../arm-atollic-eabi/lib/armv7e-m/fpu\libc.a(lib_a-svfprintf.o) (_dtoa_r)
e:/programs/stmicroelectronics/truestudio for arm 7.0.1/armtools/bin/../lib/gcc/arm-atollic-eabi/5.3.1/../../../../arm-atollic-eabi/lib/armv7e-m/fpu\libc.a(lib_a-freer.o)
                              e:/programs/stmicroelectronics/truestudio for arm 7.0.1/armtools/bin/../lib/gcc/arm-atollic-eabi/5.3.1/../../../../arm-atollic-eabi/lib/armv7e-m/fpu\libc.a(lib_a-malloc.o) (_free_r)
e:/programs/stmicroelectronics/truestudio for arm 7.0.1/armtools/bin/../lib/gcc/arm-atollic-eabi/5.3.1/../../../../arm-atollic-eabi/lib/armv7e-m/fpu\libc.a(lib_a-impure.o)
                              e:/programs/stmicroelectronics/truestudio for arm 7.0.1/armtools/bin/../lib/gcc/arm-atollic-eabi/5.3.1/../../../../arm-atollic-eabi/lib/armv7e-m/fpu\libc.a(lib_a-malloc.o) (_impure_ptr)
e:/programs/stmicroelectronics/truestudio for arm 7.0.1/armtools/bin/../lib/gcc/arm-atollic-eabi/5.3.1/../../../../arm-atollic-eabi/lib/armv7e-m/fpu\libc.a(lib_a-locale.o)
                              e:/programs/stmicroelectronics/truestudio for arm 7.0.1/armtools/bin/../lib/gcc/arm-atollic-eabi/5.3.1/../../../../arm-atollic-eabi/lib/armv7e-m/fpu\libc.a(lib_a-svfprintf.o) (_localeconv_r)
[...]
Memory Configuration

Name             Origin             Length             Attributes
RAM              0x20000000         0x00020000         xrw
CCMRAM           0x10000000         0x00010000         rw
FLASH            0x08000000         0x00100000         xr
*default*        0x00000000         0xffffffff

Linker script and memory map

LOAD e:/programs/stmicroelectronics/truestudio for arm 7.0.1/armtools/bin/../lib/gcc/arm-atollic-eabi/5.3.1/armv7e-m/fpu/crti.o
LOAD e:/programs/stmicroelectronics/truestudio for arm 7.0.1/armtools/bin/../lib/gcc/arm-atollic-eabi/5.3.1/armv7e-m/fpu/crtbegin.o
LOAD Drivers\STM32F4xx_HAL_Driver\Src\stm32f4xx_hal.o
LOAD Drivers\STM32F4xx_HAL_Driver\Src\stm32f4xx_hal_cortex.o
LOAD Drivers\STM32F4xx_HAL_Driver\Src\stm32f4xx_hal_dma.o
LOAD Drivers\STM32F4xx_HAL_Driver\Src\stm32f4xx_hal_dma_ex.o
LOAD Drivers\STM32F4xx_HAL_Driver\Src\stm32f4xx_hal_flash.o
LOAD Drivers\STM32F4xx_HAL_Driver\Src\stm32f4xx_hal_flash_ex.o
LOAD Drivers\STM32F4xx_HAL_Driver\Src\stm32f4xx_hal_flash_ramfunc.o
LOAD Drivers\STM32F4xx_HAL_Driver\Src\stm32f4xx_hal_gpio.o
LOAD Drivers\STM32F4xx_HAL_Driver\Src\stm32f4xx_hal_i2c.o
LOAD Drivers\STM32F4xx_HAL_Driver\Src\stm32f4xx_hal_i2c_ex.o
LOAD Drivers\STM32F4xx_HAL_Driver\Src\stm32f4xx_hal_pcd.o
LOAD Drivers\STM32F4xx_HAL_Driver\Src\stm32f4xx_hal_pcd_ex.o
LOAD Drivers\STM32F4xx_HAL_Driver\Src\stm32f4xx_hal_pwr.o
LOAD Drivers\STM32F4xx_HAL_Driver\Src\stm32f4xx_hal_pwr_ex.o
LOAD Drivers\STM32F4xx_HAL_Driver\Src\stm32f4xx_hal_rcc.o
LOAD Drivers\STM32F4xx_HAL_Driver\Src\stm32f4xx_hal_rcc_ex.o
LOAD Drivers\STM32F4xx_HAL_Driver\Src\stm32f4xx_hal_rtc.o
LOAD Drivers\STM32F4xx_HAL_Driver\Src\stm32f4xx_hal_rtc_ex.o
LOAD Drivers\STM32F4xx_HAL_Driver\Src\stm32f4xx_hal_tim.o
LOAD Drivers\STM32F4xx_HAL_Driver\Src\stm32f4xx_hal_tim_ex.o
LOAD Drivers\STM32F4xx_HAL_Driver\Src\stm32f4xx_hal_uart.o
LOAD Drivers\STM32F4xx_HAL_Driver\Src\stm32f4xx_ll_usb.o
LOAD Middlewares\ST\STM32_USB_Device_Library\Class\CDC\Src\usbd_cdc.o
LOAD Middlewares\ST\STM32_USB_Device_Library\Core\Src\usbd_core.o
LOAD Middlewares\ST\STM32_USB_Device_Library\Core\Src\usbd_ctlreq.o
LOAD Middlewares\ST\STM32_USB_Device_Library\Core\Src\usbd_ioreq.o
LOAD Src\Accelerometer.o
LOAD Src\EEPROM.o
LOAD Src\GPS.o
LOAD Src\GSM.o
LOAD Src\PositionLog.o
LOAD Src\USBTransmission.o
LOAD Src\gpio.o
LOAD Src\i2c.o
LOAD Src\main.o
LOAD Src\rtc.o
LOAD Src\stm32f4xx_hal_msp.o
LOAD Src\stm32f4xx_it.o
LOAD Src\system_stm32f4xx.o
LOAD Src\tim.o
LOAD Src\usart.o
LOAD Src\usb_device.o
LOAD Src\usbd_cdc_if.o
LOAD Src\usbd_conf.o
LOAD Src\usbd_desc.o
LOAD startup\startup_stm32f417xx.o
START GROUP
LOAD e:/programs/stmicroelectronics/truestudio for arm 7.0.1/armtools/bin/../lib/gcc/arm-atollic-eabi/5.3.1/../../../../arm-atollic-eabi/lib/armv7e-m/fpu\libc.a
LOAD e:/programs/stmicroelectronics/truestudio for arm 7.0.1/armtools/bin/../lib/gcc/arm-atollic-eabi/5.3.1/../../../../arm-atollic-eabi/lib/armv7e-m/fpu\libm.a
END GROUP
                0x00000080                malloc_getpagesize_P = 0x80
START GROUP
LOAD e:/programs/stmicroelectronics/truestudio for arm 7.0.1/armtools/bin/../lib/gcc/arm-atollic-eabi/5.3.1/armv7e-m/fpu\libgcc.a
LOAD e:/programs/stmicroelectronics/truestudio for arm 7.0.1/armtools/bin/../lib/gcc/arm-atollic-eabi/5.3.1/../../../../arm-atollic-eabi/lib/armv7e-m/fpu\libc.a
END GROUP
START GROUP
LOAD e:/programs/stmicroelectronics/truestudio for arm 7.0.1/armtools/bin/../lib/gcc/arm-atollic-eabi/5.3.1/armv7e-m/fpu\libgcc.a
LOAD e:/programs/stmicroelectronics/truestudio for arm 7.0.1/armtools/bin/../lib/gcc/arm-atollic-eabi/5.3.1/../../../../arm-atollic-eabi/lib/armv7e-m/fpu\libc.a
LOAD e:/programs/stmicroelectronics/truestudio for arm 7.0.1/armtools/bin/../lib/gcc/arm-atollic-eabi/5.3.1/../../../../arm-atollic-eabi/lib/armv7e-m/fpu\libnosys.a
END GROUP
LOAD e:/programs/stmicroelectronics/truestudio for arm 7.0.1/armtools/bin/../lib/gcc/arm-atollic-eabi/5.3.1/armv7e-m/fpu/crtend.o
LOAD e:/programs/stmicroelectronics/truestudio for arm 7.0.1/armtools/bin/../lib/gcc/arm-atollic-eabi/5.3.1/armv7e-m/fpu/crtn.o
                0x20020000                _estack = 0x20020000
                0x00000200                _Min_Heap_Size = 0x200
                0x00000400                _Min_Stack_Size = 0x400

.isr_vector     0x08000000      0x188
                0x08000000                . = ALIGN (0x4)
 *(.isr_vector)
 .isr_vector    0x08000000      0x188 startup\startup_stm32f417xx.o
                0x08000000                g_pfnVectors
                0x08000188                . = ALIGN (0x4)

.text           0x08000190     0xc068
                0x08000190                . = ALIGN (0x4)
 *(.text)
 .text          0x08000190       0x40 e:/programs/stmicroelectronics/truestudio for arm 7.0.1/armtools/bin/../lib/gcc/arm-atollic-eabi/5.3.1/armv7e-m/fpu/crtbegin.o
 .text          0x080001d0       0x10 e:/programs/stmicroelectronics/truestudio for arm 7.0.1/armtools/bin/../lib/gcc/arm-atollic-eabi/5.3.1/../../../../arm-atollic-eabi/lib/armv7e-m/fpu\libc.a(lib_a-strlen.o)
                0x080001d0                strlen
 .text          0x080001e0       0xa0 e:/programs/stmicroelectronics/truestudio for arm 7.0.1/armtools/bin/../lib/gcc/arm-atollic-eabi/5.3.1/../../../../arm-atollic-eabi/lib/armv7e-m/fpu\libc.a(lib_a-memchr.o)
                0x080001e0                memchr
 .text          0x08000280      0x370 e:/programs/stmicroelectronics/truestudio for arm 7.0.1/armtools/bin/../lib/gcc/arm-atollic-eabi/5.3.1/armv7e-m/fpu\libgcc.a(_arm_addsubdf3.o)
                0x08000280                __aeabi_drsub
                0x08000288                __aeabi_dsub
                0x08000288                __subdf3
                0x0800028c                __aeabi_dadd
                0x0800028c                __adddf3
                0x08000504                __floatunsidf
                0x08000504                __aeabi_ui2d
                0x08000524                __floatsidf
                0x08000524                __aeabi_i2d
                0x08000548                __aeabi_f2d
                0x08000548                __extendsfdf2
                0x08000584                __floatundidf
                0x08000584                __aeabi_ul2d
                0x08000594                __floatdidf
                0x08000594                __aeabi_l2d
 .text          0x080005f0      0x424 e:/programs/stmicroelectronics/truestudio for arm 7.0.1/armtools/bin/../lib/gcc/arm-atollic-eabi/5.3.1/armv7e-m/fpu\libgcc.a(_arm_muldivdf3.o)
                0x080005f0                __aeabi_dmul
                0x080005f0                __muldf3
                0x08000844                __divdf3
                0x08000844                __aeabi_ddiv
 .text          0x08000a14      0x110 e:/programs/stmicroelectronics/truestudio for arm 7.0.1/armtools/bin/../lib/gcc/arm-atollic-eabi/5.3.1/armv7e-m/fpu\libgcc.a(_arm_cmpdf2.o)
                0x08000a14                __gtdf2
                0x08000a14                __gedf2
                0x08000a1c                __ltdf2
                0x08000a1c                __ledf2
                0x08000a24                __nedf2
                0x08000a24                __eqdf2
                0x08000a24                __cmpdf2
                0x08000aa0                __aeabi_cdrcmple
                0x08000ab0                __aeabi_cdcmpeq
                0x08000ab0                __aeabi_cdcmple
                0x08000ac0                __aeabi_dcmpeq
                0x08000ad4                __aeabi_dcmplt
                0x08000ae8                __aeabi_dcmple
                0x08000afc                __aeabi_dcmpge
                0x08000b10                __aeabi_dcmpgt
 .text          0x08000b24       0x2c e:/programs/stmicroelectronics/truestudio for arm 7.0.1/armtools/bin/../lib/gcc/arm-atollic-eabi/5.3.1/armv7e-m/fpu\libgcc.a(_arm_unorddf2.o)
                0x08000b24                __unorddf2
                0x08000b24                __aeabi_dcmpun
 .text          0x08000b50       0x50 e:/programs/stmicroelectronics/truestudio for arm 7.0.1/armtools/bin/../lib/gcc/arm-atollic-eabi/5.3.1/armv7e-m/fpu\libgcc.a(_arm_fixdfsi.o)
                0x08000b50                __aeabi_d2iz
                0x08000b50                __fixdfsi
 .text          0x08000ba0       0x30 e:/programs/stmicroelectronics/truestudio for arm 7.0.1/armtools/bin/../lib/gcc/arm-atollic-eabi/5.3.1/armv7e-m/fpu\libgcc.a(_aeabi_uldivmod.o)
                0x08000ba0                __aeabi_uldivmod
 .text          0x08000bd0      0x2e4 e:/programs/stmicroelectronics/truestudio for arm 7.0.1/armtools/bin/../lib/gcc/arm-atollic-eabi/5.3.1/armv7e-m/fpu\libgcc.a(_udivmoddi4.o)
                0x08000bd0                __udivmoddi4
 .text          0x08000eb4        0x4 e:/programs/stmicroelectronics/truestudio for arm 7.0.1/armtools/bin/../lib/gcc/arm-atollic-eabi/5.3.1/armv7e-m/fpu\libgcc.a(_dvmd_tls.o)
                0x08000eb4                __aeabi_idiv0
                0x08000eb4                __aeabi_ldiv0
 *(.text*)
 .text.HAL_Init
                0x08000eb8       0x44 Drivers\STM32F4xx_HAL_Driver\Src\stm32f4xx_hal.o
                0x08000eb8                HAL_Init
 .text.HAL_InitTick
                0x08000efc       0x38 Drivers\STM32F4xx_HAL_Driver\Src\stm32f4xx_hal.o
                0x08000efc                HAL_InitTick
 .text.HAL_IncTick
                0x08000f34       0x1c Drivers\STM32F4xx_HAL_Driver\Src\stm32f4xx_hal.o
                0x08000f34                HAL_IncTick
 .text.HAL_GetTick
                0x08000f50       0x18 Drivers\STM32F4xx_HAL_Driver\Src\stm32f4xx_hal.o
                0x08000f50                HAL_GetTick
 .text.HAL_Delay
                0x08000f68       0x3c Drivers\STM32F4xx_HAL_Driver\Src\stm32f4xx_hal.o
                0x08000f68                HAL_Delay
 .text.NVIC_SetPriorityGrouping
                0x08000fa4       0x48 Drivers\STM32F4xx_HAL_Driver\Src\stm32f4xx_hal_cortex.o
 .text.NVIC_GetPriorityGrouping
                0x08000fec       0x1c Drivers\STM32F4xx_HAL_Driver\Src\stm32f4xx_hal_cortex.o
 .text.NVIC_EnableIRQ
                0x08001008       0x34 Drivers\STM32F4xx_HAL_Driver\Src\stm32f4xx_hal_cortex.o
 .text.NVIC_SetPriority
                0x0800103c       0x54 Drivers\STM32F4xx_HAL_Driver\Src\stm32f4xx_hal_cortex.o
 .text.NVIC_EncodePriority
                0x08001090       0x64 Drivers\STM32F4xx_HAL_Driver\Src\stm32f4xx_hal_cortex.o
 .text.SysTick_Config
                0x080010f4       0x44 Drivers\STM32F4xx_HAL_Driver\Src\stm32f4xx_hal_cortex.o
 .text.HAL_NVIC_SetPriorityGrouping
                0x08001138       0x18 Drivers\STM32F4xx_HAL_Driver\Src\stm32f4xx_hal_cortex.o
                0x08001138                HAL_NVIC_SetPriorityGrouping
 .text.HAL_NVIC_SetPriority
                0x08001150       0x38 Drivers\STM32F4xx_HAL_Driver\Src\stm32f4xx_hal_cortex.o
                0x08001150                HAL_NVIC_SetPriority
 .text.HAL_NVIC_EnableIRQ
                0x08001188       0x1c Drivers\STM32F4xx_HAL_Driver\Src\stm32f4xx_hal_cortex.o
                0x08001188                HAL_NVIC_EnableIRQ
 .text.HAL_SYSTICK_Config
                0x080011a4       0x18 Drivers\STM32F4xx_HAL_Driver\Src\stm32f4xx_hal_cortex.o
                0x080011a4                HAL_SYSTICK_Config
 .text.HAL_SYSTICK_CLKSourceConfig
                0x080011bc       0x38 Drivers\STM32F4xx_HAL_Driver\Src\stm32f4xx_hal_cortex.o
                0x080011bc                HAL_SYSTICK_CLKSourceConfig
 .text.HAL_SYSTICK_IRQHandler
                0x080011f4        0xc Drivers\STM32F4xx_HAL_Driver\Src\stm32f4xx_hal_cortex.o
                0x080011f4                HAL_SYSTICK_IRQHandler
 .text.HAL_SYSTICK_Callback
                0x08001200       0x10 Drivers\STM32F4xx_HAL_Driver\Src\stm32f4xx_hal_cortex.o
                0x08001200                HAL_SYSTICK_Callback
 .text.HAL_DMA_Abort_IT
                0x08001210       0x44 Drivers\STM32F4xx_HAL_Driver\Src\stm32f4xx_hal_dma.o
                0x08001210                HAL_DMA_Abort_IT
 .text.HAL_GPIO_Init
                0x08001254      0x334 Drivers\STM32F4xx_HAL_Driver\Src\stm32f4xx_hal_gpio.o
                0x08001254                HAL_GPIO_Init
 .text.HAL_GPIO_EXTI_IRQHandler
                0x08001588       0x30 Drivers\STM32F4xx_HAL_Driver\Src\stm32f4xx_hal_gpio.o
                0x08001588                HAL_GPIO_EXTI_IRQHandler
 .text.HAL_I2C_Init
                0x080015b8      0x1c0 Drivers\STM32F4xx_HAL_Driver\Src\stm32f4xx_hal_i2c.o
                0x080015b8                HAL_I2C_Init
 .text.HAL_I2C_Mem_Write
                0x08001778      0x214 Drivers\STM32F4xx_HAL_Driver\Src\stm32f4xx_hal_i2c.o
                0x08001778                HAL_I2C_Mem_Write
 .text.HAL_I2C_Mem_Read
                0x0800198c      0x464 Drivers\STM32F4xx_HAL_Driver\Src\stm32f4xx_hal_i2c.o
                0x0800198c                HAL_I2C_Mem_Read
 .text.I2C_RequestMemoryWrite
                0x08001df0      0x124 Drivers\STM32F4xx_HAL_Driver\Src\stm32f4xx_hal_i2c.o
 .text.I2C_RequestMemoryRead
                0x08001f14      0x1c4 Drivers\STM32F4xx_HAL_Driver\Src\stm32f4xx_hal_i2c.o
 .text.I2C_WaitOnFlagUntilTimeout
                0x080020d8       0xa4 Drivers\STM32F4xx_HAL_Driver\Src\stm32f4xx_hal_i2c.o
 .text.I2C_WaitOnMasterAddressFlagUntilTimeout
                0x0800217c       0xdc Drivers\STM32F4xx_HAL_Driver\Src\stm32f4xx_hal_i2c.o
 .text.I2C_WaitOnTXEFlagUntilTimeout
                0x08002258       0x7c Drivers\STM32F4xx_HAL_Driver\Src\stm32f4xx_hal_i2c.o
 .text.I2C_WaitOnBTFFlagUntilTimeout
                0x080022d4       0x7c Drivers\STM32F4xx_HAL_Driver\Src\stm32f4xx_hal_i2c.o
 .text.I2C_WaitOnRXNEFlagUntilTimeout
                0x08002350       0x94 Drivers\STM32F4xx_HAL_Driver\Src\stm32f4xx_hal_i2c.o
 .text.I2C_IsAcknowledgeFailed
                0x080023e4       0x50 Drivers\STM32F4xx_HAL_Driver\Src\stm32f4xx_hal_i2c.o
 .text.HAL_PCD_Init
                0x08002434      0x210 Drivers\STM32F4xx_HAL_Driver\Src\stm32f4xx_hal_pcd.o
                0x08002434                HAL_PCD_Init
 .text.HAL_PCD_Start
                0x08002644       0x44 Drivers\STM32F4xx_HAL_Driver\Src\stm32f4xx_hal_pcd.o
                0x08002644                HAL_PCD_Start
 .text.HAL_PCD_IRQHandler
                0x08002688      0x8fc Drivers\STM32F4xx_HAL_Driver\Src\stm32f4xx_hal_pcd.o
                0x08002688                HAL_PCD_IRQHandler
 .text.HAL_PCD_SetAddress
                0x08002f84       0x44 Drivers\STM32F4xx_HAL_Driver\Src\stm32f4xx_hal_pcd.o
                0x08002f84                HAL_PCD_SetAddress
 .text.HAL_PCD_EP_Open
                0x08002fc8       0xd0 Drivers\STM32F4xx_HAL_Driver\Src\stm32f4xx_hal_pcd.o
                0x08002fc8                HAL_PCD_EP_Open
 .text.HAL_PCD_EP_Close
                0x08003098       0x94 Drivers\STM32F4xx_HAL_Driver\Src\stm32f4xx_hal_pcd.o
                0x08003098                HAL_PCD_EP_Close
 .text.HAL_PCD_EP_Receive
                0x0800312c       0x94 Drivers\STM32F4xx_HAL_Driver\Src\stm32f4xx_hal_pcd.o
                0x0800312c                HAL_PCD_EP_Receive
 .text.HAL_PCD_EP_GetRxCount
                0x080031c0       0x34 Drivers\STM32F4xx_HAL_Driver\Src\stm32f4xx_hal_pcd.o
                0x080031c0                HAL_PCD_EP_GetRxCount
 .text.HAL_PCD_EP_Transmit
                0x080031f4       0x94 Drivers\STM32F4xx_HAL_Driver\Src\stm32f4xx_hal_pcd.o
                0x080031f4                HAL_PCD_EP_Transmit
 .text.HAL_PCD_EP_SetStall
                0x08003288       0xb8 Drivers\STM32F4xx_HAL_Driver\Src\stm32f4xx_hal_pcd.o
                0x08003288                HAL_PCD_EP_SetStall
 .text.HAL_PCD_EP_ClrStall
                0x08003340       0x98 Drivers\STM32F4xx_HAL_Driver\Src\stm32f4xx_hal_pcd.o
                0x08003340                HAL_PCD_EP_ClrStall
 .text.PCD_WriteEmptyTxFifo
                0x080033d8      0x104 Drivers\STM32F4xx_HAL_Driver\Src\stm32f4xx_hal_pcd.o
 .text.HAL_PCDEx_SetTxFiFo
                0x080034dc       0x98 Drivers\STM32F4xx_HAL_Driver\Src\stm32f4xx_hal_pcd_ex.o
                0x080034dc                HAL_PCDEx_SetTxFiFo
 .text.HAL_PCDEx_SetRxFiFo
                0x08003574       0x24 Drivers\STM32F4xx_HAL_Driver\Src\stm32f4xx_hal_pcd_ex.o
                0x08003574                HAL_PCDEx_SetRxFiFo
 .text.HAL_RCC_OscConfig
                0x08003598      0x4b4 Drivers\STM32F4xx_HAL_Driver\Src\stm32f4xx_hal_rcc.o
                0x08003598                HAL_RCC_OscConfig
 .text.HAL_RCC_ClockConfig
                0x08003a4c      0x224 Drivers\STM32F4xx_HAL_Driver\Src\stm32f4xx_hal_rcc.o
                0x08003a4c                HAL_RCC_ClockConfig
 .text.HAL_RCC_GetSysClockFreq
                0x08003c70       0xfc Drivers\STM32F4xx_HAL_Driver\Src\stm32f4xx_hal_rcc.o
                0x08003c70                HAL_RCC_GetSysClockFreq
 .text.HAL_RCC_GetHCLKFreq
                0x08003d6c       0x18 Drivers\STM32F4xx_HAL_Driver\Src\stm32f4xx_hal_rcc.o
                0x08003d6c                HAL_RCC_GetHCLKFreq
 .text.HAL_RCC_GetPCLK1Freq
                0x08003d84       0x44 Drivers\STM32F4xx_HAL_Driver\Src\stm32f4xx_hal_rcc.o
                0x08003d84                HAL_RCC_GetPCLK1Freq
 .text.HAL_RCC_GetPCLK2Freq
                0x08003dc8       0x44 Drivers\STM32F4xx_HAL_Driver\Src\stm32f4xx_hal_rcc.o
                0x08003dc8                HAL_RCC_GetPCLK2Freq
 .text.HAL_RCCEx_PeriphCLKConfig
                0x08003e0c      0x1ec Drivers\STM32F4xx_HAL_Driver\Src\stm32f4xx_hal_rcc_ex.o
                0x08003e0c                HAL_RCCEx_PeriphCLKConfig
 .text.HAL_RTC_Init
                0x08003ff8       0xf8 Drivers\STM32F4xx_HAL_Driver\Src\stm32f4xx_hal_rtc.o
                0x08003ff8                HAL_RTC_Init
 .text.HAL_RTC_SetTime
                0x080040f0      0x18c Drivers\STM32F4xx_HAL_Driver\Src\stm32f4xx_hal_rtc.o
                0x080040f0                HAL_RTC_SetTime
 .text.HAL_RTC_SetDate
                0x0800427c      0x16c Drivers\STM32F4xx_HAL_Driver\Src\stm32f4xx_hal_rtc.o
                0x0800427c                HAL_RTC_SetDate
 .text.HAL_RTC_WaitForSynchro
                0x080043e8       0x50 Drivers\STM32F4xx_HAL_Driver\Src\stm32f4xx_hal_rtc.o
                0x080043e8                HAL_RTC_WaitForSynchro
 .text.RTC_EnterInitMode
                0x08004438       0x58 Drivers\STM32F4xx_HAL_Driver\Src\stm32f4xx_hal_rtc.o
                0x08004438                RTC_EnterInitMode
 .text.RTC_ByteToBcd2
                0x08004490       0x3c Drivers\STM32F4xx_HAL_Driver\Src\stm32f4xx_hal_rtc.o
                0x08004490                RTC_ByteToBcd2
 .text.RTC_Bcd2ToByte
                0x080044cc       0x3c Drivers\STM32F4xx_HAL_Driver\Src\stm32f4xx_hal_rtc.o
                0x080044cc                RTC_Bcd2ToByte
 .text.HAL_RTCEx_BKUPWrite
                0x08004508       0x34 Drivers\STM32F4xx_HAL_Driver\Src\stm32f4xx_hal_rtc_ex.o
                0x08004508                HAL_RTCEx_BKUPWrite
 .text.HAL_RTCEx_BKUPRead
                0x0800453c       0x30 Drivers\STM32F4xx_HAL_Driver\Src\stm32f4xx_hal_rtc_ex.o
                0x0800453c                HAL_RTCEx_BKUPRead
 .text.HAL_TIM_Base_Init
                0x0800456c       0x58 Drivers\STM32F4xx_HAL_Driver\Src\stm32f4xx_hal_tim.o
                0x0800456c                HAL_TIM_Base_Init
 .text.HAL_TIM_Base_Start_IT
                0x080045c4       0x38 Drivers\STM32F4xx_HAL_Driver\Src\stm32f4xx_hal_tim.o
                0x080045c4                HAL_TIM_Base_Start_IT
 .text.HAL_TIM_Base_Stop_IT
                0x080045fc       0x58 Drivers\STM32F4xx_HAL_Driver\Src\stm32f4xx_hal_tim.o
                0x080045fc                HAL_TIM_Base_Stop_IT
 .text.HAL_TIM_IRQHandler
                0x08004654      0x210 Drivers\STM32F4xx_HAL_Driver\Src\stm32f4xx_hal_tim.o
                0x08004654                HAL_TIM_IRQHandler
 .text.HAL_TIM_OC_DelayElapsedCallback
                0x08004864       0x14 Drivers\STM32F4xx_HAL_Driver\Src\stm32f4xx_hal_tim.o
                0x08004864                HAL_TIM_OC_DelayElapsedCallback
 .text.HAL_TIM_IC_CaptureCallback
                0x08004878       0x14 Drivers\STM32F4xx_HAL_Driver\Src\stm32f4xx_hal_tim.o
                0x08004878                HAL_TIM_IC_CaptureCallback
 .text.HAL_TIM_PWM_PulseFinishedCallback
                0x0800488c       0x14 Drivers\STM32F4xx_HAL_Driver\Src\stm32f4xx_hal_tim.o
                0x0800488c                HAL_TIM_PWM_PulseFinishedCallback
 .text.HAL_TIM_TriggerCallback
                0x080048a0       0x14 Drivers\STM32F4xx_HAL_Driver\Src\stm32f4xx_hal_tim.o
                0x080048a0                HAL_TIM_TriggerCallback
 .text.TIM_Base_SetConfig
                0x080048b4      0x154 Drivers\STM32F4xx_HAL_Driver\Src\stm32f4xx_hal_tim.o
                0x080048b4                TIM_Base_SetConfig
 .text.HAL_TIMEx_MasterConfigSynchronization
                0x08004a08       0x8c Drivers\STM32F4xx_HAL_Driver\Src\stm32f4xx_hal_tim_ex.o
                0x08004a08                HAL_TIMEx_MasterConfigSynchronization
 .text.HAL_TIMEx_CommutationCallback
                0x08004a94       0x14 Drivers\STM32F4xx_HAL_Driver\Src\stm32f4xx_hal_tim_ex.o
                0x08004a94                HAL_TIMEx_CommutationCallback
 .text.HAL_TIMEx_BreakCallback
                0x08004aa8       0x14 Drivers\STM32F4xx_HAL_Driver\Src\stm32f4xx_hal_tim_ex.o
                0x08004aa8                HAL_TIMEx_BreakCallback
 .text.HAL_UART_Init
                0x08004abc       0x9c Drivers\STM32F4xx_HAL_Driver\Src\stm32f4xx_hal_uart.o
                0x08004abc                HAL_UART_Init
 .text.HAL_UART_Transmit_IT
                0x08004b58       0x8c Drivers\STM32F4xx_HAL_Driver\Src\stm32f4xx_hal_uart.o
                0x08004b58                HAL_UART_Transmit_IT
 .text.HAL_UART_Receive_IT
                0x08004be4       0x9c Drivers\STM32F4xx_HAL_Driver\Src\stm32f4xx_hal_uart.o
                0x08004be4                HAL_UART_Receive_IT
 .text.HAL_UART_IRQHandler
                0x08004c80      0x1f8 Drivers\STM32F4xx_HAL_Driver\Src\stm32f4xx_hal_uart.o
                0x08004c80                HAL_UART_IRQHandler
 .text.HAL_UART_ErrorCallback
                0x08004e78       0x14 Drivers\STM32F4xx_HAL_Driver\Src\stm32f4xx_hal_uart.o
                0x08004e78                HAL_UART_ErrorCallback
 .text.UART_EndRxTransfer
                0x08004e8c       0x3c Drivers\STM32F4xx_HAL_Driver\Src\stm32f4xx_hal_uart.o
 .text.UART_DMAAbortOnError
                0x08004ec8       0x28 Drivers\STM32F4xx_HAL_Driver\Src\stm32f4xx_hal_uart.o
 .text.UART_Transmit_IT
                0x08004ef0       0xac Drivers\STM32F4xx_HAL_Driver\Src\stm32f4xx_hal_uart.o
 .text.UART_EndTransmit_IT
                0x08004f9c       0x30 Drivers\STM32F4xx_HAL_Driver\Src\stm32f4xx_hal_uart.o
 .text.UART_Receive_IT
                0x08004fcc       0xf4 Drivers\STM32F4xx_HAL_Driver\Src\stm32f4xx_hal_uart.o
 .text.UART_SetConfig
                0x080050c0      0x438 Drivers\STM32F4xx_HAL_Driver\Src\stm32f4xx_hal_uart.o
 .text.USB_CoreInit
                0x080054f8       0xa4 Drivers\STM32F4xx_HAL_Driver\Src\stm32f4xx_ll_usb.o
                0x080054f8                USB_CoreInit
 .text.USB_EnableGlobalInt
                0x0800559c       0x24 Drivers\STM32F4xx_HAL_Driver\Src\stm32f4xx_ll_usb.o
                0x0800559c                USB_EnableGlobalInt
 .text.USB_DisableGlobalInt
                0x080055c0       0x24 Drivers\STM32F4xx_HAL_Driver\Src\stm32f4xx_ll_usb.o
                0x080055c0                USB_DisableGlobalInt
 .text.USB_SetCurrentMode
                0x080055e4       0x50 Drivers\STM32F4xx_HAL_Driver\Src\stm32f4xx_ll_usb.o
                0x080055e4                USB_SetCurrentMode
 .text.USB_DevInit
                0x08005634      0x258 Drivers\STM32F4xx_HAL_Driver\Src\stm32f4xx_ll_usb.o
                0x08005634                USB_DevInit
 .text.USB_FlushTxFifo
                0x0800588c       0x4c Drivers\STM32F4xx_HAL_Driver\Src\stm32f4xx_ll_usb.o
                0x0800588c                USB_FlushTxFifo
 .text.USB_FlushRxFifo
                0x080058d8       0x44 Drivers\STM32F4xx_HAL_Driver\Src\stm32f4xx_ll_usb.o
                0x080058d8                USB_FlushRxFifo
 .text.USB_SetDevSpeed
                0x0800591c       0x30 Drivers\STM32F4xx_HAL_Driver\Src\stm32f4xx_ll_usb.o
                0x0800591c                USB_SetDevSpeed
 .text.USB_GetDevSpeed
                0x0800594c       0x6c Drivers\STM32F4xx_HAL_Driver\Src\stm32f4xx_ll_usb.o
                0x0800594c                USB_GetDevSpeed
 .text.USB_ActivateEndpoint
                0x080059b8      0x114 Drivers\STM32F4xx_HAL_Driver\Src\stm32f4xx_ll_usb.o
                0x080059b8                USB_ActivateEndpoint
 .text.USB_DeactivateEndpoint
                0x08005acc      0x180 Drivers\STM32F4xx_HAL_Driver\Src\stm32f4xx_ll_usb.o
                0x08005acc                USB_DeactivateEndpoint
 .text.USB_EPStartXfer
                0x08005c4c      0x484 Drivers\STM32F4xx_HAL_Driver\Src\stm32f4xx_ll_usb.o
                0x08005c4c                USB_EPStartXfer
 .text.USB_EP0StartXfer
                0x080060d0      0x2c0 Drivers\STM32F4xx_HAL_Driver\Src\stm32f4xx_ll_usb.o
                0x080060d0                USB_EP0StartXfer
 .text.USB_WritePacket
                0x08006390       0x6c Drivers\STM32F4xx_HAL_Driver\Src\stm32f4xx_ll_usb.o
                0x08006390                USB_WritePacket
 .text.USB_ReadPacket
                0x080063fc       0x50 Drivers\STM32F4xx_HAL_Driver\Src\stm32f4xx_ll_usb.o
                0x080063fc                USB_ReadPacket
 .text.USB_EPSetStall
                0x0800644c       0xe4 Drivers\STM32F4xx_HAL_Driver\Src\stm32f4xx_ll_usb.o
                0x0800644c                USB_EPSetStall
 .text.USB_EPClearStall
                0x08006530       0xdc Drivers\STM32F4xx_HAL_Driver\Src\stm32f4xx_ll_usb.o
                0x08006530                USB_EPClearStall
 .text.USB_SetDevAddress
                0x0800660c       0x4c Drivers\STM32F4xx_HAL_Driver\Src\stm32f4xx_ll_usb.o
                0x0800660c                USB_SetDevAddress
 .text.USB_DevConnect
                0x08006658       0x30 Drivers\STM32F4xx_HAL_Driver\Src\stm32f4xx_ll_usb.o
                0x08006658                USB_DevConnect
 .text.USB_DevDisconnect
                0x08006688       0x30 Drivers\STM32F4xx_HAL_Driver\Src\stm32f4xx_ll_usb.o
                0x08006688                USB_DevDisconnect
 .text.USB_ReadInterrupts
                0x080066b8       0x2c Drivers\STM32F4xx_HAL_Driver\Src\stm32f4xx_ll_usb.o
                0x080066b8                USB_ReadInterrupts
 .text.USB_ReadDevAllOutEpInterrupt
                0x080066e4       0x30 Drivers\STM32F4xx_HAL_Driver\Src\stm32f4xx_ll_usb.o
                0x080066e4                USB_ReadDevAllOutEpInterrupt
 .text.USB_ReadDevAllInEpInterrupt
                0x08006714       0x30 Drivers\STM32F4xx_HAL_Driver\Src\stm32f4xx_ll_usb.o
                0x08006714                USB_ReadDevAllInEpInterrupt
 .text.USB_ReadDevOutEPInterrupt
                0x08006744       0x38 Drivers\STM32F4xx_HAL_Driver\Src\stm32f4xx_ll_usb.o
                0x08006744                USB_ReadDevOutEPInterrupt
 .text.USB_ReadDevInEPInterrupt
                0x0800677c       0x54 Drivers\STM32F4xx_HAL_Driver\Src\stm32f4xx_ll_usb.o
                0x0800677c                USB_ReadDevInEPInterrupt
 .text.USB_GetMode
                0x080067d0       0x1c Drivers\STM32F4xx_HAL_Driver\Src\stm32f4xx_ll_usb.o
                0x080067d0                USB_GetMode
 .text.USB_ActivateSetup
                0x080067ec       0x6c Drivers\STM32F4xx_HAL_Driver\Src\stm32f4xx_ll_usb.o
                0x080067ec                USB_ActivateSetup
 .text.USB_EP0_OutStart
                0x08006858       0x8c Drivers\STM32F4xx_HAL_Driver\Src\stm32f4xx_ll_usb.o
                0x08006858                USB_EP0_OutStart
 .text.USB_CoreReset
                0x080068e4       0x68 Drivers\STM32F4xx_HAL_Driver\Src\stm32f4xx_ll_usb.o
 .text.USBD_CDC_Init
                0x0800694c       0xd4 Middlewares\ST\STM32_USB_Device_Library\Class\CDC\Src\usbd_cdc.o
 .text.USBD_CDC_DeInit
                0x08006a20       0x5c Middlewares\ST\STM32_USB_Device_Library\Class\CDC\Src\usbd_cdc.o
 .text.USBD_CDC_Setup
                0x08006a7c       0xbc Middlewares\ST\STM32_USB_Device_Library\Class\CDC\Src\usbd_cdc.o
 .text.USBD_CDC_DataIn
                0x08006b38       0x38 Middlewares\ST\STM32_USB_Device_Library\Class\CDC\Src\usbd_cdc.o
 .text.USBD_CDC_DataOut
                0x08006b70       0x58 Middlewares\ST\STM32_USB_Device_Library\Class\CDC\Src\usbd_cdc.o
 .text.USBD_CDC_EP0_RxReady
                0x08006bc8       0x50 Middlewares\ST\STM32_USB_Device_Library\Class\CDC\Src\usbd_cdc.o
 .text.USBD_CDC_GetFSCfgDesc
                0x08006c18       0x20 Middlewares\ST\STM32_USB_Device_Library\Class\CDC\Src\usbd_cdc.o
 .text.USBD_CDC_GetHSCfgDesc
                0x08006c38       0x20 Middlewares\ST\STM32_USB_Device_Library\Class\CDC\Src\usbd_cdc.o
 .text.USBD_CDC_GetOtherSpeedCfgDesc
                0x08006c58       0x20 Middlewares\ST\STM32_USB_Device_Library\Class\CDC\Src\usbd_cdc.o
 .text.USBD_CDC_GetDeviceQualifierDescriptor
                0x08006c78       0x20 Middlewares\ST\STM32_USB_Device_Library\Class\CDC\Src\usbd_cdc.o
                0x08006c78                USBD_CDC_GetDeviceQualifierDescriptor
 .text.USBD_CDC_RegisterInterface
                0x08006c98       0x30 Middlewares\ST\STM32_USB_Device_Library\Class\CDC\Src\usbd_cdc.o
                0x08006c98                USBD_CDC_RegisterInterface
 .text.USBD_CDC_SetTxBuffer
                0x08006cc8       0x34 Middlewares\ST\STM32_USB_Device_Library\Class\CDC\Src\usbd_cdc.o
                0x08006cc8                USBD_CDC_SetTxBuffer
 .text.USBD_CDC_SetRxBuffer
                0x08006cfc       0x28 Middlewares\ST\STM32_USB_Device_Library\Class\CDC\Src\usbd_cdc.o
                0x08006cfc                USBD_CDC_SetRxBuffer
 .text.USBD_CDC_ReceivePacket
                0x08006d24       0x54 Middlewares\ST\STM32_USB_Device_Library\Class\CDC\Src\usbd_cdc.o
                0x08006d24                USBD_CDC_ReceivePacket
 .text.USBD_Init
                0x08006d78       0x58 Middlewares\ST\STM32_USB_Device_Library\Core\Src\usbd_core.o
                0x08006d78                USBD_Init
 .text.USBD_RegisterClass
                0x08006dd0       0x34 Middlewares\ST\STM32_USB_Device_Library\Core\Src\usbd_core.o
                0x08006dd0                USBD_RegisterClass
 .text.USBD_Start
                0x08006e04       0x18 Middlewares\ST\STM32_USB_Device_Library\Core\Src\usbd_core.o
                0x08006e04                USBD_Start
 .text.USBD_RunTestMode
                0x08006e1c       0x18 Middlewares\ST\STM32_USB_Device_Library\Core\Src\usbd_core.o
                0x08006e1c                USBD_RunTestMode
 .text.USBD_SetClassConfig
                0x08006e34       0x40 Middlewares\ST\STM32_USB_Device_Library\Core\Src\usbd_core.o
                0x08006e34                USBD_SetClassConfig
 .text.USBD_ClrClassConfig
                0x08006e74       0x28 Middlewares\ST\STM32_USB_Device_Library\Core\Src\usbd_core.o
                0x08006e74                USBD_ClrClassConfig
 .text.USBD_LL_SetupStage
                0x08006e9c       0x94 Middlewares\ST\STM32_USB_Device_Library\Core\Src\usbd_core.o
                0x08006e9c                USBD_LL_SetupStage
 .text.USBD_LL_DataOutStage
                0x08006f30       0xb8 Middlewares\ST\STM32_USB_Device_Library\Core\Src\usbd_core.o
                0x08006f30                USBD_LL_DataOutStage
 .text.USBD_LL_DataInStage
                0x08006fe8      0x120 Middlewares\ST\STM32_USB_Device_Library\Core\Src\usbd_core.o
                0x08006fe8                USBD_LL_DataInStage
 .text.USBD_LL_Reset
                0x08007108       0x60 Middlewares\ST\STM32_USB_Device_Library\Core\Src\usbd_core.o
                0x08007108                USBD_LL_Reset
 .text.USBD_LL_SetSpeed
                0x08007168       0x20 Middlewares\ST\STM32_USB_Device_Library\Core\Src\usbd_core.o
                0x08007168                USBD_LL_SetSpeed
 .text.USBD_LL_Suspend
                0x08007188       0x2c Middlewares\ST\STM32_USB_Device_Library\Core\Src\usbd_core.o
                0x08007188                USBD_LL_Suspend
 .text.USBD_LL_Resume
                0x080071b4       0x24 Middlewares\ST\STM32_USB_Device_Library\Core\Src\usbd_core.o
                0x080071b4                USBD_LL_Resume
 .text.USBD_LL_SOF
                0x080071d8       0x34 Middlewares\ST\STM32_USB_Device_Library\Core\Src\usbd_core.o
                0x080071d8                USBD_LL_SOF
 .text.USBD_LL_IsoINIncomplete
                0x0800720c       0x1c Middlewares\ST\STM32_USB_Device_Library\Core\Src\usbd_core.o
                0x0800720c                USBD_LL_IsoINIncomplete
 .text.USBD_LL_IsoOUTIncomplete
                0x08007228       0x1c Middlewares\ST\STM32_USB_Device_Library\Core\Src\usbd_core.o
                0x08007228                USBD_LL_IsoOUTIncomplete
 .text.USBD_LL_DevConnected
                0x08007244       0x18 Middlewares\ST\STM32_USB_Device_Library\Core\Src\usbd_core.o
                0x08007244                USBD_LL_DevConnected
 .text.USBD_LL_DevDisconnected
                0x0800725c       0x30 Middlewares\ST\STM32_USB_Device_Library\Core\Src\usbd_core.o
                0x0800725c                USBD_LL_DevDisconnected
 .text.USBD_StdDevReq
                0x0800728c       0xa0 Middlewares\ST\STM32_USB_Device_Library\Core\Src\usbd_ctlreq.o
                0x0800728c                USBD_StdDevReq
 .text.USBD_StdItfReq
                0x0800732c       0x68 Middlewares\ST\STM32_USB_Device_Library\Core\Src\usbd_ctlreq.o
                0x0800732c                USBD_StdItfReq
 .text.USBD_StdEPReq
                0x08007394      0x1b0 Middlewares\ST\STM32_USB_Device_Library\Core\Src\usbd_ctlreq.o
                0x08007394                USBD_StdEPReq
 .text.USBD_GetDescriptor
                0x08007544      0x1e8 Middlewares\ST\STM32_USB_Device_Library\Core\Src\usbd_ctlreq.o
 .text.USBD_SetAddress
                0x0800772c       0x7c Middlewares\ST\STM32_USB_Device_Library\Core\Src\usbd_ctlreq.o
 .text.USBD_SetConfig
                0x080077a8      0x110 Middlewares\ST\STM32_USB_Device_Library\Core\Src\usbd_ctlreq.o
 .text.USBD_GetConfig
                0x080078b8       0x64 Middlewares\ST\STM32_USB_Device_Library\Core\Src\usbd_ctlreq.o
 .text.USBD_GetStatus
                0x0800791c       0x54 Middlewares\ST\STM32_USB_Device_Library\Core\Src\usbd_ctlreq.o
 .text.USBD_SetFeature
                0x08007970       0x38 Middlewares\ST\STM32_USB_Device_Library\Core\Src\usbd_ctlreq.o
 .text.USBD_ClrFeature
                0x080079a8       0x50 Middlewares\ST\STM32_USB_Device_Library\Core\Src\usbd_ctlreq.o
 .text.USBD_ParseSetupRequest
                0x080079f8       0x7c Middlewares\ST\STM32_USB_Device_Library\Core\Src\usbd_ctlreq.o
                0x080079f8                USBD_ParseSetupRequest
 .text.USBD_CtlError
                0x08007a74       0x24 Middlewares\ST\STM32_USB_Device_Library\Core\Src\usbd_ctlreq.o
                0x08007a74                USBD_CtlError
 .text.USBD_GetString
                0x08007a98       0x88 Middlewares\ST\STM32_USB_Device_Library\Core\Src\usbd_ctlreq.o
                0x08007a98                USBD_GetString
 .text.USBD_GetLen
                0x08007b20       0x30 Middlewares\ST\STM32_USB_Device_Library\Core\Src\usbd_ctlreq.o
 .text.USBD_CtlSendData
                0x08007b50       0x38 Middlewares\ST\STM32_USB_Device_Library\Core\Src\usbd_ioreq.o
                0x08007b50                USBD_CtlSendData
 .text.USBD_CtlContinueSendData
                0x08007b88       0x24 Middlewares\ST\STM32_USB_Device_Library\Core\Src\usbd_ioreq.o
                0x08007b88                USBD_CtlContinueSendData
 .text.USBD_CtlPrepareRx
                0x08007bac       0x3c Middlewares\ST\STM32_USB_Device_Library\Core\Src\usbd_ioreq.o
                0x08007bac                USBD_CtlPrepareRx
 .text.USBD_CtlContinueRx
                0x08007be8       0x24 Middlewares\ST\STM32_USB_Device_Library\Core\Src\usbd_ioreq.o
                0x08007be8                USBD_CtlContinueRx
 .text.USBD_CtlSendStatus
                0x08007c0c       0x28 Middlewares\ST\STM32_USB_Device_Library\Core\Src\usbd_ioreq.o
                0x08007c0c                USBD_CtlSendStatus
 .text.USBD_CtlReceiveStatus
                0x08007c34       0x28 Middlewares\ST\STM32_USB_Device_Library\Core\Src\usbd_ioreq.o
                0x08007c34                USBD_CtlReceiveStatus
 .text.HAL_GPIO_EXTI_Callback
                0x08007c5c       0x34 Src\Accelerometer.o
                0x08007c5c                HAL_GPIO_EXTI_Callback
 .text.AccelerometerManagePower
                0x08007c90       0x60 Src\Accelerometer.o
                0x08007c90                AccelerometerManagePower
 .text.AccelerometerConfigure
                0x08007cf0       0x34 Src\Accelerometer.o
                0x08007cf0                AccelerometerConfigure
 .text.AccelerometerMotionIntConfigure
                0x08007d24       0xb4 Src\Accelerometer.o
                0x08007d24                AccelerometerMotionIntConfigure
 .text.AccelerometerInit
                0x08007dd8       0x48 Src\Accelerometer.o
                0x08007dd8                AccelerometerInit
 .text.HAL_TIM_PeriodElapsedCallback
                0x08007e20       0x88 Src\GSM.o
                0x08007e20                HAL_TIM_PeriodElapsedCallback
 .text.HAL_UART_RxCpltCallback
                0x08007ea8       0x40 Src\GSM.o
                0x08007ea8                HAL_UART_RxCpltCallback
 .text.HAL_UART_TxCpltCallback
                0x08007ee8       0x54 Src\GSM.o
                0x08007ee8                HAL_UART_TxCpltCallback
 .text.GSM_VerifyAutoBaudrate
                0x08007f3c       0x40 Src\GSM.o
                0x08007f3c                GSM_VerifyAutoBaudrate
 .text.GSM_StartSendingPosition
                0x08007f7c       0x20 Src\GSM.o
                0x08007f7c                GSM_StartSendingPosition
 .text.GSM_SendPosition
                0x08007f9c       0xd0 Src\GSM.o
                0x08007f9c                GSM_SendPosition
 .text.GSM_VerifyCommand
                0x0800806c       0x50 Src\GSM.o
                0x0800806c                GSM_VerifyCommand
 .text.MX_GPIO_Init
                0x080080bc       0xd0 Src\gpio.o
                0x080080bc                MX_GPIO_Init
 .text.MX_I2C1_Init
                0x0800818c       0x5c Src\i2c.o
                0x0800818c                MX_I2C1_Init
 .text.HAL_I2C_MspInit
                0x080081e8       0x64 Src\i2c.o
                0x080081e8                HAL_I2C_MspInit
 .text.main     0x0800824c       0x64 Src\main.o
                0x0800824c                main
 .text.SystemClock_Config
                0x080082b0      0x104 Src\main.o
                0x080082b0                SystemClock_Config
 .text.Error_Handler
                0x080083b4       0x10 Src\main.o
                0x080083b4                Error_Handler
 .text.MX_RTC_Init
                0x080083c4       0xc0 Src\rtc.o
                0x080083c4                MX_RTC_Init
 .text.HAL_RTC_MspInit
                0x08008484       0x2c Src\rtc.o
                0x08008484                HAL_RTC_MspInit
 .text.HAL_MspInit
                0x080084b0       0x64 Src\stm32f4xx_hal_msp.o
                0x080084b0                HAL_MspInit
 .text.NMI_Handler
                0x08008514       0x10 Src\stm32f4xx_it.o
                0x08008514                NMI_Handler
 .text.HardFault_Handler
                0x08008524        0x8 Src\stm32f4xx_it.o
                0x08008524                HardFault_Handler
 .text.MemManage_Handler
                0x0800852c        0x8 Src\stm32f4xx_it.o
                0x0800852c                MemManage_Handler
 .text.BusFault_Handler
                0x08008534        0x8 Src\stm32f4xx_it.o
                0x08008534                BusFault_Handler
 .text.UsageFault_Handler
                0x0800853c        0x8 Src\stm32f4xx_it.o
                0x0800853c                UsageFault_Handler
 .text.SVC_Handler
                0x08008544       0x10 Src\stm32f4xx_it.o
                0x08008544                SVC_Handler
 .text.DebugMon_Handler
                0x08008554       0x10 Src\stm32f4xx_it.o
                0x08008554                DebugMon_Handler
 .text.PendSV_Handler
                0x08008564       0x10 Src\stm32f4xx_it.o
                0x08008564                PendSV_Handler
 .text.SysTick_Handler
                0x08008574       0x10 Src\stm32f4xx_it.o
                0x08008574                SysTick_Handler
 .text.EXTI9_5_IRQHandler
                0x08008584       0x10 Src\stm32f4xx_it.o
                0x08008584                EXTI9_5_IRQHandler
 .text.UART4_IRQHandler
                0x08008594       0x14 Src\stm32f4xx_it.o
                0x08008594                UART4_IRQHandler
 .text.TIM6_DAC_IRQHandler
                0x080085a8       0x14 Src\stm32f4xx_it.o
                0x080085a8                TIM6_DAC_IRQHandler
 .text.TIM7_IRQHandler
                0x080085bc       0x14 Src\stm32f4xx_it.o
                0x080085bc                TIM7_IRQHandler
 .text.OTG_FS_IRQHandler
                0x080085d0       0x14 Src\stm32f4xx_it.o
                0x080085d0                OTG_FS_IRQHandler
 .text.USART6_IRQHandler
                0x080085e4       0x14 Src\stm32f4xx_it.o
                0x080085e4                USART6_IRQHandler
 .text.SystemInit
                0x080085f8       0x6c Src\system_stm32f4xx.o
                0x080085f8                SystemInit
 .text.MX_TIM6_Init
                0x08008664       0x60 Src\tim.o
                0x08008664                MX_TIM6_Init
 .text.MX_TIM7_Init
                0x080086c4       0x60 Src\tim.o
                0x080086c4                MX_TIM7_Init
 .text.HAL_TIM_Base_MspInit
                0x08008724       0x8c Src\tim.o
                0x08008724                HAL_TIM_Base_MspInit
 .text.MX_UART4_Init
                0x080087b0       0x54 Src\usart.o
                0x080087b0                MX_UART4_Init
 .text.MX_USART6_UART_Init
                0x08008804       0x54 Src\usart.o
                0x08008804                MX_USART6_UART_Init
 .text.HAL_UART_MspInit
                0x08008858       0xd0 Src\usart.o
                0x08008858                HAL_UART_MspInit
 .text.MX_USB_DEVICE_Init
                0x08008928       0x38 Src\usb_device.o
                0x08008928                MX_USB_DEVICE_Init
 .text.CDC_Init_FS
                0x08008960       0x28 Src\usbd_cdc_if.o
 .text.CDC_DeInit_FS
                0x08008988       0x10 Src\usbd_cdc_if.o
 .text.CDC_Control_FS
                0x08008998       0xbc Src\usbd_cdc_if.o
 .text.CDC_Receive_FS
                0x08008a54       0x60 Src\usbd_cdc_if.o
 .text.HAL_PCD_MspInit
                0x08008ab4       0x7c Src\usbd_conf.o
                0x08008ab4                HAL_PCD_MspInit
 .text.HAL_PCD_SetupStageCallback
                0x08008b30       0x24 Src\usbd_conf.o
                0x08008b30                HAL_PCD_SetupStageCallback
 .text.HAL_PCD_DataOutStageCallback
                0x08008b54       0x38 Src\usbd_conf.o
                0x08008b54                HAL_PCD_DataOutStageCallback
 .text.HAL_PCD_DataInStageCallback
                0x08008b8c       0x34 Src\usbd_conf.o
                0x08008b8c                HAL_PCD_DataInStageCallback
 .text.HAL_PCD_SOFCallback
                0x08008bc0       0x1c Src\usbd_conf.o
                0x08008bc0                HAL_PCD_SOFCallback
 .text.HAL_PCD_ResetCallback
                0x08008bdc       0x50 Src\usbd_conf.o
                0x08008bdc                HAL_PCD_ResetCallback
 .text.HAL_PCD_SuspendCallback
                0x08008c2c       0x50 Src\usbd_conf.o
                0x08008c2c                HAL_PCD_SuspendCallback
 .text.HAL_PCD_ResumeCallback
                0x08008c7c       0x1c Src\usbd_conf.o
                0x08008c7c                HAL_PCD_ResumeCallback
 .text.HAL_PCD_ISOOUTIncompleteCallback
                0x08008c98       0x24 Src\usbd_conf.o
                0x08008c98                HAL_PCD_ISOOUTIncompleteCallback
 .text.HAL_PCD_ISOINIncompleteCallback
                0x08008cbc       0x24 Src\usbd_conf.o
                0x08008cbc                HAL_PCD_ISOINIncompleteCallback
 .text.HAL_PCD_ConnectCallback
                0x08008ce0       0x1c Src\usbd_conf.o
                0x08008ce0                HAL_PCD_ConnectCallback
 .text.HAL_PCD_DisconnectCallback
                0x08008cfc       0x1c Src\usbd_conf.o
                0x08008cfc                HAL_PCD_DisconnectCallback
 .text.USBD_LL_Init
                0x08008d18       0xa0 Src\usbd_conf.o
                0x08008d18                USBD_LL_Init
 .text.USBD_LL_Start
                0x08008db8       0x64 Src\usbd_conf.o
                0x08008db8                USBD_LL_Start
 .text.USBD_LL_OpenEP
                0x08008e1c       0x7c Src\usbd_conf.o
                0x08008e1c                USBD_LL_OpenEP
 .text.USBD_LL_CloseEP
                0x08008e98       0x6c Src\usbd_conf.o
                0x08008e98                USBD_LL_CloseEP
 .text.USBD_LL_StallEP
                0x08008f04       0x6c Src\usbd_conf.o
                0x08008f04                USBD_LL_StallEP
 .text.USBD_LL_ClearStallEP
                0x08008f70       0x6c Src\usbd_conf.o
                0x08008f70                USBD_LL_ClearStallEP
 .text.USBD_LL_IsStallEP
                0x08008fdc       0x58 Src\usbd_conf.o
                0x08008fdc                USBD_LL_IsStallEP
 .text.USBD_LL_SetUSBAddress
                0x08009034       0x6c Src\usbd_conf.o
                0x08009034                USBD_LL_SetUSBAddress
 .text.USBD_LL_Transmit
                0x080090a0       0x74 Src\usbd_conf.o
                0x080090a0                USBD_LL_Transmit
 .text.USBD_LL_PrepareReceive
                0x08009114       0x74 Src\usbd_conf.o
                0x08009114                USBD_LL_PrepareReceive
 .text.USBD_LL_GetRxDataSize
                0x08009188       0x28 Src\usbd_conf.o
                0x08009188                USBD_LL_GetRxDataSize
 .text.USBD_FS_DeviceDescriptor
                0x080091b0       0x24 Src\usbd_desc.o
                0x080091b0                USBD_FS_DeviceDescriptor
 .text.USBD_FS_LangIDStrDescriptor
                0x080091d4       0x24 Src\usbd_desc.o
                0x080091d4                USBD_FS_LangIDStrDescriptor
 .text.USBD_FS_ProductStrDescriptor
                0x080091f8       0x3c Src\usbd_desc.o
                0x080091f8                USBD_FS_ProductStrDescriptor
 .text.USBD_FS_ManufacturerStrDescriptor
                0x08009234       0x28 Src\usbd_desc.o
                0x08009234                USBD_FS_ManufacturerStrDescriptor
 .text.USBD_FS_SerialStrDescriptor
                0x0800925c       0x3c Src\usbd_desc.o
                0x0800925c                USBD_FS_SerialStrDescriptor
 .text.USBD_FS_ConfigStrDescriptor
                0x08009298       0x3c Src\usbd_desc.o
                0x08009298                USBD_FS_ConfigStrDescriptor
 .text.USBD_FS_InterfaceStrDescriptor
                0x080092d4       0x3c Src\usbd_desc.o
                0x080092d4                USBD_FS_InterfaceStrDescriptor
 .text.Reset_Handler
                0x08009310       0x50 startup\startup_stm32f417xx.o
                0x08009310                Reset_Handler
 .text.Default_Handler
                0x08009360        0x2 startup\startup_stm32f417xx.o
                0x08009360                RTC_Alarm_IRQHandler
                0x08009360                HASH_RNG_IRQHandler
                0x08009360                EXTI2_IRQHandler
                0x08009360                TIM8_CC_IRQHandler
                0x08009360                TIM1_CC_IRQHandler
                0x08009360                DMA2_Stream5_IRQHandler
                0x08009360                DMA1_Stream5_IRQHandler
                0x08009360                PVD_IRQHandler
                0x08009360                SDIO_IRQHandler
                0x08009360                TAMP_STAMP_IRQHandler
                0x08009360                CAN2_RX1_IRQHandler
                0x08009360                EXTI3_IRQHandler
                0x08009360                TIM8_TRG_COM_TIM14_IRQHandler
                0x08009360                TIM1_UP_TIM10_IRQHandler
                0x08009360                TIM8_UP_TIM13_IRQHandler
                0x08009360                I2C3_ER_IRQHandler
                0x08009360                EXTI0_IRQHandler
                0x08009360                I2C2_EV_IRQHandler
                0x08009360                DMA1_Stream2_IRQHandler
                0x08009360                CAN1_RX0_IRQHandler
                0x08009360                FPU_IRQHandler
                0x08009360                OTG_HS_WKUP_IRQHandler
                0x08009360                CAN2_SCE_IRQHandler
                0x08009360                DMA2_Stream2_IRQHandler
                0x08009360                SPI1_IRQHandler
                0x08009360                TIM1_BRK_TIM9_IRQHandler
                0x08009360                DCMI_IRQHandler
                0x08009360                CAN2_RX0_IRQHandler
                0x08009360                DMA2_Stream3_IRQHandler
                0x08009360                USART3_IRQHandler
                0x08009360                CRYP_IRQHandler
                0x08009360                CAN1_RX1_IRQHandler
                0x08009360                UART5_IRQHandler
                0x08009360                DMA2_Stream0_IRQHandler
                0x08009360                TIM4_IRQHandler
                0x08009360                I2C1_EV_IRQHandler
                0x08009360                DMA1_Stream6_IRQHandler
                0x08009360                DMA1_Stream1_IRQHandler
                0x08009360                TIM3_IRQHandler
                0x08009360                RCC_IRQHandler
                0x08009360                TIM8_BRK_TIM12_IRQHandler
                0x08009360                Default_Handler
                0x08009360                EXTI15_10_IRQHandler
                0x08009360                ADC_IRQHandler
                0x08009360                DMA1_Stream7_IRQHandler
                0x08009360                CAN2_TX_IRQHandler
                0x08009360                TIM5_IRQHandler
                0x08009360                DMA2_Stream7_IRQHandler
                0x08009360                I2C3_EV_IRQHandler
                0x08009360                RTC_WKUP_IRQHandler
                0x08009360                ETH_WKUP_IRQHandler
                0x08009360                SPI2_IRQHandler
                0x08009360                OTG_HS_EP1_IN_IRQHandler
                0x08009360                DMA1_Stream0_IRQHandler
                0x08009360                CAN1_TX_IRQHandler
                0x08009360                EXTI4_IRQHandler
                0x08009360                FSMC_IRQHandler
                0x08009360                ETH_IRQHandler
                0x08009360                OTG_HS_EP1_OUT_IRQHandler
                0x08009360                WWDG_IRQHandler
                0x08009360                TIM2_IRQHandler
                0x08009360                OTG_FS_WKUP_IRQHandler
                0x08009360                TIM1_TRG_COM_TIM11_IRQHandler
                0x08009360                OTG_HS_IRQHandler
                0x08009360                EXTI1_IRQHandler
                0x08009360                USART2_IRQHandler
                0x08009360                I2C2_ER_IRQHandler
                0x08009360                DMA2_Stream1_IRQHandler
                0x08009360                CAN1_SCE_IRQHandler
                0x08009360                FLASH_IRQHandler
                0x08009360                DMA2_Stream4_IRQHandler
                0x08009360                USART1_IRQHandler
                0x08009360                SPI3_IRQHandler
                0x08009360                DMA1_Stream4_IRQHandler
                0x08009360                I2C1_ER_IRQHandler
                0x08009360                DMA2_Stream6_IRQHandler
                0x08009360                DMA1_Stream3_IRQHandler
 *fill*         0x08009362        0x2 
 .text.__libc_init_array
                0x08009364       0x4c e:/programs/stmicroelectronics/truestudio for arm 7.0.1/armtools/bin/../lib/gcc/arm-atollic-eabi/5.3.1/../../../../arm-atollic-eabi/lib/armv7e-m/fpu\libc.a(lib_a-init.o)
                0x08009364                __libc_init_array
 .text.malloc   0x080093b0       0x10 e:/programs/stmicroelectronics/truestudio for arm 7.0.1/armtools/bin/../lib/gcc/arm-atollic-eabi/5.3.1/../../../../arm-atollic-eabi/lib/armv7e-m/fpu\libc.a(lib_a-malloc.o)
                0x080093b0                malloc
 .text.free     0x080093c0       0x10 e:/programs/stmicroelectronics/truestudio for arm 7.0.1/armtools/bin/../lib/gcc/arm-atollic-eabi/5.3.1/../../../../arm-atollic-eabi/lib/armv7e-m/fpu\libc.a(lib_a-malloc.o)
                0x080093c0                free
 .text._malloc_r
                0x080093d0      0x440 e:/programs/stmicroelectronics/truestudio for arm 7.0.1/armtools/bin/../lib/gcc/arm-atollic-eabi/5.3.1/../../../../arm-atollic-eabi/lib/armv7e-m/fpu\libc.a(lib_a-mallocr.o)
                0x080093d0                _malloc_r
 .text.__malloc_lock
                0x08009810        0x2 e:/programs/stmicroelectronics/truestudio for arm 7.0.1/armtools/bin/../lib/gcc/arm-atollic-eabi/5.3.1/../../../../arm-atollic-eabi/lib/armv7e-m/fpu\libc.a(lib_a-mlock.o)
                0x08009810                __malloc_lock
 .text.__malloc_unlock
                0x08009812        0x2 e:/programs/stmicroelectronics/truestudio for arm 7.0.1/armtools/bin/../lib/gcc/arm-atollic-eabi/5.3.1/../../../../arm-atollic-eabi/lib/armv7e-m/fpu\libc.a(lib_a-mlock.o)
                0x08009812                __malloc_unlock
 .text._sbrk_r  0x08009814       0x20 e:/programs/stmicroelectronics/truestudio for arm 7.0.1/armtools/bin/../lib/gcc/arm-atollic-eabi/5.3.1/../../../../arm-atollic-eabi/lib/armv7e-m/fpu\libc.a(lib_a-sbrkr.o)
                0x08009814                _sbrk_r
 .text.sprintf  0x08009834       0x48 e:/programs/stmicroelectronics/truestudio for arm 7.0.1/armtools/bin/../lib/gcc/arm-atollic-eabi/5.3.1/../../../../arm-atollic-eabi/lib/armv7e-m/fpu\libc.a(lib_a-sprintf.o)
                0x08009834                sprintf
 .text.strlcpy  0x0800987c       0x2a e:/programs/stmicroelectronics/truestudio for arm 7.0.1/armtools/bin/../lib/gcc/arm-atollic-eabi/5.3.1/../../../../arm-atollic-eabi/lib/armv7e-m/fpu\libc.a(lib_a-strlcpy.o)
                0x0800987c                strlcpy
 .text.strncmp  0x080098a6       0x2a e:/programs/stmicroelectronics/truestudio for arm 7.0.1/armtools/bin/../lib/gcc/arm-atollic-eabi/5.3.1/../../../../arm-atollic-eabi/lib/armv7e-m/fpu\libc.a(lib_a-strncmp.o)
                0x080098a6                strncmp
 .text.strncpy  0x080098d0       0x26 e:/programs/stmicroelectronics/truestudio for arm 7.0.1/armtools/bin/../lib/gcc/arm-atollic-eabi/5.3.1/../../../../arm-atollic-eabi/lib/armv7e-m/fpu\libc.a(lib_a-strncpy.o)
                0x080098d0                strncpy
 *fill*         0x080098f6        0x2 
 .text._svfprintf_r
                0x080098f8      0xf84 e:/programs/stmicroelectronics/truestudio for arm 7.0.1/armtools/bin/../lib/gcc/arm-atollic-eabi/5.3.1/../../../../arm-atollic-eabi/lib/armv7e-m/fpu\libc.a(lib_a-svfprintf.o)
                0x080098f8                _svfprintf_r
 .text.quorem   0x0800a87c      0x11e e:/programs/stmicroelectronics/truestudio for arm 7.0.1/armtools/bin/../lib/gcc/arm-atollic-eabi/5.3.1/../../../../arm-atollic-eabi/lib/armv7e-m/fpu\libc.a(lib_a-dtoa.o)
 *fill*         0x0800a99a        0x6 
 .text._dtoa_r  0x0800a9a0      0xb40 e:/programs/stmicroelectronics/truestudio for arm 7.0.1/armtools/bin/../lib/gcc/arm-atollic-eabi/5.3.1/../../../../arm-atollic-eabi/lib/armv7e-m/fpu\libc.a(lib_a-dtoa.o)
                0x0800a9a0                _dtoa_r
 .text._malloc_trim_r
                0x0800b4e0       0xac e:/programs/stmicroelectronics/truestudio for arm 7.0.1/armtools/bin/../lib/gcc/arm-atollic-eabi/5.3.1/../../../../arm-atollic-eabi/lib/armv7e-m/fpu\libc.a(lib_a-freer.o)
                0x0800b4e0                _malloc_trim_r
 .text._free_r  0x0800b58c      0x17c e:/programs/stmicroelectronics/truestudio for arm 7.0.1/armtools/bin/../lib/gcc/arm-atollic-eabi/5.3.1/../../../../arm-atollic-eabi/lib/armv7e-m/fpu\libc.a(lib_a-freer.o)
                0x0800b58c                _free_r
 .text._localeconv_r
                0x0800b708        0x8 e:/programs/stmicroelectronics/truestudio for arm 7.0.1/armtools/bin/../lib/gcc/arm-atollic-eabi/5.3.1/../../../../arm-atollic-eabi/lib/armv7e-m/fpu\libc.a(lib_a-locale.o)
                0x0800b708                _localeconv_r
 .text.memcpy   0x0800b710       0x16 e:/programs/stmicroelectronics/truestudio for arm 7.0.1/armtools/bin/../lib/gcc/arm-atollic-eabi/5.3.1/../../../../arm-atollic-eabi/lib/armv7e-m/fpu\libc.a(lib_a-memcpy-stub.o)
                0x0800b710                memcpy
 .text._Balloc  0x0800b726       0x6a e:/programs/stmicroelectronics/truestudio for arm 7.0.1/armtools/bin/../lib/gcc/arm-atollic-eabi/5.3.1/../../../../arm-atollic-eabi/lib/armv7e-m/fpu\libc.a(lib_a-mprec.o)
                0x0800b726                _Balloc
 .text._Bfree   0x0800b790       0x2e e:/programs/stmicroelectronics/truestudio for arm 7.0.1/armtools/bin/../lib/gcc/arm-atollic-eabi/5.3.1/../../../../arm-atollic-eabi/lib/armv7e-m/fpu\libc.a(lib_a-mprec.o)
                0x0800b790                _Bfree
 .text.__multadd
                0x0800b7be       0x76 e:/programs/stmicroelectronics/truestudio for arm 7.0.1/armtools/bin/../lib/gcc/arm-atollic-eabi/5.3.1/../../../../arm-atollic-eabi/lib/armv7e-m/fpu\libc.a(lib_a-mprec.o)
                0x0800b7be                __multadd
 .text.__hi0bits
                0x0800b834       0x40 e:/programs/stmicroelectronics/truestudio for arm 7.0.1/armtools/bin/../lib/gcc/arm-atollic-eabi/5.3.1/../../../../arm-atollic-eabi/lib/armv7e-m/fpu\libc.a(lib_a-mprec.o)
                0x0800b834                __hi0bits
 .text.__lo0bits
                0x0800b874       0x5a e:/programs/stmicroelectronics/truestudio for arm 7.0.1/armtools/bin/../lib/gcc/arm-atollic-eabi/5.3.1/../../../../arm-atollic-eabi/lib/armv7e-m/fpu\libc.a(lib_a-mprec.o)
                0x0800b874                __lo0bits
 .text.__i2b    0x0800b8ce       0x12 e:/programs/stmicroelectronics/truestudio for arm 7.0.1/armtools/bin/../lib/gcc/arm-atollic-eabi/5.3.1/../../../../arm-atollic-eabi/lib/armv7e-m/fpu\libc.a(lib_a-mprec.o)
                0x0800b8ce                __i2b
 .text.__multiply
                0x0800b8e0      0x122 e:/programs/stmicroelectronics/truestudio for arm 7.0.1/armtools/bin/../lib/gcc/arm-atollic-eabi/5.3.1/../../../../arm-atollic-eabi/lib/armv7e-m/fpu\libc.a(lib_a-mprec.o)
                0x0800b8e0                __multiply
 *fill*         0x0800ba02        0x2 
 .text.__pow5mult
                0x0800ba04       0x9c e:/programs/stmicroelectronics/truestudio for arm 7.0.1/armtools/bin/../lib/gcc/arm-atollic-eabi/5.3.1/../../../../arm-atollic-eabi/lib/armv7e-m/fpu\libc.a(lib_a-mprec.o)
                0x0800ba04                __pow5mult
 .text.__lshift
                0x0800baa0       0xa2 e:/programs/stmicroelectronics/truestudio for arm 7.0.1/armtools/bin/../lib/gcc/arm-atollic-eabi/5.3.1/../../../../arm-atollic-eabi/lib/armv7e-m/fpu\libc.a(lib_a-mprec.o)
                0x0800baa0                __lshift
 .text.__mcmp   0x0800bb42       0x38 e:/programs/stmicroelectronics/truestudio for arm 7.0.1/armtools/bin/../lib/gcc/arm-atollic-eabi/5.3.1/../../../../arm-atollic-eabi/lib/armv7e-m/fpu\libc.a(lib_a-mprec.o)
                0x0800bb42                __mcmp
 .text.__mdiff  0x0800bb7a       0xbe e:/programs/stmicroelectronics/truestudio for arm 7.0.1/armtools/bin/../lib/gcc/arm-atollic-eabi/5.3.1/../../../../arm-atollic-eabi/lib/armv7e-m/fpu\libc.a(lib_a-mprec.o)
                0x0800bb7a                __mdiff
 .text.__d2b    0x0800bc38       0x9c e:/programs/stmicroelectronics/truestudio for arm 7.0.1/armtools/bin/../lib/gcc/arm-atollic-eabi/5.3.1/../../../../arm-atollic-eabi/lib/armv7e-m/fpu\libc.a(lib_a-mprec.o)
                0x0800bc38                __d2b
 .text.__ssprint_r
                0x0800bcd4       0xfe e:/programs/stmicroelectronics/truestudio for arm 7.0.1/armtools/bin/../lib/gcc/arm-atollic-eabi/5.3.1/../../../../arm-atollic-eabi/lib/armv7e-m/fpu\libc.a(lib_a-svfiprintf.o)
                0x0800bcd4                __ssprint_r
 .text._calloc_r
                0x0800bdd2       0x5a e:/programs/stmicroelectronics/truestudio for arm 7.0.1/armtools/bin/../lib/gcc/arm-atollic-eabi/5.3.1/../../../../arm-atollic-eabi/lib/armv7e-m/fpu\libc.a(lib_a-callocr.o)
                0x0800bdd2                _calloc_r
 .text.memmove  0x0800be2c       0x36 e:/programs/stmicroelectronics/truestudio for arm 7.0.1/armtools/bin/../lib/gcc/arm-atollic-eabi/5.3.1/../../../../arm-atollic-eabi/lib/armv7e-m/fpu\libc.a(lib_a-memmove.o)
                0x0800be2c                memmove
 .text.memset   0x0800be62       0x10 e:/programs/stmicroelectronics/truestudio for arm 7.0.1/armtools/bin/../lib/gcc/arm-atollic-eabi/5.3.1/../../../../arm-atollic-eabi/lib/armv7e-m/fpu\libc.a(lib_a-memset.o)
                0x0800be62                memset
 *fill*         0x0800be72        0x2 
 .text._realloc_r
                0x0800be74      0x350 e:/programs/stmicroelectronics/truestudio for arm 7.0.1/armtools/bin/../lib/gcc/arm-atollic-eabi/5.3.1/../../../../arm-atollic-eabi/lib/armv7e-m/fpu\libc.a(lib_a-reallocr.o)
                0x0800be74                _realloc_r
 .text._sbrk    0x0800c1c4       0x1c e:/programs/stmicroelectronics/truestudio for arm 7.0.1/armtools/bin/../lib/gcc/arm-atollic-eabi/5.3.1/../../../../arm-atollic-eabi/lib/armv7e-m/fpu\libnosys.a(sbrk.o)
                0x0800c1c4                _sbrk
 *(.glue_7)
 .glue_7        0x0800c1e0        0x0 linker stubs
 *(.glue_7t)
 .glue_7t       0x0800c1e0        0x0 linker stubs
 *(.eh_frame)
 .eh_frame      0x0800c1e0        0x0 e:/programs/stmicroelectronics/truestudio for arm 7.0.1/armtools/bin/../lib/gcc/arm-atollic-eabi/5.3.1/armv7e-m/fpu/crtbegin.o
 *(.init)
 .init          0x0800c1e0        0x4 e:/programs/stmicroelectronics/truestudio for arm 7.0.1/armtools/bin/../lib/gcc/arm-atollic-eabi/5.3.1/armv7e-m/fpu/crti.o
                0x0800c1e0                _init
 .init          0x0800c1e4        0x8 e:/programs/stmicroelectronics/truestudio for arm 7.0.1/armtools/bin/../lib/gcc/arm-atollic-eabi/5.3.1/armv7e-m/fpu/crtn.o
 *(.fini)
 .fini          0x0800c1ec        0x4 e:/programs/stmicroelectronics/truestudio for arm 7.0.1/armtools/bin/../lib/gcc/arm-atollic-eabi/5.3.1/armv7e-m/fpu/crti.o
                0x0800c1ec                _fini
 .fini          0x0800c1f0        0x8 e:/programs/stmicroelectronics/truestudio for arm 7.0.1/armtools/bin/../lib/gcc/arm-atollic-eabi/5.3.1/armv7e-m/fpu/crtn.o
                0x0800c1f8                . = ALIGN (0x4)
                0x0800c1f8                _etext = .

.vfp11_veneer   0x0800c1f8        0x0
 .vfp11_veneer  0x0800c1f8        0x0 linker stubs

.v4_bx          0x0800c1f8        0x0
 .v4_bx         0x0800c1f8        0x0 linker stubs

.iplt           0x0800c1f8        0x0
 .iplt          0x0800c1f8        0x0 e:/programs/stmicroelectronics/truestudio for arm 7.0.1/armtools/bin/../lib/gcc/arm-atollic-eabi/5.3.1/armv7e-m/fpu/crtbegin.o

.rodata         0x0800c1f8      0x25c
                0x0800c1f8                . = ALIGN (0x4)
 *(.rodata)
 .rodata        0x0800c1f8       0x84 Src\GSM.o
 .rodata        0x0800c27c       0x56 Src\usbd_desc.o
 *(.rodata*)
 *fill*         0x0800c2d2        0x2 
 .rodata.AHBPrescTable
                0x0800c2d4       0x10 Src\system_stm32f4xx.o
                0x0800c2d4                AHBPrescTable
 .rodata.APBPrescTable
                0x0800c2e4        0x8 Src\system_stm32f4xx.o
                0x0800c2e4                APBPrescTable
 .rodata.zeroes.7045
                0x0800c2ec       0x10 e:/programs/stmicroelectronics/truestudio for arm 7.0.1/armtools/bin/../lib/gcc/arm-atollic-eabi/5.3.1/../../../../arm-atollic-eabi/lib/armv7e-m/fpu\libc.a(lib_a-svfprintf.o)
 .rodata.str1.1
                0x0800c2fc       0x34 e:/programs/stmicroelectronics/truestudio for arm 7.0.1/armtools/bin/../lib/gcc/arm-atollic-eabi/5.3.1/../../../../arm-atollic-eabi/lib/armv7e-m/fpu\libc.a(lib_a-svfprintf.o)
 .rodata.blanks.7044
                0x0800c330       0x10 e:/programs/stmicroelectronics/truestudio for arm 7.0.1/armtools/bin/../lib/gcc/arm-atollic-eabi/5.3.1/../../../../arm-atollic-eabi/lib/armv7e-m/fpu\libc.a(lib_a-svfprintf.o)
 .rodata.str1.1
                0x0800c340        0xd e:/programs/stmicroelectronics/truestudio for arm 7.0.1/armtools/bin/../lib/gcc/arm-atollic-eabi/5.3.1/../../../../arm-atollic-eabi/lib/armv7e-m/fpu\libc.a(lib_a-dtoa.o)
                                  0xf (size before relaxing)
 .rodata.str1.1
                0x0800c34d        0x2 e:/programs/stmicroelectronics/truestudio for arm 7.0.1/armtools/bin/../lib/gcc/arm-atollic-eabi/5.3.1/../../../../arm-atollic-eabi/lib/armv7e-m/fpu\libc.a(lib_a-impure.o)
 .rodata.str1.1
                0x0800c34f        0x8 e:/programs/stmicroelectronics/truestudio for arm 7.0.1/armtools/bin/../lib/gcc/arm-atollic-eabi/5.3.1/../../../../arm-atollic-eabi/lib/armv7e-m/fpu\libc.a(lib_a-locale.o)
                                  0xb (size before relaxing)
 *fill*         0x0800c357        0x1 
 .rodata.__mprec_tens
                0x0800c358       0xc8 e:/programs/stmicroelectronics/truestudio for arm 7.0.1/armtools/bin/../lib/gcc/arm-atollic-eabi/5.3.1/../../../../arm-atollic-eabi/lib/armv7e-m/fpu\libc.a(lib_a-mprec.o)
                0x0800c358                __mprec_tens
 .rodata.__mprec_bigtens
                0x0800c420       0x28 e:/programs/stmicroelectronics/truestudio for arm 7.0.1/armtools/bin/../lib/gcc/arm-atollic-eabi/5.3.1/../../../../arm-atollic-eabi/lib/armv7e-m/fpu\libc.a(lib_a-mprec.o)
                0x0800c420                __mprec_bigtens
 .rodata.p05.5388
                0x0800c448        0xc e:/programs/stmicroelectronics/truestudio for arm 7.0.1/armtools/bin/../lib/gcc/arm-atollic-eabi/5.3.1/../../../../arm-atollic-eabi/lib/armv7e-m/fpu\libc.a(lib_a-mprec.o)
                0x0800c454                . = ALIGN (0x4)

.ARM.extab
 *(.ARM.extab* .gnu.linkonce.armextab.*)

.ARM            0x0800c454        0x8
                0x0800c454                __exidx_start = .
 *(.ARM.exidx*)
 .ARM.exidx     0x0800c454        0x8 e:/programs/stmicroelectronics/truestudio for arm 7.0.1/armtools/bin/../lib/gcc/arm-atollic-eabi/5.3.1/armv7e-m/fpu\libgcc.a(_udivmoddi4.o)
                0x0800c45c                __exidx_end = .

.rel.dyn        0x0800c45c        0x0
 .rel.iplt      0x0800c45c        0x0 e:/programs/stmicroelectronics/truestudio for arm 7.0.1/armtools/bin/../lib/gcc/arm-atollic-eabi/5.3.1/armv7e-m/fpu/crtbegin.o

.preinit_array  0x0800c45c        0x0
                0x0800c45c                PROVIDE (__preinit_array_start, .)
 *(.preinit_array*)
                0x0800c45c                PROVIDE (__preinit_array_end, .)

.init_array     0x0800c45c        0x4
                0x0800c45c                PROVIDE (__init_array_start, .)
 *(SORT(.init_array.*))
 *(.init_array*)
 .init_array    0x0800c45c        0x4 e:/programs/stmicroelectronics/truestudio for arm 7.0.1/armtools/bin/../lib/gcc/arm-atollic-eabi/5.3.1/armv7e-m/fpu/crtbegin.o
                0x0800c460                PROVIDE (__init_array_end, .)

.fini_array     0x0800c460        0x4
                [!provide]                PROVIDE (__fini_array_start, .)
 *(SORT(.fini_array.*))
 *(.fini_array*)
 .fini_array    0x0800c460        0x4 e:/programs/stmicroelectronics/truestudio for arm 7.0.1/armtools/bin/../lib/gcc/arm-atollic-eabi/5.3.1/armv7e-m/fpu/crtbegin.o
                [!provide]                PROVIDE (__fini_array_end, .)
                0x0800c464                _sidata = LOADADDR (.data)

.data           0x20000000      0x6b0 load address 0x0800c464
                0x20000000                . = ALIGN (0x4)
                0x20000000                _sdata = .
 *(.data)
 *(.data*)
 .data.USBD_CDC_DeviceQualifierDesc
                0x20000000        0xa Middlewares\ST\STM32_USB_Device_Library\Class\CDC\Src\usbd_cdc.o
 *fill*         0x2000000a        0x2 
 .data.USBD_CDC
                0x2000000c       0x38 Middlewares\ST\STM32_USB_Device_Library\Class\CDC\Src\usbd_cdc.o
                0x2000000c                USBD_CDC
 .data.USBD_CDC_CfgHSDesc
                0x20000044       0x43 Middlewares\ST\STM32_USB_Device_Library\Class\CDC\Src\usbd_cdc.o
                0x20000044                USBD_CDC_CfgHSDesc
 *fill*         0x20000087        0x1 
 .data.USBD_CDC_CfgFSDesc
                0x20000088       0x43 Middlewares\ST\STM32_USB_Device_Library\Class\CDC\Src\usbd_cdc.o
                0x20000088                USBD_CDC_CfgFSDesc
 *fill*         0x200000cb        0x1 
 .data.USBD_CDC_OtherSpeedCfgDesc
                0x200000cc       0x43 Middlewares\ST\STM32_USB_Device_Library\Class\CDC\Src\usbd_cdc.o
                0x200000cc                USBD_CDC_OtherSpeedCfgDesc
 *fill*         0x2000010f        0x1 
 .data.g_MPU6050_PowerManagement1Settings
                0x20000110        0x1 Src\Accelerometer.o
                0x20000110                g_MPU6050_PowerManagement1Settings
 *fill*         0x20000111        0x3 
 .data.g_MPU6050_PowerManagement2Settings
                0x20000114        0x1 Src\Accelerometer.o
                0x20000114                g_MPU6050_PowerManagement2Settings
 *fill*         0x20000115        0x3 
 .data.g_MPU6050_AccelerometerSettings
                0x20000118        0x1 Src\Accelerometer.o
                0x20000118                g_MPU6050_AccelerometerSettings
 *fill*         0x20000119        0x3 
 .data.g_MPU6050_InterruptSettings
                0x2000011c        0x1 Src\Accelerometer.o
                0x2000011c                g_MPU6050_InterruptSettings
 *fill*         0x2000011d        0x3 
 .data.g_MPU6050_InterruptEnableSettings
                0x20000120        0x1 Src\Accelerometer.o
                0x20000120                g_MPU6050_InterruptEnableSettings
 *fill*         0x20000121        0x3 
 .data.g_MPU6050_MotionInterruptThreshold
                0x20000124        0x1 Src\Accelerometer.o
                0x20000124                g_MPU6050_MotionInterruptThreshold
 *fill*         0x20000125        0x3 
 .data.g_MPU6050_MotionInterruptDuration
                0x20000128        0x1 Src\Accelerometer.o
                0x20000128                g_MPU6050_MotionInterruptDuration
 .data.status   0x20000129        0x1 Src\main.o
                0x20000129                status
 *fill*         0x2000012a        0x2 
 .data.SystemCoreClock
                0x2000012c        0x4 Src\system_stm32f4xx.o
                0x2000012c                SystemCoreClock
 .data.USBD_Interface_fops_FS
                0x20000130       0x10 Src\usbd_cdc_if.o
                0x20000130                USBD_Interface_fops_FS
 .data.FS_Desc  0x20000140       0x1c Src\usbd_desc.o
                0x20000140                FS_Desc
 .data.USBD_FS_DeviceDesc
                0x2000015c       0x12 Src\usbd_desc.o
                0x2000015c                USBD_FS_DeviceDesc
 *fill*         0x2000016e        0x2 
 .data.USBD_LangIDDesc
                0x20000170        0x4 Src\usbd_desc.o
                0x20000170                USBD_LangIDDesc
 .data.__malloc_av_
                0x20000174      0x408 e:/programs/stmicroelectronics/truestudio for arm 7.0.1/armtools/bin/../lib/gcc/arm-atollic-eabi/5.3.1/../../../../arm-atollic-eabi/lib/armv7e-m/fpu\libc.a(lib_a-mallocr.o)
                0x20000174                __malloc_av_
 .data.__malloc_trim_threshold
                0x2000057c        0x4 e:/programs/stmicroelectronics/truestudio for arm 7.0.1/armtools/bin/../lib/gcc/arm-atollic-eabi/5.3.1/../../../../arm-atollic-eabi/lib/armv7e-m/fpu\libc.a(lib_a-mallocr.o)
                0x2000057c                __malloc_trim_threshold
 .data.__malloc_sbrk_base
                0x20000580        0x4 e:/programs/stmicroelectronics/truestudio for arm 7.0.1/armtools/bin/../lib/gcc/arm-atollic-eabi/5.3.1/../../../../arm-atollic-eabi/lib/armv7e-m/fpu\libc.a(lib_a-mallocr.o)
                0x20000580                __malloc_sbrk_base
 .data.impure_data
                0x20000584       0xf0 e:/programs/stmicroelectronics/truestudio for arm 7.0.1/armtools/bin/../lib/gcc/arm-atollic-eabi/5.3.1/../../../../arm-atollic-eabi/lib/armv7e-m/fpu\libc.a(lib_a-impure.o)
 .data._impure_ptr
                0x20000674        0x4 e:/programs/stmicroelectronics/truestudio for arm 7.0.1/armtools/bin/../lib/gcc/arm-atollic-eabi/5.3.1/../../../../arm-atollic-eabi/lib/armv7e-m/fpu\libc.a(lib_a-impure.o)
                0x20000674                _impure_ptr
 .data.lconv    0x20000678       0x38 e:/programs/stmicroelectronics/truestudio for arm 7.0.1/armtools/bin/../lib/gcc/arm-atollic-eabi/5.3.1/../../../../arm-atollic-eabi/lib/armv7e-m/fpu\libc.a(lib_a-locale.o)
                0x200006b0                . = ALIGN (0x4)
                0x200006b0                _edata = .
                0x0800cb14                _siccmram = LOADADDR (.ccmram)

.igot.plt       0x200006b0        0x0 load address 0x0800cb14
 .igot.plt      0x200006b0        0x0 e:/programs/stmicroelectronics/truestudio for arm 7.0.1/armtools/bin/../lib/gcc/arm-atollic-eabi/5.3.1/armv7e-m/fpu/crtbegin.o

.ccmram         0x10000000        0x0 load address 0x0800cb14
                0x10000000                . = ALIGN (0x4)
                0x10000000                _sccmram = .
 *(.ccmram)
 *(.ccmram*)
                0x10000000                . = ALIGN (0x4)
                0x10000000                _eccmram = .
                0x10000000                . = ALIGN (0x4)

.bss            0x200006b0      0xb08
                0x200006b0                _sbss = .
                0x200006b0                __bss_start__ = _sbss
 *(.bss)
 .bss           0x200006b0       0x1c e:/programs/stmicroelectronics/truestudio for arm 7.0.1/armtools/bin/../lib/gcc/arm-atollic-eabi/5.3.1/armv7e-m/fpu/crtbegin.o
 *(.bss*)
 .bss.ifalt.9302
                0x200006cc        0x1 Middlewares\ST\STM32_USB_Device_Library\Class\CDC\Src\usbd_cdc.o
 .bss.cfgidx.9307
                0x200006cd        0x1 Middlewares\ST\STM32_USB_Device_Library\Core\Src\usbd_ctlreq.o
 .bss.g_GSM_BaudrateSetFlag
                0x200006ce        0x1 Src\GSM.o
                0x200006ce                g_GSM_BaudrateSetFlag
 .bss.g_Tim7Seconds
                0x200006cf        0x1 Src\GSM.o
                0x200006cf                g_Tim7Seconds
 .bss.__malloc_max_total_mem
                0x200006d0        0x4 e:/programs/stmicroelectronics/truestudio for arm 7.0.1/armtools/bin/../lib/gcc/arm-atollic-eabi/5.3.1/../../../../arm-atollic-eabi/lib/armv7e-m/fpu\libc.a(lib_a-mallocr.o)
                0x200006d0                __malloc_max_total_mem
 .bss.__malloc_max_sbrked_mem
                0x200006d4        0x4 e:/programs/stmicroelectronics/truestudio for arm 7.0.1/armtools/bin/../lib/gcc/arm-atollic-eabi/5.3.1/../../../../arm-atollic-eabi/lib/armv7e-m/fpu\libc.a(lib_a-mallocr.o)
                0x200006d4                __malloc_max_sbrked_mem
 .bss.__malloc_top_pad
                0x200006d8        0x4 e:/programs/stmicroelectronics/truestudio for arm 7.0.1/armtools/bin/../lib/gcc/arm-atollic-eabi/5.3.1/../../../../arm-atollic-eabi/lib/armv7e-m/fpu\libc.a(lib_a-mallocr.o)
                0x200006d8                __malloc_top_pad
 .bss.__malloc_current_mallinfo
                0x200006dc       0x28 e:/programs/stmicroelectronics/truestudio for arm 7.0.1/armtools/bin/../lib/gcc/arm-atollic-eabi/5.3.1/../../../../arm-atollic-eabi/lib/armv7e-m/fpu\libc.a(lib_a-mallocr.o)
                0x200006dc                __malloc_current_mallinfo
 .bss.heap_end.4169
                0x20000704        0x4 e:/programs/stmicroelectronics/truestudio for arm 7.0.1/armtools/bin/../lib/gcc/arm-atollic-eabi/5.3.1/../../../../arm-atollic-eabi/lib/armv7e-m/fpu\libnosys.a(sbrk.o)
 *(COMMON)
 COMMON         0x20000708        0x4 Drivers\STM32F4xx_HAL_Driver\Src\stm32f4xx_hal.o
                0x20000708                uwTick
 COMMON         0x2000070c       0x15 Src\Accelerometer.o
                0x2000070c                g_AxisMeasurements
                0x20000712                g_MotionFlag
                0x20000714                g_AggregatedAxisMeasurements
                0x20000720                g_GSM_LastCommandStatus
 *fill*         0x20000721        0x3 
 COMMON         0x20000724       0x6f Src\GSM.o
                0x20000724                g_PositionLog
                0x2000072c                g_GSM_LastCommand
                0x20000760                g_GSM_ReceivedData
                0x20000792                g_GSM_LastCommandSize
 *fill*         0x20000793        0x1 
 COMMON         0x20000794       0x33 Src\USBTransmission.o
                0x20000794                g_ReceivedDataBuffer
                0x200007c6                g_USBRcvCpltFlag
 *fill*         0x200007c7        0x1 
 COMMON         0x200007c8       0x54 Src\i2c.o
                0x200007c8                hi2c1
 COMMON         0x2000081c        0x1 Src\main.o
                0x2000081c                rcvData
 *fill*         0x2000081d        0x3 
 COMMON         0x20000820       0x20 Src\rtc.o
                0x20000820                hrtc
 COMMON         0x20000840       0x78 Src\tim.o
                0x20000840                htim6
                0x2000087c                htim7
 COMMON         0x200008b8       0x80 Src\usart.o
                0x200008b8                huart6
                0x200008f8                huart4
 COMMON         0x20000938      0x224 Src\usb_device.o
                0x20000938                hUsbDeviceFS
 COMMON         0x20000b5c       0x66 Src\usbd_cdc_if.o
                0x20000b5c                UserRxBufferFS
                0x20000b90                UserTxBufferFS
 *fill*         0x20000bc2        0x2 
 COMMON         0x20000bc4      0x3f0 Src\usbd_conf.o
                0x20000bc4                hpcd_USB_OTG_FS
 COMMON         0x20000fb4      0x200 Src\usbd_desc.o
                0x20000fb4                USBD_StrDesc
 COMMON         0x200011b4        0x4 e:/programs/stmicroelectronics/truestudio for arm 7.0.1/armtools/bin/../lib/gcc/arm-atollic-eabi/5.3.1/../../../../arm-atollic-eabi/lib/armv7e-m/fpu\libc.a(lib_a-reent.o)
                0x200011b4                errno
                0x200011b8                . = ALIGN (0x4)
                0x200011b8                _ebss = .
                0x200011b8                __bss_end__ = _ebss

._user_heap_stack
                0x200011b8      0x600
                0x200011b8                . = ALIGN (0x4)
                0x200011b8                PROVIDE (end, .)
                [!provide]                PROVIDE (_end, .)
                0x200013b8                . = (. + _Min_Heap_Size)
 *fill*         0x200011b8      0x200 
                0x200017b8                . = (. + _Min_Stack_Size)
 *fill*         0x200013b8      0x400 
                0x200017b8                . = ALIGN (0x4)

/DISCARD/
 libc.a(*)
 libm.a(*)
 libgcc.a(*)

.ARM.attributes
                0x00000000       0x30
 *(.ARM.attributes)
 .ARM.attributes
                0x00000000       0x22 e:/programs/stmicroelectronics/truestudio for arm 7.0.1/armtools/bin/../lib/gcc/arm-atollic-eabi/5.3.1/armv7e-m/fpu/crti.o
 .ARM.attributes
                0x00000022       0x34 e:/programs/stmicroelectronics/truestudio for arm 7.0.1/armtools/bin/../lib/gcc/arm-atollic-eabi/5.3.1/armv7e-m/fpu/crtbegin.o
 .ARM.attributes
                0x00000056       0x39 Drivers\STM32F4xx_HAL_Driver\Src\stm32f4xx_hal.o
 .ARM.attributes
                0x0000008f       0x39 Drivers\STM32F4xx_HAL_Driver\Src\stm32f4xx_hal_cortex.o
 .ARM.attributes
                0x000000c8       0x39 Drivers\STM32F4xx_HAL_Driver\Src\stm32f4xx_hal_dma.o
 .ARM.attributes
                0x00000101       0x39 Drivers\STM32F4xx_HAL_Driver\Src\stm32f4xx_hal_gpio.o
 .ARM.attributes
                0x0000013a       0x39 Drivers\STM32F4xx_HAL_Driver\Src\stm32f4xx_hal_i2c.o
 .ARM.attributes
                0x00000173       0x39 Drivers\STM32F4xx_HAL_Driver\Src\stm32f4xx_hal_pcd.o
 .ARM.attributes
                0x000001ac       0x39 Drivers\STM32F4xx_HAL_Driver\Src\stm32f4xx_hal_pcd_ex.o
 .ARM.attributes
                0x000001e5       0x39 Drivers\STM32F4xx_HAL_Driver\Src\stm32f4xx_hal_rcc.o
 .ARM.attributes
                0x0000021e       0x39 Drivers\STM32F4xx_HAL_Driver\Src\stm32f4xx_hal_rcc_ex.o
 .ARM.attributes
                0x00000257       0x39 Drivers\STM32F4xx_HAL_Driver\Src\stm32f4xx_hal_rtc.o
 .ARM.attributes
                0x00000290       0x39 Drivers\STM32F4xx_HAL_Driver\Src\stm32f4xx_hal_rtc_ex.o
 .ARM.attributes
                0x000002c9       0x39 Drivers\STM32F4xx_HAL_Driver\Src\stm32f4xx_hal_tim.o
 .ARM.attributes
                0x00000302       0x39 Drivers\STM32F4xx_HAL_Driver\Src\stm32f4xx_hal_tim_ex.o
 .ARM.attributes
                0x0000033b       0x39 Drivers\STM32F4xx_HAL_Driver\Src\stm32f4xx_hal_uart.o
 .ARM.attributes
                0x00000374       0x39 Drivers\STM32F4xx_HAL_Driver\Src\stm32f4xx_ll_usb.o
 .ARM.attributes
                0x000003ad       0x39 Middlewares\ST\STM32_USB_Device_Library\Class\CDC\Src\usbd_cdc.o
 .ARM.attributes
                0x000003e6       0x39 Middlewares\ST\STM32_USB_Device_Library\Core\Src\usbd_core.o
 .ARM.attributes
                0x0000041f       0x39 Middlewares\ST\STM32_USB_Device_Library\Core\Src\usbd_ctlreq.o
 .ARM.attributes
                0x00000458       0x39 Middlewares\ST\STM32_USB_Device_Library\Core\Src\usbd_ioreq.o
 .ARM.attributes
                0x00000491       0x39 Src\Accelerometer.o
 .ARM.attributes
                0x000004ca       0x39 Src\GSM.o
 .ARM.attributes
                0x00000503       0x39 Src\USBTransmission.o
 .ARM.attributes
                0x0000053c       0x39 Src\gpio.o
 .ARM.attributes
                0x00000575       0x39 Src\i2c.o
 .ARM.attributes
                0x000005ae       0x39 Src\main.o
 .ARM.attributes
                0x000005e7       0x39 Src\rtc.o
 .ARM.attributes
                0x00000620       0x39 Src\stm32f4xx_hal_msp.o
 .ARM.attributes
                0x00000659       0x39 Src\stm32f4xx_it.o
 .ARM.attributes
                0x00000692       0x39 Src\system_stm32f4xx.o
 .ARM.attributes
                0x000006cb       0x39 Src\tim.o
 .ARM.attributes
                0x00000704       0x39 Src\usart.o
 .ARM.attributes
                0x0000073d       0x39 Src\usb_device.o
 .ARM.attributes
                0x00000776       0x39 Src\usbd_cdc_if.o
 .ARM.attributes
                0x000007af       0x39 Src\usbd_conf.o
 .ARM.attributes
                0x000007e8       0x39 Src\usbd_desc.o
 .ARM.attributes
                0x00000821       0x21 startup\startup_stm32f417xx.o
 .ARM.attributes
                0x00000842       0x34 e:/programs/stmicroelectronics/truestudio for arm 7.0.1/armtools/bin/../lib/gcc/arm-atollic-eabi/5.3.1/../../../../arm-atollic-eabi/lib/armv7e-m/fpu\libc.a(lib_a-init.o)
 .ARM.attributes
                0x00000876       0x34 e:/programs/stmicroelectronics/truestudio for arm 7.0.1/armtools/bin/../lib/gcc/arm-atollic-eabi/5.3.1/../../../../arm-atollic-eabi/lib/armv7e-m/fpu\libc.a(lib_a-malloc.o)
 .ARM.attributes
                0x000008aa       0x34 e:/programs/stmicroelectronics/truestudio for arm 7.0.1/armtools/bin/../lib/gcc/arm-atollic-eabi/5.3.1/../../../../arm-atollic-eabi/lib/armv7e-m/fpu\libc.a(lib_a-mallocr.o)
 .ARM.attributes
                0x000008de       0x34 e:/programs/stmicroelectronics/truestudio for arm 7.0.1/armtools/bin/../lib/gcc/arm-atollic-eabi/5.3.1/../../../../arm-atollic-eabi/lib/armv7e-m/fpu\libc.a(lib_a-mlock.o)
 .ARM.attributes
                0x00000912       0x34 e:/programs/stmicroelectronics/truestudio for arm 7.0.1/armtools/bin/../lib/gcc/arm-atollic-eabi/5.3.1/../../../../arm-atollic-eabi/lib/armv7e-m/fpu\libc.a(lib_a-sbrkr.o)
 .ARM.attributes
                0x00000946       0x34 e:/programs/stmicroelectronics/truestudio for arm 7.0.1/armtools/bin/../lib/gcc/arm-atollic-eabi/5.3.1/../../../../arm-atollic-eabi/lib/armv7e-m/fpu\libc.a(lib_a-sprintf.o)
 .ARM.attributes
                0x0000097a       0x34 e:/programs/stmicroelectronics/truestudio for arm 7.0.1/armtools/bin/../lib/gcc/arm-atollic-eabi/5.3.1/../../../../arm-atollic-eabi/lib/armv7e-m/fpu\libc.a(lib_a-strlcpy.o)
 .ARM.attributes
                0x000009ae       0x1b e:/programs/stmicroelectronics/truestudio for arm 7.0.1/armtools/bin/../lib/gcc/arm-atollic-eabi/5.3.1/../../../../arm-atollic-eabi/lib/armv7e-m/fpu\libc.a(lib_a-strlen.o)
 .ARM.attributes
                0x000009c9       0x34 e:/programs/stmicroelectronics/truestudio for arm 7.0.1/armtools/bin/../lib/gcc/arm-atollic-eabi/5.3.1/../../../../arm-atollic-eabi/lib/armv7e-m/fpu\libc.a(lib_a-strncmp.o)
 .ARM.attributes
                0x000009fd       0x34 e:/programs/stmicroelectronics/truestudio for arm 7.0.1/armtools/bin/../lib/gcc/arm-atollic-eabi/5.3.1/../../../../arm-atollic-eabi/lib/armv7e-m/fpu\libc.a(lib_a-strncpy.o)
 .ARM.attributes
                0x00000a31       0x34 e:/programs/stmicroelectronics/truestudio for arm 7.0.1/armtools/bin/../lib/gcc/arm-atollic-eabi/5.3.1/../../../../arm-atollic-eabi/lib/armv7e-m/fpu\libc.a(lib_a-svfprintf.o)
 .ARM.attributes
                0x00000a65       0x34 e:/programs/stmicroelectronics/truestudio for arm 7.0.1/armtools/bin/../lib/gcc/arm-atollic-eabi/5.3.1/../../../../arm-atollic-eabi/lib/armv7e-m/fpu\libc.a(lib_a-dtoa.o)
 .ARM.attributes
                0x00000a99       0x34 e:/programs/stmicroelectronics/truestudio for arm 7.0.1/armtools/bin/../lib/gcc/arm-atollic-eabi/5.3.1/../../../../arm-atollic-eabi/lib/armv7e-m/fpu\libc.a(lib_a-freer.o)
 .ARM.attributes
                0x00000acd       0x34 e:/programs/stmicroelectronics/truestudio for arm 7.0.1/armtools/bin/../lib/gcc/arm-atollic-eabi/5.3.1/../../../../arm-atollic-eabi/lib/armv7e-m/fpu\libc.a(lib_a-impure.o)
 .ARM.attributes
                0x00000b01       0x34 e:/programs/stmicroelectronics/truestudio for arm 7.0.1/armtools/bin/../lib/gcc/arm-atollic-eabi/5.3.1/../../../../arm-atollic-eabi/lib/armv7e-m/fpu\libc.a(lib_a-locale.o)
 .ARM.attributes
                0x00000b35       0x20 e:/programs/stmicroelectronics/truestudio for arm 7.0.1/armtools/bin/../lib/gcc/arm-atollic-eabi/5.3.1/../../../../arm-atollic-eabi/lib/armv7e-m/fpu\libc.a(lib_a-memchr.o)
 .ARM.attributes
                0x00000b55       0x34 e:/programs/stmicroelectronics/truestudio for arm 7.0.1/armtools/bin/../lib/gcc/arm-atollic-eabi/5.3.1/../../../../arm-atollic-eabi/lib/armv7e-m/fpu\libc.a(lib_a-memcpy-stub.o)
 .ARM.attributes
                0x00000b89       0x34 e:/programs/stmicroelectronics/truestudio for arm 7.0.1/armtools/bin/../lib/gcc/arm-atollic-eabi/5.3.1/../../../../arm-atollic-eabi/lib/armv7e-m/fpu\libc.a(lib_a-mprec.o)
 .ARM.attributes
                0x00000bbd       0x34 e:/programs/stmicroelectronics/truestudio for arm 7.0.1/armtools/bin/../lib/gcc/arm-atollic-eabi/5.3.1/../../../../arm-atollic-eabi/lib/armv7e-m/fpu\libc.a(lib_a-reent.o)
 .ARM.attributes
                0x00000bf1       0x34 e:/programs/stmicroelectronics/truestudio for arm 7.0.1/armtools/bin/../lib/gcc/arm-atollic-eabi/5.3.1/../../../../arm-atollic-eabi/lib/armv7e-m/fpu\libc.a(lib_a-svfiprintf.o)
 .ARM.attributes
                0x00000c25       0x34 e:/programs/stmicroelectronics/truestudio for arm 7.0.1/armtools/bin/../lib/gcc/arm-atollic-eabi/5.3.1/../../../../arm-atollic-eabi/lib/armv7e-m/fpu\libc.a(lib_a-callocr.o)
 .ARM.attributes
                0x00000c59       0x34 e:/programs/stmicroelectronics/truestudio for arm 7.0.1/armtools/bin/../lib/gcc/arm-atollic-eabi/5.3.1/../../../../arm-atollic-eabi/lib/armv7e-m/fpu\libc.a(lib_a-memmove.o)
 .ARM.attributes
                0x00000c8d       0x34 e:/programs/stmicroelectronics/truestudio for arm 7.0.1/armtools/bin/../lib/gcc/arm-atollic-eabi/5.3.1/../../../../arm-atollic-eabi/lib/armv7e-m/fpu\libc.a(lib_a-memset.o)
 .ARM.attributes
                0x00000cc1       0x34 e:/programs/stmicroelectronics/truestudio for arm 7.0.1/armtools/bin/../lib/gcc/arm-atollic-eabi/5.3.1/../../../../arm-atollic-eabi/lib/armv7e-m/fpu\libc.a(lib_a-reallocr.o)
 .ARM.attributes
                0x00000cf5       0x22 e:/programs/stmicroelectronics/truestudio for arm 7.0.1/armtools/bin/../lib/gcc/arm-atollic-eabi/5.3.1/armv7e-m/fpu\libgcc.a(_arm_addsubdf3.o)
 .ARM.attributes
                0x00000d17       0x22 e:/programs/stmicroelectronics/truestudio for arm 7.0.1/armtools/bin/../lib/gcc/arm-atollic-eabi/5.3.1/armv7e-m/fpu\libgcc.a(_arm_muldivdf3.o)
 .ARM.attributes
                0x00000d39       0x22 e:/programs/stmicroelectronics/truestudio for arm 7.0.1/armtools/bin/../lib/gcc/arm-atollic-eabi/5.3.1/armv7e-m/fpu\libgcc.a(_arm_cmpdf2.o)
 .ARM.attributes
                0x00000d5b       0x22 e:/programs/stmicroelectronics/truestudio for arm 7.0.1/armtools/bin/../lib/gcc/arm-atollic-eabi/5.3.1/armv7e-m/fpu\libgcc.a(_arm_unorddf2.o)
 .ARM.attributes
                0x00000d7d       0x22 e:/programs/stmicroelectronics/truestudio for arm 7.0.1/armtools/bin/../lib/gcc/arm-atollic-eabi/5.3.1/armv7e-m/fpu\libgcc.a(_arm_fixdfsi.o)
 .ARM.attributes
                0x00000d9f       0x22 e:/programs/stmicroelectronics/truestudio for arm 7.0.1/armtools/bin/../lib/gcc/arm-atollic-eabi/5.3.1/armv7e-m/fpu\libgcc.a(_aeabi_uldivmod.o)
 .ARM.attributes
                0x00000dc1       0x34 e:/programs/stmicroelectronics/truestudio for arm 7.0.1/armtools/bin/../lib/gcc/arm-atollic-eabi/5.3.1/armv7e-m/fpu\libgcc.a(_udivmoddi4.o)
 .ARM.attributes
                0x00000df5       0x22 e:/programs/stmicroelectronics/truestudio for arm 7.0.1/armtools/bin/../lib/gcc/arm-atollic-eabi/5.3.1/armv7e-m/fpu\libgcc.a(_dvmd_tls.o)
 .ARM.attributes
                0x00000e17       0x34 e:/programs/stmicroelectronics/truestudio for arm 7.0.1/armtools/bin/../lib/gcc/arm-atollic-eabi/5.3.1/../../../../arm-atollic-eabi/lib/armv7e-m/fpu\libnosys.a(sbrk.o)
 .ARM.attributes
                0x00000e4b       0x22 e:/programs/stmicroelectronics/truestudio for arm 7.0.1/armtools/bin/../lib/gcc/arm-atollic-eabi/5.3.1/armv7e-m/fpu/crtn.o
OUTPUT(AlarmZL41Project.elf elf32-littlearm)

.debug_info     0x00000000    0x18a89
 .debug_info    0x00000000      0x891 Drivers\STM32F4xx_HAL_Driver\Src\stm32f4xx_hal.o
 .debug_info    0x00000891      0xda1 Drivers\STM32F4xx_HAL_Driver\Src\stm32f4xx_hal_cortex.o
 .debug_info    0x00001632      0x8f3 Drivers\STM32F4xx_HAL_Driver\Src\stm32f4xx_hal_dma.o
 .debug_info    0x00001f25      0x71b Drivers\STM32F4xx_HAL_Driver\Src\stm32f4xx_hal_gpio.o
 .debug_info    0x00002640     0x203a Drivers\STM32F4xx_HAL_Driver\Src\stm32f4xx_hal_i2c.o
 .debug_info    0x0000467a      0xed0 Drivers\STM32F4xx_HAL_Driver\Src\stm32f4xx_hal_pcd.o
 .debug_info    0x0000554a      0x56d Drivers\STM32F4xx_HAL_Driver\Src\stm32f4xx_hal_pcd_ex.o
 .debug_info    0x00005ab7      0xb4e Drivers\STM32F4xx_HAL_Driver\Src\stm32f4xx_hal_rcc.o
 .debug_info    0x00006605      0x583 Drivers\STM32F4xx_HAL_Driver\Src\stm32f4xx_hal_rcc_ex.o
 .debug_info    0x00006b88      0xb2e Drivers\STM32F4xx_HAL_Driver\Src\stm32f4xx_hal_rtc.o
 .debug_info    0x000076b6      0xe67 Drivers\STM32F4xx_HAL_Driver\Src\stm32f4xx_hal_rtc_ex.o
 .debug_info    0x0000851d     0x218e Drivers\STM32F4xx_HAL_Driver\Src\stm32f4xx_hal_tim.o
 .debug_info    0x0000a6ab      0xf63 Drivers\STM32F4xx_HAL_Driver\Src\stm32f4xx_hal_tim_ex.o
 .debug_info    0x0000b60e     0x1188 Drivers\STM32F4xx_HAL_Driver\Src\stm32f4xx_hal_uart.o
 .debug_info    0x0000c796     0x142d Drivers\STM32F4xx_HAL_Driver\Src\stm32f4xx_ll_usb.o
 .debug_info    0x0000dbc3      0xa56 Middlewares\ST\STM32_USB_Device_Library\Class\CDC\Src\usbd_cdc.o
 .debug_info    0x0000e619      0x90a Middlewares\ST\STM32_USB_Device_Library\Core\Src\usbd_core.o
 .debug_info    0x0000ef23      0x86b Middlewares\ST\STM32_USB_Device_Library\Core\Src\usbd_ctlreq.o
 .debug_info    0x0000f78e      0x66b Middlewares\ST\STM32_USB_Device_Library\Core\Src\usbd_ioreq.o
 .debug_info    0x0000fdf9      0x826 Src\Accelerometer.o
 .debug_info    0x0001061f      0xa66 Src\GSM.o
 .debug_info    0x00011085      0x6b5 Src\USBTransmission.o
 .debug_info    0x0001173a      0x649 Src\gpio.o