Archive member included to satisfy reference by file (symbol)

e:/programs/stmicroelectronics/truestudio for arm 7.0.1/armtools/bin/../lib/gcc/arm-atollic-eabi/5.3.1/../../../../arm-atollic-eabi/lib/armv7e-m/fpu\libc.a(lib_a-init.o)
                              startup\startup_stm32f417xx.o (__libc_init_array)
e:/programs/stmicroelectronics/truestudio for arm 7.0.1/armtools/bin/../lib/gcc/arm-atollic-eabi/5.3.1/../../../../arm-atollic-eabi/lib/armv7e-m/fpu\libc.a(lib_a-malloc.o)
                              Src\gps.o (malloc)
e:/programs/stmicroelectronics/truestudio for arm 7.0.1/armtools/bin/../lib/gcc/arm-atollic-eabi/5.3.1/../../../../arm-atollic-eabi/lib/armv7e-m/fpu\libc.a(lib_a-mallocr.o)
                              e:/programs/stmicroelectronics/truestudio for arm 7.0.1/armtools/bin/../lib/gcc/arm-atollic-eabi/5.3.1/../../../../arm-atollic-eabi/lib/armv7e-m/fpu\libc.a(lib_a-malloc.o) (_malloc_r)
e:/programs/stmicroelectronics/truestudio for arm 7.0.1/armtools/bin/../lib/gcc/arm-atollic-eabi/5.3.1/../../../../arm-atollic-eabi/lib/armv7e-m/fpu\libc.a(lib_a-memcpy-stub.o)
                              Middlewares\Third_Party\FreeRTOS\Source\queue.o (memcpy)
e:/programs/stmicroelectronics/truestudio for arm 7.0.1/armtools/bin/../lib/gcc/arm-atollic-eabi/5.3.1/../../../../arm-atollic-eabi/lib/armv7e-m/fpu\libc.a(lib_a-memset.o)
                              Middlewares\Third_Party\FreeRTOS\Source\tasks.o (memset)
e:/programs/stmicroelectronics/truestudio for arm 7.0.1/armtools/bin/../lib/gcc/arm-atollic-eabi/5.3.1/../../../../arm-atollic-eabi/lib/armv7e-m/fpu\libc.a(lib_a-mlock.o)
                              e:/programs/stmicroelectronics/truestudio for arm 7.0.1/armtools/bin/../lib/gcc/arm-atollic-eabi/5.3.1/../../../../arm-atollic-eabi/lib/armv7e-m/fpu\libc.a(lib_a-mallocr.o) (__malloc_lock)
e:/programs/stmicroelectronics/truestudio for arm 7.0.1/armtools/bin/../lib/gcc/arm-atollic-eabi/5.3.1/../../../../arm-atollic-eabi/lib/armv7e-m/fpu\libc.a(lib_a-printf.o)
                              Src\Accelerometer.o (printf)
e:/programs/stmicroelectronics/truestudio for arm 7.0.1/armtools/bin/../lib/gcc/arm-atollic-eabi/5.3.1/../../../../arm-atollic-eabi/lib/armv7e-m/fpu\libc.a(lib_a-puts.o)
                              Src\GSM.o (puts)
e:/programs/stmicroelectronics/truestudio for arm 7.0.1/armtools/bin/../lib/gcc/arm-atollic-eabi/5.3.1/../../../../arm-atollic-eabi/lib/armv7e-m/fpu\libc.a(lib_a-sbrkr.o)
                              e:/programs/stmicroelectronics/truestudio for arm 7.0.1/armtools/bin/../lib/gcc/arm-atollic-eabi/5.3.1/../../../../arm-atollic-eabi/lib/armv7e-m/fpu\libc.a(lib_a-mallocr.o) (_sbrk_r)
e:/programs/stmicroelectronics/truestudio for arm 7.0.1/armtools/bin/../lib/gcc/arm-atollic-eabi/5.3.1/../../../../arm-atollic-eabi/lib/armv7e-m/fpu\libc.a(lib_a-sprintf.o)
                              Src\GSM.o (sprintf)
e:/programs/stmicroelectronics/truestudio for arm 7.0.1/armtools/bin/../lib/gcc/arm-atollic-eabi/5.3.1/../../../../arm-atollic-eabi/lib/armv7e-m/fpu\libc.a(lib_a-strcat.o)
                              Src\gps.o (strcat)
e:/programs/stmicroelectronics/truestudio for arm 7.0.1/armtools/bin/../lib/gcc/arm-atollic-eabi/5.3.1/../../../../arm-atollic-eabi/lib/armv7e-m/fpu\libc.a(lib_a-strcpy.o)
                              Src\GSM.o (strcpy)
e:/programs/stmicroelectronics/truestudio for arm 7.0.1/armtools/bin/../lib/gcc/arm-atollic-eabi/5.3.1/../../../../arm-atollic-eabi/lib/armv7e-m/fpu\libc.a(lib_a-strlen.o)
                              Src\gps.o (strlen)
e:/programs/stmicroelectronics/truestudio for arm 7.0.1/armtools/bin/../lib/gcc/arm-atollic-eabi/5.3.1/../../../../arm-atollic-eabi/lib/armv7e-m/fpu\libc.a(lib_a-strstr.o)
                              Src\GSM.o (strstr)
e:/programs/stmicroelectronics/truestudio for arm 7.0.1/armtools/bin/../lib/gcc/arm-atollic-eabi/5.3.1/../../../../arm-atollic-eabi/lib/armv7e-m/fpu\libc.a(lib_a-svfprintf.o)
                              e:/programs/stmicroelectronics/truestudio for arm 7.0.1/armtools/bin/../lib/gcc/arm-atollic-eabi/5.3.1/../../../../arm-atollic-eabi/lib/armv7e-m/fpu\libc.a(lib_a-sprintf.o) (_svfprintf_r)
e:/programs/stmicroelectronics/truestudio for arm 7.0.1/armtools/bin/../lib/gcc/arm-atollic-eabi/5.3.1/../../../../arm-atollic-eabi/lib/armv7e-m/fpu\libc.a(lib_a-vfprintf.o)
                              e:/programs/stmicroelectronics/truestudio for arm 7.0.1/armtools/bin/../lib/gcc/arm-atollic-eabi/5.3.1/../../../../arm-atollic-eabi/lib/armv7e-m/fpu\libc.a(lib_a-printf.o) (_vfprintf_r)
e:/programs/stmicroelectronics/truestudio for arm 7.0.1/armtools/bin/../lib/gcc/arm-atollic-eabi/5.3.1/../../../../arm-atollic-eabi/lib/armv7e-m/fpu\libc.a(lib_a-wsetup.o)
                              e:/programs/stmicroelectronics/truestudio for arm 7.0.1/armtools/bin/../lib/gcc/arm-atollic-eabi/5.3.1/../../../../arm-atollic-eabi/lib/armv7e-m/fpu\libc.a(lib_a-vfprintf.o) (__swsetup_r)
[...]
Memory Configuration

Name             Origin             Length             Attributes
RAM              0x20000000         0x00020000         xrw
CCMRAM           0x10000000         0x00010000         rw
FLASH            0x08000000         0x00100000         xr
*default*        0x00000000         0xffffffff

Linker script and memory map

LOAD e:/programs/stmicroelectronics/truestudio for arm 7.0.1/armtools/bin/../lib/gcc/arm-atollic-eabi/5.3.1/armv7e-m/fpu/crti.o
LOAD e:/programs/stmicroelectronics/truestudio for arm 7.0.1/armtools/bin/../lib/gcc/arm-atollic-eabi/5.3.1/armv7e-m/fpu/crtbegin.o
LOAD Drivers\STM32F4xx_HAL_Driver\Src\stm32f4xx_hal.o
LOAD Drivers\STM32F4xx_HAL_Driver\Src\stm32f4xx_hal_cortex.o
LOAD Drivers\STM32F4xx_HAL_Driver\Src\stm32f4xx_hal_dma.o
LOAD Drivers\STM32F4xx_HAL_Driver\Src\stm32f4xx_hal_dma_ex.o
LOAD Drivers\STM32F4xx_HAL_Driver\Src\stm32f4xx_hal_flash.o
LOAD Drivers\STM32F4xx_HAL_Driver\Src\stm32f4xx_hal_flash_ex.o
LOAD Drivers\STM32F4xx_HAL_Driver\Src\stm32f4xx_hal_flash_ramfunc.o
LOAD Drivers\STM32F4xx_HAL_Driver\Src\stm32f4xx_hal_gpio.o
LOAD Drivers\STM32F4xx_HAL_Driver\Src\stm32f4xx_hal_i2c.o
LOAD Drivers\STM32F4xx_HAL_Driver\Src\stm32f4xx_hal_i2c_ex.o
LOAD Drivers\STM32F4xx_HAL_Driver\Src\stm32f4xx_hal_pwr.o
LOAD Drivers\STM32F4xx_HAL_Driver\Src\stm32f4xx_hal_pwr_ex.o
LOAD Drivers\STM32F4xx_HAL_Driver\Src\stm32f4xx_hal_rcc.o
LOAD Drivers\STM32F4xx_HAL_Driver\Src\stm32f4xx_hal_rcc_ex.o
LOAD Drivers\STM32F4xx_HAL_Driver\Src\stm32f4xx_hal_tim.o
LOAD Drivers\STM32F4xx_HAL_Driver\Src\stm32f4xx_hal_tim_ex.o
LOAD Drivers\STM32F4xx_HAL_Driver\Src\stm32f4xx_hal_uart.o
LOAD Middlewares\Third_Party\FreeRTOS\Source\CMSIS_RTOS\cmsis_os.o
LOAD Middlewares\Third_Party\FreeRTOS\Source\croutine.o
LOAD Middlewares\Third_Party\FreeRTOS\Source\event_groups.o
LOAD Middlewares\Third_Party\FreeRTOS\Source\list.o
LOAD Middlewares\Third_Party\FreeRTOS\Source\portable\GCC\ARM_CM4F\port.o
LOAD Middlewares\Third_Party\FreeRTOS\Source\portable\MemMang\heap_4.o
LOAD Middlewares\Third_Party\FreeRTOS\Source\queue.o
LOAD Middlewares\Third_Party\FreeRTOS\Source\tasks.o
LOAD Middlewares\Third_Party\FreeRTOS\Source\timers.o
LOAD Src\Accelerometer.o
LOAD Src\GSM.o
LOAD Src\debug.o
LOAD Src\freertos.o
LOAD Src\gpio.o
LOAD Src\gps.o
LOAD Src\i2c.o
LOAD Src\main.o
LOAD Src\stm32f4xx_hal_msp.o
LOAD Src\stm32f4xx_hal_timebase_TIM.o
LOAD Src\stm32f4xx_it.o
LOAD Src\system_stm32f4xx.o
LOAD Src\tim.o
LOAD Src\usart.o
LOAD startup\startup_stm32f417xx.o
START GROUP
LOAD e:/programs/stmicroelectronics/truestudio for arm 7.0.1/armtools/bin/../lib/gcc/arm-atollic-eabi/5.3.1/../../../../arm-atollic-eabi/lib/armv7e-m/fpu\libc.a
LOAD e:/programs/stmicroelectronics/truestudio for arm 7.0.1/armtools/bin/../lib/gcc/arm-atollic-eabi/5.3.1/../../../../arm-atollic-eabi/lib/armv7e-m/fpu\libm.a
END GROUP
                0x00000080                malloc_getpagesize_P = 0x80
START GROUP
LOAD e:/programs/stmicroelectronics/truestudio for arm 7.0.1/armtools/bin/../lib/gcc/arm-atollic-eabi/5.3.1/armv7e-m/fpu\libgcc.a
LOAD e:/programs/stmicroelectronics/truestudio for arm 7.0.1/armtools/bin/../lib/gcc/arm-atollic-eabi/5.3.1/../../../../arm-atollic-eabi/lib/armv7e-m/fpu\libc.a
END GROUP
START GROUP
LOAD e:/programs/stmicroelectronics/truestudio for arm 7.0.1/armtools/bin/../lib/gcc/arm-atollic-eabi/5.3.1/armv7e-m/fpu\libgcc.a
LOAD e:/programs/stmicroelectronics/truestudio for arm 7.0.1/armtools/bin/../lib/gcc/arm-atollic-eabi/5.3.1/../../../../arm-atollic-eabi/lib/armv7e-m/fpu\libc.a
LOAD e:/programs/stmicroelectronics/truestudio for arm 7.0.1/armtools/bin/../lib/gcc/arm-atollic-eabi/5.3.1/../../../../arm-atollic-eabi/lib/armv7e-m/fpu\libnosys.a
END GROUP
LOAD e:/programs/stmicroelectronics/truestudio for arm 7.0.1/armtools/bin/../lib/gcc/arm-atollic-eabi/5.3.1/armv7e-m/fpu/crtend.o
LOAD e:/programs/stmicroelectronics/truestudio for arm 7.0.1/armtools/bin/../lib/gcc/arm-atollic-eabi/5.3.1/armv7e-m/fpu/crtn.o
                0x20020000                _estack = 0x20020000
                0x00000200                _Min_Heap_Size = 0x200
                0x00000400                _Min_Stack_Size = 0x400

.isr_vector     0x08000000      0x188
                0x08000000                . = ALIGN (0x4)
 *(.isr_vector)
 .isr_vector    0x08000000      0x188 startup\startup_stm32f417xx.o
                0x08000000                g_pfnVectors
                0x08000188                . = ALIGN (0x4)

.text           0x08000190     0x9cf0
                0x08000190                . = ALIGN (0x4)
 *(.text)
 .text          0x08000190       0x40 e:/programs/stmicroelectronics/truestudio for arm 7.0.1/armtools/bin/../lib/gcc/arm-atollic-eabi/5.3.1/armv7e-m/fpu/crtbegin.o
 .text          0x080001d0       0x10 e:/programs/stmicroelectronics/truestudio for arm 7.0.1/armtools/bin/../lib/gcc/arm-atollic-eabi/5.3.1/../../../../arm-atollic-eabi/lib/armv7e-m/fpu\libc.a(lib_a-strlen.o)
                0x080001d0                strlen
 .text          0x080001e0       0xa0 e:/programs/stmicroelectronics/truestudio for arm 7.0.1/armtools/bin/../lib/gcc/arm-atollic-eabi/5.3.1/../../../../arm-atollic-eabi/lib/armv7e-m/fpu\libc.a(lib_a-memchr.o)
                0x080001e0                memchr
 .text          0x08000280      0x370 e:/programs/stmicroelectronics/truestudio for arm 7.0.1/armtools/bin/../lib/gcc/arm-atollic-eabi/5.3.1/armv7e-m/fpu\libgcc.a(_arm_addsubdf3.o)
                0x08000280                __aeabi_drsub
                0x08000288                __aeabi_dsub
                0x08000288                __subdf3
                0x0800028c                __aeabi_dadd
                0x0800028c                __adddf3
                0x08000504                __floatunsidf
                0x08000504                __aeabi_ui2d
                0x08000524                __floatsidf
                0x08000524                __aeabi_i2d
                0x08000548                __aeabi_f2d
                0x08000548                __extendsfdf2
                0x08000584                __floatundidf
                0x08000584                __aeabi_ul2d
                0x08000594                __floatdidf
                0x08000594                __aeabi_l2d
 .text          0x080005f0      0x424 e:/programs/stmicroelectronics/truestudio for arm 7.0.1/armtools/bin/../lib/gcc/arm-atollic-eabi/5.3.1/armv7e-m/fpu\libgcc.a(_arm_muldivdf3.o)
                0x080005f0                __aeabi_dmul
                0x080005f0                __muldf3
                0x08000844                __divdf3
                0x08000844                __aeabi_ddiv
 .text          0x08000a14      0x110 e:/programs/stmicroelectronics/truestudio for arm 7.0.1/armtools/bin/../lib/gcc/arm-atollic-eabi/5.3.1/armv7e-m/fpu\libgcc.a(_arm_cmpdf2.o)
                0x08000a14                __gtdf2
                0x08000a14                __gedf2
                0x08000a1c                __ltdf2
                0x08000a1c                __ledf2
                0x08000a24                __nedf2
                0x08000a24                __eqdf2
                0x08000a24                __cmpdf2
                0x08000aa0                __aeabi_cdrcmple
                0x08000ab0                __aeabi_cdcmpeq
                0x08000ab0                __aeabi_cdcmple
                0x08000ac0                __aeabi_dcmpeq
                0x08000ad4                __aeabi_dcmplt
                0x08000ae8                __aeabi_dcmple
                0x08000afc                __aeabi_dcmpge
                0x08000b10                __aeabi_dcmpgt
 .text          0x08000b24       0x2c e:/programs/stmicroelectronics/truestudio for arm 7.0.1/armtools/bin/../lib/gcc/arm-atollic-eabi/5.3.1/armv7e-m/fpu\libgcc.a(_arm_unorddf2.o)
                0x08000b24                __unorddf2
                0x08000b24                __aeabi_dcmpun
 .text          0x08000b50       0x50 e:/programs/stmicroelectronics/truestudio for arm 7.0.1/armtools/bin/../lib/gcc/arm-atollic-eabi/5.3.1/armv7e-m/fpu\libgcc.a(_arm_fixdfsi.o)
                0x08000b50                __aeabi_d2iz
                0x08000b50                __fixdfsi
 .text          0x08000ba0       0xa0 e:/programs/stmicroelectronics/truestudio for arm 7.0.1/armtools/bin/../lib/gcc/arm-atollic-eabi/5.3.1/armv7e-m/fpu\libgcc.a(_arm_truncdfsf2.o)
                0x08000ba0                __truncdfsf2
                0x08000ba0                __aeabi_d2f
 .text          0x08000c40       0x30 e:/programs/stmicroelectronics/truestudio for arm 7.0.1/armtools/bin/../lib/gcc/arm-atollic-eabi/5.3.1/armv7e-m/fpu\libgcc.a(_aeabi_uldivmod.o)
                0x08000c40                __aeabi_uldivmod
 .text          0x08000c70      0x2e4 e:/programs/stmicroelectronics/truestudio for arm 7.0.1/armtools/bin/../lib/gcc/arm-atollic-eabi/5.3.1/armv7e-m/fpu\libgcc.a(_udivmoddi4.o)
                0x08000c70                __udivmoddi4
 .text          0x08000f54        0x4 e:/programs/stmicroelectronics/truestudio for arm 7.0.1/armtools/bin/../lib/gcc/arm-atollic-eabi/5.3.1/armv7e-m/fpu\libgcc.a(_dvmd_tls.o)
                0x08000f54                __aeabi_idiv0
                0x08000f54                __aeabi_ldiv0
 *(.text*)
 .text.HAL_Init
                0x08000f58       0x34 Drivers\STM32F4xx_HAL_Driver\Src\stm32f4xx_hal.o
                0x08000f58                HAL_Init
 .text.HAL_IncTick
                0x08000f8c       0x10 Drivers\STM32F4xx_HAL_Driver\Src\stm32f4xx_hal.o
                0x08000f8c                HAL_IncTick
 .text.HAL_GetTick
                0x08000f9c        0xc Drivers\STM32F4xx_HAL_Driver\Src\stm32f4xx_hal.o
                0x08000f9c                HAL_GetTick
 .text.HAL_Delay
                0x08000fa8       0x20 Drivers\STM32F4xx_HAL_Driver\Src\stm32f4xx_hal.o
                0x08000fa8                HAL_Delay
 .text.HAL_NVIC_SetPriorityGrouping
                0x08000fc8       0x24 Drivers\STM32F4xx_HAL_Driver\Src\stm32f4xx_hal_cortex.o
                0x08000fc8                HAL_NVIC_SetPriorityGrouping
 .text.HAL_NVIC_SetPriority
                0x08000fec       0x68 Drivers\STM32F4xx_HAL_Driver\Src\stm32f4xx_hal_cortex.o
                0x08000fec                HAL_NVIC_SetPriority
 .text.HAL_NVIC_EnableIRQ
                0x08001054       0x18 Drivers\STM32F4xx_HAL_Driver\Src\stm32f4xx_hal_cortex.o
                0x08001054                HAL_NVIC_EnableIRQ
 .text.HAL_SYSTICK_Config
                0x0800106c       0x2c Drivers\STM32F4xx_HAL_Driver\Src\stm32f4xx_hal_cortex.o
                0x0800106c                HAL_SYSTICK_Config
 .text.HAL_SYSTICK_CLKSourceConfig
                0x08001098       0x18 Drivers\STM32F4xx_HAL_Driver\Src\stm32f4xx_hal_cortex.o
                0x08001098                HAL_SYSTICK_CLKSourceConfig
 .text.HAL_DMA_Abort_IT
                0x080010b0       0x24 Drivers\STM32F4xx_HAL_Driver\Src\stm32f4xx_hal_dma.o
                0x080010b0                HAL_DMA_Abort_IT
 .text.HAL_GPIO_Init
                0x080010d4      0x1c0 Drivers\STM32F4xx_HAL_Driver\Src\stm32f4xx_hal_gpio.o
                0x080010d4                HAL_GPIO_Init
 .text.HAL_GPIO_WritePin
                0x08001294        0x8 Drivers\STM32F4xx_HAL_Driver\Src\stm32f4xx_hal_gpio.o
                0x08001294                HAL_GPIO_WritePin
 .text.I2C_IsAcknowledgeFailed
                0x0800129c       0x2a Drivers\STM32F4xx_HAL_Driver\Src\stm32f4xx_hal_i2c.o
 .text.I2C_WaitOnMasterAddressFlagUntilTimeout
                0x080012c6       0x82 Drivers\STM32F4xx_HAL_Driver\Src\stm32f4xx_hal_i2c.o
 .text.I2C_WaitOnFlagUntilTimeout
                0x08001348       0x5e Drivers\STM32F4xx_HAL_Driver\Src\stm32f4xx_hal_i2c.o
 .text.I2C_WaitOnTXEFlagUntilTimeout
                0x080013a6       0x4c Drivers\STM32F4xx_HAL_Driver\Src\stm32f4xx_hal_i2c.o
 .text.I2C_WaitOnRXNEFlagUntilTimeout
                0x080013f2       0x5a Drivers\STM32F4xx_HAL_Driver\Src\stm32f4xx_hal_i2c.o
 .text.I2C_WaitOnBTFFlagUntilTimeout
                0x0800144c       0x4c Drivers\STM32F4xx_HAL_Driver\Src\stm32f4xx_hal_i2c.o
 .text.HAL_I2C_Init
                0x08001498       0xdc Drivers\STM32F4xx_HAL_Driver\Src\stm32f4xx_hal_i2c.o
                0x08001498                HAL_I2C_Init
 .text.HAL_I2C_Master_Transmit
                0x08001574      0x1b0 Drivers\STM32F4xx_HAL_Driver\Src\stm32f4xx_hal_i2c.o
                0x08001574                HAL_I2C_Master_Transmit
 .text.HAL_I2C_Master_Receive
                0x08001724      0x2e0 Drivers\STM32F4xx_HAL_Driver\Src\stm32f4xx_hal_i2c.o
                0x08001724                HAL_I2C_Master_Receive
 .text.HAL_I2C_MasterTxCpltCallback
                0x08001a04        0x2 Drivers\STM32F4xx_HAL_Driver\Src\stm32f4xx_hal_i2c.o
                0x08001a04                HAL_I2C_MasterTxCpltCallback
 .text.HAL_I2C_MasterRxCpltCallback
                0x08001a06        0x2 Drivers\STM32F4xx_HAL_Driver\Src\stm32f4xx_hal_i2c.o
                0x08001a06                HAL_I2C_MasterRxCpltCallback
 .text.HAL_I2C_SlaveTxCpltCallback
                0x08001a08        0x2 Drivers\STM32F4xx_HAL_Driver\Src\stm32f4xx_hal_i2c.o
                0x08001a08                HAL_I2C_SlaveTxCpltCallback
 .text.HAL_I2C_SlaveRxCpltCallback
                0x08001a0a        0x2 Drivers\STM32F4xx_HAL_Driver\Src\stm32f4xx_hal_i2c.o
                0x08001a0a                HAL_I2C_SlaveRxCpltCallback
 .text.HAL_I2C_AddrCallback
                0x08001a0c        0x2 Drivers\STM32F4xx_HAL_Driver\Src\stm32f4xx_hal_i2c.o
                0x08001a0c                HAL_I2C_AddrCallback
 .text.HAL_I2C_ListenCpltCallback
                0x08001a0e        0x2 Drivers\STM32F4xx_HAL_Driver\Src\stm32f4xx_hal_i2c.o
                0x08001a0e                HAL_I2C_ListenCpltCallback
 .text.HAL_I2C_MemTxCpltCallback
                0x08001a10        0x2 Drivers\STM32F4xx_HAL_Driver\Src\stm32f4xx_hal_i2c.o
                0x08001a10                HAL_I2C_MemTxCpltCallback
 .text.HAL_I2C_MemRxCpltCallback
                0x08001a12        0x2 Drivers\STM32F4xx_HAL_Driver\Src\stm32f4xx_hal_i2c.o
                0x08001a12                HAL_I2C_MemRxCpltCallback
 .text.HAL_I2C_ErrorCallback
                0x08001a14        0x2 Drivers\STM32F4xx_HAL_Driver\Src\stm32f4xx_hal_i2c.o
                0x08001a14                HAL_I2C_ErrorCallback
 .text.HAL_I2C_AbortCpltCallback
                0x08001a16        0x2 Drivers\STM32F4xx_HAL_Driver\Src\stm32f4xx_hal_i2c.o
                0x08001a16                HAL_I2C_AbortCpltCallback
 .text.I2C_ITError
                0x08001a18      0x128 Drivers\STM32F4xx_HAL_Driver\Src\stm32f4xx_hal_i2c.o
 .text.HAL_I2C_EV_IRQHandler
                0x08001b40      0x6a4 Drivers\STM32F4xx_HAL_Driver\Src\stm32f4xx_hal_i2c.o
                0x08001b40                HAL_I2C_EV_IRQHandler
 .text.I2C_DMAAbort
                0x080021e4       0x4c Drivers\STM32F4xx_HAL_Driver\Src\stm32f4xx_hal_i2c.o
 .text.HAL_RCC_OscConfig
                0x08002230      0x31c Drivers\STM32F4xx_HAL_Driver\Src\stm32f4xx_hal_rcc.o
                0x08002230                HAL_RCC_OscConfig
 .text.HAL_RCC_GetSysClockFreq
                0x0800254c       0x7c Drivers\STM32F4xx_HAL_Driver\Src\stm32f4xx_hal_rcc.o
                0x0800254c                HAL_RCC_GetSysClockFreq
 .text.HAL_RCC_ClockConfig
                0x080025c8      0x168 Drivers\STM32F4xx_HAL_Driver\Src\stm32f4xx_hal_rcc.o
                0x080025c8                HAL_RCC_ClockConfig
 .text.HAL_RCC_GetHCLKFreq
                0x08002730        0xc Drivers\STM32F4xx_HAL_Driver\Src\stm32f4xx_hal_rcc.o
                0x08002730                HAL_RCC_GetHCLKFreq
 .text.HAL_RCC_GetPCLK1Freq
                0x0800273c       0x30 Drivers\STM32F4xx_HAL_Driver\Src\stm32f4xx_hal_rcc.o
                0x0800273c                HAL_RCC_GetPCLK1Freq
 .text.HAL_RCC_GetPCLK2Freq
                0x0800276c       0x30 Drivers\STM32F4xx_HAL_Driver\Src\stm32f4xx_hal_rcc.o
                0x0800276c                HAL_RCC_GetPCLK2Freq
 .text.HAL_RCC_GetClockConfig
                0x0800279c       0x3c Drivers\STM32F4xx_HAL_Driver\Src\stm32f4xx_hal_rcc.o
                0x0800279c                HAL_RCC_GetClockConfig
 .text.HAL_TIM_Base_Start_IT
                0x080027d8       0x16 Drivers\STM32F4xx_HAL_Driver\Src\stm32f4xx_hal_tim.o
                0x080027d8                HAL_TIM_Base_Start_IT
 .text.HAL_TIM_OnePulse_MspInit
                0x080027ee        0x2 Drivers\STM32F4xx_HAL_Driver\Src\stm32f4xx_hal_tim.o
                0x080027ee                HAL_TIM_OnePulse_MspInit
 .text.HAL_TIM_OC_DelayElapsedCallback
                0x080027f0        0x2 Drivers\STM32F4xx_HAL_Driver\Src\stm32f4xx_hal_tim.o
                0x080027f0                HAL_TIM_OC_DelayElapsedCallback
 .text.HAL_TIM_IC_CaptureCallback
                0x080027f2        0x2 Drivers\STM32F4xx_HAL_Driver\Src\stm32f4xx_hal_tim.o
                0x080027f2                HAL_TIM_IC_CaptureCallback
 .text.HAL_TIM_PWM_PulseFinishedCallback
                0x080027f4        0x2 Drivers\STM32F4xx_HAL_Driver\Src\stm32f4xx_hal_tim.o
                0x080027f4                HAL_TIM_PWM_PulseFinishedCallback
 .text.HAL_TIM_TriggerCallback
                0x080027f6        0x2 Drivers\STM32F4xx_HAL_Driver\Src\stm32f4xx_hal_tim.o
                0x080027f6                HAL_TIM_TriggerCallback
 .text.HAL_TIM_IRQHandler
                0x080027f8      0x144 Drivers\STM32F4xx_HAL_Driver\Src\stm32f4xx_hal_tim.o
                0x080027f8                HAL_TIM_IRQHandler
 .text.TIM_Base_SetConfig
                0x0800293c       0xc8 Drivers\STM32F4xx_HAL_Driver\Src\stm32f4xx_hal_tim.o
                0x0800293c                TIM_Base_SetConfig
 .text.HAL_TIM_Base_Init
                0x08002a04       0x34 Drivers\STM32F4xx_HAL_Driver\Src\stm32f4xx_hal_tim.o
                0x08002a04                HAL_TIM_Base_Init
 .text.HAL_TIM_IC_Init
                0x08002a38       0x34 Drivers\STM32F4xx_HAL_Driver\Src\stm32f4xx_hal_tim.o
                0x08002a38                HAL_TIM_IC_Init
 .text.HAL_TIM_OnePulse_Init
                0x08002a6c       0x46 Drivers\STM32F4xx_HAL_Driver\Src\stm32f4xx_hal_tim.o
                0x08002a6c                HAL_TIM_OnePulse_Init
 *fill*         0x08002ab2        0x2 
 .text.TIM_TI1_SetConfig
                0x08002ab4       0x74 Drivers\STM32F4xx_HAL_Driver\Src\stm32f4xx_hal_tim.o
                0x08002ab4                TIM_TI1_SetConfig
 .text.HAL_TIM_IC_ConfigChannel
                0x08002b28      0x114 Drivers\STM32F4xx_HAL_Driver\Src\stm32f4xx_hal_tim.o
                0x08002b28                HAL_TIM_IC_ConfigChannel
 .text.HAL_TIMEx_MasterConfigSynchronization
                0x08002c3c       0x44 Drivers\STM32F4xx_HAL_Driver\Src\stm32f4xx_hal_tim_ex.o
                0x08002c3c                HAL_TIMEx_MasterConfigSynchronization
 .text.HAL_TIMEx_CommutationCallback
                0x08002c80        0x2 Drivers\STM32F4xx_HAL_Driver\Src\stm32f4xx_hal_tim_ex.o
                0x08002c80                HAL_TIMEx_CommutationCallback
 .text.HAL_TIMEx_BreakCallback
                0x08002c82        0x2 Drivers\STM32F4xx_HAL_Driver\Src\stm32f4xx_hal_tim_ex.o
                0x08002c82                HAL_TIMEx_BreakCallback
 .text.UART_EndRxTransfer
                0x08002c84       0x1a Drivers\STM32F4xx_HAL_Driver\Src\stm32f4xx_hal_uart.o
 *fill*         0x08002c9e        0x2 
 .text.UART_SetConfig
                0x08002ca0      0x23c Drivers\STM32F4xx_HAL_Driver\Src\stm32f4xx_hal_uart.o
 .text.UART_WaitOnFlagUntilTimeout.constprop.3
                0x08002edc       0x50 Drivers\STM32F4xx_HAL_Driver\Src\stm32f4xx_hal_uart.o
 .text.HAL_UART_Init
                0x08002f2c       0x5c Drivers\STM32F4xx_HAL_Driver\Src\stm32f4xx_hal_uart.o
                0x08002f2c                HAL_UART_Init
 .text.HAL_UART_Transmit
                0x08002f88       0xbc Drivers\STM32F4xx_HAL_Driver\Src\stm32f4xx_hal_uart.o
                0x08002f88                HAL_UART_Transmit
 .text.HAL_UART_Transmit_IT
                0x08003044       0x3e Drivers\STM32F4xx_HAL_Driver\Src\stm32f4xx_hal_uart.o
                0x08003044                HAL_UART_Transmit_IT
 .text.HAL_UART_Receive_IT
                0x08003082       0x46 Drivers\STM32F4xx_HAL_Driver\Src\stm32f4xx_hal_uart.o
                0x08003082                HAL_UART_Receive_IT
 .text.HAL_UART_TxCpltCallback
                0x080030c8        0x2 Drivers\STM32F4xx_HAL_Driver\Src\stm32f4xx_hal_uart.o
                0x080030c8                HAL_UART_TxCpltCallback
 .text.UART_Receive_IT
                0x080030ca       0x78 Drivers\STM32F4xx_HAL_Driver\Src\stm32f4xx_hal_uart.o
 .text.HAL_UART_ErrorCallback
                0x08003142        0x2 Drivers\STM32F4xx_HAL_Driver\Src\stm32f4xx_hal_uart.o
                0x08003142                HAL_UART_ErrorCallback
 .text.HAL_UART_IRQHandler
                0x08003144      0x140 Drivers\STM32F4xx_HAL_Driver\Src\stm32f4xx_hal_uart.o
                0x08003144                HAL_UART_IRQHandler
 .text.UART_DMAAbortOnError
                0x08003284       0x10 Drivers\STM32F4xx_HAL_Driver\Src\stm32f4xx_hal_uart.o
 .text.osKernelStart
                0x08003294        0xa Middlewares\Third_Party\FreeRTOS\Source\CMSIS_RTOS\cmsis_os.o
                0x08003294                osKernelStart
 .text.osThreadCreate
                0x0800329e       0x30 Middlewares\Third_Party\FreeRTOS\Source\CMSIS_RTOS\cmsis_os.o
                0x0800329e                osThreadCreate
 .text.osDelay  0x080032ce       0x10 Middlewares\Third_Party\FreeRTOS\Source\CMSIS_RTOS\cmsis_os.o
                0x080032ce                osDelay
 .text.osSystickHandler
                0x080032de       0x14 Middlewares\Third_Party\FreeRTOS\Source\CMSIS_RTOS\cmsis_os.o
                0x080032de                osSystickHandler
 .text.vListInitialise
                0x080032f2       0x16 Middlewares\Third_Party\FreeRTOS\Source\list.o
                0x080032f2                vListInitialise
 .text.vListInitialiseItem
                0x08003308        0x6 Middlewares\Third_Party\FreeRTOS\Source\list.o
                0x08003308                vListInitialiseItem
 .text.vListInsertEnd
                0x0800330e       0x18 Middlewares\Third_Party\FreeRTOS\Source\list.o
                0x0800330e                vListInsertEnd
 .text.vListInsert
                0x08003326       0x30 Middlewares\Third_Party\FreeRTOS\Source\list.o
                0x08003326                vListInsert
 .text.uxListRemove
                0x08003356       0x20 Middlewares\Third_Party\FreeRTOS\Source\list.o
                0x08003356                uxListRemove
 *fill*         0x08003376        0x2 
 .text.prvTaskExitError
                0x08003378       0x30 Middlewares\Third_Party\FreeRTOS\Source\portable\GCC\ARM_CM4F\port.o
 .text.prvPortStartFirstTask
                0x080033a8       0x20 Middlewares\Third_Party\FreeRTOS\Source\portable\GCC\ARM_CM4F\port.o
 .text.vPortEnableVFP
                0x080033c8       0x14 Middlewares\Third_Party\FreeRTOS\Source\portable\GCC\ARM_CM4F\port.o
 .text.pxPortInitialiseStack
                0x080033dc       0x2c Middlewares\Third_Party\FreeRTOS\Source\portable\GCC\ARM_CM4F\port.o
                0x080033dc                pxPortInitialiseStack
 *fill*         0x08003408        0x8 
 .text.SVC_Handler
                0x08003410       0x24 Middlewares\Third_Party\FreeRTOS\Source\portable\GCC\ARM_CM4F\port.o
                0x08003410                SVC_Handler
 .text.vPortEnterCritical
                0x08003434       0x44 Middlewares\Third_Party\FreeRTOS\Source\portable\GCC\ARM_CM4F\port.o
                0x08003434                vPortEnterCritical
 .text.vPortExitCritical
                0x08003478       0x28 Middlewares\Third_Party\FreeRTOS\Source\portable\GCC\ARM_CM4F\port.o
                0x08003478                vPortExitCritical
 .text.PendSV_Handler
                0x080034a0       0x64 Middlewares\Third_Party\FreeRTOS\Source\portable\GCC\ARM_CM4F\port.o
                0x080034a0                PendSV_Handler
 .text.xPortSysTickHandler
                0x08003504       0x2c Middlewares\Third_Party\FreeRTOS\Source\portable\GCC\ARM_CM4F\port.o
                0x08003504                xPortSysTickHandler
 .text.vPortSetupTimerInterrupt
                0x08003530       0x28 Middlewares\Third_Party\FreeRTOS\Source\portable\GCC\ARM_CM4F\port.o
                0x08003530                vPortSetupTimerInterrupt
 .text.xPortStartScheduler
                0x08003558       0xec Middlewares\Third_Party\FreeRTOS\Source\portable\GCC\ARM_CM4F\port.o
                0x08003558                xPortStartScheduler
 .text.unlikely.prvInsertBlockIntoFreeList
                0x08003644       0x48 Middlewares\Third_Party\FreeRTOS\Source\portable\MemMang\heap_4.o
 .text.pvPortMalloc
                0x0800368c      0x124 Middlewares\Third_Party\FreeRTOS\Source\portable\MemMang\heap_4.o
                0x0800368c                pvPortMalloc
 .text.vPortFree
                0x080037b0       0x70 Middlewares\Third_Party\FreeRTOS\Source\portable\MemMang\heap_4.o
                0x080037b0                vPortFree
 .text.prvResetNextTaskUnblockTime
                0x08003820       0x24 Middlewares\Third_Party\FreeRTOS\Source\tasks.o
 .text.prvAddCurrentTaskToDelayedList
                0x08003844       0x90 Middlewares\Third_Party\FreeRTOS\Source\tasks.o
 .text.xTaskCreate
                0x080038d4      0x1ac Middlewares\Third_Party\FreeRTOS\Source\tasks.o
                0x080038d4                xTaskCreate
 .text.vTaskStartScheduler
                0x08003a80       0x78 Middlewares\Third_Party\FreeRTOS\Source\tasks.o
                0x08003a80                vTaskStartScheduler
 .text.vTaskSuspendAll
                0x08003af8       0x10 Middlewares\Third_Party\FreeRTOS\Source\tasks.o
                0x08003af8                vTaskSuspendAll
 .text.xTaskIncrementTick
                0x08003b08      0x130 Middlewares\Third_Party\FreeRTOS\Source\tasks.o
                0x08003b08                xTaskIncrementTick
 .text.xTaskResumeAll
                0x08003c38       0xf0 Middlewares\Third_Party\FreeRTOS\Source\tasks.o
                0x08003c38                xTaskResumeAll
 .text.vTaskDelay
                0x08003d28       0x48 Middlewares\Third_Party\FreeRTOS\Source\tasks.o
                0x08003d28                vTaskDelay
 .text.prvIdleTask
                0x08003d70       0x78 Middlewares\Third_Party\FreeRTOS\Source\tasks.o
 .text.vTaskSwitchContext
                0x08003de8       0x74 Middlewares\Third_Party\FreeRTOS\Source\tasks.o
                0x08003de8                vTaskSwitchContext
 .text.xTaskGetSchedulerState
                0x08003e5c       0x20 Middlewares\Third_Party\FreeRTOS\Source\tasks.o
                0x08003e5c                xTaskGetSchedulerState
 .text.GetAccelerometerData
                0x08003e7c       0x6c Src\Accelerometer.o
                0x08003e7c                GetAccelerometerData
 .text.GetGyroData
                0x08003ee8       0x6c Src\Accelerometer.o
                0x08003ee8                GetGyroData
 .text.AccelerometerInit
                0x08003f54      0x180 Src\Accelerometer.o
                0x08003f54                AccelerometerInit
 *fill*         0x080040d4        0x4 
 .text.ComplementaryFilter
                0x080040d8      0x1c8 Src\Accelerometer.o
                0x080040d8                ComplementaryFilter
 .text.GSM_Parse
                0x080042a0       0x90 Src\GSM.o
                0x080042a0                GSM_Parse
 .text.GSM_ConfigureSMS
                0x08004330       0x24 Src\GSM.o
                0x08004330                GSM_ConfigureSMS
 .text.GSM_SetNumber
                0x08004354       0x3c Src\GSM.o
                0x08004354                GSM_SetNumber
 .text.GSM_SendTestMessage
                0x08004390       0x70 Src\GSM.o
                0x08004390                GSM_SendTestMessage
 .text.GSM_SendSMS
                0x08004400       0x5c Src\GSM.o
                0x08004400                GSM_SendSMS
 .text.GSM_Init
                0x0800445c       0x6c Src\GSM.o
                0x0800445c                GSM_Init
 .text._write   0x080044c8       0x18 Src\debug.o
                0x080044c8                _write
 .text.StartDefaultTask
                0x080044e0        0xa Src\freertos.o
                0x080044e0                StartDefaultTask
 *fill*         0x080044ea        0x2 
 .text.MPU6050_Reader
                0x080044ec       0x28 Src\freertos.o
                0x080044ec                MPU6050_Reader
 .text.DebugPrinter
                0x08004514       0x28 Src\freertos.o
                0x08004514                DebugPrinter
 .text.SMS_Sender
                0x0800453c       0x34 Src\freertos.o
                0x0800453c                SMS_Sender
 .text.MX_FREERTOS_Init
                0x08004570       0x74 Src\freertos.o
                0x08004570                MX_FREERTOS_Init
 .text.MX_GPIO_Init
                0x080045e4       0xa4 Src\gpio.o
                0x080045e4                MX_GPIO_Init
 .text.searchCRLF
                0x08004688      0x154 Src\gps.o
                0x08004688                searchCRLF
 .text.GPSInit  0x080047dc       0x5c Src\gps.o
                0x080047dc                GPSInit
 .text.MX_I2C1_Init
                0x08004838       0x40 Src\i2c.o
                0x08004838                MX_I2C1_Init
 .text.MX_I2C2_Init
                0x08004878       0x40 Src\i2c.o
                0x08004878                MX_I2C2_Init
 .text.HAL_I2C_MspInit
                0x080048b8       0xb0 Src\i2c.o
                0x080048b8                HAL_I2C_MspInit
 .text.HAL_UART_RxCpltCallback
                0x08004968       0x8c Src\main.o
                0x08004968                HAL_UART_RxCpltCallback
 .text.SystemClock_Config
                0x080049f4       0xa8 Src\main.o
                0x080049f4                SystemClock_Config
 .text.startup.main
                0x08004a9c       0x88 Src\main.o
                0x08004a9c                main
 .text.HAL_TIM_PeriodElapsedCallback
                0x08004b24       0x14 Src\main.o
                0x08004b24                HAL_TIM_PeriodElapsedCallback
 .text.Error_Handler
                0x08004b38        0x2 Src\main.o
                0x08004b38                Error_Handler
 .text.HAL_MspInit
                0x08004b3a       0x60 Src\stm32f4xx_hal_msp.o
                0x08004b3a                HAL_MspInit
 *fill*         0x08004b9a        0x2 
 .text.HAL_InitTick
                0x08004b9c       0x7c Src\stm32f4xx_hal_timebase_TIM.o
                0x08004b9c                HAL_InitTick
 .text.NMI_Handler
                0x08004c18        0x2 Src\stm32f4xx_it.o
                0x08004c18                NMI_Handler
 .text.HardFault_Handler
                0x08004c1a        0x2 Src\stm32f4xx_it.o
                0x08004c1a                HardFault_Handler
 .text.MemManage_Handler
                0x08004c1c        0x2 Src\stm32f4xx_it.o
                0x08004c1c                MemManage_Handler
 .text.BusFault_Handler
                0x08004c1e        0x2 Src\stm32f4xx_it.o
                0x08004c1e                BusFault_Handler
 .text.UsageFault_Handler
                0x08004c20        0x2 Src\stm32f4xx_it.o
                0x08004c20                UsageFault_Handler
 .text.DebugMon_Handler
                0x08004c22        0x2 Src\stm32f4xx_it.o
                0x08004c22                DebugMon_Handler
 .text.SysTick_Handler
                0x08004c24        0x4 Src\stm32f4xx_it.o
                0x08004c24                SysTick_Handler
 .text.TIM1_UP_TIM10_IRQHandler
                0x08004c28        0xc Src\stm32f4xx_it.o
                0x08004c28                TIM1_UP_TIM10_IRQHandler
 .text.TIM2_IRQHandler
                0x08004c34        0xc Src\stm32f4xx_it.o
                0x08004c34                TIM2_IRQHandler
 .text.I2C1_EV_IRQHandler
                0x08004c40        0xc Src\stm32f4xx_it.o
                0x08004c40                I2C1_EV_IRQHandler
 .text.I2C2_EV_IRQHandler
                0x08004c4c        0xc Src\stm32f4xx_it.o
                0x08004c4c                I2C2_EV_IRQHandler
 .text.USART1_IRQHandler
                0x08004c58        0xc Src\stm32f4xx_it.o
                0x08004c58                USART1_IRQHandler
 .text.USART2_IRQHandler
                0x08004c64        0xc Src\stm32f4xx_it.o
                0x08004c64                USART2_IRQHandler
 .text.UART4_IRQHandler
                0x08004c70        0xc Src\stm32f4xx_it.o
                0x08004c70                UART4_IRQHandler
 .text.TIM7_IRQHandler
                0x08004c7c        0xc Src\stm32f4xx_it.o
                0x08004c7c                TIM7_IRQHandler
 .text.SystemInit
                0x08004c88       0x4c Src\system_stm32f4xx.o
                0x08004c88                SystemInit
 .text.MX_TIM2_Init
                0x08004cd4       0x60 Src\tim.o
                0x08004cd4                MX_TIM2_Init
 .text.MX_TIM7_Init
                0x08004d34       0x4c Src\tim.o
                0x08004d34                MX_TIM7_Init
 .text.HAL_TIM_IC_MspInit
                0x08004d80       0x54 Src\tim.o
                0x08004d80                HAL_TIM_IC_MspInit
 .text.HAL_TIM_Base_MspInit
                0x08004dd4       0x3c Src\tim.o
                0x08004dd4                HAL_TIM_Base_MspInit
 .text.MX_UART4_Init
                0x08004e10       0x38 Src\usart.o
                0x08004e10                MX_UART4_Init
 .text.MX_USART1_UART_Init
                0x08004e48       0x38 Src\usart.o
                0x08004e48                MX_USART1_UART_Init
 .text.MX_USART2_UART_Init
                0x08004e80       0x38 Src\usart.o
                0x08004e80                MX_USART2_UART_Init
 .text.HAL_UART_MspInit
                0x08004eb8      0x100 Src\usart.o
                0x08004eb8                HAL_UART_MspInit
 .text.Reset_Handler
                0x08004fb8       0x50 startup\startup_stm32f417xx.o
                0x08004fb8                Reset_Handler
 .text.Default_Handler
                0x08005008        0x2 startup\startup_stm32f417xx.o
                0x08005008                RTC_Alarm_IRQHandler
                0x08005008                HASH_RNG_IRQHandler
                0x08005008                EXTI2_IRQHandler
                0x08005008                TIM8_CC_IRQHandler
                0x08005008                TIM1_CC_IRQHandler
                0x08005008                DMA2_Stream5_IRQHandler
                0x08005008                DMA1_Stream5_IRQHandler
                0x08005008                PVD_IRQHandler
                0x08005008                SDIO_IRQHandler
                0x08005008                TAMP_STAMP_IRQHandler
                0x08005008                CAN2_RX1_IRQHandler
                0x08005008                EXTI3_IRQHandler
                0x08005008                TIM8_TRG_COM_TIM14_IRQHandler
                0x08005008                TIM8_UP_TIM13_IRQHandler
                0x08005008                I2C3_ER_IRQHandler
                0x08005008                EXTI0_IRQHandler
                0x08005008                DMA1_Stream2_IRQHandler
                0x08005008                CAN1_RX0_IRQHandler
                0x08005008                FPU_IRQHandler
                0x08005008                OTG_HS_WKUP_IRQHandler
                0x08005008                CAN2_SCE_IRQHandler
                0x08005008                DMA2_Stream2_IRQHandler
                0x08005008                SPI1_IRQHandler
                0x08005008                TIM6_DAC_IRQHandler
                0x08005008                TIM1_BRK_TIM9_IRQHandler
                0x08005008                DCMI_IRQHandler
                0x08005008                CAN2_RX0_IRQHandler
                0x08005008                DMA2_Stream3_IRQHandler
                0x08005008                USART6_IRQHandler
                0x08005008                USART3_IRQHandler
                0x08005008                CRYP_IRQHandler
                0x08005008                CAN1_RX1_IRQHandler
                0x08005008                UART5_IRQHandler
                0x08005008                DMA2_Stream0_IRQHandler
                0x08005008                TIM4_IRQHandler
                0x08005008                DMA1_Stream6_IRQHandler
                0x08005008                DMA1_Stream1_IRQHandler
                0x08005008                TIM3_IRQHandler
                0x08005008                RCC_IRQHandler
                0x08005008                TIM8_BRK_TIM12_IRQHandler
                0x08005008                Default_Handler
                0x08005008                EXTI15_10_IRQHandler
                0x08005008                ADC_IRQHandler
                0x08005008                DMA1_Stream7_IRQHandler
                0x08005008                CAN2_TX_IRQHandler
                0x08005008                TIM5_IRQHandler
                0x08005008                DMA2_Stream7_IRQHandler
                0x08005008                I2C3_EV_IRQHandler
                0x08005008                EXTI9_5_IRQHandler
                0x08005008                RTC_WKUP_IRQHandler
                0x08005008                ETH_WKUP_IRQHandler
                0x08005008                SPI2_IRQHandler
                0x08005008                OTG_HS_EP1_IN_IRQHandler
                0x08005008                DMA1_Stream0_IRQHandler
                0x08005008                CAN1_TX_IRQHandler
                0x08005008                EXTI4_IRQHandler
                0x08005008                FSMC_IRQHandler
                0x08005008                ETH_IRQHandler
                0x08005008                OTG_HS_EP1_OUT_IRQHandler
                0x08005008                WWDG_IRQHandler
                0x08005008                OTG_FS_WKUP_IRQHandler
                0x08005008                TIM1_TRG_COM_TIM11_IRQHandler
                0x08005008                OTG_HS_IRQHandler
                0x08005008                EXTI1_IRQHandler
                0x08005008                I2C2_ER_IRQHandler
                0x08005008                DMA2_Stream1_IRQHandler
                0x08005008                CAN1_SCE_IRQHandler
                0x08005008                FLASH_IRQHandler
                0x08005008                DMA2_Stream4_IRQHandler
                0x08005008                OTG_FS_IRQHandler
                0x08005008                SPI3_IRQHandler
                0x08005008                DMA1_Stream4_IRQHandler
                0x08005008                I2C1_ER_IRQHandler
                0x08005008                DMA2_Stream6_IRQHandler
                0x08005008                DMA1_Stream3_IRQHandler
 *fill*         0x0800500a        0x2 
 .text.__libc_init_array
                0x0800500c       0x4c e:/programs/stmicroelectronics/truestudio for arm 7.0.1/armtools/bin/../lib/gcc/arm-atollic-eabi/5.3.1/../../../../arm-atollic-eabi/lib/armv7e-m/fpu\libc.a(lib_a-init.o)
                0x0800500c                __libc_init_array
 .text.malloc   0x08005058       0x10 e:/programs/stmicroelectronics/truestudio for arm 7.0.1/armtools/bin/../lib/gcc/arm-atollic-eabi/5.3.1/../../../../arm-atollic-eabi/lib/armv7e-m/fpu\libc.a(lib_a-malloc.o)
                0x08005058                malloc
 .text._malloc_r
                0x08005068      0x440 e:/programs/stmicroelectronics/truestudio for arm 7.0.1/armtools/bin/../lib/gcc/arm-atollic-eabi/5.3.1/../../../../arm-atollic-eabi/lib/armv7e-m/fpu\libc.a(lib_a-mallocr.o)
                0x08005068                _malloc_r
 .text.memcpy   0x080054a8       0x16 e:/programs/stmicroelectronics/truestudio for arm 7.0.1/armtools/bin/../lib/gcc/arm-atollic-eabi/5.3.1/../../../../arm-atollic-eabi/lib/armv7e-m/fpu\libc.a(lib_a-memcpy-stub.o)
                0x080054a8                memcpy
 .text.memset   0x080054be       0x10 e:/programs/stmicroelectronics/truestudio for arm 7.0.1/armtools/bin/../lib/gcc/arm-atollic-eabi/5.3.1/../../../../arm-atollic-eabi/lib/armv7e-m/fpu\libc.a(lib_a-memset.o)
                0x080054be                memset
 .text.__malloc_lock
                0x080054ce        0x2 e:/programs/stmicroelectronics/truestudio for arm 7.0.1/armtools/bin/../lib/gcc/arm-atollic-eabi/5.3.1/../../../../arm-atollic-eabi/lib/armv7e-m/fpu\libc.a(lib_a-mlock.o)
                0x080054ce                __malloc_lock
 .text.__malloc_unlock
                0x080054d0        0x2 e:/programs/stmicroelectronics/truestudio for arm 7.0.1/armtools/bin/../lib/gcc/arm-atollic-eabi/5.3.1/../../../../arm-atollic-eabi/lib/armv7e-m/fpu\libc.a(lib_a-mlock.o)
                0x080054d0                __malloc_unlock
 *fill*         0x080054d2        0x2 
 .text.printf   0x080054d4       0x30 e:/programs/stmicroelectronics/truestudio for arm 7.0.1/armtools/bin/../lib/gcc/arm-atollic-eabi/5.3.1/../../../../arm-atollic-eabi/lib/armv7e-m/fpu\libc.a(lib_a-printf.o)
                0x080054d4                printf
 .text._puts_r  0x08005504       0x98 e:/programs/stmicroelectronics/truestudio for arm 7.0.1/armtools/bin/../lib/gcc/arm-atollic-eabi/5.3.1/../../../../arm-atollic-eabi/lib/armv7e-m/fpu\libc.a(lib_a-puts.o)
                0x08005504                _puts_r
 .text.puts     0x0800559c       0x10 e:/programs/stmicroelectronics/truestudio for arm 7.0.1/armtools/bin/../lib/gcc/arm-atollic-eabi/5.3.1/../../../../arm-atollic-eabi/lib/armv7e-m/fpu\libc.a(lib_a-puts.o)
                0x0800559c                puts
 .text._sbrk_r  0x080055ac       0x20 e:/programs/stmicroelectronics/truestudio for arm 7.0.1/armtools/bin/../lib/gcc/arm-atollic-eabi/5.3.1/../../../../arm-atollic-eabi/lib/armv7e-m/fpu\libc.a(lib_a-sbrkr.o)
                0x080055ac                _sbrk_r
 .text.sprintf  0x080055cc       0x48 e:/programs/stmicroelectronics/truestudio for arm 7.0.1/armtools/bin/../lib/gcc/arm-atollic-eabi/5.3.1/../../../../arm-atollic-eabi/lib/armv7e-m/fpu\libc.a(lib_a-sprintf.o)
                0x080055cc                sprintf
 .text.strcpy   0x08005614       0x10 e:/programs/stmicroelectronics/truestudio for arm 7.0.1/armtools/bin/../lib/gcc/arm-atollic-eabi/5.3.1/../../../../arm-atollic-eabi/lib/armv7e-m/fpu\libc.a(lib_a-strcpy.o)
                0x08005614                strcpy
 .text.strstr   0x08005624       0x34 e:/programs/stmicroelectronics/truestudio for arm 7.0.1/armtools/bin/../lib/gcc/arm-atollic-eabi/5.3.1/../../../../arm-atollic-eabi/lib/armv7e-m/fpu\libc.a(lib_a-strstr.o)
                0x08005624                strstr
 .text._svfprintf_r
                0x08005658      0xf84 e:/programs/stmicroelectronics/truestudio for arm 7.0.1/armtools/bin/../lib/gcc/arm-atollic-eabi/5.3.1/../../../../arm-atollic-eabi/lib/armv7e-m/fpu\libc.a(lib_a-svfprintf.o)
                0x08005658                _svfprintf_r
 *fill*         0x080065dc        0x4 
 .text._vfprintf_r
                0x080065e0      0xff4 e:/programs/stmicroelectronics/truestudio for arm 7.0.1/armtools/bin/../lib/gcc/arm-atollic-eabi/5.3.1/../../../../arm-atollic-eabi/lib/armv7e-m/fpu\libc.a(lib_a-vfprintf.o)
                0x080065e0                _vfprintf_r
 .text.__sbprintf
                0x080075d4       0x6c e:/programs/stmicroelectronics/truestudio for arm 7.0.1/armtools/bin/../lib/gcc/arm-atollic-eabi/5.3.1/../../../../arm-atollic-eabi/lib/armv7e-m/fpu\libc.a(lib_a-vfprintf.o)
 .text.__swsetup_r
                0x08007640       0xdc e:/programs/stmicroelectronics/truestudio for arm 7.0.1/armtools/bin/../lib/gcc/arm-atollic-eabi/5.3.1/../../../../arm-atollic-eabi/lib/armv7e-m/fpu\libc.a(lib_a-wsetup.o)
                0x08007640                __swsetup_r
 .text.quorem   0x0800771c      0x11e e:/programs/stmicroelectronics/truestudio for arm 7.0.1/armtools/bin/../lib/gcc/arm-atollic-eabi/5.3.1/../../../../arm-atollic-eabi/lib/armv7e-m/fpu\libc.a(lib_a-dtoa.o)
 *fill*         0x0800783a        0x6 
 .text._dtoa_r  0x08007840      0xb40 e:/programs/stmicroelectronics/truestudio for arm 7.0.1/armtools/bin/../lib/gcc/arm-atollic-eabi/5.3.1/../../../../arm-atollic-eabi/lib/armv7e-m/fpu\libc.a(lib_a-dtoa.o)
                0x08007840                _dtoa_r
 .text.__sflush_r
                0x08008380      0x120 e:/programs/stmicroelectronics/truestudio for arm 7.0.1/armtools/bin/../lib/gcc/arm-atollic-eabi/5.3.1/../../../../arm-atollic-eabi/lib/armv7e-m/fpu\libc.a(lib_a-fflush.o)
                0x08008380                __sflush_r
 .text._fflush_r
                0x080084a0       0x54 e:/programs/stmicroelectronics/truestudio for arm 7.0.1/armtools/bin/../lib/gcc/arm-atollic-eabi/5.3.1/../../../../arm-atollic-eabi/lib/armv7e-m/fpu\libc.a(lib_a-fflush.o)
                0x080084a0                _fflush_r
 .text._cleanup_r
                0x080084f4        0xc e:/programs/stmicroelectronics/truestudio for arm 7.0.1/armtools/bin/../lib/gcc/arm-atollic-eabi/5.3.1/../../../../arm-atollic-eabi/lib/armv7e-m/fpu\libc.a(lib_a-findfp.o)
                0x080084f4                _cleanup_r
 .text.std.isra.0
                0x08008500       0x48 e:/programs/stmicroelectronics/truestudio for arm 7.0.1/armtools/bin/../lib/gcc/arm-atollic-eabi/5.3.1/../../../../arm-atollic-eabi/lib/armv7e-m/fpu\libc.a(lib_a-findfp.o)
 .text.__sfmoreglue
                0x08008548       0x2c e:/programs/stmicroelectronics/truestudio for arm 7.0.1/armtools/bin/../lib/gcc/arm-atollic-eabi/5.3.1/../../../../arm-atollic-eabi/lib/armv7e-m/fpu\libc.a(lib_a-findfp.o)
                0x08008548                __sfmoreglue
 .text.__sinit  0x08008574       0x68 e:/programs/stmicroelectronics/truestudio for arm 7.0.1/armtools/bin/../lib/gcc/arm-atollic-eabi/5.3.1/../../../../arm-atollic-eabi/lib/armv7e-m/fpu\libc.a(lib_a-findfp.o)
                0x08008574                __sinit
 .text.__sfp    0x080085dc       0x78 e:/programs/stmicroelectronics/truestudio for arm 7.0.1/armtools/bin/../lib/gcc/arm-atollic-eabi/5.3.1/../../../../arm-atollic-eabi/lib/armv7e-m/fpu\libc.a(lib_a-findfp.o)
                0x080085dc                __sfp
 .text.__sfp_lock_acquire
                0x08008654        0x2 e:/programs/stmicroelectronics/truestudio for arm 7.0.1/armtools/bin/../lib/gcc/arm-atollic-eabi/5.3.1/../../../../arm-atollic-eabi/lib/armv7e-m/fpu\libc.a(lib_a-findfp.o)
                0x08008654                __sfp_lock_acquire
 .text.__sfp_lock_release
                0x08008656        0x2 e:/programs/stmicroelectronics/truestudio for arm 7.0.1/armtools/bin/../lib/gcc/arm-atollic-eabi/5.3.1/../../../../arm-atollic-eabi/lib/armv7e-m/fpu\libc.a(lib_a-findfp.o)
                0x08008656                __sfp_lock_release
 .text._malloc_trim_r
                0x08008658       0xac e:/programs/stmicroelectronics/truestudio for arm 7.0.1/armtools/bin/../lib/gcc/arm-atollic-eabi/5.3.1/../../../../arm-atollic-eabi/lib/armv7e-m/fpu\libc.a(lib_a-freer.o)
                0x08008658                _malloc_trim_r
 .text._free_r  0x08008704      0x17c e:/programs/stmicroelectronics/truestudio for arm 7.0.1/armtools/bin/../lib/gcc/arm-atollic-eabi/5.3.1/../../../../arm-atollic-eabi/lib/armv7e-m/fpu\libc.a(lib_a-freer.o)
                0x08008704                _free_r
 .text.__sfvwrite_r
                0x08008880      0x294 e:/programs/stmicroelectronics/truestudio for arm 7.0.1/armtools/bin/../lib/gcc/arm-atollic-eabi/5.3.1/../../../../arm-atollic-eabi/lib/armv7e-m/fpu\libc.a(lib_a-fvwrite.o)
                0x08008880                __sfvwrite_r
 .text._fwalk_reent
                0x08008b14       0x3c e:/programs/stmicroelectronics/truestudio for arm 7.0.1/armtools/bin/../lib/gcc/arm-atollic-eabi/5.3.1/../../../../arm-atollic-eabi/lib/armv7e-m/fpu\libc.a(lib_a-fwalk.o)
                0x08008b14                _fwalk_reent
 .text.__locale_charset
                0x08008b50        0x8 e:/programs/stmicroelectronics/truestudio for arm 7.0.1/armtools/bin/../lib/gcc/arm-atollic-eabi/5.3.1/../../../../arm-atollic-eabi/lib/armv7e-m/fpu\libc.a(lib_a-locale.o)
                0x08008b50                __locale_charset
 .text.__locale_mb_cur_max
                0x08008b58        0xc e:/programs/stmicroelectronics/truestudio for arm 7.0.1/armtools/bin/../lib/gcc/arm-atollic-eabi/5.3.1/../../../../arm-atollic-eabi/lib/armv7e-m/fpu\libc.a(lib_a-locale.o)
                0x08008b58                __locale_mb_cur_max
 .text._localeconv_r
                0x08008b64        0x8 e:/programs/stmicroelectronics/truestudio for arm 7.0.1/armtools/bin/../lib/gcc/arm-atollic-eabi/5.3.1/../../../../arm-atollic-eabi/lib/armv7e-m/fpu\libc.a(lib_a-locale.o)
                0x08008b64                _localeconv_r
 .text.__swhatbuf_r
                0x08008b6c       0x58 e:/programs/stmicroelectronics/truestudio for arm 7.0.1/armtools/bin/../lib/gcc/arm-atollic-eabi/5.3.1/../../../../arm-atollic-eabi/lib/armv7e-m/fpu\libc.a(lib_a-makebuf.o)
                0x08008b6c                __swhatbuf_r
 .text.__smakebuf_r
                0x08008bc4       0x78 e:/programs/stmicroelectronics/truestudio for arm 7.0.1/armtools/bin/../lib/gcc/arm-atollic-eabi/5.3.1/../../../../arm-atollic-eabi/lib/armv7e-m/fpu\libc.a(lib_a-makebuf.o)
                0x08008bc4                __smakebuf_r
 .text.memmove  0x08008c3c       0x36 e:/programs/stmicroelectronics/truestudio for arm 7.0.1/armtools/bin/../lib/gcc/arm-atollic-eabi/5.3.1/../../../../arm-atollic-eabi/lib/armv7e-m/fpu\libc.a(lib_a-memmove.o)
                0x08008c3c                memmove
 .text._Balloc  0x08008c72       0x6a e:/programs/stmicroelectronics/truestudio for arm 7.0.1/armtools/bin/../lib/gcc/arm-atollic-eabi/5.3.1/../../../../arm-atollic-eabi/lib/armv7e-m/fpu\libc.a(lib_a-mprec.o)
                0x08008c72                _Balloc
 .text._Bfree   0x08008cdc       0x2e e:/programs/stmicroelectronics/truestudio for arm 7.0.1/armtools/bin/../lib/gcc/arm-atollic-eabi/5.3.1/../../../../arm-atollic-eabi/lib/armv7e-m/fpu\libc.a(lib_a-mprec.o)
                0x08008cdc                _Bfree
 .text.__multadd
                0x08008d0a       0x76 e:/programs/stmicroelectronics/truestudio for arm 7.0.1/armtools/bin/../lib/gcc/arm-atollic-eabi/5.3.1/../../../../arm-atollic-eabi/lib/armv7e-m/fpu\libc.a(lib_a-mprec.o)
                0x08008d0a                __multadd
 .text.__hi0bits
                0x08008d80       0x40 e:/programs/stmicroelectronics/truestudio for arm 7.0.1/armtools/bin/../lib/gcc/arm-atollic-eabi/5.3.1/../../../../arm-atollic-eabi/lib/armv7e-m/fpu\libc.a(lib_a-mprec.o)
                0x08008d80                __hi0bits
 .text.__lo0bits
                0x08008dc0       0x5a e:/programs/stmicroelectronics/truestudio for arm 7.0.1/armtools/bin/../lib/gcc/arm-atollic-eabi/5.3.1/../../../../arm-atollic-eabi/lib/armv7e-m/fpu\libc.a(lib_a-mprec.o)
                0x08008dc0                __lo0bits
 .text.__i2b    0x08008e1a       0x12 e:/programs/stmicroelectronics/truestudio for arm 7.0.1/armtools/bin/../lib/gcc/arm-atollic-eabi/5.3.1/../../../../arm-atollic-eabi/lib/armv7e-m/fpu\libc.a(lib_a-mprec.o)
                0x08008e1a                __i2b
 .text.__multiply
                0x08008e2c      0x122 e:/programs/stmicroelectronics/truestudio for arm 7.0.1/armtools/bin/../lib/gcc/arm-atollic-eabi/5.3.1/../../../../arm-atollic-eabi/lib/armv7e-m/fpu\libc.a(lib_a-mprec.o)
                0x08008e2c                __multiply
 *fill*         0x08008f4e        0x2 
 .text.__pow5mult
                0x08008f50       0x9c e:/programs/stmicroelectronics/truestudio for arm 7.0.1/armtools/bin/../lib/gcc/arm-atollic-eabi/5.3.1/../../../../arm-atollic-eabi/lib/armv7e-m/fpu\libc.a(lib_a-mprec.o)
                0x08008f50                __pow5mult
 .text.__lshift
                0x08008fec       0xa2 e:/programs/stmicroelectronics/truestudio for arm 7.0.1/armtools/bin/../lib/gcc/arm-atollic-eabi/5.3.1/../../../../arm-atollic-eabi/lib/armv7e-m/fpu\libc.a(lib_a-mprec.o)
                0x08008fec                __lshift
 .text.__mcmp   0x0800908e       0x38 e:/programs/stmicroelectronics/truestudio for arm 7.0.1/armtools/bin/../lib/gcc/arm-atollic-eabi/5.3.1/../../../../arm-atollic-eabi/lib/armv7e-m/fpu\libc.a(lib_a-mprec.o)
                0x0800908e                __mcmp
 .text.__mdiff  0x080090c6       0xbe e:/programs/stmicroelectronics/truestudio for arm 7.0.1/armtools/bin/../lib/gcc/arm-atollic-eabi/5.3.1/../../../../arm-atollic-eabi/lib/armv7e-m/fpu\libc.a(lib_a-mprec.o)
                0x080090c6                __mdiff
 .text.__d2b    0x08009184       0x9c e:/programs/stmicroelectronics/truestudio for arm 7.0.1/armtools/bin/../lib/gcc/arm-atollic-eabi/5.3.1/../../../../arm-atollic-eabi/lib/armv7e-m/fpu\libc.a(lib_a-mprec.o)
                0x08009184                __d2b
 .text._realloc_r
                0x08009220      0x350 e:/programs/stmicroelectronics/truestudio for arm 7.0.1/armtools/bin/../lib/gcc/arm-atollic-eabi/5.3.1/../../../../arm-atollic-eabi/lib/armv7e-m/fpu\libc.a(lib_a-reallocr.o)
                0x08009220                _realloc_r
 .text.__sread  0x08009570       0x22 e:/programs/stmicroelectronics/truestudio for arm 7.0.1/armtools/bin/../lib/gcc/arm-atollic-eabi/5.3.1/../../../../arm-atollic-eabi/lib/armv7e-m/fpu\libc.a(lib_a-stdio.o)
                0x08009570                __sread
 .text.__swrite
                0x08009592       0x38 e:/programs/stmicroelectronics/truestudio for arm 7.0.1/armtools/bin/../lib/gcc/arm-atollic-eabi/5.3.1/../../../../arm-atollic-eabi/lib/armv7e-m/fpu\libc.a(lib_a-stdio.o)
                0x08009592                __swrite
 .text.__sseek  0x080095ca       0x24 e:/programs/stmicroelectronics/truestudio for arm 7.0.1/armtools/bin/../lib/gcc/arm-atollic-eabi/5.3.1/../../../../arm-atollic-eabi/lib/armv7e-m/fpu\libc.a(lib_a-stdio.o)
                0x080095ca                __sseek
 .text.__sclose
                0x080095ee        0x8 e:/programs/stmicroelectronics/truestudio for arm 7.0.1/armtools/bin/../lib/gcc/arm-atollic-eabi/5.3.1/../../../../arm-atollic-eabi/lib/armv7e-m/fpu\libc.a(lib_a-stdio.o)
                0x080095ee                __sclose
 .text.__ssprint_r
                0x080095f6       0xfe e:/programs/stmicroelectronics/truestudio for arm 7.0.1/armtools/bin/../lib/gcc/arm-atollic-eabi/5.3.1/../../../../arm-atollic-eabi/lib/armv7e-m/fpu\libc.a(lib_a-svfiprintf.o)
                0x080095f6                __ssprint_r
 .text.__sprint_r
                0x080096f4       0x64 e:/programs/stmicroelectronics/truestudio for arm 7.0.1/armtools/bin/../lib/gcc/arm-atollic-eabi/5.3.1/../../../../arm-atollic-eabi/lib/armv7e-m/fpu\libc.a(lib_a-vfiprintf.o)
                0x080096f4                __sprint_r
 .text._write_r
                0x08009758       0x24 e:/programs/stmicroelectronics/truestudio for arm 7.0.1/armtools/bin/../lib/gcc/arm-atollic-eabi/5.3.1/../../../../arm-atollic-eabi/lib/armv7e-m/fpu\libc.a(lib_a-writer.o)
                0x08009758                _write_r
 .text._calloc_r
                0x0800977c       0x5a e:/programs/stmicroelectronics/truestudio for arm 7.0.1/armtools/bin/../lib/gcc/arm-atollic-eabi/5.3.1/../../../../arm-atollic-eabi/lib/armv7e-m/fpu\libc.a(lib_a-callocr.o)
                0x0800977c                _calloc_r
 *fill*         0x080097d6        0x2 
 .text._close_r
                0x080097d8       0x20 e:/programs/stmicroelectronics/truestudio for arm 7.0.1/armtools/bin/../lib/gcc/arm-atollic-eabi/5.3.1/../../../../arm-atollic-eabi/lib/armv7e-m/fpu\libc.a(lib_a-closer.o)
                0x080097d8                _close_r
 .text._fclose_r
                0x080097f8       0xa4 e:/programs/stmicroelectronics/truestudio for arm 7.0.1/armtools/bin/../lib/gcc/arm-atollic-eabi/5.3.1/../../../../arm-atollic-eabi/lib/armv7e-m/fpu\libc.a(lib_a-fclose.o)
                0x080097f8                _fclose_r
 .text.__fputwc
                0x0800989c       0x7e e:/programs/stmicroelectronics/truestudio for arm 7.0.1/armtools/bin/../lib/gcc/arm-atollic-eabi/5.3.1/../../../../arm-atollic-eabi/lib/armv7e-m/fpu\libc.a(lib_a-fputwc.o)
                0x0800989c                __fputwc
 .text._fputwc_r
                0x0800991a       0x20 e:/programs/stmicroelectronics/truestudio for arm 7.0.1/armtools/bin/../lib/gcc/arm-atollic-eabi/5.3.1/../../../../arm-atollic-eabi/lib/armv7e-m/fpu\libc.a(lib_a-fputwc.o)
                0x0800991a                _fputwc_r
 *fill*         0x0800993a        0x2 
 .text._fstat_r
                0x0800993c       0x24 e:/programs/stmicroelectronics/truestudio for arm 7.0.1/armtools/bin/../lib/gcc/arm-atollic-eabi/5.3.1/../../../../arm-atollic-eabi/lib/armv7e-m/fpu\libc.a(lib_a-fstatr.o)
                0x0800993c                _fstat_r
 .text._isatty_r
                0x08009960       0x20 e:/programs/stmicroelectronics/truestudio for arm 7.0.1/armtools/bin/../lib/gcc/arm-atollic-eabi/5.3.1/../../../../arm-atollic-eabi/lib/armv7e-m/fpu\libc.a(lib_a-isattyr.o)
                0x08009960                _isatty_r
 .text._lseek_r
                0x08009980       0x24 e:/programs/stmicroelectronics/truestudio for arm 7.0.1/armtools/bin/../lib/gcc/arm-atollic-eabi/5.3.1/../../../../arm-atollic-eabi/lib/armv7e-m/fpu\libc.a(lib_a-lseekr.o)
                0x08009980                _lseek_r
 .text._read_r  0x080099a4       0x24 e:/programs/stmicroelectronics/truestudio for arm 7.0.1/armtools/bin/../lib/gcc/arm-atollic-eabi/5.3.1/../../../../arm-atollic-eabi/lib/armv7e-m/fpu\libc.a(lib_a-readr.o)
                0x080099a4                _read_r
 .text.__swbuf_r
                0x080099c8       0xbc e:/programs/stmicroelectronics/truestudio for arm 7.0.1/armtools/bin/../lib/gcc/arm-atollic-eabi/5.3.1/../../../../arm-atollic-eabi/lib/armv7e-m/fpu\libc.a(lib_a-wbuf.o)
                0x080099c8                __swbuf_r
 .text._wcrtomb_r
                0x08009a84       0x48 e:/programs/stmicroelectronics/truestudio for arm 7.0.1/armtools/bin/../lib/gcc/arm-atollic-eabi/5.3.1/../../../../arm-atollic-eabi/lib/armv7e-m/fpu\libc.a(lib_a-wcrtomb.o)
                0x08009a84                _wcrtomb_r
 .text.__ascii_wctomb
                0x08009acc       0x1a e:/programs/stmicroelectronics/truestudio for arm 7.0.1/armtools/bin/../lib/gcc/arm-atollic-eabi/5.3.1/../../../../arm-atollic-eabi/lib/armv7e-m/fpu\libc.a(lib_a-wctomb_r.o)
                0x08009acc                __ascii_wctomb
 .text.atan2f   0x08009ae6        0x4 e:/programs/stmicroelectronics/truestudio for arm 7.0.1/armtools/bin/../lib/gcc/arm-atollic-eabi/5.3.1/../../../../arm-atollic-eabi/lib/armv7e-m/fpu\libm.a(lib_a-wf_atan2.o)
                0x08009ae6                atan2f
 *fill*         0x08009aea        0x2 
 .text.__ieee754_atan2f
                0x08009aec      0x154 e:/programs/stmicroelectronics/truestudio for arm 7.0.1/armtools/bin/../lib/gcc/arm-atollic-eabi/5.3.1/../../../../arm-atollic-eabi/lib/armv7e-m/fpu\libm.a(lib_a-ef_atan2.o)
                0x08009aec                __ieee754_atan2f
 .text.atanf    0x08009c40      0x1ac e:/programs/stmicroelectronics/truestudio for arm 7.0.1/armtools/bin/../lib/gcc/arm-atollic-eabi/5.3.1/../../../../arm-atollic-eabi/lib/armv7e-m/fpu\libm.a(lib_a-sf_atan.o)
                0x08009c40                atanf
 .text.fabsf    0x08009dec        0xe e:/programs/stmicroelectronics/truestudio for arm 7.0.1/armtools/bin/../lib/gcc/arm-atollic-eabi/5.3.1/../../../../arm-atollic-eabi/lib/armv7e-m/fpu\libm.a(lib_a-sf_fabs.o)
                0x08009dec                fabsf
 *fill*         0x08009dfa        0x2 
 .text._close   0x08009dfc       0x10 e:/programs/stmicroelectronics/truestudio for arm 7.0.1/armtools/bin/../lib/gcc/arm-atollic-eabi/5.3.1/../../../../arm-atollic-eabi/lib/armv7e-m/fpu\libnosys.a(close.o)
                0x08009dfc                _close
 .text._fstat   0x08009e0c       0x10 e:/programs/stmicroelectronics/truestudio for arm 7.0.1/armtools/bin/../lib/gcc/arm-atollic-eabi/5.3.1/../../../../arm-atollic-eabi/lib/armv7e-m/fpu\libnosys.a(fstat.o)
                0x08009e0c                _fstat
 .text._isatty  0x08009e1c       0x10 e:/programs/stmicroelectronics/truestudio for arm 7.0.1/armtools/bin/../lib/gcc/arm-atollic-eabi/5.3.1/../../../../arm-atollic-eabi/lib/armv7e-m/fpu\libnosys.a(isatty.o)
                0x08009e1c                _isatty
 .text._lseek   0x08009e2c       0x10 e:/programs/stmicroelectronics/truestudio for arm 7.0.1/armtools/bin/../lib/gcc/arm-atollic-eabi/5.3.1/../../../../arm-atollic-eabi/lib/armv7e-m/fpu\libnosys.a(lseek.o)
                0x08009e2c                _lseek
 .text._read    0x08009e3c       0x10 e:/programs/stmicroelectronics/truestudio for arm 7.0.1/armtools/bin/../lib/gcc/arm-atollic-eabi/5.3.1/../../../../arm-atollic-eabi/lib/armv7e-m/fpu\libnosys.a(read.o)
                0x08009e3c                _read
 .text._sbrk    0x08009e4c       0x1c e:/programs/stmicroelectronics/truestudio for arm 7.0.1/armtools/bin/../lib/gcc/arm-atollic-eabi/5.3.1/../../../../arm-atollic-eabi/lib/armv7e-m/fpu\libnosys.a(sbrk.o)
                0x08009e4c                _sbrk
 *(.glue_7)
 .glue_7        0x08009e68        0x0 linker stubs
 *(.glue_7t)
 .glue_7t       0x08009e68        0x0 linker stubs
 *(.eh_frame)
 .eh_frame      0x08009e68        0x0 e:/programs/stmicroelectronics/truestudio for arm 7.0.1/armtools/bin/../lib/gcc/arm-atollic-eabi/5.3.1/armv7e-m/fpu/crtbegin.o
 *(.init)
 .init          0x08009e68        0x4 e:/programs/stmicroelectronics/truestudio for arm 7.0.1/armtools/bin/../lib/gcc/arm-atollic-eabi/5.3.1/armv7e-m/fpu/crti.o
                0x08009e68                _init
 .init          0x08009e6c        0x8 e:/programs/stmicroelectronics/truestudio for arm 7.0.1/armtools/bin/../lib/gcc/arm-atollic-eabi/5.3.1/armv7e-m/fpu/crtn.o
 *(.fini)
 .fini          0x08009e74        0x4 e:/programs/stmicroelectronics/truestudio for arm 7.0.1/armtools/bin/../lib/gcc/arm-atollic-eabi/5.3.1/armv7e-m/fpu/crti.o
                0x08009e74                _fini
 .fini          0x08009e78        0x8 e:/programs/stmicroelectronics/truestudio for arm 7.0.1/armtools/bin/../lib/gcc/arm-atollic-eabi/5.3.1/armv7e-m/fpu/crtn.o
                0x08009e80                . = ALIGN (0x4)
                0x08009e80                _etext = .

.vfp11_veneer   0x08009e80        0x0
 .vfp11_veneer  0x08009e80        0x0 linker stubs

.v4_bx          0x08009e80        0x0
 .v4_bx         0x08009e80        0x0 linker stubs

.iplt           0x08009e80        0x0
 .iplt          0x08009e80        0x0 e:/programs/stmicroelectronics/truestudio for arm 7.0.1/armtools/bin/../lib/gcc/arm-atollic-eabi/5.3.1/armv7e-m/fpu/crtbegin.o

.rodata         0x08009e80      0x4e4
                0x08009e80                . = ALIGN (0x4)
 *(.rodata)
 .rodata        0x08009e80       0x14 Src\freertos.o
 *(.rodata*)
 .rodata.str1.1
                0x08009e94        0x5 Middlewares\Third_Party\FreeRTOS\Source\tasks.o
 .rodata.str1.1
                0x08009e99       0xda Src\Accelerometer.o
 .rodata.str1.1
                0x08009f73       0xdf Src\GSM.o
 .rodata.str1.1
                0x0800a052       0x57 Src\freertos.o
 .rodata.str1.1
                0x0800a0a9       0x28 Src\gps.o
 .rodata.str1.1
                0x0800a0d1       0x71 Src\main.o
 .rodata.AHBPrescTable
                0x0800a142       0x10 Src\system_stm32f4xx.o
                0x0800a142                AHBPrescTable
 .rodata.APBPrescTable
                0x0800a152        0x8 Src\system_stm32f4xx.o
                0x0800a152                APBPrescTable
 .rodata.str1.1
                0x0800a15a       0x71 e:/programs/stmicroelectronics/truestudio for arm 7.0.1/armtools/bin/../lib/gcc/arm-atollic-eabi/5.3.1/../../../../arm-atollic-eabi/lib/armv7e-m/fpu\libc.a(lib_a-puts.o)
                                  0x2 (size before relaxing)
 .rodata.zeroes.7045
                0x0800a15a       0x10 e:/programs/stmicroelectronics/truestudio for arm 7.0.1/armtools/bin/../lib/gcc/arm-atollic-eabi/5.3.1/../../../../arm-atollic-eabi/lib/armv7e-m/fpu\libc.a(lib_a-svfprintf.o)
 .rodata.str1.1
                0x0800a16a       0x34 e:/programs/stmicroelectronics/truestudio for arm 7.0.1/armtools/bin/../lib/gcc/arm-atollic-eabi/5.3.1/../../../../arm-atollic-eabi/lib/armv7e-m/fpu\libc.a(lib_a-svfprintf.o)
 .rodata.blanks.7044
                0x0800a19e       0x10 e:/programs/stmicroelectronics/truestudio for arm 7.0.1/armtools/bin/../lib/gcc/arm-atollic-eabi/5.3.1/../../../../arm-atollic-eabi/lib/armv7e-m/fpu\libc.a(lib_a-svfprintf.o)
 .rodata.blanks.7059
                0x0800a1ae       0x10 e:/programs/stmicroelectronics/truestudio for arm 7.0.1/armtools/bin/../lib/gcc/arm-atollic-eabi/5.3.1/../../../../arm-atollic-eabi/lib/armv7e-m/fpu\libc.a(lib_a-vfprintf.o)
 .rodata.str1.1
                0x0800a1be       0x34 e:/programs/stmicroelectronics/truestudio for arm 7.0.1/armtools/bin/../lib/gcc/arm-atollic-eabi/5.3.1/../../../../arm-atollic-eabi/lib/armv7e-m/fpu\libc.a(lib_a-vfprintf.o)
 .rodata.zeroes.7060
                0x0800a1be       0x10 e:/programs/stmicroelectronics/truestudio for arm 7.0.1/armtools/bin/../lib/gcc/arm-atollic-eabi/5.3.1/../../../../arm-atollic-eabi/lib/armv7e-m/fpu\libc.a(lib_a-vfprintf.o)
 .rodata.str1.1
                0x0800a1ce        0xd e:/programs/stmicroelectronics/truestudio for arm 7.0.1/armtools/bin/../lib/gcc/arm-atollic-eabi/5.3.1/../../../../arm-atollic-eabi/lib/armv7e-m/fpu\libc.a(lib_a-dtoa.o)
                                  0xf (size before relaxing)
 *fill*         0x0800a1db        0x1 
 .rodata.__sf_fake_stdin
                0x0800a1dc       0x20 e:/programs/stmicroelectronics/truestudio for arm 7.0.1/armtools/bin/../lib/gcc/arm-atollic-eabi/5.3.1/../../../../arm-atollic-eabi/lib/armv7e-m/fpu\libc.a(lib_a-findfp.o)
                0x0800a1dc                __sf_fake_stdin
 .rodata.__sf_fake_stdout
                0x0800a1fc       0x20 e:/programs/stmicroelectronics/truestudio for arm 7.0.1/armtools/bin/../lib/gcc/arm-atollic-eabi/5.3.1/../../../../arm-atollic-eabi/lib/armv7e-m/fpu\libc.a(lib_a-findfp.o)
                0x0800a1fc                __sf_fake_stdout
 .rodata.__sf_fake_stderr
                0x0800a21c       0x20 e:/programs/stmicroelectronics/truestudio for arm 7.0.1/armtools/bin/../lib/gcc/arm-atollic-eabi/5.3.1/../../../../arm-atollic-eabi/lib/armv7e-m/fpu\libc.a(lib_a-findfp.o)
                0x0800a21c                __sf_fake_stderr
 .rodata.str1.1
                0x0800a23c        0xd e:/programs/stmicroelectronics/truestudio for arm 7.0.1/armtools/bin/../lib/gcc/arm-atollic-eabi/5.3.1/../../../../arm-atollic-eabi/lib/armv7e-m/fpu\libc.a(lib_a-impure.o)
                                  0x2 (size before relaxing)
 .rodata._global_impure_ptr
                0x0800a23c        0x4 e:/programs/stmicroelectronics/truestudio for arm 7.0.1/armtools/bin/../lib/gcc/arm-atollic-eabi/5.3.1/../../../../arm-atollic-eabi/lib/armv7e-m/fpu\libc.a(lib_a-impure.o)
                0x0800a23c                _global_impure_ptr
 .rodata.str1.1
                0x0800a240        0x8 e:/programs/stmicroelectronics/truestudio for arm 7.0.1/armtools/bin/../lib/gcc/arm-atollic-eabi/5.3.1/../../../../arm-atollic-eabi/lib/armv7e-m/fpu\libc.a(lib_a-locale.o)
                                  0xb (size before relaxing)
 .rodata.__mprec_tens
                0x0800a248       0xc8 e:/programs/stmicroelectronics/truestudio for arm 7.0.1/armtools/bin/../lib/gcc/arm-atollic-eabi/5.3.1/../../../../arm-atollic-eabi/lib/armv7e-m/fpu\libc.a(lib_a-mprec.o)
                0x0800a248                __mprec_tens
 .rodata.__mprec_bigtens
                0x0800a310       0x28 e:/programs/stmicroelectronics/truestudio for arm 7.0.1/armtools/bin/../lib/gcc/arm-atollic-eabi/5.3.1/../../../../arm-atollic-eabi/lib/armv7e-m/fpu\libc.a(lib_a-mprec.o)
                0x0800a310                __mprec_bigtens
 .rodata.p05.5388
                0x0800a338        0xc e:/programs/stmicroelectronics/truestudio for arm 7.0.1/armtools/bin/../lib/gcc/arm-atollic-eabi/5.3.1/../../../../arm-atollic-eabi/lib/armv7e-m/fpu\libc.a(lib_a-mprec.o)
 .rodata.atanlo
                0x0800a344       0x10 e:/programs/stmicroelectronics/truestudio for arm 7.0.1/armtools/bin/../lib/gcc/arm-atollic-eabi/5.3.1/../../../../arm-atollic-eabi/lib/armv7e-m/fpu\libm.a(lib_a-sf_atan.o)
 .rodata.atanhi
                0x0800a354       0x10 e:/programs/stmicroelectronics/truestudio for arm 7.0.1/armtools/bin/../lib/gcc/arm-atollic-eabi/5.3.1/../../../../arm-atollic-eabi/lib/armv7e-m/fpu\libm.a(lib_a-sf_atan.o)
                0x0800a364                . = ALIGN (0x4)

.ARM.extab
 *(.ARM.extab* .gnu.linkonce.armextab.*)

.ARM            0x0800a364        0x8
                0x0800a364                __exidx_start = .
 *(.ARM.exidx*)
 .ARM.exidx     0x0800a364        0x8 e:/programs/stmicroelectronics/truestudio for arm 7.0.1/armtools/bin/../lib/gcc/arm-atollic-eabi/5.3.1/armv7e-m/fpu\libgcc.a(_udivmoddi4.o)
                0x0800a36c                __exidx_end = .

.rel.dyn        0x0800a36c        0x0
 .rel.iplt      0x0800a36c        0x0 e:/programs/stmicroelectronics/truestudio for arm 7.0.1/armtools/bin/../lib/gcc/arm-atollic-eabi/5.3.1/armv7e-m/fpu/crtbegin.o

.preinit_array  0x0800a36c        0x0
                0x0800a36c                PROVIDE (__preinit_array_start, .)
 *(.preinit_array*)
                0x0800a36c                PROVIDE (__preinit_array_end, .)

.init_array     0x0800a36c        0x4
                0x0800a36c                PROVIDE (__init_array_start, .)
 *(SORT(.init_array.*))
 *(.init_array*)
 .init_array    0x0800a36c        0x4 e:/programs/stmicroelectronics/truestudio for arm 7.0.1/armtools/bin/../lib/gcc/arm-atollic-eabi/5.3.1/armv7e-m/fpu/crtbegin.o
                0x0800a370                PROVIDE (__init_array_end, .)

.fini_array     0x0800a370        0x4
                [!provide]                PROVIDE (__fini_array_start, .)
 *(SORT(.fini_array.*))
 *(.fini_array*)
 .fini_array    0x0800a370        0x4 e:/programs/stmicroelectronics/truestudio for arm 7.0.1/armtools/bin/../lib/gcc/arm-atollic-eabi/5.3.1/armv7e-m/fpu/crtbegin.o
                [!provide]                PROVIDE (__fini_array_end, .)
                0x0800a374                _sidata = LOADADDR (.data)

.data           0x20000000      0x56c load address 0x0800a374
                0x20000000                . = ALIGN (0x4)
                0x20000000                _sdata = .
 *(.data)
 *(.data*)
 .data.uxCriticalNesting
                0x20000000        0x4 Middlewares\Third_Party\FreeRTOS\Source\portable\GCC\ARM_CM4F\port.o
 .data.SystemCoreClock
                0x20000004        0x4 Src\system_stm32f4xx.o
                0x20000004                SystemCoreClock
 .data.__malloc_av_
                0x20000008      0x408 e:/programs/stmicroelectronics/truestudio for arm 7.0.1/armtools/bin/../lib/gcc/arm-atollic-eabi/5.3.1/../../../../arm-atollic-eabi/lib/armv7e-m/fpu\libc.a(lib_a-mallocr.o)
                0x20000008                __malloc_av_
 .data.__malloc_trim_threshold
                0x20000410        0x4 e:/programs/stmicroelectronics/truestudio for arm 7.0.1/armtools/bin/../lib/gcc/arm-atollic-eabi/5.3.1/../../../../arm-atollic-eabi/lib/armv7e-m/fpu\libc.a(lib_a-mallocr.o)
                0x20000410                __malloc_trim_threshold
 .data.__malloc_sbrk_base
                0x20000414        0x4 e:/programs/stmicroelectronics/truestudio for arm 7.0.1/armtools/bin/../lib/gcc/arm-atollic-eabi/5.3.1/../../../../arm-atollic-eabi/lib/armv7e-m/fpu\libc.a(lib_a-mallocr.o)
                0x20000414                __malloc_sbrk_base
 .data.impure_data
                0x20000418       0xf0 e:/programs/stmicroelectronics/truestudio for arm 7.0.1/armtools/bin/../lib/gcc/arm-atollic-eabi/5.3.1/../../../../arm-atollic-eabi/lib/armv7e-m/fpu\libc.a(lib_a-impure.o)
 .data._impure_ptr
                0x20000508        0x4 e:/programs/stmicroelectronics/truestudio for arm 7.0.1/armtools/bin/../lib/gcc/arm-atollic-eabi/5.3.1/../../../../arm-atollic-eabi/lib/armv7e-m/fpu\libc.a(lib_a-impure.o)
                0x20000508                _impure_ptr
 .data.lconv    0x2000050c       0x38 e:/programs/stmicroelectronics/truestudio for arm 7.0.1/armtools/bin/../lib/gcc/arm-atollic-eabi/5.3.1/../../../../arm-atollic-eabi/lib/armv7e-m/fpu\libc.a(lib_a-locale.o)
 .data.lc_ctype_charset
                0x20000544       0x20 e:/programs/stmicroelectronics/truestudio for arm 7.0.1/armtools/bin/../lib/gcc/arm-atollic-eabi/5.3.1/../../../../arm-atollic-eabi/lib/armv7e-m/fpu\libc.a(lib_a-locale.o)
 .data.__mb_cur_max
                0x20000564        0x4 e:/programs/stmicroelectronics/truestudio for arm 7.0.1/armtools/bin/../lib/gcc/arm-atollic-eabi/5.3.1/../../../../arm-atollic-eabi/lib/armv7e-m/fpu\libc.a(lib_a-locale.o)
                0x20000564                __mb_cur_max
 .data.__wctomb
                0x20000568        0x4 e:/programs/stmicroelectronics/truestudio for arm 7.0.1/armtools/bin/../lib/gcc/arm-atollic-eabi/5.3.1/../../../../arm-atollic-eabi/lib/armv7e-m/fpu\libc.a(lib_a-wctomb_r.o)
                0x20000568                __wctomb
                0x2000056c                . = ALIGN (0x4)
                0x2000056c                _edata = .
                0x0800a8e0                _siccmram = LOADADDR (.ccmram)

.igot.plt       0x2000056c        0x0 load address 0x0800a8e0
 .igot.plt      0x2000056c        0x0 e:/programs/stmicroelectronics/truestudio for arm 7.0.1/armtools/bin/../lib/gcc/arm-atollic-eabi/5.3.1/armv7e-m/fpu/crtbegin.o

.ccmram         0x10000000        0x0 load address 0x0800a8e0
                0x10000000                . = ALIGN (0x4)
                0x10000000                _sccmram = .
 *(.ccmram)
 *(.ccmram*)
                0x10000000                . = ALIGN (0x4)
                0x10000000                _eccmram = .
                0x10000000                . = ALIGN (0x4)

.bss            0x2000056c     0x4700
                0x2000056c                _sbss = .
                0x2000056c                __bss_start__ = _sbss
 *(.bss)
 .bss           0x2000056c       0x1c e:/programs/stmicroelectronics/truestudio for arm 7.0.1/armtools/bin/../lib/gcc/arm-atollic-eabi/5.3.1/armv7e-m/fpu/crtbegin.o
 *(.bss*)
 .bss.ucMaxSysCallPriority
                0x20000588        0x1 Middlewares\Third_Party\FreeRTOS\Source\portable\GCC\ARM_CM4F\port.o
 *fill*         0x20000589        0x3 
 .bss.ulMaxPRIGROUPValue
                0x2000058c        0x4 Middlewares\Third_Party\FreeRTOS\Source\portable\GCC\ARM_CM4F\port.o
 .bss.xFreeBytesRemaining
                0x20000590        0x4 Middlewares\Third_Party\FreeRTOS\Source\portable\MemMang\heap_4.o
 .bss.pxEnd     0x20000594        0x4 Middlewares\Third_Party\FreeRTOS\Source\portable\MemMang\heap_4.o
 .bss.xStart    0x20000598        0x8 Middlewares\Third_Party\FreeRTOS\Source\portable\MemMang\heap_4.o
 .bss.ucHeap    0x200005a0     0x3c00 Middlewares\Third_Party\FreeRTOS\Source\portable\MemMang\heap_4.o
 .bss.xBlockAllocatedBit
                0x200041a0        0x4 Middlewares\Third_Party\FreeRTOS\Source\portable\MemMang\heap_4.o
 .bss.xMinimumEverFreeBytesRemaining
                0x200041a4        0x4 Middlewares\Third_Party\FreeRTOS\Source\portable\MemMang\heap_4.o
 .bss.xNumOfOverflows
                0x200041a8        0x4 Middlewares\Third_Party\FreeRTOS\Source\tasks.o
 .bss.pxDelayedTaskList
                0x200041ac        0x4 Middlewares\Third_Party\FreeRTOS\Source\tasks.o
 .bss.xSchedulerRunning
                0x200041b0        0x4 Middlewares\Third_Party\FreeRTOS\Source\tasks.o
 .bss.uxSchedulerSuspended
                0x200041b4        0x4 Middlewares\Third_Party\FreeRTOS\Source\tasks.o
 .bss.xDelayedTaskList1
                0x200041b8       0x14 Middlewares\Third_Party\FreeRTOS\Source\tasks.o
 .bss.uxPendedTicks
                0x200041cc        0x4 Middlewares\Third_Party\FreeRTOS\Source\tasks.o
 .bss.pxReadyTasksLists
                0x200041d0       0x8c Middlewares\Third_Party\FreeRTOS\Source\tasks.o
 .bss.xTasksWaitingTermination
                0x2000425c       0x14 Middlewares\Third_Party\FreeRTOS\Source\tasks.o
 .bss.uxDeletedTasksWaitingCleanUp
                0x20004270        0x4 Middlewares\Third_Party\FreeRTOS\Source\tasks.o
 .bss.pxCurrentTCB
                0x20004274        0x4 Middlewares\Third_Party\FreeRTOS\Source\tasks.o
                0x20004274                pxCurrentTCB
 .bss.xNextTaskUnblockTime
                0x20004278        0x4 Middlewares\Third_Party\FreeRTOS\Source\tasks.o
 .bss.xTickCount
                0x2000427c        0x4 Middlewares\Third_Party\FreeRTOS\Source\tasks.o
 .bss.pxOverflowDelayedTaskList
                0x20004280        0x4 Middlewares\Third_Party\FreeRTOS\Source\tasks.o
 .bss.xPendingReadyList
                0x20004284       0x14 Middlewares\Third_Party\FreeRTOS\Source\tasks.o
 .bss.uxTaskNumber
                0x20004298        0x4 Middlewares\Third_Party\FreeRTOS\Source\tasks.o
 .bss.uxCurrentNumberOfTasks
                0x2000429c        0x4 Middlewares\Third_Party\FreeRTOS\Source\tasks.o
 .bss.xDelayedTaskList2
                0x200042a0       0x14 Middlewares\Third_Party\FreeRTOS\Source\tasks.o
 .bss.xIdleTaskHandle
                0x200042b4        0x4 Middlewares\Third_Party\FreeRTOS\Source\tasks.o
 .bss.xSuspendedTaskList
                0x200042b8       0x14 Middlewares\Third_Party\FreeRTOS\Source\tasks.o
 .bss.uxTopReadyPriority
                0x200042cc        0x4 Middlewares\Third_Party\FreeRTOS\Source\tasks.o
 .bss.xYieldPending
                0x200042d0        0x4 Middlewares\Third_Party\FreeRTOS\Source\tasks.o
 .bss.__malloc_max_total_mem
                0x200042d4        0x4 e:/programs/stmicroelectronics/truestudio for arm 7.0.1/armtools/bin/../lib/gcc/arm-atollic-eabi/5.3.1/../../../../arm-atollic-eabi/lib/armv7e-m/fpu\libc.a(lib_a-mallocr.o)
                0x200042d4                __malloc_max_total_mem
 .bss.__malloc_max_sbrked_mem
                0x200042d8        0x4 e:/programs/stmicroelectronics/truestudio for arm 7.0.1/armtools/bin/../lib/gcc/arm-atollic-eabi/5.3.1/../../../../arm-atollic-eabi/lib/armv7e-m/fpu\libc.a(lib_a-mallocr.o)
                0x200042d8                __malloc_max_sbrked_mem
 .bss.__malloc_top_pad
                0x200042dc        0x4 e:/programs/stmicroelectronics/truestudio for arm 7.0.1/armtools/bin/../lib/gcc/arm-atollic-eabi/5.3.1/../../../../arm-atollic-eabi/lib/armv7e-m/fpu\libc.a(lib_a-mallocr.o)
                0x200042dc                __malloc_top_pad
 .bss.__malloc_current_mallinfo
                0x200042e0       0x28 e:/programs/stmicroelectronics/truestudio for arm 7.0.1/armtools/bin/../lib/gcc/arm-atollic-eabi/5.3.1/../../../../arm-atollic-eabi/lib/armv7e-m/fpu\libc.a(lib_a-mallocr.o)
                0x200042e0                __malloc_current_mallinfo
 .bss.heap_end.4169
                0x20004308        0x4 e:/programs/stmicroelectronics/truestudio for arm 7.0.1/armtools/bin/../lib/gcc/arm-atollic-eabi/5.3.1/../../../../arm-atollic-eabi/lib/armv7e-m/fpu\libnosys.a(sbrk.o)
 *(COMMON)
 COMMON         0x2000430c        0x4 Drivers\STM32F4xx_HAL_Driver\Src\stm32f4xx_hal.o
                0x2000430c                uwTick
 COMMON         0x20004310       0x28 Src\Accelerometer.o
                0x20004310                g_AxisMeasurements
                0x20004316                g_MotionFlag
                0x20004317                interruptStatus
                0x20004318                g_AggregatedAxisMeasurements
                0x20004324                asens
                0x20004328                gsens
                0x2000432c                yaw
                0x20004330                pitch
                0x20004334                roll
 COMMON         0x20004338      0x460 Src\GSM.o
                0x20004338                sending
                0x2000433c                msg
                0x20004468                GSM_Status
                0x20004469                gsm_Received
                0x2000446c                gsm_isCR
                0x20004470                gsm_currSize
                0x20004474                MessageSize
                0x20004476                data
                0x200045a2                msg_size
                0x200045a4                gsm_buffer
 COMMON         0x20004798      0x2b4 Src\freertos.o
                0x20004798                Received
                0x2000479c                defaultTaskHandle
                0x200047a0                isCR
                0x200047a4                mpu6050_reader_id
                0x200047a8                gps_latitude
                0x200047bc                gps_longitude
                0x200047d0                xMutex
                0x200047d4                debug_printer_id
                0x200047d8                gps_time
                0x200047ec                buffer
                0x200049e0                size
                0x200049e2                result_u
                0x20004a48                currSize
 COMMON         0x20004a4c       0xa8 Src\i2c.o
                0x20004a4c                hi2c1
                0x20004aa0                hi2c2
 COMMON         0x20004af4       0x3c Src\stm32f4xx_hal_timebase_TIM.o
                0x20004af4                htim1
 COMMON         0x20004b30       0x78 Src\tim.o
                0x20004b30                htim2
                0x20004b6c                htim7
 COMMON         0x20004ba8       0xc0 Src\usart.o
                0x20004ba8                huart1
                0x20004be8                huart4
                0x20004c28                huart2
 COMMON         0x20004c68        0x4 e:/programs/stmicroelectronics/truestudio for arm 7.0.1/armtools/bin/../lib/gcc/arm-atollic-eabi/5.3.1/../../../../arm-atollic-eabi/lib/armv7e-m/fpu\libc.a(lib_a-reent.o)
                0x20004c68                errno
                0x20004c6c                . = ALIGN (0x4)
                0x20004c6c                _ebss = .
                0x20004c6c                __bss_end__ = _ebss

._user_heap_stack
                0x20004c6c      0x600
                0x20004c6c                . = ALIGN (0x4)
                0x20004c6c                PROVIDE (end, .)
                [!provide]                PROVIDE (_end, .)
                0x20004e6c                . = (. + _Min_Heap_Size)
 *fill*         0x20004c6c      0x200 
                0x2000526c                . = (. + _Min_Stack_Size)
 *fill*         0x20004e6c      0x400 
                0x2000526c                . = ALIGN (0x4)

/DISCARD/
 libc.a(*)
 libm.a(*)
 libgcc.a(*)

.ARM.attributes
                0x00000000       0x30
 *(.ARM.attributes)
 .ARM.attributes
                0x00000000       0x22 e:/programs/stmicroelectronics/truestudio for arm 7.0.1/armtools/bin/../lib/gcc/arm-atollic-eabi/5.3.1/armv7e-m/fpu/crti.o
 .ARM.attributes
                0x00000022       0x34 e:/programs/stmicroelectronics/truestudio for arm 7.0.1/armtools/bin/../lib/gcc/arm-atollic-eabi/5.3.1/armv7e-m/fpu/crtbegin.o
 .ARM.attributes
                0x00000056       0x39 Drivers\STM32F4xx_HAL_Driver\Src\stm32f4xx_hal.o
 .ARM.attributes
                0x0000008f       0x39 Drivers\STM32F4xx_HAL_Driver\Src\stm32f4xx_hal_cortex.o
 .ARM.attributes
                0x000000c8       0x39 Drivers\STM32F4xx_HAL_Driver\Src\stm32f4xx_hal_dma.o
 .ARM.attributes
                0x00000101       0x39 Drivers\STM32F4xx_HAL_Driver\Src\stm32f4xx_hal_gpio.o
 .ARM.attributes
                0x0000013a       0x39 Drivers\STM32F4xx_HAL_Driver\Src\stm32f4xx_hal_i2c.o
 .ARM.attributes
                0x00000173       0x39 Drivers\STM32F4xx_HAL_Driver\Src\stm32f4xx_hal_rcc.o
 .ARM.attributes
                0x000001ac       0x39 Drivers\STM32F4xx_HAL_Driver\Src\stm32f4xx_hal_tim.o
 .ARM.attributes
                0x000001e5       0x39 Drivers\STM32F4xx_HAL_Driver\Src\stm32f4xx_hal_tim_ex.o
 .ARM.attributes
                0x0000021e       0x39 Drivers\STM32F4xx_HAL_Driver\Src\stm32f4xx_hal_uart.o
 .ARM.attributes
                0x00000257       0x39 Middlewares\Third_Party\FreeRTOS\Source\CMSIS_RTOS\cmsis_os.o
 .ARM.attributes
                0x00000290       0x39 Middlewares\Third_Party\FreeRTOS\Source\list.o
 .ARM.attributes
                0x000002c9       0x39 Middlewares\Third_Party\FreeRTOS\Source\portable\GCC\ARM_CM4F\port.o
 .ARM.attributes
                0x00000302       0x39 Middlewares\Third_Party\FreeRTOS\Source\portable\MemMang\heap_4.o
 .ARM.attributes
                0x0000033b       0x39 Middlewares\Third_Party\FreeRTOS\Source\tasks.o
 .ARM.attributes
                0x00000374       0x39 Src\Accelerometer.o
 .ARM.attributes
                0x000003ad       0x39 Src\GSM.o
 .ARM.attributes
                0x000003e6       0x39 Src\debug.o
 .ARM.attributes
                0x0000041f       0x39 Src\freertos.o
 .ARM.attributes
                0x00000458       0x39 Src\gpio.o
 .ARM.attributes
                0x00000491       0x39 Src\gps.o
 .ARM.attributes
                0x000004ca       0x39 Src\i2c.o
 .ARM.attributes
                0x00000503       0x39 Src\main.o
 .ARM.attributes
                0x0000053c       0x39 Src\stm32f4xx_hal_msp.o
 .ARM.attributes
                0x00000575       0x39 Src\stm32f4xx_hal_timebase_TIM.o
 .ARM.attributes
                0x000005ae       0x39 Src\stm32f4xx_it.o
 .ARM.attributes
                0x000005e7       0x39 Src\system_stm32f4xx.o
 .ARM.attributes
                0x00000620       0x39 Src\tim.o
 .ARM.attributes
                0x00000659       0x39 Src\usart.o
 .ARM.attributes
                0x00000692       0x21 startup\startup_stm32f417xx.o
 .ARM.attributes
                0x000006b3       0x34 e:/programs/stmicroelectronics/truestudio for arm 7.0.1/armtools/bin/../lib/gcc/arm-atollic-eabi/5.3.1/../../../../arm-atollic-eabi/lib/armv7e-m/fpu\libc.a(lib_a-init.o)
 .ARM.attributes
                0x000006e7       0x34 e:/programs/stmicroelectronics/truestudio for arm 7.0.1/armtools/bin/../lib/gcc/arm-atollic-eabi/5.3.1/../../../../arm-atollic-eabi/lib/armv7e-m/fpu\libc.a(lib_a-malloc.o)
 .ARM.attributes
                0x0000071b       0x34 e:/programs/stmicroelectronics/truestudio for arm 7.0.1/armtools/bin/../lib/gcc/arm-atollic-eabi/5.3.1/../../../../arm-atollic-eabi/lib/armv7e-m/fpu\libc.a(lib_a-mallocr.o)
 .ARM.attributes
                0x0000074f       0x34 e:/programs/stmicroelectronics/truestudio for arm 7.0.1/armtools/bin/../lib/gcc/arm-atollic-eabi/5.3.1/../../../../arm-atollic-eabi/lib/armv7e-m/fpu\libc.a(lib_a-memcpy-stub.o)
 .ARM.attributes
                0x00000783       0x34 e:/programs/stmicroelectronics/truestudio for arm 7.0.1/armtools/bin/../lib/gcc/arm-atollic-eabi/5.3.1/../../../../arm-atollic-eabi/lib/armv7e-m/fpu\libc.a(lib_a-memset.o)
 .ARM.attributes
                0x000007b7       0x34 e:/programs/stmicroelectronics/truestudio for arm 7.0.1/armtools/bin/../lib/gcc/arm-atollic-eabi/5.3.1/../../../../arm-atollic-eabi/lib/armv7e-m/fpu\libc.a(lib_a-mlock.o)
 .ARM.attributes
                0x000007eb       0x34 e:/programs/stmicroelectronics/truestudio for arm 7.0.1/armtools/bin/../lib/gcc/arm-atollic-eabi/5.3.1/../../../../arm-atollic-eabi/lib/armv7e-m/fpu\libc.a(lib_a-printf.o)
 .ARM.attributes
                0x0000081f       0x34 e:/programs/stmicroelectronics/truestudio for arm 7.0.1/armtools/bin/../lib/gcc/arm-atollic-eabi/5.3.1/../../../../arm-atollic-eabi/lib/armv7e-m/fpu\libc.a(lib_a-puts.o)
 .ARM.attributes
                0x00000853       0x34 e:/programs/stmicroelectronics/truestudio for arm 7.0.1/armtools/bin/../lib/gcc/arm-atollic-eabi/5.3.1/../../../../arm-atollic-eabi/lib/armv7e-m/fpu\libc.a(lib_a-sbrkr.o)
 .ARM.attributes
                0x00000887       0x34 e:/programs/stmicroelectronics/truestudio for arm 7.0.1/armtools/bin/../lib/gcc/arm-atollic-eabi/5.3.1/../../../../arm-atollic-eabi/lib/armv7e-m/fpu\libc.a(lib_a-sprintf.o)
 .ARM.attributes
                0x000008bb       0x34 e:/programs/stmicroelectronics/truestudio for arm 7.0.1/armtools/bin/../lib/gcc/arm-atollic-eabi/5.3.1/../../../../arm-atollic-eabi/lib/armv7e-m/fpu\libc.a(lib_a-strcpy.o)
 .ARM.attributes
                0x000008ef       0x1b e:/programs/stmicroelectronics/truestudio for arm 7.0.1/armtools/bin/../lib/gcc/arm-atollic-eabi/5.3.1/../../../../arm-atollic-eabi/lib/armv7e-m/fpu\libc.a(lib_a-strlen.o)
 .ARM.attributes
                0x0000090a       0x34 e:/programs/stmicroelectronics/truestudio for arm 7.0.1/armtools/bin/../lib/gcc/arm-atollic-eabi/5.3.1/../../../../arm-atollic-eabi/lib/armv7e-m/fpu\libc.a(lib_a-strstr.o)
 .ARM.attributes
                0x0000093e       0x34 e:/programs/stmicroelectronics/truestudio for arm 7.0.1/armtools/bin/../lib/gcc/arm-atollic-eabi/5.3.1/../../../../arm-atollic-eabi/lib/armv7e-m/fpu\libc.a(lib_a-svfprintf.o)
 .ARM.attributes
                0x00000972       0x34 e:/programs/stmicroelectronics/truestudio for arm 7.0.1/armtools/bin/../lib/gcc/arm-atollic-eabi/5.3.1/../../../../arm-atollic-eabi/lib/armv7e-m/fpu\libc.a(lib_a-vfprintf.o)
 .ARM.attributes
                0x000009a6       0x34 e:/programs/stmicroelectronics/truestudio for arm 7.0.1/armtools/bin/../lib/gcc/arm-atollic-eabi/5.3.1/../../../../arm-atollic-eabi/lib/armv7e-m/fpu\libc.a(lib_a-wsetup.o)
 .ARM.attributes
                0x000009da       0x34 e:/programs/stmicroelectronics/truestudio for arm 7.0.1/armtools/bin/../lib/gcc/arm-atollic-eabi/5.3.1/../../../../arm-atollic-eabi/lib/armv7e-m/fpu\libc.a(lib_a-dtoa.o)
 .ARM.attributes
                0x00000a0e       0x34 e:/programs/stmicroelectronics/truestudio for arm 7.0.1/armtools/bin/../lib/gcc/arm-atollic-eabi/5.3.1/../../../../arm-atollic-eabi/lib/armv7e-m/fpu\libc.a(lib_a-fflush.o)
 .ARM.attributes
                0x00000a42       0x34 e:/programs/stmicroelectronics/truestudio for arm 7.0.1/armtools/bin/../lib/gcc/arm-atollic-eabi/5.3.1/../../../../arm-atollic-eabi/lib/armv7e-m/fpu\libc.a(lib_a-findfp.o)
 .ARM.attributes
                0x00000a76       0x34 e:/programs/stmicroelectronics/truestudio for arm 7.0.1/armtools/bin/../lib/gcc/arm-atollic-eabi/5.3.1/../../../../arm-atollic-eabi/lib/armv7e-m/fpu\libc.a(lib_a-freer.o)
 .ARM.attributes
                0x00000aaa       0x34 e:/programs/stmicroelectronics/truestudio for arm 7.0.1/armtools/bin/../lib/gcc/arm-atollic-eabi/5.3.1/../../../../arm-atollic-eabi/lib/armv7e-m/fpu\libc.a(lib_a-fvwrite.o)
 .ARM.attributes
                0x00000ade       0x34 e:/programs/stmicroelectronics/truestudio for arm 7.0.1/armtools/bin/../lib/gcc/arm-atollic-eabi/5.3.1/../../../../arm-atollic-eabi/lib/armv7e-m/fpu\libc.a(lib_a-fwalk.o)
 .ARM.attributes
                0x00000b12       0x34 e:/programs/stmicroelectronics/truestudio for arm 7.0.1/armtools/bin/../lib/gcc/arm-atollic-eabi/5.3.1/../../../../arm-atollic-eabi/lib/armv7e-m/fpu\libc.a(lib_a-impure.o)
 .ARM.attributes
                0x00000b46       0x34 e:/programs/stmicroelectronics/truestudio for arm 7.0.1/armtools/bin/../lib/gcc/arm-atollic-eabi/5.3.1/../../../../arm-atollic-eabi/lib/armv7e-m/fpu\libc.a(lib_a-locale.o)
 .ARM.attributes
                0x00000b7a       0x34 e:/programs/stmicroelectronics/truestudio for arm 7.0.1/armtools/bin/../lib/gcc/arm-atollic-eabi/5.3.1/../../../../arm-atollic-eabi/lib/armv7e-m/fpu\libc.a(lib_a-makebuf.o)
 .ARM.attributes
                0x00000bae       0x20 e:/programs/stmicroelectronics/truestudio for arm 7.0.1/armtools/bin/../lib/gcc/arm-atollic-eabi/5.3.1/../../../../arm-atollic-eabi/lib/armv7e-m/fpu\libc.a(lib_a-memchr.o)
 .ARM.attributes
                0x00000bce       0x34 e:/programs/stmicroelectronics/truestudio for arm 7.0.1/armtools/bin/../lib/gcc/arm-atollic-eabi/5.3.1/../../../../arm-atollic-eabi/lib/armv7e-m/fpu\libc.a(lib_a-memmove.o)
 .ARM.attributes
                0x00000c02       0x34 e:/programs/stmicroelectronics/truestudio for arm 7.0.1/armtools/bin/../lib/gcc/arm-atollic-eabi/5.3.1/../../../../arm-atollic-eabi/lib/armv7e-m/fpu\libc.a(lib_a-mprec.o)
 .ARM.attributes
                0x00000c36       0x34 e:/programs/stmicroelectronics/truestudio for arm 7.0.1/armtools/bin/../lib/gcc/arm-atollic-eabi/5.3.1/../../../../arm-atollic-eabi/lib/armv7e-m/fpu\libc.a(lib_a-reallocr.o)
 .ARM.attributes
                0x00000c6a       0x34 e:/programs/stmicroelectronics/truestudio for arm 7.0.1/armtools/bin/../lib/gcc/arm-atollic-eabi/5.3.1/../../../../arm-atollic-eabi/lib/armv7e-m/fpu\libc.a(lib_a-reent.o)
 .ARM.attributes
                0x00000c9e       0x34 e:/programs/stmicroelectronics/truestudio for arm 7.0.1/armtools/bin/../lib/gcc/arm-atollic-eabi/5.3.1/../../../../arm-atollic-eabi/lib/armv7e-m/fpu\libc.a(lib_a-stdio.o)
 .ARM.attributes
                0x00000cd2       0x34 e:/programs/stmicroelectronics/truestudio for arm 7.0.1/armtools/bin/../lib/gcc/arm-atollic-eabi/5.3.1/../../../../arm-atollic-eabi/lib/armv7e-m/fpu\libc.a(lib_a-svfiprintf.o)
 .ARM.attributes
                0x00000d06       0x34 e:/programs/stmicroelectronics/truestudio for arm 7.0.1/armtools/bin/../lib/gcc/arm-atollic-eabi/5.3.1/../../../../arm-atollic-eabi/lib/armv7e-m/fpu\libc.a(lib_a-vfiprintf.o)
 .ARM.attributes