Archive member included to satisfy reference by file (symbol)

e:/programs/stmicroelectronics/truestudio for arm 7.0.1/armtools/bin/../lib/gcc/arm-atollic-eabi/5.3.1/../../../../arm-atollic-eabi/lib/armv7e-m/fpu\libc.a(lib_a-init.o)
                              startup\startup_stm32f417xx.o (__libc_init_array)
e:/programs/stmicroelectronics/truestudio for arm 7.0.1/armtools/bin/../lib/gcc/arm-atollic-eabi/5.3.1/../../../../arm-atollic-eabi/lib/armv7e-m/fpu\libc.a(lib_a-malloc.o)
                              Middlewares\ST\STM32_USB_Device_Library\Class\CDC\Src\usbd_cdc.o (malloc)
e:/programs/stmicroelectronics/truestudio for arm 7.0.1/armtools/bin/../lib/gcc/arm-atollic-eabi/5.3.1/../../../../arm-atollic-eabi/lib/armv7e-m/fpu\libc.a(lib_a-mallocr.o)
                              e:/programs/stmicroelectronics/truestudio for arm 7.0.1/armtools/bin/../lib/gcc/arm-atollic-eabi/5.3.1/../../../../arm-atollic-eabi/lib/armv7e-m/fpu\libc.a(lib_a-malloc.o) (_malloc_r)
e:/programs/stmicroelectronics/truestudio for arm 7.0.1/armtools/bin/../lib/gcc/arm-atollic-eabi/5.3.1/../../../../arm-atollic-eabi/lib/armv7e-m/fpu\libc.a(lib_a-mlock.o)
                              e:/programs/stmicroelectronics/truestudio for arm 7.0.1/armtools/bin/../lib/gcc/arm-atollic-eabi/5.3.1/../../../../arm-atollic-eabi/lib/armv7e-m/fpu\libc.a(lib_a-mallocr.o) (__malloc_lock)
e:/programs/stmicroelectronics/truestudio for arm 7.0.1/armtools/bin/../lib/gcc/arm-atollic-eabi/5.3.1/../../../../arm-atollic-eabi/lib/armv7e-m/fpu\libc.a(lib_a-sbrkr.o)
                              e:/programs/stmicroelectronics/truestudio for arm 7.0.1/armtools/bin/../lib/gcc/arm-atollic-eabi/5.3.1/../../../../arm-atollic-eabi/lib/armv7e-m/fpu\libc.a(lib_a-mallocr.o) (_sbrk_r)
e:/programs/stmicroelectronics/truestudio for arm 7.0.1/armtools/bin/../lib/gcc/arm-atollic-eabi/5.3.1/../../../../arm-atollic-eabi/lib/armv7e-m/fpu\libc.a(lib_a-sprintf.o)
                              Src\GSM.o (sprintf)
e:/programs/stmicroelectronics/truestudio for arm 7.0.1/armtools/bin/../lib/gcc/arm-atollic-eabi/5.3.1/../../../../arm-atollic-eabi/lib/armv7e-m/fpu\libc.a(lib_a-strcat.o)
                              Src\GSM.o (strcat)
e:/programs/stmicroelectronics/truestudio for arm 7.0.1/armtools/bin/../lib/gcc/arm-atollic-eabi/5.3.1/../../../../arm-atollic-eabi/lib/armv7e-m/fpu\libc.a(lib_a-strcpy.o)
                              Src\USBTransmission.o (strcpy)
e:/programs/stmicroelectronics/truestudio for arm 7.0.1/armtools/bin/../lib/gcc/arm-atollic-eabi/5.3.1/../../../../arm-atollic-eabi/lib/armv7e-m/fpu\libc.a(lib_a-strlcpy.o)
                              Src\usbd_cdc_if.o (strlcpy)
e:/programs/stmicroelectronics/truestudio for arm 7.0.1/armtools/bin/../lib/gcc/arm-atollic-eabi/5.3.1/../../../../arm-atollic-eabi/lib/armv7e-m/fpu\libc.a(lib_a-strncmp.o)
                              Src\GSM.o (strncmp)
e:/programs/stmicroelectronics/truestudio for arm 7.0.1/armtools/bin/../lib/gcc/arm-atollic-eabi/5.3.1/../../../../arm-atollic-eabi/lib/armv7e-m/fpu\libc.a(lib_a-strncpy.o)
                              Src\GSM.o (strncpy)
e:/programs/stmicroelectronics/truestudio for arm 7.0.1/armtools/bin/../lib/gcc/arm-atollic-eabi/5.3.1/../../../../arm-atollic-eabi/lib/armv7e-m/fpu\libc.a(lib_a-svfprintf.o)
                              e:/programs/stmicroelectronics/truestudio for arm 7.0.1/armtools/bin/../lib/gcc/arm-atollic-eabi/5.3.1/../../../../arm-atollic-eabi/lib/armv7e-m/fpu\libc.a(lib_a-sprintf.o) (_svfprintf_r)
e:/programs/stmicroelectronics/truestudio for arm 7.0.1/armtools/bin/../lib/gcc/arm-atollic-eabi/5.3.1/../../../../arm-atollic-eabi/lib/armv7e-m/fpu\libc.a(lib_a-dtoa.o)
                              e:/programs/stmicroelectronics/truestudio for arm 7.0.1/armtools/bin/../lib/gcc/arm-atollic-eabi/5.3.1/../../../../arm-atollic-eabi/lib/armv7e-m/fpu\libc.a(lib_a-svfprintf.o) (_dtoa_r)
e:/programs/stmicroelectronics/truestudio for arm 7.0.1/armtools/bin/../lib/gcc/arm-atollic-eabi/5.3.1/../../../../arm-atollic-eabi/lib/armv7e-m/fpu\libc.a(lib_a-freer.o)
                              e:/programs/stmicroelectronics/truestudio for arm 7.0.1/armtools/bin/../lib/gcc/arm-atollic-eabi/5.3.1/../../../../arm-atollic-eabi/lib/armv7e-m/fpu\libc.a(lib_a-malloc.o) (_free_r)
e:/programs/stmicroelectronics/truestudio for arm 7.0.1/armtools/bin/../lib/gcc/arm-atollic-eabi/5.3.1/../../../../arm-atollic-eabi/lib/armv7e-m/fpu\libc.a(lib_a-impure.o)
                              e:/programs/stmicroelectronics/truestudio for arm 7.0.1/armtools/bin/../lib/gcc/arm-atollic-eabi/5.3.1/../../../../arm-atollic-eabi/lib/armv7e-m/fpu\libc.a(lib_a-malloc.o) (_impure_ptr)
e:/programs/stmicroelectronics/truestudio for arm 7.0.1/armtools/bin/../lib/gcc/arm-atollic-eabi/5.3.1/../../../../arm-atollic-eabi/lib/armv7e-m/fpu\libc.a(lib_a-locale.o)
[...]
Memory Configuration

Name             Origin             Length             Attributes
RAM              0x20000000         0x00020000         xrw
CCMRAM           0x10000000         0x00010000         rw
FLASH            0x08000000         0x00100000         xr
*default*        0x00000000         0xffffffff

Linker script and memory map

LOAD e:/programs/stmicroelectronics/truestudio for arm 7.0.1/armtools/bin/../lib/gcc/arm-atollic-eabi/5.3.1/armv7e-m/fpu/crti.o
LOAD e:/programs/stmicroelectronics/truestudio for arm 7.0.1/armtools/bin/../lib/gcc/arm-atollic-eabi/5.3.1/armv7e-m/fpu/crtbegin.o
LOAD Drivers\STM32F4xx_HAL_Driver\Src\stm32f4xx_hal.o
LOAD Drivers\STM32F4xx_HAL_Driver\Src\stm32f4xx_hal_cortex.o
LOAD Drivers\STM32F4xx_HAL_Driver\Src\stm32f4xx_hal_dma.o
LOAD Drivers\STM32F4xx_HAL_Driver\Src\stm32f4xx_hal_dma_ex.o
LOAD Drivers\STM32F4xx_HAL_Driver\Src\stm32f4xx_hal_flash.o
LOAD Drivers\STM32F4xx_HAL_Driver\Src\stm32f4xx_hal_flash_ex.o
LOAD Drivers\STM32F4xx_HAL_Driver\Src\stm32f4xx_hal_flash_ramfunc.o
LOAD Drivers\STM32F4xx_HAL_Driver\Src\stm32f4xx_hal_gpio.o
LOAD Drivers\STM32F4xx_HAL_Driver\Src\stm32f4xx_hal_i2c.o
LOAD Drivers\STM32F4xx_HAL_Driver\Src\stm32f4xx_hal_i2c_ex.o
LOAD Drivers\STM32F4xx_HAL_Driver\Src\stm32f4xx_hal_pcd.o
LOAD Drivers\STM32F4xx_HAL_Driver\Src\stm32f4xx_hal_pcd_ex.o
LOAD Drivers\STM32F4xx_HAL_Driver\Src\stm32f4xx_hal_pwr.o
LOAD Drivers\STM32F4xx_HAL_Driver\Src\stm32f4xx_hal_pwr_ex.o
LOAD Drivers\STM32F4xx_HAL_Driver\Src\stm32f4xx_hal_rcc.o
LOAD Drivers\STM32F4xx_HAL_Driver\Src\stm32f4xx_hal_rcc_ex.o
LOAD Drivers\STM32F4xx_HAL_Driver\Src\stm32f4xx_hal_rtc.o
LOAD Drivers\STM32F4xx_HAL_Driver\Src\stm32f4xx_hal_rtc_ex.o
LOAD Drivers\STM32F4xx_HAL_Driver\Src\stm32f4xx_hal_tim.o
LOAD Drivers\STM32F4xx_HAL_Driver\Src\stm32f4xx_hal_tim_ex.o
LOAD Drivers\STM32F4xx_HAL_Driver\Src\stm32f4xx_hal_uart.o
LOAD Drivers\STM32F4xx_HAL_Driver\Src\stm32f4xx_ll_usb.o
LOAD Middlewares\ST\STM32_USB_Device_Library\Class\CDC\Src\usbd_cdc.o
LOAD Middlewares\ST\STM32_USB_Device_Library\Core\Src\usbd_core.o
LOAD Middlewares\ST\STM32_USB_Device_Library\Core\Src\usbd_ctlreq.o
LOAD Middlewares\ST\STM32_USB_Device_Library\Core\Src\usbd_ioreq.o
LOAD Src\Accelerometer.o
LOAD Src\EEPROM.o
LOAD Src\GPS.o
LOAD Src\GSM.o
LOAD Src\PositionLog.o
LOAD Src\USBTransmission.o
LOAD Src\gpio.o
LOAD Src\i2c.o
LOAD Src\main.o
LOAD Src\rtc.o
LOAD Src\stm32f4xx_hal_msp.o
LOAD Src\stm32f4xx_it.o
LOAD Src\system_stm32f4xx.o
LOAD Src\tim.o
LOAD Src\usart.o
LOAD Src\usb_device.o
LOAD Src\usbd_cdc_if.o
LOAD Src\usbd_conf.o
LOAD Src\usbd_desc.o
LOAD startup\startup_stm32f417xx.o
START GROUP
LOAD e:/programs/stmicroelectronics/truestudio for arm 7.0.1/armtools/bin/../lib/gcc/arm-atollic-eabi/5.3.1/../../../../arm-atollic-eabi/lib/armv7e-m/fpu\libc.a
LOAD e:/programs/stmicroelectronics/truestudio for arm 7.0.1/armtools/bin/../lib/gcc/arm-atollic-eabi/5.3.1/../../../../arm-atollic-eabi/lib/armv7e-m/fpu\libm.a
END GROUP
                0x00000080                malloc_getpagesize_P = 0x80
START GROUP
LOAD e:/programs/stmicroelectronics/truestudio for arm 7.0.1/armtools/bin/../lib/gcc/arm-atollic-eabi/5.3.1/armv7e-m/fpu\libgcc.a
LOAD e:/programs/stmicroelectronics/truestudio for arm 7.0.1/armtools/bin/../lib/gcc/arm-atollic-eabi/5.3.1/../../../../arm-atollic-eabi/lib/armv7e-m/fpu\libc.a
END GROUP
START GROUP
LOAD e:/programs/stmicroelectronics/truestudio for arm 7.0.1/armtools/bin/../lib/gcc/arm-atollic-eabi/5.3.1/armv7e-m/fpu\libgcc.a
LOAD e:/programs/stmicroelectronics/truestudio for arm 7.0.1/armtools/bin/../lib/gcc/arm-atollic-eabi/5.3.1/../../../../arm-atollic-eabi/lib/armv7e-m/fpu\libc.a
LOAD e:/programs/stmicroelectronics/truestudio for arm 7.0.1/armtools/bin/../lib/gcc/arm-atollic-eabi/5.3.1/../../../../arm-atollic-eabi/lib/armv7e-m/fpu\libnosys.a
END GROUP
LOAD e:/programs/stmicroelectronics/truestudio for arm 7.0.1/armtools/bin/../lib/gcc/arm-atollic-eabi/5.3.1/armv7e-m/fpu/crtend.o
LOAD e:/programs/stmicroelectronics/truestudio for arm 7.0.1/armtools/bin/../lib/gcc/arm-atollic-eabi/5.3.1/armv7e-m/fpu/crtn.o
                0x20020000                _estack = 0x20020000
                0x00000200                _Min_Heap_Size = 0x200
                0x00000400                _Min_Stack_Size = 0x400

.isr_vector     0x08000000      0x188
                0x08000000                . = ALIGN (0x4)
 *(.isr_vector)
 .isr_vector    0x08000000      0x188 startup\startup_stm32f417xx.o
                0x08000000                g_pfnVectors
                0x08000188                . = ALIGN (0x4)

.text           0x08000190     0x7cb8
                0x08000190                . = ALIGN (0x4)
 *(.text)
 .text          0x08000190       0x40 e:/programs/stmicroelectronics/truestudio for arm 7.0.1/armtools/bin/../lib/gcc/arm-atollic-eabi/5.3.1/armv7e-m/fpu/crtbegin.o
 .text          0x080001d0       0xa0 e:/programs/stmicroelectronics/truestudio for arm 7.0.1/armtools/bin/../lib/gcc/arm-atollic-eabi/5.3.1/../../../../arm-atollic-eabi/lib/armv7e-m/fpu\libc.a(lib_a-memchr.o)
                0x080001d0                memchr
 .text          0x08000270       0x10 e:/programs/stmicroelectronics/truestudio for arm 7.0.1/armtools/bin/../lib/gcc/arm-atollic-eabi/5.3.1/../../../../arm-atollic-eabi/lib/armv7e-m/fpu\libc.a(lib_a-strlen.o)
                0x08000270                strlen
 .text          0x08000280      0x370 e:/programs/stmicroelectronics/truestudio for arm 7.0.1/armtools/bin/../lib/gcc/arm-atollic-eabi/5.3.1/armv7e-m/fpu\libgcc.a(_arm_addsubdf3.o)
                0x08000280                __aeabi_drsub
                0x08000288                __aeabi_dsub
                0x08000288                __subdf3
                0x0800028c                __aeabi_dadd
                0x0800028c                __adddf3
                0x08000504                __floatunsidf
                0x08000504                __aeabi_ui2d
                0x08000524                __floatsidf
                0x08000524                __aeabi_i2d
                0x08000548                __aeabi_f2d
                0x08000548                __extendsfdf2
                0x08000584                __floatundidf
                0x08000584                __aeabi_ul2d
                0x08000594                __floatdidf
                0x08000594                __aeabi_l2d
 .text          0x080005f0      0x424 e:/programs/stmicroelectronics/truestudio for arm 7.0.1/armtools/bin/../lib/gcc/arm-atollic-eabi/5.3.1/armv7e-m/fpu\libgcc.a(_arm_muldivdf3.o)
                0x080005f0                __aeabi_dmul
                0x080005f0                __muldf3
                0x08000844                __divdf3
                0x08000844                __aeabi_ddiv
 .text          0x08000a14      0x110 e:/programs/stmicroelectronics/truestudio for arm 7.0.1/armtools/bin/../lib/gcc/arm-atollic-eabi/5.3.1/armv7e-m/fpu\libgcc.a(_arm_cmpdf2.o)
                0x08000a14                __gtdf2
                0x08000a14                __gedf2
                0x08000a1c                __ltdf2
                0x08000a1c                __ledf2
                0x08000a24                __nedf2
                0x08000a24                __eqdf2
                0x08000a24                __cmpdf2
                0x08000aa0                __aeabi_cdrcmple
                0x08000ab0                __aeabi_cdcmpeq
                0x08000ab0                __aeabi_cdcmple
                0x08000ac0                __aeabi_dcmpeq
                0x08000ad4                __aeabi_dcmplt
                0x08000ae8                __aeabi_dcmple
                0x08000afc                __aeabi_dcmpge
                0x08000b10                __aeabi_dcmpgt
 .text          0x08000b24       0x2c e:/programs/stmicroelectronics/truestudio for arm 7.0.1/armtools/bin/../lib/gcc/arm-atollic-eabi/5.3.1/armv7e-m/fpu\libgcc.a(_arm_unorddf2.o)
                0x08000b24                __unorddf2
                0x08000b24                __aeabi_dcmpun
 .text          0x08000b50       0x50 e:/programs/stmicroelectronics/truestudio for arm 7.0.1/armtools/bin/../lib/gcc/arm-atollic-eabi/5.3.1/armv7e-m/fpu\libgcc.a(_arm_fixdfsi.o)
                0x08000b50                __aeabi_d2iz
                0x08000b50                __fixdfsi
 .text          0x08000ba0       0x30 e:/programs/stmicroelectronics/truestudio for arm 7.0.1/armtools/bin/../lib/gcc/arm-atollic-eabi/5.3.1/armv7e-m/fpu\libgcc.a(_aeabi_uldivmod.o)
                0x08000ba0                __aeabi_uldivmod
 .text          0x08000bd0      0x2e4 e:/programs/stmicroelectronics/truestudio for arm 7.0.1/armtools/bin/../lib/gcc/arm-atollic-eabi/5.3.1/armv7e-m/fpu\libgcc.a(_udivmoddi4.o)
                0x08000bd0                __udivmoddi4
 .text          0x08000eb4        0x4 e:/programs/stmicroelectronics/truestudio for arm 7.0.1/armtools/bin/../lib/gcc/arm-atollic-eabi/5.3.1/armv7e-m/fpu\libgcc.a(_dvmd_tls.o)
                0x08000eb4                __aeabi_idiv0
                0x08000eb4                __aeabi_ldiv0
 *(.text*)
 .text.HAL_InitTick
                0x08000eb8       0x28 Drivers\STM32F4xx_HAL_Driver\Src\stm32f4xx_hal.o
                0x08000eb8                HAL_InitTick
 .text.HAL_Init
                0x08000ee0       0x34 Drivers\STM32F4xx_HAL_Driver\Src\stm32f4xx_hal.o
                0x08000ee0                HAL_Init
 .text.HAL_IncTick
                0x08000f14       0x10 Drivers\STM32F4xx_HAL_Driver\Src\stm32f4xx_hal.o
                0x08000f14                HAL_IncTick
 .text.HAL_GetTick
                0x08000f24        0xc Drivers\STM32F4xx_HAL_Driver\Src\stm32f4xx_hal.o
                0x08000f24                HAL_GetTick
 .text.HAL_Delay
                0x08000f30       0x20 Drivers\STM32F4xx_HAL_Driver\Src\stm32f4xx_hal.o
                0x08000f30                HAL_Delay
 .text.HAL_NVIC_SetPriorityGrouping
                0x08000f50       0x24 Drivers\STM32F4xx_HAL_Driver\Src\stm32f4xx_hal_cortex.o
                0x08000f50                HAL_NVIC_SetPriorityGrouping
 .text.HAL_NVIC_SetPriority
                0x08000f74       0x68 Drivers\STM32F4xx_HAL_Driver\Src\stm32f4xx_hal_cortex.o
                0x08000f74                HAL_NVIC_SetPriority
 .text.HAL_NVIC_EnableIRQ
                0x08000fdc       0x18 Drivers\STM32F4xx_HAL_Driver\Src\stm32f4xx_hal_cortex.o
                0x08000fdc                HAL_NVIC_EnableIRQ
 .text.HAL_SYSTICK_Config
                0x08000ff4       0x2c Drivers\STM32F4xx_HAL_Driver\Src\stm32f4xx_hal_cortex.o
                0x08000ff4                HAL_SYSTICK_Config
 .text.HAL_SYSTICK_CLKSourceConfig
                0x08001020       0x18 Drivers\STM32F4xx_HAL_Driver\Src\stm32f4xx_hal_cortex.o
                0x08001020                HAL_SYSTICK_CLKSourceConfig
 .text.HAL_SYSTICK_Callback
                0x08001038        0x2 Drivers\STM32F4xx_HAL_Driver\Src\stm32f4xx_hal_cortex.o
                0x08001038                HAL_SYSTICK_Callback
 .text.HAL_SYSTICK_IRQHandler
                0x0800103a        0x8 Drivers\STM32F4xx_HAL_Driver\Src\stm32f4xx_hal_cortex.o
                0x0800103a                HAL_SYSTICK_IRQHandler
 .text.HAL_DMA_Abort_IT
                0x08001042       0x24 Drivers\STM32F4xx_HAL_Driver\Src\stm32f4xx_hal_dma.o
                0x08001042                HAL_DMA_Abort_IT
 *fill*         0x08001066        0x2 
 .text.HAL_GPIO_Init
                0x08001068      0x1c0 Drivers\STM32F4xx_HAL_Driver\Src\stm32f4xx_hal_gpio.o
                0x08001068                HAL_GPIO_Init
 .text.HAL_GPIO_EXTI_IRQHandler
                0x08001228       0x18 Drivers\STM32F4xx_HAL_Driver\Src\stm32f4xx_hal_gpio.o
                0x08001228                HAL_GPIO_EXTI_IRQHandler
 .text.I2C_IsAcknowledgeFailed
                0x08001240       0x2a Drivers\STM32F4xx_HAL_Driver\Src\stm32f4xx_hal_i2c.o
 .text.I2C_WaitOnMasterAddressFlagUntilTimeout
                0x0800126a       0x82 Drivers\STM32F4xx_HAL_Driver\Src\stm32f4xx_hal_i2c.o
 .text.I2C_WaitOnFlagUntilTimeout
                0x080012ec       0x5e Drivers\STM32F4xx_HAL_Driver\Src\stm32f4xx_hal_i2c.o
 .text.I2C_WaitOnTXEFlagUntilTimeout
                0x0800134a       0x4c Drivers\STM32F4xx_HAL_Driver\Src\stm32f4xx_hal_i2c.o
 *fill*         0x08001396        0x2 
 .text.I2C_RequestMemoryWrite
                0x08001398       0xa0 Drivers\STM32F4xx_HAL_Driver\Src\stm32f4xx_hal_i2c.o
 .text.I2C_WaitOnBTFFlagUntilTimeout
                0x08001438       0x4c Drivers\STM32F4xx_HAL_Driver\Src\stm32f4xx_hal_i2c.o
 .text.HAL_I2C_Init
                0x08001484       0xdc Drivers\STM32F4xx_HAL_Driver\Src\stm32f4xx_hal_i2c.o
                0x08001484                HAL_I2C_Init
 .text.HAL_I2C_Mem_Write
                0x08001560      0x130 Drivers\STM32F4xx_HAL_Driver\Src\stm32f4xx_hal_i2c.o
                0x08001560                HAL_I2C_Mem_Write
 .text.HAL_PCD_Init
                0x08001690       0xd8 Drivers\STM32F4xx_HAL_Driver\Src\stm32f4xx_hal_pcd.o
                0x08001690                HAL_PCD_Init
 .text.HAL_PCD_Start
                0x08001768       0x2a Drivers\STM32F4xx_HAL_Driver\Src\stm32f4xx_hal_pcd.o
                0x08001768                HAL_PCD_Start
 *fill*         0x08001792        0x2 
 .text.HAL_PCD_IRQHandler
                0x08001794      0x548 Drivers\STM32F4xx_HAL_Driver\Src\stm32f4xx_hal_pcd.o
                0x08001794                HAL_PCD_IRQHandler
 .text.HAL_PCD_SetAddress
                0x08001cdc       0x24 Drivers\STM32F4xx_HAL_Driver\Src\stm32f4xx_hal_pcd.o
                0x08001cdc                HAL_PCD_SetAddress
 .text.HAL_PCD_EP_Open
                0x08001d00       0x5c Drivers\STM32F4xx_HAL_Driver\Src\stm32f4xx_hal_pcd.o
                0x08001d00                HAL_PCD_EP_Open
 .text.HAL_PCD_EP_Close
                0x08001d5c       0x46 Drivers\STM32F4xx_HAL_Driver\Src\stm32f4xx_hal_pcd.o
                0x08001d5c                HAL_PCD_EP_Close
 .text.HAL_PCD_EP_Receive
                0x08001da2       0x46 Drivers\STM32F4xx_HAL_Driver\Src\stm32f4xx_hal_pcd.o
                0x08001da2                HAL_PCD_EP_Receive
 .text.HAL_PCD_EP_GetRxCount
                0x08001de8       0x10 Drivers\STM32F4xx_HAL_Driver\Src\stm32f4xx_hal_pcd.o
                0x08001de8                HAL_PCD_EP_GetRxCount
 .text.HAL_PCD_EP_Transmit
                0x08001df8       0x40 Drivers\STM32F4xx_HAL_Driver\Src\stm32f4xx_hal_pcd.o
                0x08001df8                HAL_PCD_EP_Transmit
 .text.HAL_PCD_EP_SetStall
                0x08001e38       0x58 Drivers\STM32F4xx_HAL_Driver\Src\stm32f4xx_hal_pcd.o
                0x08001e38                HAL_PCD_EP_SetStall
 .text.HAL_PCD_EP_ClrStall
                0x08001e90       0x4a Drivers\STM32F4xx_HAL_Driver\Src\stm32f4xx_hal_pcd.o
                0x08001e90                HAL_PCD_EP_ClrStall
 .text.HAL_PCDEx_SetTxFiFo
                0x08001eda       0x42 Drivers\STM32F4xx_HAL_Driver\Src\stm32f4xx_hal_pcd_ex.o
                0x08001eda                HAL_PCDEx_SetTxFiFo
 .text.HAL_PCDEx_SetRxFiFo
                0x08001f1c        0x8 Drivers\STM32F4xx_HAL_Driver\Src\stm32f4xx_hal_pcd_ex.o
                0x08001f1c                HAL_PCDEx_SetRxFiFo
 .text.HAL_RCC_OscConfig
                0x08001f24      0x31c Drivers\STM32F4xx_HAL_Driver\Src\stm32f4xx_hal_rcc.o
                0x08001f24                HAL_RCC_OscConfig
 .text.HAL_RCC_GetSysClockFreq
                0x08002240       0x7c Drivers\STM32F4xx_HAL_Driver\Src\stm32f4xx_hal_rcc.o
                0x08002240                HAL_RCC_GetSysClockFreq
 .text.HAL_RCC_ClockConfig
                0x080022bc      0x168 Drivers\STM32F4xx_HAL_Driver\Src\stm32f4xx_hal_rcc.o
                0x080022bc                HAL_RCC_ClockConfig
 .text.HAL_RCC_GetHCLKFreq
                0x08002424        0xc Drivers\STM32F4xx_HAL_Driver\Src\stm32f4xx_hal_rcc.o
                0x08002424                HAL_RCC_GetHCLKFreq
 .text.HAL_RCC_GetPCLK1Freq
                0x08002430       0x30 Drivers\STM32F4xx_HAL_Driver\Src\stm32f4xx_hal_rcc.o
                0x08002430                HAL_RCC_GetPCLK1Freq
 .text.HAL_RCC_GetPCLK2Freq
                0x08002460       0x30 Drivers\STM32F4xx_HAL_Driver\Src\stm32f4xx_hal_rcc.o
                0x08002460                HAL_RCC_GetPCLK2Freq
 .text.HAL_RCCEx_PeriphCLKConfig
                0x08002490      0x150 Drivers\STM32F4xx_HAL_Driver\Src\stm32f4xx_hal_rcc_ex.o
                0x08002490                HAL_RCCEx_PeriphCLKConfig
 .text.HAL_RTC_WaitForSynchro
                0x080025e0       0x30 Drivers\STM32F4xx_HAL_Driver\Src\stm32f4xx_hal_rtc.o
                0x080025e0                HAL_RTC_WaitForSynchro
 .text.RTC_EnterInitMode
                0x08002610       0x34 Drivers\STM32F4xx_HAL_Driver\Src\stm32f4xx_hal_rtc.o
                0x08002610                RTC_EnterInitMode
 .text.HAL_RTC_Init
                0x08002644       0x88 Drivers\STM32F4xx_HAL_Driver\Src\stm32f4xx_hal_rtc.o
                0x08002644                HAL_RTC_Init
 .text.RTC_ByteToBcd2
                0x080026cc       0x16 Drivers\STM32F4xx_HAL_Driver\Src\stm32f4xx_hal_rtc.o
                0x080026cc                RTC_ByteToBcd2
 .text.HAL_RTC_SetTime
                0x080026e2       0xde Drivers\STM32F4xx_HAL_Driver\Src\stm32f4xx_hal_rtc.o
                0x080026e2                HAL_RTC_SetTime
 .text.HAL_RTC_SetDate
                0x080027c0       0xc2 Drivers\STM32F4xx_HAL_Driver\Src\stm32f4xx_hal_rtc.o
                0x080027c0                HAL_RTC_SetDate
 .text.HAL_RTCEx_BKUPWrite
                0x08002882        0xa Drivers\STM32F4xx_HAL_Driver\Src\stm32f4xx_hal_rtc_ex.o
                0x08002882                HAL_RTCEx_BKUPWrite
 .text.HAL_RTCEx_BKUPRead
                0x0800288c        0xa Drivers\STM32F4xx_HAL_Driver\Src\stm32f4xx_hal_rtc_ex.o
                0x0800288c                HAL_RTCEx_BKUPRead
 .text.HAL_TIM_Base_Start_IT
                0x08002896       0x16 Drivers\STM32F4xx_HAL_Driver\Src\stm32f4xx_hal_tim.o
                0x08002896                HAL_TIM_Base_Start_IT
 .text.HAL_TIM_Base_Stop_IT
                0x080028ac       0x2a Drivers\STM32F4xx_HAL_Driver\Src\stm32f4xx_hal_tim.o
                0x080028ac                HAL_TIM_Base_Stop_IT
 .text.HAL_TIM_OC_DelayElapsedCallback
                0x080028d6        0x2 Drivers\STM32F4xx_HAL_Driver\Src\stm32f4xx_hal_tim.o
                0x080028d6                HAL_TIM_OC_DelayElapsedCallback
 .text.HAL_TIM_IC_CaptureCallback
                0x080028d8        0x2 Drivers\STM32F4xx_HAL_Driver\Src\stm32f4xx_hal_tim.o
                0x080028d8                HAL_TIM_IC_CaptureCallback
 .text.HAL_TIM_PWM_PulseFinishedCallback
                0x080028da        0x2 Drivers\STM32F4xx_HAL_Driver\Src\stm32f4xx_hal_tim.o
                0x080028da                HAL_TIM_PWM_PulseFinishedCallback
 .text.HAL_TIM_TriggerCallback
                0x080028dc        0x2 Drivers\STM32F4xx_HAL_Driver\Src\stm32f4xx_hal_tim.o
                0x080028dc                HAL_TIM_TriggerCallback
 .text.HAL_TIM_IRQHandler
                0x080028de      0x144 Drivers\STM32F4xx_HAL_Driver\Src\stm32f4xx_hal_tim.o
                0x080028de                HAL_TIM_IRQHandler
 *fill*         0x08002a22        0x2 
 .text.TIM_Base_SetConfig
                0x08002a24       0xc8 Drivers\STM32F4xx_HAL_Driver\Src\stm32f4xx_hal_tim.o
                0x08002a24                TIM_Base_SetConfig
 .text.HAL_TIM_Base_Init
                0x08002aec       0x34 Drivers\STM32F4xx_HAL_Driver\Src\stm32f4xx_hal_tim.o
                0x08002aec                HAL_TIM_Base_Init
 .text.HAL_TIMEx_MasterConfigSynchronization
                0x08002b20       0x44 Drivers\STM32F4xx_HAL_Driver\Src\stm32f4xx_hal_tim_ex.o
                0x08002b20                HAL_TIMEx_MasterConfigSynchronization
 .text.HAL_TIMEx_CommutationCallback
                0x08002b64        0x2 Drivers\STM32F4xx_HAL_Driver\Src\stm32f4xx_hal_tim_ex.o
                0x08002b64                HAL_TIMEx_CommutationCallback
 .text.HAL_TIMEx_BreakCallback
                0x08002b66        0x2 Drivers\STM32F4xx_HAL_Driver\Src\stm32f4xx_hal_tim_ex.o
                0x08002b66                HAL_TIMEx_BreakCallback
 .text.UART_EndRxTransfer
                0x08002b68       0x1a Drivers\STM32F4xx_HAL_Driver\Src\stm32f4xx_hal_uart.o
 *fill*         0x08002b82        0x2 
 .text.UART_SetConfig
                0x08002b84      0x23c Drivers\STM32F4xx_HAL_Driver\Src\stm32f4xx_hal_uart.o
 .text.HAL_UART_Init
                0x08002dc0       0x5c Drivers\STM32F4xx_HAL_Driver\Src\stm32f4xx_hal_uart.o
                0x08002dc0                HAL_UART_Init
 .text.HAL_UART_Transmit_IT
                0x08002e1c       0x3e Drivers\STM32F4xx_HAL_Driver\Src\stm32f4xx_hal_uart.o
                0x08002e1c                HAL_UART_Transmit_IT
 .text.HAL_UART_Receive_IT
                0x08002e5a       0x46 Drivers\STM32F4xx_HAL_Driver\Src\stm32f4xx_hal_uart.o
                0x08002e5a                HAL_UART_Receive_IT
 .text.UART_Receive_IT
                0x08002ea0       0x78 Drivers\STM32F4xx_HAL_Driver\Src\stm32f4xx_hal_uart.o
 .text.HAL_UART_ErrorCallback
                0x08002f18        0x2 Drivers\STM32F4xx_HAL_Driver\Src\stm32f4xx_hal_uart.o
                0x08002f18                HAL_UART_ErrorCallback
 *fill*         0x08002f1a        0x2 
 .text.HAL_UART_IRQHandler
                0x08002f1c      0x140 Drivers\STM32F4xx_HAL_Driver\Src\stm32f4xx_hal_uart.o
                0x08002f1c                HAL_UART_IRQHandler
 .text.UART_DMAAbortOnError
                0x0800305c       0x10 Drivers\STM32F4xx_HAL_Driver\Src\stm32f4xx_hal_uart.o
 .text.USB_CoreInit
                0x0800306c       0x74 Drivers\STM32F4xx_HAL_Driver\Src\stm32f4xx_ll_usb.o
                0x0800306c                USB_CoreInit
 .text.USB_EnableGlobalInt
                0x080030e0        0xc Drivers\STM32F4xx_HAL_Driver\Src\stm32f4xx_ll_usb.o
                0x080030e0                USB_EnableGlobalInt
 .text.USB_DisableGlobalInt
                0x080030ec        0xc Drivers\STM32F4xx_HAL_Driver\Src\stm32f4xx_ll_usb.o
                0x080030ec                USB_DisableGlobalInt
 .text.USB_SetCurrentMode
                0x080030f8       0x2c Drivers\STM32F4xx_HAL_Driver\Src\stm32f4xx_ll_usb.o
                0x080030f8                USB_SetCurrentMode
 .text.USB_DevInit
                0x08003124      0x134 Drivers\STM32F4xx_HAL_Driver\Src\stm32f4xx_ll_usb.o
                0x08003124                USB_DevInit
 .text.USB_FlushTxFifo
                0x08003258       0x24 Drivers\STM32F4xx_HAL_Driver\Src\stm32f4xx_ll_usb.o
                0x08003258                USB_FlushTxFifo
 .text.USB_FlushRxFifo
                0x0800327c       0x20 Drivers\STM32F4xx_HAL_Driver\Src\stm32f4xx_ll_usb.o
                0x0800327c                USB_FlushRxFifo
 .text.USB_SetDevSpeed
                0x0800329c        0xe Drivers\STM32F4xx_HAL_Driver\Src\stm32f4xx_ll_usb.o
                0x0800329c                USB_SetDevSpeed
 .text.USB_GetDevSpeed
                0x080032aa       0x36 Drivers\STM32F4xx_HAL_Driver\Src\stm32f4xx_ll_usb.o
                0x080032aa                USB_GetDevSpeed
 .text.USB_ActivateEndpoint
                0x080032e0       0x82 Drivers\STM32F4xx_HAL_Driver\Src\stm32f4xx_ll_usb.o
                0x080032e0                USB_ActivateEndpoint
 .text.USB_DeactivateEndpoint
                0x08003362        0x4 Drivers\STM32F4xx_HAL_Driver\Src\stm32f4xx_ll_usb.o
                0x08003362                USB_DeactivateEndpoint
 *fill*         0x08003366        0x2 
 .text.USB_DeactivateDedicatedEndpoint
                0x08003368       0xdc Drivers\STM32F4xx_HAL_Driver\Src\stm32f4xx_ll_usb.o
                0x08003368                USB_DeactivateDedicatedEndpoint
 .text.USB_EPStartXfer
                0x08003444      0x238 Drivers\STM32F4xx_HAL_Driver\Src\stm32f4xx_ll_usb.o
                0x08003444                USB_EPStartXfer
 .text.USB_EP0StartXfer
                0x0800367c      0x152 Drivers\STM32F4xx_HAL_Driver\Src\stm32f4xx_ll_usb.o
                0x0800367c                USB_EP0StartXfer
 .text.USB_WritePacket
                0x080037ce       0x28 Drivers\STM32F4xx_HAL_Driver\Src\stm32f4xx_ll_usb.o
                0x080037ce                USB_WritePacket
 .text.USB_ReadPacket
                0x080037f6       0x1c Drivers\STM32F4xx_HAL_Driver\Src\stm32f4xx_ll_usb.o
                0x080037f6                USB_ReadPacket
 .text.USB_EPSetStall
                0x08003812       0x64 Drivers\STM32F4xx_HAL_Driver\Src\stm32f4xx_ll_usb.o
                0x08003812                USB_EPSetStall
 .text.USB_EPClearStall
                0x08003876       0x3c Drivers\STM32F4xx_HAL_Driver\Src\stm32f4xx_ll_usb.o
                0x08003876                USB_EPClearStall
 .text.USB_SetDevAddress
                0x080038b2       0x20 Drivers\STM32F4xx_HAL_Driver\Src\stm32f4xx_ll_usb.o
                0x080038b2                USB_SetDevAddress
 .text.USB_DevConnect
                0x080038d2       0x18 Drivers\STM32F4xx_HAL_Driver\Src\stm32f4xx_ll_usb.o
                0x080038d2                USB_DevConnect
 .text.USB_DevDisconnect
                0x080038ea       0x18 Drivers\STM32F4xx_HAL_Driver\Src\stm32f4xx_ll_usb.o
                0x080038ea                USB_DevDisconnect
 .text.USB_ReadInterrupts
                0x08003902        0x8 Drivers\STM32F4xx_HAL_Driver\Src\stm32f4xx_ll_usb.o
                0x08003902                USB_ReadInterrupts
 .text.USB_ReadDevAllOutEpInterrupt
                0x0800390a       0x10 Drivers\STM32F4xx_HAL_Driver\Src\stm32f4xx_ll_usb.o
                0x0800390a                USB_ReadDevAllOutEpInterrupt
 .text.USB_ReadDevAllInEpInterrupt
                0x0800391a       0x10 Drivers\STM32F4xx_HAL_Driver\Src\stm32f4xx_ll_usb.o
                0x0800391a                USB_ReadDevAllInEpInterrupt
 .text.USB_ReadDevOutEPInterrupt
                0x0800392a       0x14 Drivers\STM32F4xx_HAL_Driver\Src\stm32f4xx_ll_usb.o
                0x0800392a                USB_ReadDevOutEPInterrupt
 .text.USB_ReadDevInEPInterrupt
                0x0800393e       0x20 Drivers\STM32F4xx_HAL_Driver\Src\stm32f4xx_ll_usb.o
                0x0800393e                USB_ReadDevInEPInterrupt
 .text.USB_GetMode
                0x0800395e        0x8 Drivers\STM32F4xx_HAL_Driver\Src\stm32f4xx_ll_usb.o
                0x0800395e                USB_GetMode
 .text.USB_ActivateSetup
                0x08003966       0x36 Drivers\STM32F4xx_HAL_Driver\Src\stm32f4xx_ll_usb.o
                0x08003966                USB_ActivateSetup
 .text.USB_EP0_OutStart
                0x0800399c       0x46 Drivers\STM32F4xx_HAL_Driver\Src\stm32f4xx_ll_usb.o
                0x0800399c                USB_EP0_OutStart
 *fill*         0x080039e2        0x2 
 .text.USB_CoreReset
                0x080039e4       0x30 Drivers\STM32F4xx_HAL_Driver\Src\stm32f4xx_ll_usb.o
 .text.USBD_CDC_DataIn
                0x08003a14       0x12 Middlewares\ST\STM32_USB_Device_Library\Class\CDC\Src\usbd_cdc.o
 .text.USBD_CDC_EP0_RxReady
                0x08003a26       0x28 Middlewares\ST\STM32_USB_Device_Library\Class\CDC\Src\usbd_cdc.o
 *fill*         0x08003a4e        0x2 
 .text.USBD_CDC_GetFSCfgDesc
                0x08003a50        0xc Middlewares\ST\STM32_USB_Device_Library\Class\CDC\Src\usbd_cdc.o
 .text.USBD_CDC_GetHSCfgDesc
                0x08003a5c        0xc Middlewares\ST\STM32_USB_Device_Library\Class\CDC\Src\usbd_cdc.o
 .text.USBD_CDC_GetOtherSpeedCfgDesc
                0x08003a68        0xc Middlewares\ST\STM32_USB_Device_Library\Class\CDC\Src\usbd_cdc.o
 .text.USBD_CDC_GetDeviceQualifierDescriptor
                0x08003a74        0xc Middlewares\ST\STM32_USB_Device_Library\Class\CDC\Src\usbd_cdc.o
                0x08003a74                USBD_CDC_GetDeviceQualifierDescriptor
 .text.USBD_CDC_DataOut
                0x08003a80       0x2e Middlewares\ST\STM32_USB_Device_Library\Class\CDC\Src\usbd_cdc.o
 *fill*         0x08003aae        0x2 
 .text.USBD_CDC_Setup
                0x08003ab0       0x6c Middlewares\ST\STM32_USB_Device_Library\Class\CDC\Src\usbd_cdc.o
 .text.USBD_CDC_DeInit
                0x08003b1c       0x3a Middlewares\ST\STM32_USB_Device_Library\Class\CDC\Src\usbd_cdc.o
 .text.USBD_CDC_Init
                0x08003b56       0x8c Middlewares\ST\STM32_USB_Device_Library\Class\CDC\Src\usbd_cdc.o
 .text.USBD_CDC_RegisterInterface
                0x08003be2        0xe Middlewares\ST\STM32_USB_Device_Library\Class\CDC\Src\usbd_cdc.o
                0x08003be2                USBD_CDC_RegisterInterface
 .text.USBD_CDC_SetTxBuffer
                0x08003bf0       0x10 Middlewares\ST\STM32_USB_Device_Library\Class\CDC\Src\usbd_cdc.o
                0x08003bf0                USBD_CDC_SetTxBuffer
 .text.USBD_CDC_SetRxBuffer
                0x08003c00        0xc Middlewares\ST\STM32_USB_Device_Library\Class\CDC\Src\usbd_cdc.o
                0x08003c00                USBD_CDC_SetRxBuffer
 .text.USBD_CDC_ReceivePacket
                0x08003c0c       0x26 Middlewares\ST\STM32_USB_Device_Library\Class\CDC\Src\usbd_cdc.o
                0x08003c0c                USBD_CDC_ReceivePacket
 .text.USBD_Init
                0x08003c32       0x2a Middlewares\ST\STM32_USB_Device_Library\Core\Src\usbd_core.o
                0x08003c32                USBD_Init
 .text.USBD_RegisterClass
                0x08003c5c        0xe Middlewares\ST\STM32_USB_Device_Library\Core\Src\usbd_core.o
                0x08003c5c                USBD_RegisterClass
 .text.USBD_Start
                0x08003c6a        0xa Middlewares\ST\STM32_USB_Device_Library\Core\Src\usbd_core.o
                0x08003c6a                USBD_Start
 .text.USBD_SetClassConfig
                0x08003c74       0x16 Middlewares\ST\STM32_USB_Device_Library\Core\Src\usbd_core.o
                0x08003c74                USBD_SetClassConfig
 .text.USBD_ClrClassConfig
                0x08003c8a        0xe Middlewares\ST\STM32_USB_Device_Library\Core\Src\usbd_core.o
                0x08003c8a                USBD_ClrClassConfig
 .text.USBD_LL_SetupStage
                0x08003c98       0x5a Middlewares\ST\STM32_USB_Device_Library\Core\Src\usbd_core.o
                0x08003c98                USBD_LL_SetupStage
 .text.USBD_LL_DataOutStage
                0x08003cf2       0x62 Middlewares\ST\STM32_USB_Device_Library\Core\Src\usbd_core.o
                0x08003cf2                USBD_LL_DataOutStage
 .text.USBD_LL_DataInStage
                0x08003d54       0x9c Middlewares\ST\STM32_USB_Device_Library\Core\Src\usbd_core.o
                0x08003d54                USBD_LL_DataInStage
 .text.USBD_LL_Reset
                0x08003df0       0x3e Middlewares\ST\STM32_USB_Device_Library\Core\Src\usbd_core.o
                0x08003df0                USBD_LL_Reset
 .text.USBD_LL_SetSpeed
                0x08003e2e        0x6 Middlewares\ST\STM32_USB_Device_Library\Core\Src\usbd_core.o
                0x08003e2e                USBD_LL_SetSpeed
 .text.USBD_LL_Suspend
                0x08003e34       0x12 Middlewares\ST\STM32_USB_Device_Library\Core\Src\usbd_core.o
                0x08003e34                USBD_LL_Suspend
 .text.USBD_LL_Resume
                0x08003e46        0xc Middlewares\ST\STM32_USB_Device_Library\Core\Src\usbd_core.o
                0x08003e46                USBD_LL_Resume
 .text.USBD_LL_SOF
                0x08003e52       0x18 Middlewares\ST\STM32_USB_Device_Library\Core\Src\usbd_core.o
                0x08003e52                USBD_LL_SOF
 .text.USBD_LL_IsoINIncomplete
                0x08003e6a        0x4 Middlewares\ST\STM32_USB_Device_Library\Core\Src\usbd_core.o
                0x08003e6a                USBD_LL_IsoINIncomplete
 .text.USBD_LL_IsoOUTIncomplete
                0x08003e6e        0x4 Middlewares\ST\STM32_USB_Device_Library\Core\Src\usbd_core.o
                0x08003e6e                USBD_LL_IsoOUTIncomplete
 .text.USBD_LL_DevConnected
                0x08003e72        0x4 Middlewares\ST\STM32_USB_Device_Library\Core\Src\usbd_core.o
                0x08003e72                USBD_LL_DevConnected
 .text.USBD_LL_DevDisconnected
                0x08003e76       0x16 Middlewares\ST\STM32_USB_Device_Library\Core\Src\usbd_core.o
                0x08003e76                USBD_LL_DevDisconnected
 .text.USBD_ParseSetupRequest
                0x08003e8c       0x28 Middlewares\ST\STM32_USB_Device_Library\Core\Src\usbd_ctlreq.o
                0x08003e8c                USBD_ParseSetupRequest
 .text.USBD_CtlError
                0x08003eb4       0x16 Middlewares\ST\STM32_USB_Device_Library\Core\Src\usbd_ctlreq.o
                0x08003eb4                USBD_CtlError
 *fill*         0x08003eca        0x2 
 .text.USBD_StdDevReq
                0x08003ecc      0x214 Middlewares\ST\STM32_USB_Device_Library\Core\Src\usbd_ctlreq.o
                0x08003ecc                USBD_StdDevReq
 .text.USBD_StdItfReq
                0x080040e0       0x30 Middlewares\ST\STM32_USB_Device_Library\Core\Src\usbd_ctlreq.o
                0x080040e0                USBD_StdItfReq
 .text.USBD_StdEPReq
                0x08004110       0xc6 Middlewares\ST\STM32_USB_Device_Library\Core\Src\usbd_ctlreq.o
                0x08004110                USBD_StdEPReq
 .text.USBD_GetString
                0x080041d6       0x38 Middlewares\ST\STM32_USB_Device_Library\Core\Src\usbd_ctlreq.o
                0x080041d6                USBD_GetString
 .text.USBD_CtlSendData
                0x0800420e       0x1a Middlewares\ST\STM32_USB_Device_Library\Core\Src\usbd_ioreq.o
                0x0800420e                USBD_CtlSendData
 .text.USBD_CtlContinueSendData
                0x08004228       0x10 Middlewares\ST\STM32_USB_Device_Library\Core\Src\usbd_ioreq.o
                0x08004228                USBD_CtlContinueSendData
 .text.USBD_CtlPrepareRx
                0x08004238       0x1e Middlewares\ST\STM32_USB_Device_Library\Core\Src\usbd_ioreq.o
                0x08004238                USBD_CtlPrepareRx
 .text.USBD_CtlContinueRx
                0x08004256       0x10 Middlewares\ST\STM32_USB_Device_Library\Core\Src\usbd_ioreq.o
                0x08004256                USBD_CtlContinueRx
 .text.USBD_CtlSendStatus
                0x08004266       0x16 Middlewares\ST\STM32_USB_Device_Library\Core\Src\usbd_ioreq.o
                0x08004266                USBD_CtlSendStatus
 .text.USBD_CtlReceiveStatus
                0x0800427c       0x16 Middlewares\ST\STM32_USB_Device_Library\Core\Src\usbd_ioreq.o
                0x0800427c                USBD_CtlReceiveStatus
 *fill*         0x08004292        0x2 
 .text.HAL_GPIO_EXTI_Callback
                0x08004294       0x1c Src\Accelerometer.o
                0x08004294                HAL_GPIO_EXTI_Callback
 .text.AccelerometerManagePower
                0x080042b0       0x44 Src\Accelerometer.o
                0x080042b0                AccelerometerManagePower
 .text.AccelerometerConfigure
                0x080042f4       0x28 Src\Accelerometer.o
                0x080042f4                AccelerometerConfigure
 .text.AccelerometerMotionIntConfigure
                0x0800431c       0x78 Src\Accelerometer.o
                0x0800431c                AccelerometerMotionIntConfigure
 .text.AccelerometerInit
                0x08004394       0x24 Src\Accelerometer.o
                0x08004394                AccelerometerInit
 .text.HAL_UART_TxCpltCallback
                0x080043b8       0x30 Src\GSM.o
                0x080043b8                HAL_UART_TxCpltCallback
 .text.GSM_VerifyAutoBaudrate
                0x080043e8       0x38 Src\GSM.o
                0x080043e8                GSM_VerifyAutoBaudrate
 .text.GSM_StartSendingPosition
                0x08004420       0x18 Src\GSM.o
                0x08004420                GSM_StartSendingPosition
 .text.GSM_SendPosition
                0x08004438       0x90 Src\GSM.o
                0x08004438                GSM_SendPosition
 .text.HAL_TIM_PeriodElapsedCallback
                0x080044c8       0x60 Src\GSM.o
                0x080044c8                HAL_TIM_PeriodElapsedCallback
 .text.GSM_VerifyCommand
                0x08004528       0x30 Src\GSM.o
                0x08004528                GSM_VerifyCommand
 .text.HAL_UART_RxCpltCallback
                0x08004558       0x2c Src\GSM.o
                0x08004558                HAL_UART_RxCpltCallback
 .text.MX_GPIO_Init
                0x08004584       0xa0 Src\gpio.o
                0x08004584                MX_GPIO_Init
 .text.MX_I2C1_Init
                0x08004624       0x40 Src\i2c.o
                0x08004624                MX_I2C1_Init
 .text.HAL_I2C_MspInit
                0x08004664       0x54 Src\i2c.o
                0x08004664                HAL_I2C_MspInit
 .text.SystemClock_Config
                0x080046b8       0xb8 Src\main.o
                0x080046b8                SystemClock_Config
 .text.startup.main
                0x08004770       0x30 Src\main.o
                0x08004770                main
 .text.Error_Handler
                0x080047a0        0x2 Src\main.o
                0x080047a0                Error_Handler
 *fill*         0x080047a2        0x2 
 .text.MX_RTC_Init
                0x080047a4       0x94 Src\rtc.o
                0x080047a4                MX_RTC_Init
 .text.HAL_RTC_MspInit
                0x08004838       0x18 Src\rtc.o
                0x08004838                HAL_RTC_MspInit
 .text.HAL_MspInit
                0x08004850       0x60 Src\stm32f4xx_hal_msp.o
                0x08004850                HAL_MspInit
 .text.NMI_Handler
                0x080048b0        0x2 Src\stm32f4xx_it.o
                0x080048b0                NMI_Handler
 .text.HardFault_Handler
                0x080048b2        0x2 Src\stm32f4xx_it.o
                0x080048b2                HardFault_Handler
 .text.MemManage_Handler
                0x080048b4        0x2 Src\stm32f4xx_it.o
                0x080048b4                MemManage_Handler
 .text.BusFault_Handler
                0x080048b6        0x2 Src\stm32f4xx_it.o
                0x080048b6                BusFault_Handler
 .text.UsageFault_Handler
                0x080048b8        0x2 Src\stm32f4xx_it.o
                0x080048b8                UsageFault_Handler
 .text.SVC_Handler
                0x080048ba        0x2 Src\stm32f4xx_it.o
                0x080048ba                SVC_Handler
 .text.DebugMon_Handler
                0x080048bc        0x2 Src\stm32f4xx_it.o
                0x080048bc                DebugMon_Handler
 .text.PendSV_Handler
                0x080048be        0x2 Src\stm32f4xx_it.o
                0x080048be                PendSV_Handler
 .text.SysTick_Handler
                0x080048c0        0xe Src\stm32f4xx_it.o
                0x080048c0                SysTick_Handler
 .text.EXTI9_5_IRQHandler
                0x080048ce        0x6 Src\stm32f4xx_it.o
                0x080048ce                EXTI9_5_IRQHandler
 .text.UART4_IRQHandler
                0x080048d4        0xc Src\stm32f4xx_it.o
                0x080048d4                UART4_IRQHandler
 .text.TIM6_DAC_IRQHandler
                0x080048e0        0xc Src\stm32f4xx_it.o
                0x080048e0                TIM6_DAC_IRQHandler
 .text.TIM7_IRQHandler
                0x080048ec        0xc Src\stm32f4xx_it.o
                0x080048ec                TIM7_IRQHandler
 .text.OTG_FS_IRQHandler
                0x080048f8        0xc Src\stm32f4xx_it.o
                0x080048f8                OTG_FS_IRQHandler
 .text.USART6_IRQHandler
                0x08004904        0xc Src\stm32f4xx_it.o
                0x08004904                USART6_IRQHandler
 .text.SystemInit
                0x08004910       0x4c Src\system_stm32f4xx.o
                0x08004910                SystemInit
 .text.MX_TIM6_Init
                0x0800495c       0x40 Src\tim.o
                0x0800495c                MX_TIM6_Init
 .text.MX_TIM7_Init
                0x0800499c       0x40 Src\tim.o
                0x0800499c                MX_TIM7_Init
 .text.HAL_TIM_Base_MspInit
                0x080049dc       0x6c Src\tim.o
                0x080049dc                HAL_TIM_Base_MspInit
 .text.MX_UART4_Init
                0x08004a48       0x38 Src\usart.o
                0x08004a48                MX_UART4_Init
 .text.MX_USART6_UART_Init
                0x08004a80       0x38 Src\usart.o
                0x08004a80                MX_USART6_UART_Init
 .text.HAL_UART_MspInit
                0x08004ab8       0xb0 Src\usart.o
                0x08004ab8                HAL_UART_MspInit
 .text.MX_USB_DEVICE_Init
                0x08004b68       0x38 Src\usb_device.o
                0x08004b68                MX_USB_DEVICE_Init
 .text.CDC_DeInit_FS
                0x08004ba0        0x4 Src\usbd_cdc_if.o
 .text.CDC_Control_FS
                0x08004ba4        0x4 Src\usbd_cdc_if.o
 .text.CDC_Receive_FS
                0x08004ba8       0x44 Src\usbd_cdc_if.o
 .text.CDC_Init_FS
                0x08004bec       0x28 Src\usbd_cdc_if.o
 .text.HAL_PCD_MspInit
                0x08004c14       0x64 Src\usbd_conf.o
                0x08004c14                HAL_PCD_MspInit
 .text.HAL_PCD_SetupStageCallback
                0x08004c78        0xc Src\usbd_conf.o
                0x08004c78                HAL_PCD_SetupStageCallback
 .text.HAL_PCD_DataOutStageCallback
                0x08004c84       0x12 Src\usbd_conf.o
                0x08004c84                HAL_PCD_DataOutStageCallback
 .text.HAL_PCD_DataInStageCallback
                0x08004c96       0x10 Src\usbd_conf.o
                0x08004c96                HAL_PCD_DataInStageCallback
 .text.HAL_PCD_SOFCallback
                0x08004ca6        0x8 Src\usbd_conf.o
                0x08004ca6                HAL_PCD_SOFCallback
 .text.HAL_PCD_ResetCallback
                0x08004cae       0x20 Src\usbd_conf.o
                0x08004cae                HAL_PCD_ResetCallback
 *fill*         0x08004cce        0x2 
 .text.HAL_PCD_SuspendCallback
                0x08004cd0       0x30 Src\usbd_conf.o
                0x08004cd0                HAL_PCD_SuspendCallback
 .text.HAL_PCD_ResumeCallback
                0x08004d00        0x8 Src\usbd_conf.o
                0x08004d00                HAL_PCD_ResumeCallback
 .text.HAL_PCD_ISOOUTIncompleteCallback
                0x08004d08        0x8 Src\usbd_conf.o
                0x08004d08                HAL_PCD_ISOOUTIncompleteCallback
 .text.HAL_PCD_ISOINIncompleteCallback
                0x08004d10        0x8 Src\usbd_conf.o
                0x08004d10                HAL_PCD_ISOINIncompleteCallback
 .text.HAL_PCD_ConnectCallback
                0x08004d18        0x8 Src\usbd_conf.o
                0x08004d18                HAL_PCD_ConnectCallback
 .text.HAL_PCD_DisconnectCallback
                0x08004d20        0x8 Src\usbd_conf.o
                0x08004d20                HAL_PCD_DisconnectCallback
 .text.USBD_LL_Init
                0x08004d28       0x60 Src\usbd_conf.o
                0x08004d28                USBD_LL_Init
 .text.USBD_LL_Start
                0x08004d88       0x1c Src\usbd_conf.o
                0x08004d88                USBD_LL_Start
 .text.USBD_LL_OpenEP
                0x08004da4       0x20 Src\usbd_conf.o
                0x08004da4                USBD_LL_OpenEP
 .text.USBD_LL_CloseEP
                0x08004dc4       0x1c Src\usbd_conf.o
                0x08004dc4                USBD_LL_CloseEP
 .text.USBD_LL_StallEP
                0x08004de0       0x1c Src\usbd_conf.o
                0x08004de0                USBD_LL_StallEP
 .text.USBD_LL_ClearStallEP
                0x08004dfc       0x1c Src\usbd_conf.o
                0x08004dfc                USBD_LL_ClearStallEP
 .text.USBD_LL_IsStallEP
                0x08004e18       0x26 Src\usbd_conf.o
                0x08004e18                USBD_LL_IsStallEP
 *fill*         0x08004e3e        0x2 
 .text.USBD_LL_SetUSBAddress
                0x08004e40       0x1c Src\usbd_conf.o
                0x08004e40                USBD_LL_SetUSBAddress
 .text.USBD_LL_Transmit
                0x08004e5c       0x1c Src\usbd_conf.o
                0x08004e5c                USBD_LL_Transmit
 .text.USBD_LL_PrepareReceive
                0x08004e78       0x1c Src\usbd_conf.o
                0x08004e78                USBD_LL_PrepareReceive
 .text.USBD_LL_GetRxDataSize
                0x08004e94        0xc Src\usbd_conf.o
                0x08004e94                USBD_LL_GetRxDataSize
 .text.USBD_FS_DeviceDescriptor
                0x08004ea0        0xc Src\usbd_desc.o
                0x08004ea0                USBD_FS_DeviceDescriptor
 .text.USBD_FS_LangIDStrDescriptor
                0x08004eac        0xc Src\usbd_desc.o
                0x08004eac                USBD_FS_LangIDStrDescriptor
 .text.USBD_FS_ManufacturerStrDescriptor
                0x08004eb8       0x1c Src\usbd_desc.o
                0x08004eb8                USBD_FS_ManufacturerStrDescriptor
 .text.USBD_FS_ProductStrDescriptor
                0x08004ed4       0x1c Src\usbd_desc.o
                0x08004ed4                USBD_FS_ProductStrDescriptor
 .text.USBD_FS_SerialStrDescriptor
                0x08004ef0       0x1c Src\usbd_desc.o
                0x08004ef0                USBD_FS_SerialStrDescriptor
 .text.USBD_FS_ConfigStrDescriptor
                0x08004f0c       0x1c Src\usbd_desc.o
                0x08004f0c                USBD_FS_ConfigStrDescriptor
 .text.USBD_FS_InterfaceStrDescriptor
                0x08004f28       0x1c Src\usbd_desc.o
                0x08004f28                USBD_FS_InterfaceStrDescriptor
 .text.Reset_Handler
                0x08004f44       0x50 startup\startup_stm32f417xx.o
                0x08004f44                Reset_Handler
 .text.Default_Handler
                0x08004f94        0x2 startup\startup_stm32f417xx.o
                0x08004f94                RTC_Alarm_IRQHandler
                0x08004f94                HASH_RNG_IRQHandler
                0x08004f94                EXTI2_IRQHandler
                0x08004f94                TIM8_CC_IRQHandler
                0x08004f94                TIM1_CC_IRQHandler
                0x08004f94                DMA2_Stream5_IRQHandler
                0x08004f94                DMA1_Stream5_IRQHandler
                0x08004f94                PVD_IRQHandler
                0x08004f94                SDIO_IRQHandler
                0x08004f94                TAMP_STAMP_IRQHandler
                0x08004f94                CAN2_RX1_IRQHandler
                0x08004f94                EXTI3_IRQHandler
                0x08004f94                TIM8_TRG_COM_TIM14_IRQHandler
                0x08004f94                TIM1_UP_TIM10_IRQHandler
                0x08004f94                TIM8_UP_TIM13_IRQHandler
                0x08004f94                I2C3_ER_IRQHandler
                0x08004f94                EXTI0_IRQHandler
                0x08004f94                I2C2_EV_IRQHandler
                0x08004f94                DMA1_Stream2_IRQHandler
                0x08004f94                CAN1_RX0_IRQHandler
                0x08004f94                FPU_IRQHandler
                0x08004f94                OTG_HS_WKUP_IRQHandler
                0x08004f94                CAN2_SCE_IRQHandler
                0x08004f94                DMA2_Stream2_IRQHandler
                0x08004f94                SPI1_IRQHandler
                0x08004f94                TIM1_BRK_TIM9_IRQHandler
                0x08004f94                DCMI_IRQHandler
                0x08004f94                CAN2_RX0_IRQHandler
                0x08004f94                DMA2_Stream3_IRQHandler
                0x08004f94                USART3_IRQHandler
                0x08004f94                CRYP_IRQHandler
                0x08004f94                CAN1_RX1_IRQHandler
                0x08004f94                UART5_IRQHandler
                0x08004f94                DMA2_Stream0_IRQHandler
                0x08004f94                TIM4_IRQHandler
                0x08004f94                I2C1_EV_IRQHandler
                0x08004f94                DMA1_Stream6_IRQHandler
                0x08004f94                DMA1_Stream1_IRQHandler
                0x08004f94                TIM3_IRQHandler
                0x08004f94                RCC_IRQHandler
                0x08004f94                TIM8_BRK_TIM12_IRQHandler
                0x08004f94                Default_Handler
                0x08004f94                EXTI15_10_IRQHandler
                0x08004f94                ADC_IRQHandler
                0x08004f94                DMA1_Stream7_IRQHandler
                0x08004f94                CAN2_TX_IRQHandler
                0x08004f94                TIM5_IRQHandler
                0x08004f94                DMA2_Stream7_IRQHandler
                0x08004f94                I2C3_EV_IRQHandler
                0x08004f94                RTC_WKUP_IRQHandler
                0x08004f94                ETH_WKUP_IRQHandler
                0x08004f94                SPI2_IRQHandler
                0x08004f94                OTG_HS_EP1_IN_IRQHandler
                0x08004f94                DMA1_Stream0_IRQHandler
                0x08004f94                CAN1_TX_IRQHandler
                0x08004f94                EXTI4_IRQHandler
                0x08004f94                FSMC_IRQHandler
                0x08004f94                ETH_IRQHandler
                0x08004f94                OTG_HS_EP1_OUT_IRQHandler
                0x08004f94                WWDG_IRQHandler
                0x08004f94                TIM2_IRQHandler
                0x08004f94                OTG_FS_WKUP_IRQHandler
                0x08004f94                TIM1_TRG_COM_TIM11_IRQHandler
                0x08004f94                OTG_HS_IRQHandler
                0x08004f94                EXTI1_IRQHandler
                0x08004f94                USART2_IRQHandler
                0x08004f94                I2C2_ER_IRQHandler
                0x08004f94                DMA2_Stream1_IRQHandler
                0x08004f94                CAN1_SCE_IRQHandler
                0x08004f94                FLASH_IRQHandler
                0x08004f94                DMA2_Stream4_IRQHandler
                0x08004f94                USART1_IRQHandler
                0x08004f94                SPI3_IRQHandler
                0x08004f94                DMA1_Stream4_IRQHandler
                0x08004f94                I2C1_ER_IRQHandler
                0x08004f94                DMA2_Stream6_IRQHandler
                0x08004f94                DMA1_Stream3_IRQHandler
 *fill*         0x08004f96        0x2 
 .text.__libc_init_array
                0x08004f98       0x4c e:/programs/stmicroelectronics/truestudio for arm 7.0.1/armtools/bin/../lib/gcc/arm-atollic-eabi/5.3.1/../../../../arm-atollic-eabi/lib/armv7e-m/fpu\libc.a(lib_a-init.o)
                0x08004f98                __libc_init_array
 .text.malloc   0x08004fe4       0x10 e:/programs/stmicroelectronics/truestudio for arm 7.0.1/armtools/bin/../lib/gcc/arm-atollic-eabi/5.3.1/../../../../arm-atollic-eabi/lib/armv7e-m/fpu\libc.a(lib_a-malloc.o)
                0x08004fe4                malloc
 .text.free     0x08004ff4       0x10 e:/programs/stmicroelectronics/truestudio for arm 7.0.1/armtools/bin/../lib/gcc/arm-atollic-eabi/5.3.1/../../../../arm-atollic-eabi/lib/armv7e-m/fpu\libc.a(lib_a-malloc.o)
                0x08004ff4                free
 .text._malloc_r
                0x08005004      0x440 e:/programs/stmicroelectronics/truestudio for arm 7.0.1/armtools/bin/../lib/gcc/arm-atollic-eabi/5.3.1/../../../../arm-atollic-eabi/lib/armv7e-m/fpu\libc.a(lib_a-mallocr.o)
                0x08005004                _malloc_r
 .text.__malloc_lock
                0x08005444        0x2 e:/programs/stmicroelectronics/truestudio for arm 7.0.1/armtools/bin/../lib/gcc/arm-atollic-eabi/5.3.1/../../../../arm-atollic-eabi/lib/armv7e-m/fpu\libc.a(lib_a-mlock.o)
                0x08005444                __malloc_lock
 .text.__malloc_unlock
                0x08005446        0x2 e:/programs/stmicroelectronics/truestudio for arm 7.0.1/armtools/bin/../lib/gcc/arm-atollic-eabi/5.3.1/../../../../arm-atollic-eabi/lib/armv7e-m/fpu\libc.a(lib_a-mlock.o)
                0x08005446                __malloc_unlock
 .text._sbrk_r  0x08005448       0x20 e:/programs/stmicroelectronics/truestudio for arm 7.0.1/armtools/bin/../lib/gcc/arm-atollic-eabi/5.3.1/../../../../arm-atollic-eabi/lib/armv7e-m/fpu\libc.a(lib_a-sbrkr.o)
                0x08005448                _sbrk_r
 .text.sprintf  0x08005468       0x48 e:/programs/stmicroelectronics/truestudio for arm 7.0.1/armtools/bin/../lib/gcc/arm-atollic-eabi/5.3.1/../../../../arm-atollic-eabi/lib/armv7e-m/fpu\libc.a(lib_a-sprintf.o)
                0x08005468                sprintf
 .text.strcat   0x080054b0       0x1e e:/programs/stmicroelectronics/truestudio for arm 7.0.1/armtools/bin/../lib/gcc/arm-atollic-eabi/5.3.1/../../../../arm-atollic-eabi/lib/armv7e-m/fpu\libc.a(lib_a-strcat.o)
                0x080054b0                strcat
 .text.strlcpy  0x080054ce       0x2a e:/programs/stmicroelectronics/truestudio for arm 7.0.1/armtools/bin/../lib/gcc/arm-atollic-eabi/5.3.1/../../../../arm-atollic-eabi/lib/armv7e-m/fpu\libc.a(lib_a-strlcpy.o)
                0x080054ce                strlcpy
 .text.strncmp  0x080054f8       0x2a e:/programs/stmicroelectronics/truestudio for arm 7.0.1/armtools/bin/../lib/gcc/arm-atollic-eabi/5.3.1/../../../../arm-atollic-eabi/lib/armv7e-m/fpu\libc.a(lib_a-strncmp.o)
                0x080054f8                strncmp
 .text.strncpy  0x08005522       0x26 e:/programs/stmicroelectronics/truestudio for arm 7.0.1/armtools/bin/../lib/gcc/arm-atollic-eabi/5.3.1/../../../../arm-atollic-eabi/lib/armv7e-m/fpu\libc.a(lib_a-strncpy.o)
                0x08005522                strncpy
 .text._svfprintf_r
                0x08005548      0xf84 e:/programs/stmicroelectronics/truestudio for arm 7.0.1/armtools/bin/../lib/gcc/arm-atollic-eabi/5.3.1/../../../../arm-atollic-eabi/lib/armv7e-m/fpu\libc.a(lib_a-svfprintf.o)
                0x08005548                _svfprintf_r
 .text.quorem   0x080064cc      0x11e e:/programs/stmicroelectronics/truestudio for arm 7.0.1/armtools/bin/../lib/gcc/arm-atollic-eabi/5.3.1/../../../../arm-atollic-eabi/lib/armv7e-m/fpu\libc.a(lib_a-dtoa.o)
 *fill*         0x080065ea        0x6 
 .text._dtoa_r  0x080065f0      0xb40 e:/programs/stmicroelectronics/truestudio for arm 7.0.1/armtools/bin/../lib/gcc/arm-atollic-eabi/5.3.1/../../../../arm-atollic-eabi/lib/armv7e-m/fpu\libc.a(lib_a-dtoa.o)
                0x080065f0                _dtoa_r
 .text._malloc_trim_r
                0x08007130       0xac e:/programs/stmicroelectronics/truestudio for arm 7.0.1/armtools/bin/../lib/gcc/arm-atollic-eabi/5.3.1/../../../../arm-atollic-eabi/lib/armv7e-m/fpu\libc.a(lib_a-freer.o)
                0x08007130                _malloc_trim_r
 .text._free_r  0x080071dc      0x17c e:/programs/stmicroelectronics/truestudio for arm 7.0.1/armtools/bin/../lib/gcc/arm-atollic-eabi/5.3.1/../../../../arm-atollic-eabi/lib/armv7e-m/fpu\libc.a(lib_a-freer.o)
                0x080071dc                _free_r
 .text._localeconv_r
                0x08007358        0x8 e:/programs/stmicroelectronics/truestudio for arm 7.0.1/armtools/bin/../lib/gcc/arm-atollic-eabi/5.3.1/../../../../arm-atollic-eabi/lib/armv7e-m/fpu\libc.a(lib_a-locale.o)
                0x08007358                _localeconv_r
 .text.memcpy   0x08007360       0x16 e:/programs/stmicroelectronics/truestudio for arm 7.0.1/armtools/bin/../lib/gcc/arm-atollic-eabi/5.3.1/../../../../arm-atollic-eabi/lib/armv7e-m/fpu\libc.a(lib_a-memcpy-stub.o)
                0x08007360                memcpy
 .text._Balloc  0x08007376       0x6a e:/programs/stmicroelectronics/truestudio for arm 7.0.1/armtools/bin/../lib/gcc/arm-atollic-eabi/5.3.1/../../../../arm-atollic-eabi/lib/armv7e-m/fpu\libc.a(lib_a-mprec.o)
                0x08007376                _Balloc
 .text._Bfree   0x080073e0       0x2e e:/programs/stmicroelectronics/truestudio for arm 7.0.1/armtools/bin/../lib/gcc/arm-atollic-eabi/5.3.1/../../../../arm-atollic-eabi/lib/armv7e-m/fpu\libc.a(lib_a-mprec.o)
                0x080073e0                _Bfree
 .text.__multadd
                0x0800740e       0x76 e:/programs/stmicroelectronics/truestudio for arm 7.0.1/armtools/bin/../lib/gcc/arm-atollic-eabi/5.3.1/../../../../arm-atollic-eabi/lib/armv7e-m/fpu\libc.a(lib_a-mprec.o)
                0x0800740e                __multadd
 .text.__hi0bits
                0x08007484       0x40 e:/programs/stmicroelectronics/truestudio for arm 7.0.1/armtools/bin/../lib/gcc/arm-atollic-eabi/5.3.1/../../../../arm-atollic-eabi/lib/armv7e-m/fpu\libc.a(lib_a-mprec.o)
                0x08007484                __hi0bits
 .text.__lo0bits
                0x080074c4       0x5a e:/programs/stmicroelectronics/truestudio for arm 7.0.1/armtools/bin/../lib/gcc/arm-atollic-eabi/5.3.1/../../../../arm-atollic-eabi/lib/armv7e-m/fpu\libc.a(lib_a-mprec.o)
                0x080074c4                __lo0bits
 .text.__i2b    0x0800751e       0x12 e:/programs/stmicroelectronics/truestudio for arm 7.0.1/armtools/bin/../lib/gcc/arm-atollic-eabi/5.3.1/../../../../arm-atollic-eabi/lib/armv7e-m/fpu\libc.a(lib_a-mprec.o)
                0x0800751e                __i2b
 .text.__multiply
                0x08007530      0x122 e:/programs/stmicroelectronics/truestudio for arm 7.0.1/armtools/bin/../lib/gcc/arm-atollic-eabi/5.3.1/../../../../arm-atollic-eabi/lib/armv7e-m/fpu\libc.a(lib_a-mprec.o)
                0x08007530                __multiply
 *fill*         0x08007652        0x2 
 .text.__pow5mult
                0x08007654       0x9c e:/programs/stmicroelectronics/truestudio for arm 7.0.1/armtools/bin/../lib/gcc/arm-atollic-eabi/5.3.1/../../../../arm-atollic-eabi/lib/armv7e-m/fpu\libc.a(lib_a-mprec.o)
                0x08007654                __pow5mult
 .text.__lshift
                0x080076f0       0xa2 e:/programs/stmicroelectronics/truestudio for arm 7.0.1/armtools/bin/../lib/gcc/arm-atollic-eabi/5.3.1/../../../../arm-atollic-eabi/lib/armv7e-m/fpu\libc.a(lib_a-mprec.o)
                0x080076f0                __lshift
 .text.__mcmp   0x08007792       0x38 e:/programs/stmicroelectronics/truestudio for arm 7.0.1/armtools/bin/../lib/gcc/arm-atollic-eabi/5.3.1/../../../../arm-atollic-eabi/lib/armv7e-m/fpu\libc.a(lib_a-mprec.o)
                0x08007792                __mcmp
 .text.__mdiff  0x080077ca       0xbe e:/programs/stmicroelectronics/truestudio for arm 7.0.1/armtools/bin/../lib/gcc/arm-atollic-eabi/5.3.1/../../../../arm-atollic-eabi/lib/armv7e-m/fpu\libc.a(lib_a-mprec.o)
                0x080077ca                __mdiff
 .text.__d2b    0x08007888       0x9c e:/programs/stmicroelectronics/truestudio for arm 7.0.1/armtools/bin/../lib/gcc/arm-atollic-eabi/5.3.1/../../../../arm-atollic-eabi/lib/armv7e-m/fpu\libc.a(lib_a-mprec.o)
                0x08007888                __d2b
 .text.__ssprint_r
                0x08007924       0xfe e:/programs/stmicroelectronics/truestudio for arm 7.0.1/armtools/bin/../lib/gcc/arm-atollic-eabi/5.3.1/../../../../arm-atollic-eabi/lib/armv7e-m/fpu\libc.a(lib_a-svfiprintf.o)
                0x08007924                __ssprint_r
 .text._calloc_r
                0x08007a22       0x5a e:/programs/stmicroelectronics/truestudio for arm 7.0.1/armtools/bin/../lib/gcc/arm-atollic-eabi/5.3.1/../../../../arm-atollic-eabi/lib/armv7e-m/fpu\libc.a(lib_a-callocr.o)
                0x08007a22                _calloc_r
 .text.memmove  0x08007a7c       0x36 e:/programs/stmicroelectronics/truestudio for arm 7.0.1/armtools/bin/../lib/gcc/arm-atollic-eabi/5.3.1/../../../../arm-atollic-eabi/lib/armv7e-m/fpu\libc.a(lib_a-memmove.o)
                0x08007a7c                memmove
 .text.memset   0x08007ab2       0x10 e:/programs/stmicroelectronics/truestudio for arm 7.0.1/armtools/bin/../lib/gcc/arm-atollic-eabi/5.3.1/../../../../arm-atollic-eabi/lib/armv7e-m/fpu\libc.a(lib_a-memset.o)
                0x08007ab2                memset
 *fill*         0x08007ac2        0x2 
 .text._realloc_r
                0x08007ac4      0x350 e:/programs/stmicroelectronics/truestudio for arm 7.0.1/armtools/bin/../lib/gcc/arm-atollic-eabi/5.3.1/../../../../arm-atollic-eabi/lib/armv7e-m/fpu\libc.a(lib_a-reallocr.o)
                0x08007ac4                _realloc_r
 .text._sbrk    0x08007e14       0x1c e:/programs/stmicroelectronics/truestudio for arm 7.0.1/armtools/bin/../lib/gcc/arm-atollic-eabi/5.3.1/../../../../arm-atollic-eabi/lib/armv7e-m/fpu\libnosys.a(sbrk.o)
                0x08007e14                _sbrk
 *(.glue_7)
 .glue_7        0x08007e30        0x0 linker stubs
 *(.glue_7t)
 .glue_7t       0x08007e30        0x0 linker stubs
 *(.eh_frame)
 .eh_frame      0x08007e30        0x0 e:/programs/stmicroelectronics/truestudio for arm 7.0.1/armtools/bin/../lib/gcc/arm-atollic-eabi/5.3.1/armv7e-m/fpu/crtbegin.o
 *(.init)
 .init          0x08007e30        0x4 e:/programs/stmicroelectronics/truestudio for arm 7.0.1/armtools/bin/../lib/gcc/arm-atollic-eabi/5.3.1/armv7e-m/fpu/crti.o
                0x08007e30                _init
 .init          0x08007e34        0x8 e:/programs/stmicroelectronics/truestudio for arm 7.0.1/armtools/bin/../lib/gcc/arm-atollic-eabi/5.3.1/armv7e-m/fpu/crtn.o
 *(.fini)
 .fini          0x08007e3c        0x4 e:/programs/stmicroelectronics/truestudio for arm 7.0.1/armtools/bin/../lib/gcc/arm-atollic-eabi/5.3.1/armv7e-m/fpu/crti.o
                0x08007e3c                _fini
 .fini          0x08007e40        0x8 e:/programs/stmicroelectronics/truestudio for arm 7.0.1/armtools/bin/../lib/gcc/arm-atollic-eabi/5.3.1/armv7e-m/fpu/crtn.o
                0x08007e48                . = ALIGN (0x4)
                0x08007e48                _etext = .

.vfp11_veneer   0x08007e48        0x0
 .vfp11_veneer  0x08007e48        0x0 linker stubs

.v4_bx          0x08007e48        0x0
 .v4_bx         0x08007e48        0x0 linker stubs

.iplt           0x08007e48        0x0
 .iplt          0x08007e48        0x0 e:/programs/stmicroelectronics/truestudio for arm 7.0.1/armtools/bin/../lib/gcc/arm-atollic-eabi/5.3.1/armv7e-m/fpu/crtbegin.o

.rodata         0x08007e48      0x23c
                0x08007e48                . = ALIGN (0x4)
 *(.rodata)
 *(.rodata*)
 .rodata.str1.1
                0x08007e48       0x67 Src\GSM.o
                                 0x6f (size before relaxing)
 .rodata.AHBPrescTable
                0x08007eaf       0x10 Src\system_stm32f4xx.o
                0x08007eaf                AHBPrescTable
 .rodata.APBPrescTable
                0x08007ebf        0x8 Src\system_stm32f4xx.o
                0x08007ebf                APBPrescTable
 .rodata.CSWTCH.39
                0x08007ec7        0x4 Src\usbd_conf.o
 .rodata.str1.1
                0x08007ecb       0x4f Src\usbd_desc.o
 .rodata.zeroes.7045
                0x08007f1a       0x10 e:/programs/stmicroelectronics/truestudio for arm 7.0.1/armtools/bin/../lib/gcc/arm-atollic-eabi/5.3.1/../../../../arm-atollic-eabi/lib/armv7e-m/fpu\libc.a(lib_a-svfprintf.o)
 .rodata.str1.1
                0x08007f2a       0x34 e:/programs/stmicroelectronics/truestudio for arm 7.0.1/armtools/bin/../lib/gcc/arm-atollic-eabi/5.3.1/../../../../arm-atollic-eabi/lib/armv7e-m/fpu\libc.a(lib_a-svfprintf.o)
 .rodata.blanks.7044
                0x08007f5e       0x10 e:/programs/stmicroelectronics/truestudio for arm 7.0.1/armtools/bin/../lib/gcc/arm-atollic-eabi/5.3.1/../../../../arm-atollic-eabi/lib/armv7e-m/fpu\libc.a(lib_a-svfprintf.o)
 .rodata.str1.1
                0x08007f6e        0xd e:/programs/stmicroelectronics/truestudio for arm 7.0.1/armtools/bin/../lib/gcc/arm-atollic-eabi/5.3.1/../../../../arm-atollic-eabi/lib/armv7e-m/fpu\libc.a(lib_a-dtoa.o)
                                  0xf (size before relaxing)
 .rodata.str1.1
                0x08007f7b        0x2 e:/programs/stmicroelectronics/truestudio for arm 7.0.1/armtools/bin/../lib/gcc/arm-atollic-eabi/5.3.1/../../../../arm-atollic-eabi/lib/armv7e-m/fpu\libc.a(lib_a-impure.o)
 .rodata.str1.1
                0x08007f7d        0x8 e:/programs/stmicroelectronics/truestudio for arm 7.0.1/armtools/bin/../lib/gcc/arm-atollic-eabi/5.3.1/../../../../arm-atollic-eabi/lib/armv7e-m/fpu\libc.a(lib_a-locale.o)
                                  0xb (size before relaxing)
 *fill*         0x08007f85        0x3 
 .rodata.__mprec_tens
                0x08007f88       0xc8 e:/programs/stmicroelectronics/truestudio for arm 7.0.1/armtools/bin/../lib/gcc/arm-atollic-eabi/5.3.1/../../../../arm-atollic-eabi/lib/armv7e-m/fpu\libc.a(lib_a-mprec.o)
                0x08007f88                __mprec_tens
 .rodata.__mprec_bigtens
                0x08008050       0x28 e:/programs/stmicroelectronics/truestudio for arm 7.0.1/armtools/bin/../lib/gcc/arm-atollic-eabi/5.3.1/../../../../arm-atollic-eabi/lib/armv7e-m/fpu\libc.a(lib_a-mprec.o)
                0x08008050                __mprec_bigtens
 .rodata.p05.5388
                0x08008078        0xc e:/programs/stmicroelectronics/truestudio for arm 7.0.1/armtools/bin/../lib/gcc/arm-atollic-eabi/5.3.1/../../../../arm-atollic-eabi/lib/armv7e-m/fpu\libc.a(lib_a-mprec.o)
                0x08008084                . = ALIGN (0x4)

.ARM.extab
 *(.ARM.extab* .gnu.linkonce.armextab.*)

.ARM            0x08008084        0x8
                0x08008084                __exidx_start = .
 *(.ARM.exidx*)
 .ARM.exidx     0x08008084        0x8 e:/programs/stmicroelectronics/truestudio for arm 7.0.1/armtools/bin/../lib/gcc/arm-atollic-eabi/5.3.1/armv7e-m/fpu\libgcc.a(_udivmoddi4.o)
                0x0800808c                __exidx_end = .

.rel.dyn        0x0800808c        0x0
 .rel.iplt      0x0800808c        0x0 e:/programs/stmicroelectronics/truestudio for arm 7.0.1/armtools/bin/../lib/gcc/arm-atollic-eabi/5.3.1/armv7e-m/fpu/crtbegin.o

.preinit_array  0x0800808c        0x0
                0x0800808c                PROVIDE (__preinit_array_start, .)
 *(.preinit_array*)
                0x0800808c                PROVIDE (__preinit_array_end, .)

.init_array     0x0800808c        0x4
                0x0800808c                PROVIDE (__init_array_start, .)
 *(SORT(.init_array.*))
 *(.init_array*)
 .init_array    0x0800808c        0x4 e:/programs/stmicroelectronics/truestudio for arm 7.0.1/armtools/bin/../lib/gcc/arm-atollic-eabi/5.3.1/armv7e-m/fpu/crtbegin.o
                0x08008090                PROVIDE (__init_array_end, .)

.fini_array     0x08008090        0x4
                [!provide]                PROVIDE (__fini_array_start, .)
 *(SORT(.fini_array.*))
 *(.fini_array*)
 .fini_array    0x08008090        0x4 e:/programs/stmicroelectronics/truestudio for arm 7.0.1/armtools/bin/../lib/gcc/arm-atollic-eabi/5.3.1/armv7e-m/fpu/crtbegin.o
                [!provide]                PROVIDE (__fini_array_end, .)
                0x08008094                _sidata = LOADADDR (.data)

.data           0x20000000      0x69c load address 0x08008094
                0x20000000                . = ALIGN (0x4)
                0x20000000                _sdata = .
 *(.data)
 *(.data*)
 .data.USBD_CDC_CfgFSDesc
                0x20000000       0x43 Middlewares\ST\STM32_USB_Device_Library\Class\CDC\Src\usbd_cdc.o
                0x20000000                USBD_CDC_CfgFSDesc
 *fill*         0x20000043        0x1 
 .data.USBD_CDC
                0x20000044       0x38 Middlewares\ST\STM32_USB_Device_Library\Class\CDC\Src\usbd_cdc.o
                0x20000044                USBD_CDC
 .data.USBD_CDC_DeviceQualifierDesc
                0x2000007c        0xa Middlewares\ST\STM32_USB_Device_Library\Class\CDC\Src\usbd_cdc.o
 *fill*         0x20000086        0x2 
 .data.USBD_CDC_OtherSpeedCfgDesc
                0x20000088       0x43 Middlewares\ST\STM32_USB_Device_Library\Class\CDC\Src\usbd_cdc.o
                0x20000088                USBD_CDC_OtherSpeedCfgDesc
 *fill*         0x200000cb        0x1 
 .data.USBD_CDC_CfgHSDesc
                0x200000cc       0x43 Middlewares\ST\STM32_USB_Device_Library\Class\CDC\Src\usbd_cdc.o
                0x200000cc                USBD_CDC_CfgHSDesc
 .data.g_MPU6050_MotionInterruptDuration
                0x2000010f        0x1 Src\Accelerometer.o
                0x2000010f                g_MPU6050_MotionInterruptDuration
 .data.g_MPU6050_AccelerometerSettings
                0x20000110        0x1 Src\Accelerometer.o
                0x20000110                g_MPU6050_AccelerometerSettings
 .data.g_MPU6050_MotionInterruptThreshold
                0x20000111        0x1 Src\Accelerometer.o
                0x20000111                g_MPU6050_MotionInterruptThreshold
 .data.g_MPU6050_PowerManagement2Settings
                0x20000112        0x1 Src\Accelerometer.o
                0x20000112                g_MPU6050_PowerManagement2Settings
 .data.g_MPU6050_InterruptEnableSettings
                0x20000113        0x1 Src\Accelerometer.o
                0x20000113                g_MPU6050_InterruptEnableSettings
 .data.g_MPU6050_InterruptSettings
                0x20000114        0x1 Src\Accelerometer.o
                0x20000114                g_MPU6050_InterruptSettings
 .data.g_MPU6050_PowerManagement1Settings
                0x20000115        0x1 Src\Accelerometer.o
                0x20000115                g_MPU6050_PowerManagement1Settings
 *fill*         0x20000116        0x2 
 .data.SystemCoreClock
                0x20000118        0x4 Src\system_stm32f4xx.o
                0x20000118                SystemCoreClock
 .data.USBD_Interface_fops_FS
                0x2000011c       0x10 Src\usbd_cdc_if.o
                0x2000011c                USBD_Interface_fops_FS
 .data.FS_Desc  0x2000012c       0x1c Src\usbd_desc.o
                0x2000012c                FS_Desc
 .data.USBD_LangIDDesc
                0x20000148        0x4 Src\usbd_desc.o
                0x20000148                USBD_LangIDDesc
 .data.USBD_FS_DeviceDesc
                0x2000014c       0x12 Src\usbd_desc.o
                0x2000014c                USBD_FS_DeviceDesc
 *fill*         0x2000015e        0x2 
 .data.__malloc_av_
                0x20000160      0x408 e:/programs/stmicroelectronics/truestudio for arm 7.0.1/armtools/bin/../lib/gcc/arm-atollic-eabi/5.3.1/../../../../arm-atollic-eabi/lib/armv7e-m/fpu\libc.a(lib_a-mallocr.o)
                0x20000160                __malloc_av_
 .data.__malloc_trim_threshold
                0x20000568        0x4 e:/programs/stmicroelectronics/truestudio for arm 7.0.1/armtools/bin/../lib/gcc/arm-atollic-eabi/5.3.1/../../../../arm-atollic-eabi/lib/armv7e-m/fpu\libc.a(lib_a-mallocr.o)
                0x20000568                __malloc_trim_threshold
 .data.__malloc_sbrk_base
                0x2000056c        0x4 e:/programs/stmicroelectronics/truestudio for arm 7.0.1/armtools/bin/../lib/gcc/arm-atollic-eabi/5.3.1/../../../../arm-atollic-eabi/lib/armv7e-m/fpu\libc.a(lib_a-mallocr.o)
                0x2000056c                __malloc_sbrk_base
 .data.impure_data
                0x20000570       0xf0 e:/programs/stmicroelectronics/truestudio for arm 7.0.1/armtools/bin/../lib/gcc/arm-atollic-eabi/5.3.1/../../../../arm-atollic-eabi/lib/armv7e-m/fpu\libc.a(lib_a-impure.o)
 .data._impure_ptr
                0x20000660        0x4 e:/programs/stmicroelectronics/truestudio for arm 7.0.1/armtools/bin/../lib/gcc/arm-atollic-eabi/5.3.1/../../../../arm-atollic-eabi/lib/armv7e-m/fpu\libc.a(lib_a-impure.o)
                0x20000660                _impure_ptr
 .data.lconv    0x20000664       0x38 e:/programs/stmicroelectronics/truestudio for arm 7.0.1/armtools/bin/../lib/gcc/arm-atollic-eabi/5.3.1/../../../../arm-atollic-eabi/lib/armv7e-m/fpu\libc.a(lib_a-locale.o)
                0x2000069c                . = ALIGN (0x4)
                0x2000069c                _edata = .
                0x08008730                _siccmram = LOADADDR (.ccmram)

.igot.plt       0x2000069c        0x0 load address 0x08008730
 .igot.plt      0x2000069c        0x0 e:/programs/stmicroelectronics/truestudio for arm 7.0.1/armtools/bin/../lib/gcc/arm-atollic-eabi/5.3.1/armv7e-m/fpu/crtbegin.o

.ccmram         0x10000000        0x0 load address 0x08008730
                0x10000000                . = ALIGN (0x4)
                0x10000000                _sccmram = .
 *(.ccmram)
 *(.ccmram*)
                0x10000000                . = ALIGN (0x4)
                0x10000000                _eccmram = .
                0x10000000                . = ALIGN (0x4)

.bss            0x2000069c      0xaf8
                0x2000069c                _sbss = .
                0x2000069c                __bss_start__ = _sbss
 *(.bss)
 .bss           0x2000069c       0x1c e:/programs/stmicroelectronics/truestudio for arm 7.0.1/armtools/bin/../lib/gcc/arm-atollic-eabi/5.3.1/armv7e-m/fpu/crtbegin.o
 *(.bss*)
 .bss.ifalt.9302
                0x200006b8        0x1 Middlewares\ST\STM32_USB_Device_Library\Class\CDC\Src\usbd_cdc.o
 .bss.cfgidx.9307
                0x200006b9        0x1 Middlewares\ST\STM32_USB_Device_Library\Core\Src\usbd_ctlreq.o
 .bss.g_Tim7Seconds
                0x200006ba        0x1 Src\GSM.o
                0x200006ba                g_Tim7Seconds
 .bss.g_GSM_BaudrateSetFlag
                0x200006bb        0x1 Src\GSM.o
                0x200006bb                g_GSM_BaudrateSetFlag
 .bss.__malloc_max_total_mem
                0x200006bc        0x4 e:/programs/stmicroelectronics/truestudio for arm 7.0.1/armtools/bin/../lib/gcc/arm-atollic-eabi/5.3.1/../../../../arm-atollic-eabi/lib/armv7e-m/fpu\libc.a(lib_a-mallocr.o)
                0x200006bc                __malloc_max_total_mem
 .bss.__malloc_max_sbrked_mem
                0x200006c0        0x4 e:/programs/stmicroelectronics/truestudio for arm 7.0.1/armtools/bin/../lib/gcc/arm-atollic-eabi/5.3.1/../../../../arm-atollic-eabi/lib/armv7e-m/fpu\libc.a(lib_a-mallocr.o)
                0x200006c0                __malloc_max_sbrked_mem
 .bss.__malloc_top_pad
                0x200006c4        0x4 e:/programs/stmicroelectronics/truestudio for arm 7.0.1/armtools/bin/../lib/gcc/arm-atollic-eabi/5.3.1/../../../../arm-atollic-eabi/lib/armv7e-m/fpu\libc.a(lib_a-mallocr.o)
                0x200006c4                __malloc_top_pad
 .bss.__malloc_current_mallinfo
                0x200006c8       0x28 e:/programs/stmicroelectronics/truestudio for arm 7.0.1/armtools/bin/../lib/gcc/arm-atollic-eabi/5.3.1/../../../../arm-atollic-eabi/lib/armv7e-m/fpu\libc.a(lib_a-mallocr.o)
                0x200006c8                __malloc_current_mallinfo
 .bss.heap_end.4169
                0x200006f0        0x4 e:/programs/stmicroelectronics/truestudio for arm 7.0.1/armtools/bin/../lib/gcc/arm-atollic-eabi/5.3.1/../../../../arm-atollic-eabi/lib/armv7e-m/fpu\libnosys.a(sbrk.o)
 *(COMMON)
 COMMON         0x200006f4        0x4 Drivers\STM32F4xx_HAL_Driver\Src\stm32f4xx_hal.o
                0x200006f4                uwTick
 COMMON         0x200006f8       0x15 Src\Accelerometer.o
                0x200006f8                g_AxisMeasurements
                0x200006fe                g_MotionFlag
                0x20000700                g_AggregatedAxisMeasurements
                0x2000070c                g_GSM_LastCommandStatus
 *fill*         0x2000070d        0x1 
 COMMON         0x2000070e       0x6b Src\GSM.o
                0x2000070e                g_PositionLog
                0x20000714                g_GSM_LastCommand
                0x20000746                g_GSM_ReceivedData
                0x20000778                g_GSM_LastCommandSize
 COMMON         0x20000779       0x33 Src\USBTransmission.o
                0x20000779                g_ReceivedDataBuffer
                0x200007ab                g_USBRcvCpltFlag
 COMMON         0x200007ac       0x54 Src\i2c.o
                0x200007ac                hi2c1
 COMMON         0x20000800       0x20 Src\rtc.o
                0x20000800                hrtc
 COMMON         0x20000820       0x78 Src\tim.o
                0x20000820                htim6
                0x2000085c                htim7
 COMMON         0x20000898       0x80 Src\usart.o
                0x20000898                huart6
                0x200008d8                huart4
 COMMON         0x20000918      0x224 Src\usb_device.o
                0x20000918                hUsbDeviceFS
 COMMON         0x20000b3c       0x64 Src\usbd_cdc_if.o
                0x20000b3c                UserRxBufferFS
                0x20000b6e                UserTxBufferFS
 COMMON         0x20000ba0      0x3f0 Src\usbd_conf.o
                0x20000ba0                hpcd_USB_OTG_FS
 COMMON         0x20000f90      0x200 Src\usbd_desc.o
                0x20000f90                USBD_StrDesc
 COMMON         0x20001190        0x4 e:/programs/stmicroelectronics/truestudio for arm 7.0.1/armtools/bin/../lib/gcc/arm-atollic-eabi/5.3.1/../../../../arm-atollic-eabi/lib/armv7e-m/fpu\libc.a(lib_a-reent.o)
                0x20001190                errno
                0x20001194                . = ALIGN (0x4)
                0x20001194                _ebss = .
                0x20001194                __bss_end__ = _ebss

._user_heap_stack
                0x20001194      0x600
                0x20001194                . = ALIGN (0x4)
                0x20001194                PROVIDE (end, .)
                [!provide]                PROVIDE (_end, .)
                0x20001394                . = (. + _Min_Heap_Size)
 *fill*         0x20001194      0x200 
                0x20001794                . = (. + _Min_Stack_Size)
 *fill*         0x20001394      0x400 
                0x20001794                . = ALIGN (0x4)

/DISCARD/
 libc.a(*)
 libm.a(*)
 libgcc.a(*)

.ARM.attributes
                0x00000000       0x30
 *(.ARM.attributes)
 .ARM.attributes
                0x00000000       0x22 e:/programs/stmicroelectronics/truestudio for arm 7.0.1/armtools/bin/../lib/gcc/arm-atollic-eabi/5.3.1/armv7e-m/fpu/crti.o
 .ARM.attributes
                0x00000022       0x34 e:/programs/stmicroelectronics/truestudio for arm 7.0.1/armtools/bin/../lib/gcc/arm-atollic-eabi/5.3.1/armv7e-m/fpu/crtbegin.o
 .ARM.attributes
                0x00000056       0x39 Drivers\STM32F4xx_HAL_Driver\Src\stm32f4xx_hal.o
 .ARM.attributes
                0x0000008f       0x39 Drivers\STM32F4xx_HAL_Driver\Src\stm32f4xx_hal_cortex.o
 .ARM.attributes
                0x000000c8       0x39 Drivers\STM32F4xx_HAL_Driver\Src\stm32f4xx_hal_dma.o
 .ARM.attributes
                0x00000101       0x39 Drivers\STM32F4xx_HAL_Driver\Src\stm32f4xx_hal_gpio.o
 .ARM.attributes
                0x0000013a       0x39 Drivers\STM32F4xx_HAL_Driver\Src\stm32f4xx_hal_i2c.o
 .ARM.attributes
                0x00000173       0x39 Drivers\STM32F4xx_HAL_Driver\Src\stm32f4xx_hal_pcd.o
 .ARM.attributes
                0x000001ac       0x39 Drivers\STM32F4xx_HAL_Driver\Src\stm32f4xx_hal_pcd_ex.o
 .ARM.attributes
                0x000001e5       0x39 Drivers\STM32F4xx_HAL_Driver\Src\stm32f4xx_hal_rcc.o
 .ARM.attributes
                0x0000021e       0x39 Drivers\STM32F4xx_HAL_Driver\Src\stm32f4xx_hal_rcc_ex.o
 .ARM.attributes
                0x00000257       0x39 Drivers\STM32F4xx_HAL_Driver\Src\stm32f4xx_hal_rtc.o
 .ARM.attributes
                0x00000290       0x39 Drivers\STM32F4xx_HAL_Driver\Src\stm32f4xx_hal_rtc_ex.o
 .ARM.attributes
                0x000002c9       0x39 Drivers\STM32F4xx_HAL_Driver\Src\stm32f4xx_hal_tim.o
 .ARM.attributes
                0x00000302       0x39 Drivers\STM32F4xx_HAL_Driver\Src\stm32f4xx_hal_tim_ex.o
 .ARM.attributes
                0x0000033b       0x39 Drivers\STM32F4xx_HAL_Driver\Src\stm32f4xx_hal_uart.o
 .ARM.attributes
                0x00000374       0x39 Drivers\STM32F4xx_HAL_Driver\Src\stm32f4xx_ll_usb.o
 .ARM.attributes
                0x000003ad       0x39 Middlewares\ST\STM32_USB_Device_Library\Class\CDC\Src\usbd_cdc.o
 .ARM.attributes
                0x000003e6       0x39 Middlewares\ST\STM32_USB_Device_Library\Core\Src\usbd_core.o
 .ARM.attributes
                0x0000041f       0x39 Middlewares\ST\STM32_USB_Device_Library\Core\Src\usbd_ctlreq.o
 .ARM.attributes
                0x00000458       0x39 Middlewares\ST\STM32_USB_Device_Library\Core\Src\usbd_ioreq.o
 .ARM.attributes
                0x00000491       0x39 Src\Accelerometer.o
 .ARM.attributes
                0x000004ca       0x39 Src\GSM.o
 .ARM.attributes
                0x00000503       0x39 Src\USBTransmission.o
 .ARM.attributes
                0x0000053c       0x39 Src\gpio.o
 .ARM.attributes
                0x00000575       0x39 Src\i2c.o
 .ARM.attributes
                0x000005ae       0x39 Src\main.o
 .ARM.attributes
                0x000005e7       0x39 Src\rtc.o
 .ARM.attributes
                0x00000620       0x39 Src\stm32f4xx_hal_msp.o
 .ARM.attributes
                0x00000659       0x39 Src\stm32f4xx_it.o
 .ARM.attributes
                0x00000692       0x39 Src\system_stm32f4xx.o
 .ARM.attributes
                0x000006cb       0x39 Src\tim.o
 .ARM.attributes
                0x00000704       0x39 Src\usart.o
 .ARM.attributes
                0x0000073d       0x39 Src\usb_device.o
 .ARM.attributes
                0x00000776       0x39 Src\usbd_cdc_if.o
 .ARM.attributes
                0x000007af       0x39 Src\usbd_conf.o
 .ARM.attributes
                0x000007e8       0x39 Src\usbd_desc.o
 .ARM.attributes
                0x00000821       0x21 startup\startup_stm32f417xx.o
 .ARM.attributes
                0x00000842       0x34 e:/programs/stmicroelectronics/truestudio for arm 7.0.1/armtools/bin/../lib/gcc/arm-atollic-eabi/5.3.1/../../../../arm-atollic-eabi/lib/armv7e-m/fpu\libc.a(lib_a-init.o)
 .ARM.attributes
                0x00000876       0x34 e:/programs/stmicroelectronics/truestudio for arm 7.0.1/armtools/bin/../lib/gcc/arm-atollic-eabi/5.3.1/../../../../arm-atollic-eabi/lib/armv7e-m/fpu\libc.a(lib_a-malloc.o)
 .ARM.attributes
                0x000008aa       0x34 e:/programs/stmicroelectronics/truestudio for arm 7.0.1/armtools/bin/../lib/gcc/arm-atollic-eabi/5.3.1/../../../../arm-atollic-eabi/lib/armv7e-m/fpu\libc.a(lib_a-mallocr.o)
 .ARM.attributes
                0x000008de       0x34 e:/programs/stmicroelectronics/truestudio for arm 7.0.1/armtools/bin/../lib/gcc/arm-atollic-eabi/5.3.1/../../../../arm-atollic-eabi/lib/armv7e-m/fpu\libc.a(lib_a-mlock.o)
 .ARM.attributes
                0x00000912       0x34 e:/programs/stmicroelectronics/truestudio for arm 7.0.1/armtools/bin/../lib/gcc/arm-atollic-eabi/5.3.1/../../../../arm-atollic-eabi/lib/armv7e-m/fpu\libc.a(lib_a-sbrkr.o)
 .ARM.attributes
                0x00000946       0x34 e:/programs/stmicroelectronics/truestudio for arm 7.0.1/armtools/bin/../lib/gcc/arm-atollic-eabi/5.3.1/../../../../arm-atollic-eabi/lib/armv7e-m/fpu\libc.a(lib_a-sprintf.o)
 .ARM.attributes
                0x0000097a       0x34 e:/programs/stmicroelectronics/truestudio for arm 7.0.1/armtools/bin/../lib/gcc/arm-atollic-eabi/5.3.1/../../../../arm-atollic-eabi/lib/armv7e-m/fpu\libc.a(lib_a-strcat.o)
 .ARM.attributes
                0x000009ae       0x34 e:/programs/stmicroelectronics/truestudio for arm 7.0.1/armtools/bin/../lib/gcc/arm-atollic-eabi/5.3.1/../../../../arm-atollic-eabi/lib/armv7e-m/fpu\libc.a(lib_a-strlcpy.o)
 .ARM.attributes
                0x000009e2       0x34 e:/programs/stmicroelectronics/truestudio for arm 7.0.1/armtools/bin/../lib/gcc/arm-atollic-eabi/5.3.1/../../../../arm-atollic-eabi/lib/armv7e-m/fpu\libc.a(lib_a-strncmp.o)
 .ARM.attributes
                0x00000a16       0x34 e:/programs/stmicroelectronics/truestudio for arm 7.0.1/armtools/bin/../lib/gcc/arm-atollic-eabi/5.3.1/../../../../arm-atollic-eabi/lib/armv7e-m/fpu\libc.a(lib_a-strncpy.o)
 .ARM.attributes
                0x00000a4a       0x34 e:/programs/stmicroelectronics/truestudio for arm 7.0.1/armtools/bin/../lib/gcc/arm-atollic-eabi/5.3.1/../../../../arm-atollic-eabi/lib/armv7e-m/fpu\libc.a(lib_a-svfprintf.o)
 .ARM.attributes
                0x00000a7e       0x34 e:/programs/stmicroelectronics/truestudio for arm 7.0.1/armtools/bin/../lib/gcc/arm-atollic-eabi/5.3.1/../../../../arm-atollic-eabi/lib/armv7e-m/fpu\libc.a(lib_a-dtoa.o)
 .ARM.attributes
                0x00000ab2       0x34 e:/programs/stmicroelectronics/truestudio for arm 7.0.1/armtools/bin/../lib/gcc/arm-atollic-eabi/5.3.1/../../../../arm-atollic-eabi/lib/armv7e-m/fpu\libc.a(lib_a-freer.o)
 .ARM.attributes
                0x00000ae6       0x34 e:/programs/stmicroelectronics/truestudio for arm 7.0.1/armtools/bin/../lib/gcc/arm-atollic-eabi/5.3.1/../../../../arm-atollic-eabi/lib/armv7e-m/fpu\libc.a(lib_a-impure.o)
 .ARM.attributes
                0x00000b1a       0x34 e:/programs/stmicroelectronics/truestudio for arm 7.0.1/armtools/bin/../lib/gcc/arm-atollic-eabi/5.3.1/../../../../arm-atollic-eabi/lib/armv7e-m/fpu\libc.a(lib_a-locale.o)
 .ARM.attributes
                0x00000b4e       0x20 e:/programs/stmicroelectronics/truestudio for arm 7.0.1/armtools/bin/../lib/gcc/arm-atollic-eabi/5.3.1/../../../../arm-atollic-eabi/lib/armv7e-m/fpu\libc.a(lib_a-memchr.o)
 .ARM.attributes
                0x00000b6e       0x34 e:/programs/stmicroelectronics/truestudio for arm 7.0.1/armtools/bin/../lib/gcc/arm-atollic-eabi/5.3.1/../../../../arm-atollic-eabi/lib/armv7e-m/fpu\libc.a(lib_a-memcpy-stub.o)
 .ARM.attributes
                0x00000ba2       0x34 e:/programs/stmicroelectronics/truestudio for arm 7.0.1/armtools/bin/../lib/gcc/arm-atollic-eabi/5.3.1/../../../../arm-atollic-eabi/lib/armv7e-m/fpu\libc.a(lib_a-mprec.o)
 .ARM.attributes
                0x00000bd6       0x34 e:/programs/stmicroelectronics/truestudio for arm 7.0.1/armtools/bin/../lib/gcc/arm-atollic-eabi/5.3.1/../../../../arm-atollic-eabi/lib/armv7e-m/fpu\libc.a(lib_a-reent.o)
 .ARM.attributes
                0x00000c0a       0x1b e:/programs/stmicroelectronics/truestudio for arm 7.0.1/armtools/bin/../lib/gcc/arm-atollic-eabi/5.3.1/../../../../arm-atollic-eabi/lib/armv7e-m/fpu\libc.a(lib_a-strlen.o)
 .ARM.attributes
                0x00000c25       0x34 e:/programs/stmicroelectronics/truestudio for arm 7.0.1/armtools/bin/../lib/gcc/arm-atollic-eabi/5.3.1/../../../../arm-atollic-eabi/lib/armv7e-m/fpu\libc.a(lib_a-svfiprintf.o)
 .ARM.attributes
                0x00000c59       0x34 e:/programs/stmicroelectronics/truestudio for arm 7.0.1/armtools/bin/../lib/gcc/arm-atollic-eabi/5.3.1/../../../../arm-atollic-eabi/lib/armv7e-m/fpu\libc.a(lib_a-callocr.o)
 .ARM.attributes
                0x00000c8d       0x34 e:/programs/stmicroelectronics/truestudio for arm 7.0.1/armtools/bin/../lib/gcc/arm-atollic-eabi/5.3.1/../../../../arm-atollic-eabi/lib/armv7e-m/fpu\libc.a(lib_a-memmove.o)
 .ARM.attributes
                0x00000cc1       0x34 e:/programs/stmicroelectronics/truestudio for arm 7.0.1/armtools/bin/../lib/gcc/arm-atollic-eabi/5.3.1/../../../../arm-atollic-eabi/lib/armv7e-m/fpu\libc.a(lib_a-memset.o)
 .ARM.attributes
                0x00000cf5       0x34 e:/programs/stmicroelectronics/truestudio for arm 7.0.1/armtools/bin/../lib/gcc/arm-atollic-eabi/5.3.1/../../../../arm-atollic-eabi/lib/armv7e-m/fpu\libc.a(lib_a-reallocr.o)
 .ARM.attributes
                0x00000d29       0x22 e:/programs/stmicroelectronics/truestudio for arm 7.0.1/armtools/bin/../lib/gcc/arm-atollic-eabi/5.3.1/armv7e-m/fpu\libgcc.a(_arm_addsubdf3.o)
 .ARM.attributes
                0x00000d4b       0x22 e:/programs/stmicroelectronics/truestudio for arm 7.0.1/armtools/bin/../lib/gcc/arm-atollic-eabi/5.3.1/armv7e-m/fpu\libgcc.a(_arm_muldivdf3.o)
 .ARM.attributes
                0x00000d6d       0x22 e:/programs/stmicroelectronics/truestudio for arm 7.0.1/armtools/bin/../lib/gcc/arm-atollic-eabi/5.3.1/armv7e-m/fpu\libgcc.a(_arm_cmpdf2.o)
 .ARM.attributes
                0x00000d8f       0x22 e:/programs/stmicroelectronics/truestudio for arm 7.0.1/armtools/bin/../lib/gcc/arm-atollic-eabi/5.3.1/armv7e-m/fpu\libgcc.a(_arm_unorddf2.o)
 .ARM.attributes
                0x00000db1       0x22 e:/programs/stmicroelectronics/truestudio for arm 7.0.1/armtools/bin/../lib/gcc/arm-atollic-eabi/5.3.1/armv7e-m/fpu\libgcc.a(_arm_fixdfsi.o)
 .ARM.attributes
                0x00000dd3       0x22 e:/programs/stmicroelectronics/truestudio for arm 7.0.1/armtools/bin/../lib/gcc/arm-atollic-eabi/5.3.1/armv7e-m/fpu\libgcc.a(_aeabi_uldivmod.o)
 .ARM.attributes
                0x00000df5       0x34 e:/programs/stmicroelectronics/truestudio for arm 7.0.1/armtools/bin/../lib/gcc/arm-atollic-eabi/5.3.1/armv7e-m/fpu\libgcc.a(_udivmoddi4.o)
 .ARM.attributes
                0x00000e29       0x22 e:/programs/stmicroelectronics/truestudio for arm 7.0.1/armtools/bin/../lib/gcc/arm-atollic-eabi/5.3.1/armv7e-m/fpu\libgcc.a(_dvmd_tls.o)
 .ARM.attributes
                0x00000e4b       0x34 e:/programs/stmicroelectronics/truestudio for arm 7.0.1/armtools/bin/../lib/gcc/arm-atollic-eabi/5.3.1/../../../../arm-atollic-eabi/lib/armv7e-m/fpu\libnosys.a(sbrk.o)
 .ARM.attributes
                0x00000e7f       0x22 e:/programs/stmicroelectronics/truestudio for arm 7.0.1/armtools/bin/../lib/gcc/arm-atollic-eabi/5.3.1/armv7e-m/fpu/crtn.o
OUTPUT(AlarmZL41Project.elf elf32-littlearm)

.comment        0x00000000       0x7e
 .comment       0x00000000       0x7e Drivers\STM32F4xx_HAL_Driver\Src\stm32f4xx_hal.o
                                 0x7f (size before relaxing)
 .comment       0x0000007e       0x7f Drivers\STM32F4xx_HAL_Driver\Src\stm32f4xx_hal_cortex.o
 .comment       0x0000007e       0x7f Drivers\STM32F4xx_HAL_Driver\Src\stm32f4xx_hal_dma.o
 .comment       0x0000007e       0x7f Drivers\STM32F4xx_HAL_Driver\Src\stm32f4xx_hal_gpio.o
 .comment       0x0000007e       0x7f Drivers\STM32F4xx_HAL_Driver\Src\stm32f4xx_hal_i2c.o
 .comment       0x0000007e       0x7f Drivers\STM32F4xx_HAL_Driver\Src\stm32f4xx_hal_pcd.o
 .comment       0x0000007e       0x7f Drivers\STM32F4xx_HAL_Driver\Src\stm32f4xx_hal_pcd_ex.o
 .comment       0x0000007e       0x7f Drivers\STM32F4xx_HAL_Driver\Src\stm32f4xx_hal_rcc.o
 .comment       0x0000007e       0x7f Drivers\STM32F4xx_HAL_Driver\Src\stm32f4xx_hal_rcc_ex.o
 .comment       0x0000007e       0x7f Drivers\STM32F4xx_HAL_Driver\Src\stm32f4xx_hal_rtc.o
 .comment       0x0000007e       0x7f Drivers\STM32F4xx_HAL_Driver\Src\stm32f4xx_hal_rtc_ex.o
 .comment       0x0000007e       0x7f Drivers\STM32F4xx_HAL_Driver\Src\stm32f4xx_hal_tim.o
 .comment       0x0000007e       0x7f Drivers\STM32F4xx_HAL_Driver\Src\stm32f4xx_hal_tim_ex.o
 .comment       0x0000007e       0x7f Drivers\STM32F4xx_HAL_Driver\Src\stm32f4xx_hal_uart.o
 .comment       0x0000007e       0x7f Drivers\STM32F4xx_HAL_Driver\Src\stm32f4xx_ll_usb.o
 .comment       0x0000007e       0x7f Middlewares\ST\STM32_USB_Device_Library\Class\CDC\Src\usbd_cdc.o
 .comment       0x0000007e       0x7f Middlewares\ST\STM32_USB_Device_Library\Core\Src\usbd_core.o
 .comment       0x0000007e       0x7f Middlewares\ST\STM32_USB_Device_Library\Core\Src\usbd_ctlreq.o
 .comment       0x0000007e       0x7f Middlewares\ST\STM32_USB_Device_Library\Core\Src\usbd_ioreq.o
 .comment       0x0000007e       0x7f Src\Accelerometer.o
 .comment       0x0000007e       0x7f Src\GSM.o
 .comment       0x0000007e       0x7f Src\USBTransmission.o
 .comment       0x0000007e       0x7f Src\gpio.o
 .comment       0x0000007e       0x7f Src\i2c.o
 .comment       0x0000007e       0x7f Src\main.o
 .comment       0x0000007e       0x7f Src\rtc.o
 .comment       0x0000007e       0x7f Src\stm32f4xx_hal_msp.o
 .comment       0x0000007e       0x7f Src\stm32f4xx_it.o
 .comment       0x0000007e       0x7f Src\system_stm32f4xx.o
 .comment       0x0000007e       0x7f Src\tim.o
 .comment       0x0000007e       0x7f Src\usart.o
 .comment       0x0000007e       0x7f Src\usb_device.o
 .comment       0x0000007e       0x7f Src\usbd_cdc_if.o
 .comment       0x0000007e       0x7f Src\usbd_conf.o
 .comment       0x0000007e       0x7f Src\usbd_desc.o

.debug_frame    0x00000000      0x814
 .debug_frame   0x00000000       0x2c e:/programs/stmicroelectronics/truestudio for arm 7.0.1/armtools/bin/../lib/gcc/arm-atollic-eabi/5.3.1/../../../../arm-atollic-eabi/lib/armv7e-m/fpu\libc.a(lib_a-init.o)
 .debug_frame   0x0000002c       0x30 e:/programs/stmicroelectronics/truestudio for arm 7.0.1/armtools/bin/../lib/gcc/arm-atollic-eabi/5.3.1/../../../../arm-atollic-eabi/lib/armv7e-m/fpu\libc.a(lib_a-malloc.o)
 .debug_frame   0x0000005c       0x40 e:/programs/stmicroelectronics/truestudio for arm 7.0.1/armtools/bin/../lib/gcc/arm-atollic-eabi/5.3.1/../../../../arm-atollic-eabi/lib/armv7e-m/fpu\libc.a(lib_a-mallocr.o)
 .debug_frame   0x0000009c       0x30 e:/programs/stmicroelectronics/truestudio for arm 7.0.1/armtools/bin/../lib/gcc/arm-atollic-eabi/5.3.1/../../../../arm-atollic-eabi/lib/armv7e-m/fpu\libc.a(lib_a-mlock.o)
 .debug_frame   0x000000cc       0x2c e:/programs/stmicroelectronics/truestudio for arm 7.0.1/armtools/bin/../lib/gcc/arm-atollic-eabi/5.3.1/../../../../arm-atollic-eabi/lib/armv7e-m/fpu\libc.a(lib_a-sbrkr.o)
 .debug_frame   0x000000f8       0x70 e:/programs/stmicroelectronics/truestudio for arm 7.0.1/armtools/bin/../lib/gcc/arm-atollic-eabi/5.3.1/../../../../arm-atollic-eabi/lib/armv7e-m/fpu\libc.a(lib_a-sprintf.o)