Archive member included to satisfy reference by file (symbol)

/home/flisu/Ac6new/SystemWorkbench/plugins/fr.ac6.mcu.externaltools.arm-none.linux32_1.7.0.201602291259/tools/compiler/bin/../lib/gcc/arm-none-eabi/5.2.1/../../../../arm-none-eabi/lib/armv7e-m/fpu/fpv5-sp-d16/libc_nano.a(lib_a-exit.o)
                              /home/flisu/Ac6new/SystemWorkbench/plugins/fr.ac6.mcu.externaltools.arm-none.linux32_1.7.0.201602291259/tools/compiler/bin/../lib/gcc/arm-none-eabi/5.2.1/../../../../arm-none-eabi/lib/armv7e-m/fpu/fpv5-sp-d16/crt0.o (exit)
/home/flisu/Ac6new/SystemWorkbench/plugins/fr.ac6.mcu.externaltools.arm-none.linux32_1.7.0.201602291259/tools/compiler/bin/../lib/gcc/arm-none-eabi/5.2.1/../../../../arm-none-eabi/lib/armv7e-m/fpu/fpv5-sp-d16/libc_nano.a(lib_a-impure.o)
                              /home/flisu/Ac6new/SystemWorkbench/plugins/fr.ac6.mcu.externaltools.arm-none.linux32_1.7.0.201602291259/tools/compiler/bin/../lib/gcc/arm-none-eabi/5.2.1/../../../../arm-none-eabi/lib/armv7e-m/fpu/fpv5-sp-d16/libc_nano.a(lib_a-exit.o) (_global_impure_ptr)
/home/flisu/Ac6new/SystemWorkbench/plugins/fr.ac6.mcu.externaltools.arm-none.linux32_1.7.0.201602291259/tools/compiler/bin/../lib/gcc/arm-none-eabi/5.2.1/../../../../arm-none-eabi/lib/armv7e-m/fpu/fpv5-sp-d16/libc_nano.a(lib_a-init.o)
                              /home/flisu/Ac6new/SystemWorkbench/plugins/fr.ac6.mcu.externaltools.arm-none.linux32_1.7.0.201602291259/tools/compiler/bin/../lib/gcc/arm-none-eabi/5.2.1/../../../../arm-none-eabi/lib/armv7e-m/fpu/fpv5-sp-d16/crt0.o (__libc_init_array)
/home/flisu/Ac6new/SystemWorkbench/plugins/fr.ac6.mcu.externaltools.arm-none.linux32_1.7.0.201602291259/tools/compiler/bin/../lib/gcc/arm-none-eabi/5.2.1/../../../../arm-none-eabi/lib/armv7e-m/fpu/fpv5-sp-d16/libc_nano.a(lib_a-memset.o)
                              /home/flisu/Ac6new/SystemWorkbench/plugins/fr.ac6.mcu.externaltools.arm-none.linux32_1.7.0.201602291259/tools/compiler/bin/../lib/gcc/arm-none-eabi/5.2.1/../../../../arm-none-eabi/lib/armv7e-m/fpu/fpv5-sp-d16/crt0.o (memset)
/home/flisu/Ac6new/SystemWorkbench/plugins/fr.ac6.mcu.externaltools.arm-none.linux32_1.7.0.201602291259/tools/compiler/bin/../lib/gcc/arm-none-eabi/5.2.1/../../../../arm-none-eabi/lib/armv7e-m/fpu/fpv5-sp-d16/libnosys.a(_exit.o)
                              /home/flisu/Ac6new/SystemWorkbench/plugins/fr.ac6.mcu.externaltools.arm-none.linux32_1.7.0.201602291259/tools/compiler/bin/../lib/gcc/arm-none-eabi/5.2.1/../../../../arm-none-eabi/lib/armv7e-m/fpu/fpv5-sp-d16/libc_nano.a(lib_a-exit.o) (_exit)

Allocating common symbols
Common symbol       size              file

huart7              0x70              Application/User/main.o
uwTick              0x4               Drivers/STM32F7xx_HAL_Driver/stm32f7xx_hal.o
pFlash              0x1c              Drivers/STM32F7xx_HAL_Driver/stm32f7xx_hal_flash.o
hspi4               0x64              Application/User/main.o
huart8              0x70              Application/User/main.o

Discarded input sections

 .text          0x00000000        0x0 /home/flisu/Ac6new/SystemWorkbench/plugins/fr.ac6.mcu.externaltools.arm-none.linux32_1.7.0.201602291259/tools/compiler/bin/../lib/gcc/arm-none-eabi/5.2.1/armv7e-m/fpu/fpv5-sp-d16/crti.o
 .data          0x00000000        0x0 /home/flisu/Ac6new/SystemWorkbench/plugins/fr.ac6.mcu.externaltools.arm-none.linux32_1.7.0.201602291259/tools/compiler/bin/../lib/gcc/arm-none-eabi/5.2.1/armv7e-m/fpu/fpv5-sp-d16/crti.o
 .bss           0x00000000        0x0 /home/flisu/Ac6new/SystemWorkbench/plugins/fr.ac6.mcu.externaltools.arm-none.linux32_1.7.0.201602291259/tools/compiler/bin/../lib/gcc/arm-none-eabi/5.2.1/armv7e-m/fpu/fpv5-sp-d16/crti.o
 .data          0x00000000        0x4 /home/flisu/Ac6new/SystemWorkbench/plugins/fr.ac6.mcu.externaltools.arm-none.linux32_1.7.0.201602291259/tools/compiler/bin/../lib/gcc/arm-none-eabi/5.2.1/armv7e-m/fpu/fpv5-sp-d16/crtbegin.o
 .text          0x00000000       0x74 /home/flisu/Ac6new/SystemWorkbench/plugins/fr.ac6.mcu.externaltools.arm-none.linux32_1.7.0.201602291259/tools/compiler/bin/../lib/gcc/arm-none-eabi/5.2.1/../../../../arm-none-eabi/lib/armv7e-m/fpu/fpv5-sp-d16/crt0.o
 .data          0x00000000        0x0 /home/flisu/Ac6new/SystemWorkbench/plugins/fr.ac6.mcu.externaltools.arm-none.linux32_1.7.0.201602291259/tools/compiler/bin/../lib/gcc/arm-none-eabi/5.2.1/../../../../arm-none-eabi/lib/armv7e-m/fpu/fpv5-sp-d16/crt0.o
 .bss           0x00000000        0x0 /home/flisu/Ac6new/SystemWorkbench/plugins/fr.ac6.mcu.externaltools.arm-none.linux32_1.7.0.201602291259/tools/compiler/bin/../lib/gcc/arm-none-eabi/5.2.1/../../../../arm-none-eabi/lib/armv7e-m/fpu/fpv5-sp-d16/crt0.o
 .ARM.extab     0x00000000        0x0 /home/flisu/Ac6new/SystemWorkbench/plugins/fr.ac6.mcu.externaltools.arm-none.linux32_1.7.0.201602291259/tools/compiler/bin/../lib/gcc/arm-none-eabi/5.2.1/../../../../arm-none-eabi/lib/armv7e-m/fpu/fpv5-sp-d16/crt0.o
[...]
Memory Configuration

Name             Origin             Length             Attributes
RAM              0x20000000         0x00050000         xrw
FLASH            0x08000000         0x00100000         xr
*default*        0x00000000         0xffffffff

Linker script and memory map

LOAD /home/flisu/Ac6new/SystemWorkbench/plugins/fr.ac6.mcu.externaltools.arm-none.linux32_1.7.0.201602291259/tools/compiler/bin/../lib/gcc/arm-none-eabi/5.2.1/armv7e-m/fpu/fpv5-sp-d16/crti.o
LOAD /home/flisu/Ac6new/SystemWorkbench/plugins/fr.ac6.mcu.externaltools.arm-none.linux32_1.7.0.201602291259/tools/compiler/bin/../lib/gcc/arm-none-eabi/5.2.1/armv7e-m/fpu/fpv5-sp-d16/crtbegin.o
LOAD /home/flisu/Ac6new/SystemWorkbench/plugins/fr.ac6.mcu.externaltools.arm-none.linux32_1.7.0.201602291259/tools/compiler/bin/../lib/gcc/arm-none-eabi/5.2.1/../../../../arm-none-eabi/lib/armv7e-m/fpu/fpv5-sp-d16/crt0.o
LOAD /home/flisu/Ac6new/SystemWorkbench/plugins/fr.ac6.mcu.externaltools.arm-none.linux32_1.7.0.201602291259/tools/compiler/bin/../lib/gcc/arm-none-eabi/5.2.1/../../../../arm-none-eabi/lib/armv7e-m/fpu/fpv5-sp-d16/libm.a
LOAD Application/SW4STM32/startup_stm32f746xx.o
LOAD Application/User/main.o
LOAD Application/User/stm32f7xx_hal_msp.o
LOAD Application/User/stm32f7xx_it.o
LOAD Drivers/CMSIS/system_stm32f7xx.o
LOAD Drivers/STM32F7xx_HAL_Driver/stm32f7xx_hal.o
LOAD Drivers/STM32F7xx_HAL_Driver/stm32f7xx_hal_cortex.o
LOAD Drivers/STM32F7xx_HAL_Driver/stm32f7xx_hal_dma.o
LOAD Drivers/STM32F7xx_HAL_Driver/stm32f7xx_hal_dma_ex.o
LOAD Drivers/STM32F7xx_HAL_Driver/stm32f7xx_hal_flash.o
LOAD Drivers/STM32F7xx_HAL_Driver/stm32f7xx_hal_flash_ex.o
LOAD Drivers/STM32F7xx_HAL_Driver/stm32f7xx_hal_gpio.o
LOAD Drivers/STM32F7xx_HAL_Driver/stm32f7xx_hal_i2c.o
LOAD Drivers/STM32F7xx_HAL_Driver/stm32f7xx_hal_i2c_ex.o
LOAD Drivers/STM32F7xx_HAL_Driver/stm32f7xx_hal_pwr.o
LOAD Drivers/STM32F7xx_HAL_Driver/stm32f7xx_hal_pwr_ex.o
LOAD Drivers/STM32F7xx_HAL_Driver/stm32f7xx_hal_rcc.o
LOAD Drivers/STM32F7xx_HAL_Driver/stm32f7xx_hal_rcc_ex.o
LOAD Drivers/STM32F7xx_HAL_Driver/stm32f7xx_hal_spi.o
LOAD Drivers/STM32F7xx_HAL_Driver/stm32f7xx_hal_tim.o
LOAD Drivers/STM32F7xx_HAL_Driver/stm32f7xx_hal_tim_ex.o
LOAD Drivers/STM32F7xx_HAL_Driver/stm32f7xx_hal_uart.o
START GROUP
LOAD /home/flisu/Ac6new/SystemWorkbench/plugins/fr.ac6.mcu.externaltools.arm-none.linux32_1.7.0.201602291259/tools/compiler/bin/../lib/gcc/arm-none-eabi/5.2.1/armv7e-m/fpu/fpv5-sp-d16/libgcc.a
LOAD /home/flisu/Ac6new/SystemWorkbench/plugins/fr.ac6.mcu.externaltools.arm-none.linux32_1.7.0.201602291259/tools/compiler/bin/../lib/gcc/arm-none-eabi/5.2.1/../../../../arm-none-eabi/lib/armv7e-m/fpu/fpv5-sp-d16/libc_nano.a
END GROUP
START GROUP
LOAD /home/flisu/Ac6new/SystemWorkbench/plugins/fr.ac6.mcu.externaltools.arm-none.linux32_1.7.0.201602291259/tools/compiler/bin/../lib/gcc/arm-none-eabi/5.2.1/armv7e-m/fpu/fpv5-sp-d16/libgcc.a
LOAD /home/flisu/Ac6new/SystemWorkbench/plugins/fr.ac6.mcu.externaltools.arm-none.linux32_1.7.0.201602291259/tools/compiler/bin/../lib/gcc/arm-none-eabi/5.2.1/../../../../arm-none-eabi/lib/armv7e-m/fpu/fpv5-sp-d16/libc_nano.a
LOAD /home/flisu/Ac6new/SystemWorkbench/plugins/fr.ac6.mcu.externaltools.arm-none.linux32_1.7.0.201602291259/tools/compiler/bin/../lib/gcc/arm-none-eabi/5.2.1/../../../../arm-none-eabi/lib/armv7e-m/fpu/fpv5-sp-d16/libnosys.a
END GROUP
START GROUP
LOAD /home/flisu/Ac6new/SystemWorkbench/plugins/fr.ac6.mcu.externaltools.arm-none.linux32_1.7.0.201602291259/tools/compiler/bin/../lib/gcc/arm-none-eabi/5.2.1/armv7e-m/fpu/fpv5-sp-d16/libgcc.a
LOAD /home/flisu/Ac6new/SystemWorkbench/plugins/fr.ac6.mcu.externaltools.arm-none.linux32_1.7.0.201602291259/tools/compiler/bin/../lib/gcc/arm-none-eabi/5.2.1/../../../../arm-none-eabi/lib/armv7e-m/fpu/fpv5-sp-d16/libc_nano.a
LOAD /home/flisu/Ac6new/SystemWorkbench/plugins/fr.ac6.mcu.externaltools.arm-none.linux32_1.7.0.201602291259/tools/compiler/bin/../lib/gcc/arm-none-eabi/5.2.1/../../../../arm-none-eabi/lib/armv7e-m/fpu/fpv5-sp-d16/libnosys.a
END GROUP
LOAD /home/flisu/Ac6new/SystemWorkbench/plugins/fr.ac6.mcu.externaltools.arm-none.linux32_1.7.0.201602291259/tools/compiler/bin/../lib/gcc/arm-none-eabi/5.2.1/armv7e-m/fpu/fpv5-sp-d16/crtend.o
LOAD /home/flisu/Ac6new/SystemWorkbench/plugins/fr.ac6.mcu.externaltools.arm-none.linux32_1.7.0.201602291259/tools/compiler/bin/../lib/gcc/arm-none-eabi/5.2.1/armv7e-m/fpu/fpv5-sp-d16/crtn.o
                0x20050000                _estack = 0x20050000
                0x00000200                _Min_Heap_Size = 0x200
                0x00000400                _Min_Stack_Size = 0x400

.isr_vector     0x08000000      0x1c8
                0x08000000                . = ALIGN (0x4)
 *(.isr_vector)
 .isr_vector    0x08000000      0x1c8 Application/SW4STM32/startup_stm32f746xx.o
                0x08000000                g_pfnVectors
                0x080001c8                . = ALIGN (0x4)

.text           0x080001c8     0x1a98
                0x080001c8                . = ALIGN (0x4)
 *(.text)
 .text          0x080001c8       0xa4 /home/flisu/Ac6new/SystemWorkbench/plugins/fr.ac6.mcu.externaltools.arm-none.linux32_1.7.0.201602291259/tools/compiler/bin/../lib/gcc/arm-none-eabi/5.2.1/armv7e-m/fpu/fpv5-sp-d16/crtbegin.o
 *(.text*)
 .text.Reset_Handler
                0x0800026c       0x50 Application/SW4STM32/startup_stm32f746xx.o
                0x0800026c                Reset_Handler
 .text.Default_Handler
                0x080002bc        0x2 Application/SW4STM32/startup_stm32f746xx.o
                0x080002bc                RTC_Alarm_IRQHandler
                0x080002bc                EXTI2_IRQHandler
                0x080002bc                TIM8_CC_IRQHandler
                0x080002bc                UART8_IRQHandler
                0x080002bc                SPI4_IRQHandler
                0x080002bc                TIM1_CC_IRQHandler
                0x080002bc                DMA2_Stream5_IRQHandler
                0x080002bc                DMA1_Stream5_IRQHandler
                0x080002bc                PVD_IRQHandler
                0x080002bc                TAMP_STAMP_IRQHandler
                0x080002bc                CAN2_RX1_IRQHandler
                0x080002bc                EXTI3_IRQHandler
                0x080002bc                TIM8_TRG_COM_TIM14_IRQHandler
                0x080002bc                TIM1_UP_TIM10_IRQHandler
                0x080002bc                TIM8_UP_TIM13_IRQHandler
                0x080002bc                I2C3_ER_IRQHandler
                0x080002bc                EXTI0_IRQHandler
                0x080002bc                I2C2_EV_IRQHandler
                0x080002bc                DMA1_Stream2_IRQHandler
                0x080002bc                CAN1_RX0_IRQHandler
                0x080002bc                FPU_IRQHandler
                0x080002bc                OTG_HS_WKUP_IRQHandler
                0x080002bc                LTDC_ER_IRQHandler
                0x080002bc                CAN2_SCE_IRQHandler
                0x080002bc                DMA2_Stream2_IRQHandler
                0x080002bc                SPI1_IRQHandler
                0x080002bc                TIM6_DAC_IRQHandler
                0x080002bc                TIM1_BRK_TIM9_IRQHandler
                0x080002bc                DCMI_IRQHandler
                0x080002bc                CAN2_RX0_IRQHandler
                0x080002bc                DMA2_Stream3_IRQHandler
                0x080002bc                SAI2_IRQHandler
                0x080002bc                USART6_IRQHandler
                0x080002bc                USART3_IRQHandler
                0x080002bc                CAN1_RX1_IRQHandler
                0x080002bc                UART5_IRQHandler
                0x080002bc                DMA2_Stream0_IRQHandler
                0x080002bc                TIM4_IRQHandler
                0x080002bc                QUADSPI_IRQHandler
                0x080002bc                I2C1_EV_IRQHandler
                0x080002bc                DMA1_Stream6_IRQHandler
                0x080002bc                DMA1_Stream1_IRQHandler
                0x080002bc                UART4_IRQHandler
                0x080002bc                TIM3_IRQHandler
                0x080002bc                RCC_IRQHandler
                0x080002bc                TIM8_BRK_TIM12_IRQHandler
                0x080002bc                Default_Handler
                0x080002bc                CEC_IRQHandler
                0x080002bc                EXTI15_10_IRQHandler
                0x080002bc                ADC_IRQHandler
                0x080002bc                DMA1_Stream7_IRQHandler
                0x080002bc                SPI5_IRQHandler
                0x080002bc                TIM7_IRQHandler
                0x080002bc                SDMMC1_IRQHandler
                0x080002bc                CAN2_TX_IRQHandler
                0x080002bc                TIM5_IRQHandler
                0x080002bc                DMA2_Stream7_IRQHandler
                0x080002bc                I2C3_EV_IRQHandler
                0x080002bc                EXTI9_5_IRQHandler
                0x080002bc                RTC_WKUP_IRQHandler
                0x080002bc                LTDC_IRQHandler
                0x080002bc                ETH_WKUP_IRQHandler
                0x080002bc                SPDIF_RX_IRQHandler
                0x080002bc                SPI2_IRQHandler
                0x080002bc                OTG_HS_EP1_IN_IRQHandler
                0x080002bc                DMA1_Stream0_IRQHandler
                0x080002bc                CAN1_TX_IRQHandler
                0x080002bc                EXTI4_IRQHandler
                0x080002bc                RNG_IRQHandler
                0x080002bc                ETH_IRQHandler
                0x080002bc                OTG_HS_EP1_OUT_IRQHandler
                0x080002bc                WWDG_IRQHandler
                0x080002bc                SPI6_IRQHandler
                0x080002bc                I2C4_EV_IRQHandler
                0x080002bc                TIM2_IRQHandler
                0x080002bc                OTG_FS_WKUP_IRQHandler
                0x080002bc                TIM1_TRG_COM_TIM11_IRQHandler
                0x080002bc                OTG_HS_IRQHandler
                0x080002bc                DMA2D_IRQHandler
                0x080002bc                EXTI1_IRQHandler
                0x080002bc                UART7_IRQHandler
                0x080002bc                USART2_IRQHandler
                0x080002bc                I2C2_ER_IRQHandler
                0x080002bc                DMA2_Stream1_IRQHandler
                0x080002bc                CAN1_SCE_IRQHandler
                0x080002bc                FLASH_IRQHandler
                0x080002bc                DMA2_Stream4_IRQHandler
                0x080002bc                USART1_IRQHandler
                0x080002bc                OTG_FS_IRQHandler
                0x080002bc                SPI3_IRQHandler
                0x080002bc                DMA1_Stream4_IRQHandler
                0x080002bc                I2C1_ER_IRQHandler
                0x080002bc                FMC_IRQHandler
                0x080002bc                LPTIM1_IRQHandler
                0x080002bc                I2C4_ER_IRQHandler
                0x080002bc                DMA2_Stream6_IRQHandler
                0x080002bc                SAI1_IRQHandler
                0x080002bc                DMA1_Stream3_IRQHandler
 *fill*         0x080002be        0x2 
 .text.SystemClock_Config
                0x080002c0       0xcc Application/User/main.o
                0x080002c0                SystemClock_Config
 .text.startup.main
                0x0800038c      0x1a4 Application/User/main.o
                0x0800038c                main
 .text.HAL_MspInit
                0x08000530       0x60 Application/User/stm32f7xx_hal_msp.o
                0x08000530                HAL_MspInit
 .text.HAL_SPI_MspInit
                0x08000590       0x4c Application/User/stm32f7xx_hal_msp.o
                0x08000590                HAL_SPI_MspInit
 .text.HAL_UART_MspInit
                0x080005dc       0x7c Application/User/stm32f7xx_hal_msp.o
                0x080005dc                HAL_UART_MspInit
 .text.NMI_Handler
                0x08000658        0x2 Application/User/stm32f7xx_it.o
                0x08000658                NMI_Handler
 .text.HardFault_Handler
                0x0800065a        0x2 Application/User/stm32f7xx_it.o
                0x0800065a                HardFault_Handler
 .text.MemManage_Handler
                0x0800065c        0x2 Application/User/stm32f7xx_it.o
                0x0800065c                MemManage_Handler
 .text.BusFault_Handler
                0x0800065e        0x2 Application/User/stm32f7xx_it.o
                0x0800065e                BusFault_Handler
 .text.UsageFault_Handler
                0x08000660        0x2 Application/User/stm32f7xx_it.o
                0x08000660                UsageFault_Handler
 .text.SVC_Handler
                0x08000662        0x2 Application/User/stm32f7xx_it.o
                0x08000662                SVC_Handler
 .text.DebugMon_Handler
                0x08000664        0x2 Application/User/stm32f7xx_it.o
                0x08000664                DebugMon_Handler
 .text.PendSV_Handler
                0x08000666        0x2 Application/User/stm32f7xx_it.o
                0x08000666                PendSV_Handler
 .text.SysTick_Handler
                0x08000668        0xe Application/User/stm32f7xx_it.o
                0x08000668                SysTick_Handler
 *fill*         0x08000676        0x2 
 .text.SystemInit
                0x08000678       0x4c Drivers/CMSIS/system_stm32f7xx.o
                0x08000678                SystemInit
 .text.HAL_InitTick
                0x080006c4       0x28 Drivers/STM32F7xx_HAL_Driver/stm32f7xx_hal.o
                0x080006c4                HAL_InitTick
 .text.HAL_Init
                0x080006ec       0x16 Drivers/STM32F7xx_HAL_Driver/stm32f7xx_hal.o
                0x080006ec                HAL_Init
 *fill*         0x08000702        0x2 
 .text.HAL_IncTick
                0x08000704       0x10 Drivers/STM32F7xx_HAL_Driver/stm32f7xx_hal.o
                0x08000704                HAL_IncTick
 .text.HAL_GetTick
                0x08000714        0xc Drivers/STM32F7xx_HAL_Driver/stm32f7xx_hal.o
                0x08000714                HAL_GetTick
 .text.HAL_NVIC_SetPriorityGrouping
                0x08000720       0x24 Drivers/STM32F7xx_HAL_Driver/stm32f7xx_hal_cortex.o
                0x08000720                HAL_NVIC_SetPriorityGrouping
 .text.HAL_NVIC_SetPriority
                0x08000744       0x70 Drivers/STM32F7xx_HAL_Driver/stm32f7xx_hal_cortex.o
                0x08000744                HAL_NVIC_SetPriority
 .text.HAL_SYSTICK_Config
                0x080007b4       0x2c Drivers/STM32F7xx_HAL_Driver/stm32f7xx_hal_cortex.o
                0x080007b4                HAL_SYSTICK_Config
 .text.HAL_SYSTICK_CLKSourceConfig
                0x080007e0       0x18 Drivers/STM32F7xx_HAL_Driver/stm32f7xx_hal_cortex.o
                0x080007e0                HAL_SYSTICK_CLKSourceConfig
 .text.HAL_SYSTICK_Callback
                0x080007f8        0x2 Drivers/STM32F7xx_HAL_Driver/stm32f7xx_hal_cortex.o
                0x080007f8                HAL_SYSTICK_Callback
 .text.HAL_SYSTICK_IRQHandler
                0x080007fa        0x8 Drivers/STM32F7xx_HAL_Driver/stm32f7xx_hal_cortex.o
                0x080007fa                HAL_SYSTICK_IRQHandler
 *fill*         0x08000802        0x2 
 .text.HAL_GPIO_Init
                0x08000804      0x1d8 Drivers/STM32F7xx_HAL_Driver/stm32f7xx_hal_gpio.o
                0x08000804                HAL_GPIO_Init
 .text.HAL_GPIO_WritePin
                0x080009dc        0x8 Drivers/STM32F7xx_HAL_Driver/stm32f7xx_hal_gpio.o
                0x080009dc                HAL_GPIO_WritePin
 .text.HAL_PWREx_EnableOverDrive
                0x080009e4       0x70 Drivers/STM32F7xx_HAL_Driver/stm32f7xx_hal_pwr_ex.o
                0x080009e4                HAL_PWREx_EnableOverDrive
 .text.HAL_RCC_OscConfig
                0x08000a54      0x354 Drivers/STM32F7xx_HAL_Driver/stm32f7xx_hal_rcc.o
                0x08000a54                HAL_RCC_OscConfig
 .text.HAL_RCC_GetSysClockFreq
                0x08000da8       0x7c Drivers/STM32F7xx_HAL_Driver/stm32f7xx_hal_rcc.o
                0x08000da8                HAL_RCC_GetSysClockFreq
 .text.HAL_RCC_ClockConfig
                0x08000e24      0x154 Drivers/STM32F7xx_HAL_Driver/stm32f7xx_hal_rcc.o
                0x08000e24                HAL_RCC_ClockConfig
 .text.HAL_RCC_GetHCLKFreq
                0x08000f78        0xc Drivers/STM32F7xx_HAL_Driver/stm32f7xx_hal_rcc.o
                0x08000f78                HAL_RCC_GetHCLKFreq
 .text.HAL_RCC_GetPCLK1Freq
                0x08000f84       0x30 Drivers/STM32F7xx_HAL_Driver/stm32f7xx_hal_rcc.o
                0x08000f84                HAL_RCC_GetPCLK1Freq
 .text.HAL_RCC_GetPCLK2Freq
                0x08000fb4       0x30 Drivers/STM32F7xx_HAL_Driver/stm32f7xx_hal_rcc.o
                0x08000fb4                HAL_RCC_GetPCLK2Freq
 .text.HAL_RCCEx_PeriphCLKConfig
                0x08000fe4      0x74c Drivers/STM32F7xx_HAL_Driver/stm32f7xx_hal_rcc_ex.o
                0x08000fe4                HAL_RCCEx_PeriphCLKConfig
 .text.HAL_SPI_Init
                0x08001730       0xac Drivers/STM32F7xx_HAL_Driver/stm32f7xx_hal_spi.o
                0x08001730                HAL_SPI_Init
 .text.UART_WaitOnFlagUntilTimeout
                0x080017dc       0x62 Drivers/STM32F7xx_HAL_Driver/stm32f7xx_hal_uart.o
                0x080017dc                UART_WaitOnFlagUntilTimeout
 *fill*         0x0800183e        0x2 
 .text.UART_SetConfig
                0x08001840      0x268 Drivers/STM32F7xx_HAL_Driver/stm32f7xx_hal_uart.o
                0x08001840                UART_SetConfig
 .text.UART_AdvFeatureConfig
                0x08001aa8       0xaa Drivers/STM32F7xx_HAL_Driver/stm32f7xx_hal_uart.o
                0x08001aa8                UART_AdvFeatureConfig
 .text.UART_CheckIdleState
                0x08001b52       0x44 Drivers/STM32F7xx_HAL_Driver/stm32f7xx_hal_uart.o
                0x08001b52                UART_CheckIdleState
 .text.HAL_UART_Init
                0x08001b96       0x64 Drivers/STM32F7xx_HAL_Driver/stm32f7xx_hal_uart.o
                0x08001b96                HAL_UART_Init
 *fill*         0x08001bfa        0x2 
 .text.__libc_init_array
                0x08001bfc       0x4c /home/flisu/Ac6new/SystemWorkbench/plugins/fr.ac6.mcu.externaltools.arm-none.linux32_1.7.0.201602291259/tools/compiler/bin/../lib/gcc/arm-none-eabi/5.2.1/../../../../arm-none-eabi/lib/armv7e-m/fpu/fpv5-sp-d16/libc_nano.a(lib_a-init.o)
                0x08001bfc                __libc_init_array
 *(.glue_7)
 .glue_7        0x08001c48        0x0 linker stubs
 *(.glue_7t)
 .glue_7t       0x08001c48        0x0 linker stubs
 *(.eh_frame)
 .eh_frame      0x08001c48        0x0 /home/flisu/Ac6new/SystemWorkbench/plugins/fr.ac6.mcu.externaltools.arm-none.linux32_1.7.0.201602291259/tools/compiler/bin/../lib/gcc/arm-none-eabi/5.2.1/armv7e-m/fpu/fpv5-sp-d16/crtbegin.o
 *(.init)
 .init          0x08001c48        0x4 /home/flisu/Ac6new/SystemWorkbench/plugins/fr.ac6.mcu.externaltools.arm-none.linux32_1.7.0.201602291259/tools/compiler/bin/../lib/gcc/arm-none-eabi/5.2.1/armv7e-m/fpu/fpv5-sp-d16/crti.o
                0x08001c48                _init
 .init          0x08001c4c        0x8 /home/flisu/Ac6new/SystemWorkbench/plugins/fr.ac6.mcu.externaltools.arm-none.linux32_1.7.0.201602291259/tools/compiler/bin/../lib/gcc/arm-none-eabi/5.2.1/armv7e-m/fpu/fpv5-sp-d16/crtn.o
 *(.fini)
 .fini          0x08001c54        0x4 /home/flisu/Ac6new/SystemWorkbench/plugins/fr.ac6.mcu.externaltools.arm-none.linux32_1.7.0.201602291259/tools/compiler/bin/../lib/gcc/arm-none-eabi/5.2.1/armv7e-m/fpu/fpv5-sp-d16/crti.o
                0x08001c54                _fini
 .fini          0x08001c58        0x8 /home/flisu/Ac6new/SystemWorkbench/plugins/fr.ac6.mcu.externaltools.arm-none.linux32_1.7.0.201602291259/tools/compiler/bin/../lib/gcc/arm-none-eabi/5.2.1/armv7e-m/fpu/fpv5-sp-d16/crtn.o
                0x08001c60                . = ALIGN (0x4)
                0x08001c60                _etext = .

.vfp11_veneer   0x08001c60        0x0
 .vfp11_veneer  0x08001c60        0x0 linker stubs

.v4_bx          0x08001c60        0x0
 .v4_bx         0x08001c60        0x0 linker stubs

.iplt           0x08001c60        0x0
 .iplt          0x08001c60        0x0 /home/flisu/Ac6new/SystemWorkbench/plugins/fr.ac6.mcu.externaltools.arm-none.linux32_1.7.0.201602291259/tools/compiler/bin/../lib/gcc/arm-none-eabi/5.2.1/armv7e-m/fpu/fpv5-sp-d16/crtbegin.o

.rodata         0x08001c60       0x2c
                0x08001c60                . = ALIGN (0x4)
 *(.rodata)
 .rodata        0x08001c60       0x18 Drivers/CMSIS/system_stm32f7xx.o
                0x08001c60                AHBPrescTable
                0x08001c70                APBPrescTable
 .rodata        0x08001c78       0x11 Drivers/STM32F7xx_HAL_Driver/stm32f7xx_hal_uart.o
 *(.rodata*)
                0x08001c8c                . = ALIGN (0x4)
 *fill*         0x08001c89        0x3 

.rel.dyn        0x08001c8c        0x0
 .rel.iplt      0x08001c8c        0x0 /home/flisu/Ac6new/SystemWorkbench/plugins/fr.ac6.mcu.externaltools.arm-none.linux32_1.7.0.201602291259/tools/compiler/bin/../lib/gcc/arm-none-eabi/5.2.1/armv7e-m/fpu/fpv5-sp-d16/crtbegin.o

.ARM.extab
 *(.ARM.extab* .gnu.linkonce.armextab.*)

.ARM            0x08001c8c        0x0
                0x08001c8c                __exidx_start = .
 *(.ARM.exidx*)
                0x08001c8c                __exidx_end = .

.preinit_array  0x08001c8c        0x0
                0x08001c8c                PROVIDE (__preinit_array_start, .)
 *(.preinit_array*)
                0x08001c8c                PROVIDE (__preinit_array_end, .)

.init_array     0x08001c8c        0x4
                0x08001c8c                PROVIDE (__init_array_start, .)
 *(SORT(.init_array.*))
 *(.init_array*)
 .init_array    0x08001c8c        0x4 /home/flisu/Ac6new/SystemWorkbench/plugins/fr.ac6.mcu.externaltools.arm-none.linux32_1.7.0.201602291259/tools/compiler/bin/../lib/gcc/arm-none-eabi/5.2.1/armv7e-m/fpu/fpv5-sp-d16/crtbegin.o
                0x08001c90                PROVIDE (__init_array_end, .)

.fini_array     0x08001c90        0x4
                [!provide]                PROVIDE (__fini_array_start, .)
 *(SORT(.fini_array.*))
 *(.fini_array*)
 .fini_array    0x08001c90        0x4 /home/flisu/Ac6new/SystemWorkbench/plugins/fr.ac6.mcu.externaltools.arm-none.linux32_1.7.0.201602291259/tools/compiler/bin/../lib/gcc/arm-none-eabi/5.2.1/armv7e-m/fpu/fpv5-sp-d16/crtbegin.o
                [!provide]                PROVIDE (__fini_array_end, .)
                0x08001c94                _sidata = LOADADDR (.data)

.data           0x20000000        0x4 load address 0x08001c94
                0x20000000                . = ALIGN (0x4)
                0x20000000                _sdata = .
 *(.data)
 .data          0x20000000        0x4 Drivers/CMSIS/system_stm32f7xx.o
                0x20000000                SystemCoreClock
 *(.data*)
                0x20000004                . = ALIGN (0x4)
                0x20000004                _edata = .

.jcr            0x20000004        0x0 load address 0x08001c98
 .jcr           0x20000004        0x0 /home/flisu/Ac6new/SystemWorkbench/plugins/fr.ac6.mcu.externaltools.arm-none.linux32_1.7.0.201602291259/tools/compiler/bin/../lib/gcc/arm-none-eabi/5.2.1/armv7e-m/fpu/fpv5-sp-d16/crtbegin.o

.tm_clone_table
                0x20000004        0x0 load address 0x08001c98
 .tm_clone_table
                0x20000004        0x0 /home/flisu/Ac6new/SystemWorkbench/plugins/fr.ac6.mcu.externaltools.arm-none.linux32_1.7.0.201602291259/tools/compiler/bin/../lib/gcc/arm-none-eabi/5.2.1/armv7e-m/fpu/fpv5-sp-d16/crtbegin.o
 .tm_clone_table
                0x20000004        0x0 /home/flisu/Ac6new/SystemWorkbench/plugins/fr.ac6.mcu.externaltools.arm-none.linux32_1.7.0.201602291259/tools/compiler/bin/../lib/gcc/arm-none-eabi/5.2.1/armv7e-m/fpu/fpv5-sp-d16/crtend.o

.igot.plt       0x20000004        0x0 load address 0x08001c98
 .igot.plt      0x20000004        0x0 /home/flisu/Ac6new/SystemWorkbench/plugins/fr.ac6.mcu.externaltools.arm-none.linux32_1.7.0.201602291259/tools/compiler/bin/../lib/gcc/arm-none-eabi/5.2.1/armv7e-m/fpu/fpv5-sp-d16/crtbegin.o
                0x20000004                . = ALIGN (0x4)

.bss            0x20000004      0x164 load address 0x08001c98
                0x20000004                _sbss = .
                0x20000004                __bss_start__ = _sbss
 *(.bss)
 .bss           0x20000004       0x1c /home/flisu/Ac6new/SystemWorkbench/plugins/fr.ac6.mcu.externaltools.arm-none.linux32_1.7.0.201602291259/tools/compiler/bin/../lib/gcc/arm-none-eabi/5.2.1/armv7e-m/fpu/fpv5-sp-d16/crtbegin.o
 *(.bss*)
 *(COMMON)
 COMMON         0x20000020      0x144 Application/User/main.o
                0x20000020                huart7
                0x20000090                hspi4
                0x200000f4                huart8
 COMMON         0x20000164        0x4 Drivers/STM32F7xx_HAL_Driver/stm32f7xx_hal.o
                0x20000164                uwTick
                0x20000168                . = ALIGN (0x4)
                0x20000168                _ebss = .
                0x20000168                __bss_end__ = _ebss

._user_heap_stack
                0x20000168      0x600 load address 0x08001c98
                0x20000168                . = ALIGN (0x8)
                [!provide]                PROVIDE (end, .)
                [!provide]                PROVIDE (_end, .)
                0x20000368                . = (. + _Min_Heap_Size)
 *fill*         0x20000168      0x200 
                0x20000768                . = (. + _Min_Stack_Size)
 *fill*         0x20000368      0x400 
                0x20000768                . = ALIGN (0x8)

/DISCARD/
 libc.a(*)
 libm.a(*)
 libgcc.a(*)

.ARM.attributes
                0x00000000       0x30
 *(.ARM.attributes)
 .ARM.attributes
                0x00000000       0x22 /home/flisu/Ac6new/SystemWorkbench/plugins/fr.ac6.mcu.externaltools.arm-none.linux32_1.7.0.201602291259/tools/compiler/bin/../lib/gcc/arm-none-eabi/5.2.1/armv7e-m/fpu/fpv5-sp-d16/crti.o
 .ARM.attributes
                0x00000022       0x34 /home/flisu/Ac6new/SystemWorkbench/plugins/fr.ac6.mcu.externaltools.arm-none.linux32_1.7.0.201602291259/tools/compiler/bin/../lib/gcc/arm-none-eabi/5.2.1/armv7e-m/fpu/fpv5-sp-d16/crtbegin.o
 .ARM.attributes
                0x00000056       0x21 Application/SW4STM32/startup_stm32f746xx.o
 .ARM.attributes
                0x00000077       0x39 Application/User/main.o
 .ARM.attributes
                0x000000b0       0x39 Application/User/stm32f7xx_hal_msp.o
 .ARM.attributes
                0x000000e9       0x39 Application/User/stm32f7xx_it.o
 .ARM.attributes
                0x00000122       0x39 Drivers/CMSIS/system_stm32f7xx.o
 .ARM.attributes
                0x0000015b       0x39 Drivers/STM32F7xx_HAL_Driver/stm32f7xx_hal.o
 .ARM.attributes
                0x00000194       0x39 Drivers/STM32F7xx_HAL_Driver/stm32f7xx_hal_cortex.o
 .ARM.attributes
                0x000001cd       0x39 Drivers/STM32F7xx_HAL_Driver/stm32f7xx_hal_gpio.o
 .ARM.attributes
                0x00000206       0x39 Drivers/STM32F7xx_HAL_Driver/stm32f7xx_hal_pwr_ex.o
 .ARM.attributes
                0x0000023f       0x39 Drivers/STM32F7xx_HAL_Driver/stm32f7xx_hal_rcc.o
 .ARM.attributes
                0x00000278       0x39 Drivers/STM32F7xx_HAL_Driver/stm32f7xx_hal_rcc_ex.o
 .ARM.attributes
                0x000002b1       0x39 Drivers/STM32F7xx_HAL_Driver/stm32f7xx_hal_spi.o
 .ARM.attributes
                0x000002ea       0x39 Drivers/STM32F7xx_HAL_Driver/stm32f7xx_hal_uart.o
 .ARM.attributes
                0x00000323       0x34 /home/flisu/Ac6new/SystemWorkbench/plugins/fr.ac6.mcu.externaltools.arm-none.linux32_1.7.0.201602291259/tools/compiler/bin/../lib/gcc/arm-none-eabi/5.2.1/../../../../arm-none-eabi/lib/armv7e-m/fpu/fpv5-sp-d16/libc_nano.a(lib_a-init.o)
 .ARM.attributes
                0x00000357       0x34 /home/flisu/Ac6new/SystemWorkbench/plugins/fr.ac6.mcu.externaltools.arm-none.linux32_1.7.0.201602291259/tools/compiler/bin/../lib/gcc/arm-none-eabi/5.2.1/armv7e-m/fpu/fpv5-sp-d16/crtend.o
 .ARM.attributes
                0x0000038b       0x22 /home/flisu/Ac6new/SystemWorkbench/plugins/fr.ac6.mcu.externaltools.arm-none.linux32_1.7.0.201602291259/tools/compiler/bin/../lib/gcc/arm-none-eabi/5.2.1/armv7e-m/fpu/fpv5-sp-d16/crtn.o
OUTPUT(alarm_main.elf elf32-littlearm)

.debug_line     0x00000000     0x83c4
 .debug_line    0x00000000       0xaa Application/SW4STM32/startup_stm32f746xx.o
 .debug_line    0x000000aa      0x8bc Application/User/main.o
 .debug_line    0x00000966      0x879 Application/User/stm32f7xx_hal_msp.o
 .debug_line    0x000011df      0x84e Application/User/stm32f7xx_it.o
 .debug_line    0x00001a2d      0x807 Drivers/CMSIS/system_stm32f7xx.o
 .debug_line    0x00002234      0x98b Drivers/STM32F7xx_HAL_Driver/stm32f7xx_hal.o
 .debug_line    0x00002bbf      0xa30 Drivers/STM32F7xx_HAL_Driver/stm32f7xx_hal_cortex.o
 .debug_line    0x000035ef      0x9ed Drivers/STM32F7xx_HAL_Driver/stm32f7xx_hal_gpio.o
 .debug_line    0x00003fdc      0x95c Drivers/STM32F7xx_HAL_Driver/stm32f7xx_hal_pwr_ex.o
 .debug_line    0x00004938      0xbaf Drivers/STM32F7xx_HAL_Driver/stm32f7xx_hal_rcc.o
 .debug_line    0x000054e7      0xc24 Drivers/STM32F7xx_HAL_Driver/stm32f7xx_hal_rcc_ex.o
 .debug_line    0x0000610b     0x11c4 Drivers/STM32F7xx_HAL_Driver/stm32f7xx_hal_spi.o
 .debug_line    0x000072cf     0x10f5 Drivers/STM32F7xx_HAL_Driver/stm32f7xx_hal_uart.o

.debug_info     0x00000000     0xad09
 .debug_info    0x00000000       0xb8 Application/SW4STM32/startup_stm32f746xx.o
 .debug_info    0x000000b8     0x15d8 Application/User/main.o
 .debug_info    0x00001690     0x1058 Application/User/stm32f7xx_hal_msp.o
 .debug_info    0x000026e8      0x146 Application/User/stm32f7xx_it.o
 .debug_info    0x0000282e      0x6cf Drivers/CMSIS/system_stm32f7xx.o
 .debug_info    0x00002efd      0x8e7 Drivers/STM32F7xx_HAL_Driver/stm32f7xx_hal.o
 .debug_info    0x000037e4     0x111c Drivers/STM32F7xx_HAL_Driver/stm32f7xx_hal_cortex.o
 .debug_info    0x00004900      0x748 Drivers/STM32F7xx_HAL_Driver/stm32f7xx_hal_gpio.o
 .debug_info    0x00005048      0x9c0 Drivers/STM32F7xx_HAL_Driver/stm32f7xx_hal_pwr_ex.o
 .debug_info    0x00005a08      0xcd9 Drivers/STM32F7xx_HAL_Driver/stm32f7xx_hal_rcc.o
 .debug_info    0x000066e1      0xf6c Drivers/STM32F7xx_HAL_Driver/stm32f7xx_hal_rcc_ex.o
 .debug_info    0x0000764d     0x1f31 Drivers/STM32F7xx_HAL_Driver/stm32f7xx_hal_spi.o
 .debug_info    0x0000957e     0x178b Drivers/STM32F7xx_HAL_Driver/stm32f7xx_hal_uart.o

.debug_abbrev   0x00000000     0x1a65
 .debug_abbrev  0x00000000       0x12 Application/SW4STM32/startup_stm32f746xx.o
 .debug_abbrev  0x00000012      0x264 Application/User/main.o
 .debug_abbrev  0x00000276      0x1b7 Application/User/stm32f7xx_hal_msp.o
 .debug_abbrev  0x0000042d       0xe3 Application/User/stm32f7xx_it.o
 .debug_abbrev  0x00000510      0x120 Drivers/CMSIS/system_stm32f7xx.o
 .debug_abbrev  0x00000630      0x1e5 Drivers/STM32F7xx_HAL_Driver/stm32f7xx_hal.o
 .debug_abbrev  0x00000815      0x332 Drivers/STM32F7xx_HAL_Driver/stm32f7xx_hal_cortex.o
 .debug_abbrev  0x00000b47      0x1cb Drivers/STM32F7xx_HAL_Driver/stm32f7xx_hal_gpio.o
 .debug_abbrev  0x00000d12      0x1ec Drivers/STM32F7xx_HAL_Driver/stm32f7xx_hal_pwr_ex.o
 .debug_abbrev  0x00000efe      0x2dd Drivers/STM32F7xx_HAL_Driver/stm32f7xx_hal_rcc.o
 .debug_abbrev  0x000011db      0x231 Drivers/STM32F7xx_HAL_Driver/stm32f7xx_hal_rcc_ex.o
 .debug_abbrev  0x0000140c      0x32d Drivers/STM32F7xx_HAL_Driver/stm32f7xx_hal_spi.o
 .debug_abbrev  0x00001739      0x32c Drivers/STM32F7xx_HAL_Driver/stm32f7xx_hal_uart.o

.debug_aranges  0x00000000      0x6e8
 .debug_aranges
                0x00000000       0x28 Application/SW4STM32/startup_stm32f746xx.o
 .debug_aranges
                0x00000028       0x30 Application/User/main.o
 .debug_aranges
                0x00000058       0x40 Application/User/stm32f7xx_hal_msp.o
 .debug_aranges
                0x00000098       0x48 Application/User/stm32f7xx_it.o
 .debug_aranges
                0x000000e0       0x28 Drivers/CMSIS/system_stm32f7xx.o
 .debug_aranges
                0x00000108       0xc8 Drivers/STM32F7xx_HAL_Driver/stm32f7xx_hal.o
 .debug_aranges
                0x000001d0       0xa8 Drivers/STM32F7xx_HAL_Driver/stm32f7xx_hal_cortex.o
 .debug_aranges
                0x00000278       0x58 Drivers/STM32F7xx_HAL_Driver/stm32f7xx_hal_gpio.o
 .debug_aranges
                0x000002d0       0x80 Drivers/STM32F7xx_HAL_Driver/stm32f7xx_hal_pwr_ex.o
 .debug_aranges
                0x00000350       0x88 Drivers/STM32F7xx_HAL_Driver/stm32f7xx_hal_rcc.o
 .debug_aranges
                0x000003d8       0x30 Drivers/STM32F7xx_HAL_Driver/stm32f7xx_hal_rcc_ex.o
 .debug_aranges
                0x00000408      0x198 Drivers/STM32F7xx_HAL_Driver/stm32f7xx_hal_spi.o
 .debug_aranges
                0x000005a0      0x148 Drivers/STM32F7xx_HAL_Driver/stm32f7xx_hal_uart.o

.debug_ranges   0x00000000      0xce0
 .debug_ranges  0x00000000       0x20 Application/SW4STM32/startup_stm32f746xx.o
 .debug_ranges  0x00000020       0xb8 Application/User/main.o
 .debug_ranges  0x000000d8       0x70 Application/User/stm32f7xx_hal_msp.o
 .debug_ranges  0x00000148       0x38 Application/User/stm32f7xx_it.o
 .debug_ranges  0x00000180       0x18 Drivers/CMSIS/system_stm32f7xx.o
 .debug_ranges  0x00000198       0xb8 Drivers/STM32F7xx_HAL_Driver/stm32f7xx_hal.o
 .debug_ranges  0x00000250      0x150 Drivers/STM32F7xx_HAL_Driver/stm32f7xx_hal_cortex.o
 .debug_ranges  0x000003a0       0x70 Drivers/STM32F7xx_HAL_Driver/stm32f7xx_hal_gpio.o
 .debug_ranges  0x00000410       0xf8 Drivers/STM32F7xx_HAL_Driver/stm32f7xx_hal_pwr_ex.o
 .debug_ranges  0x00000508      0x1b0 Drivers/STM32F7xx_HAL_Driver/stm32f7xx_hal_rcc.o
 .debug_ranges  0x000006b8      0x320 Drivers/STM32F7xx_HAL_Driver/stm32f7xx_hal_rcc_ex.o
 .debug_ranges  0x000009d8      0x1d0 Drivers/STM32F7xx_HAL_Driver/stm32f7xx_hal_spi.o
 .debug_ranges  0x00000ba8      0x138 Drivers/STM32F7xx_HAL_Driver/stm32f7xx_hal_uart.o

.debug_macro    0x00000000    0x246e3
 .debug_macro   0x00000000      0x2ea Application/User/main.o
 .debug_macro   0x000002ea      0x89e Application/User/main.o
 .debug_macro   0x00000b88       0xe2 Application/User/main.o
 .debug_macro   0x00000c6a      0x17f Application/User/main.o
 .debug_macro   0x00000de9       0x2e Application/User/main.o
 .debug_macro   0x00000e17       0x3b Application/User/main.o
 .debug_macro   0x00000e52       0x22 Application/User/main.o
 .debug_macro   0x00000e74       0x44 Application/User/main.o
 .debug_macro   0x00000eb8       0xfd Application/User/main.o
 .debug_macro   0x00000fb5       0x22 Application/User/main.o
 .debug_macro   0x00000fd7      0x1df Application/User/main.o
 .debug_macro   0x000011b6       0x35 Application/User/main.o
 .debug_macro   0x000011eb       0x50 Application/User/main.o
 .debug_macro   0x0000123b     0x1114 Application/User/main.o
 .debug_macro   0x0000234f    0x1875c Application/User/main.o
 .debug_macro   0x0001aaab       0x43 Application/User/main.o
 .debug_macro   0x0001aaee     0x35c8 Application/User/main.o
 .debug_macro   0x0001e0b6       0x58 Application/User/main.o
 .debug_macro   0x0001e10e       0x35 Application/User/main.o
 .debug_macro   0x0001e143       0x9c Application/User/main.o
 .debug_macro   0x0001e1df       0x16 Application/User/main.o
 .debug_macro   0x0001e1f5       0x97 Application/User/main.o
 .debug_macro   0x0001e28c      0x329 Application/User/main.o
 .debug_macro   0x0001e5b5       0xfd Application/User/main.o
 .debug_macro   0x0001e6b2       0x10 Application/User/main.o
 .debug_macro   0x0001e6c2       0x52 Application/User/main.o
 .debug_macro   0x0001e714       0x16 Application/User/main.o
 .debug_macro   0x0001e72a       0x43 Application/User/main.o
 .debug_macro   0x0001e76d      0x187 Application/User/main.o
 .debug_macro   0x0001e8f4       0x10 Application/User/main.o
 .debug_macro   0x0001e904       0x22 Application/User/main.o
 .debug_macro   0x0001e926       0x3a Application/User/main.o
 .debug_macro   0x0001e960       0x10 Application/User/main.o
 .debug_macro   0x0001e970       0x40 Application/User/main.o
 .debug_macro   0x0001e9b0       0x65 Application/User/main.o
 .debug_macro   0x0001ea15       0x16 Application/User/main.o
 .debug_macro   0x0001ea2b      0x197 Application/User/main.o
 .debug_macro   0x0001ebc2       0x50 Application/User/main.o
 .debug_macro   0x0001ec12     0x18ad Application/User/main.o
 .debug_macro   0x000204bf      0x6a2 Application/User/main.o
 .debug_macro   0x00020b61      0x11e Application/User/main.o
 .debug_macro   0x00020c7f      0x204 Application/User/main.o
 .debug_macro   0x00020e83       0x27 Application/User/main.o
 .debug_macro   0x00020eaa      0x24f Application/User/main.o
 .debug_macro   0x000210f9       0x41 Application/User/main.o
 .debug_macro   0x0002113a       0x58 Application/User/main.o
 .debug_macro   0x00021192      0x23a Application/User/main.o
 .debug_macro   0x000213cc      0x156 Application/User/main.o
 .debug_macro   0x00021522      0x25d Application/User/main.o
 .debug_macro   0x0002177f       0x12 Application/User/main.o
 .debug_macro   0x00021791      0x202 Application/User/main.o
 .debug_macro   0x00021993       0x5a Application/User/main.o
 .debug_macro   0x000219ed       0x90 Application/User/main.o
 .debug_macro   0x00021a7d      0x133 Application/User/main.o
 .debug_macro   0x00021bb0      0x10c Application/User/main.o
 .debug_macro   0x00021cbc       0x35 Application/User/main.o
 .debug_macro   0x00021cf1      0x2e2 Application/User/main.o
 .debug_macro   0x00021fd3      0x4e8 Application/User/main.o
 .debug_macro   0x000224bb       0x47 Application/User/main.o
 .debug_macro   0x00022502      0x14a Application/User/main.o
 .debug_macro   0x0002264c      0x2e6 Application/User/stm32f7xx_hal_msp.o
 .debug_macro   0x00022932      0x2f0 Application/User/stm32f7xx_it.o
 .debug_macro   0x00022c22      0x2dd Drivers/CMSIS/system_stm32f7xx.o
 .debug_macro   0x00022eff      0x30a Drivers/STM32F7xx_HAL_Driver/stm32f7xx_hal.o
 .debug_macro   0x00023209      0x2e6 Drivers/STM32F7xx_HAL_Driver/stm32f7xx_hal_cortex.o
 .debug_macro   0x000234ef      0x31e Drivers/STM32F7xx_HAL_Driver/stm32f7xx_hal_gpio.o
 .debug_macro   0x0002380d      0x2fe Drivers/STM32F7xx_HAL_Driver/stm32f7xx_hal_pwr_ex.o
 .debug_macro   0x00023b0b      0x30a Drivers/STM32F7xx_HAL_Driver/stm32f7xx_hal_rcc.o
 .debug_macro   0x00023e15      0x2f2 Drivers/STM32F7xx_HAL_Driver/stm32f7xx_hal_rcc_ex.o
 .debug_macro   0x00024107      0x2ee Drivers/STM32F7xx_HAL_Driver/stm32f7xx_hal_spi.o
 .debug_macro   0x000243f5      0x2ee Drivers/STM32F7xx_HAL_Driver/stm32f7xx_hal_uart.o

.debug_str      0x00000000    0xddbca
 .debug_str     0x00000000    0xdbfae Application/User/main.o
                              0xdc337 (size before relaxing)
 .debug_str     0x000dbfae       0xcf Application/User/stm32f7xx_hal_msp.o
                              0xdbe96 (size before relaxing)
 .debug_str     0x000dc07d       0xdc Application/User/stm32f7xx_it.o
                              0xdb0bd (size before relaxing)
 .debug_str     0x000dc159      0x1de Drivers/CMSIS/system_stm32f7xx.o
                              0xda1e3 (size before relaxing)
 .debug_str     0x000dc337      0x344 Drivers/STM32F7xx_HAL_Driver/stm32f7xx_hal.o
                              0xdbb52 (size before relaxing)
 .debug_str     0x000dc67b      0x363 Drivers/STM32F7xx_HAL_Driver/stm32f7xx_hal_cortex.o
                              0xdbc20 (size before relaxing)
 .debug_str     0x000dc9de      0x23e Drivers/STM32F7xx_HAL_Driver/stm32f7xx_hal_gpio.o
                              0xdb4ad (size before relaxing)
 .debug_str     0x000dcc1c      0x207 Drivers/STM32F7xx_HAL_Driver/stm32f7xx_hal_pwr_ex.o
                              0xdb569 (size before relaxing)
 .debug_str     0x000dce23      0x260 Drivers/STM32F7xx_HAL_Driver/stm32f7xx_hal_rcc.o
                              0xdb63a (size before relaxing)
 .debug_str     0x000dd083      0x12f Drivers/STM32F7xx_HAL_Driver/stm32f7xx_hal_rcc_ex.o
                              0xdb55a (size before relaxing)
 .debug_str     0x000dd1b2      0x4d3 Drivers/STM32F7xx_HAL_Driver/stm32f7xx_hal_spi.o
                              0xdb9b0 (size before relaxing)
 .debug_str     0x000dd685      0x545 Drivers/STM32F7xx_HAL_Driver/stm32f7xx_hal_uart.o
                              0xdbc8f (size before relaxing)

.comment        0x00000000       0x6e
 .comment       0x00000000       0x6e Application/User/main.o
                                 0x6f (size before relaxing)
 .comment       0x0000006e       0x6f Application/User/stm32f7xx_hal_msp.o
 .comment       0x0000006e       0x6f Application/User/stm32f7xx_it.o
 .comment       0x0000006e       0x6f Drivers/CMSIS/system_stm32f7xx.o
 .comment       0x0000006e       0x6f Drivers/STM32F7xx_HAL_Driver/stm32f7xx_hal.o
 .comment       0x0000006e       0x6f Drivers/STM32F7xx_HAL_Driver/stm32f7xx_hal_cortex.o
 .comment       0x0000006e       0x6f Drivers/STM32F7xx_HAL_Driver/stm32f7xx_hal_gpio.o
 .comment       0x0000006e       0x6f Drivers/STM32F7xx_HAL_Driver/stm32f7xx_hal_pwr_ex.o
 .comment       0x0000006e       0x6f Drivers/STM32F7xx_HAL_Driver/stm32f7xx_hal_rcc.o
 .comment       0x0000006e       0x6f Drivers/STM32F7xx_HAL_Driver/stm32f7xx_hal_rcc_ex.o
 .comment       0x0000006e       0x6f Drivers/STM32F7xx_HAL_Driver/stm32f7xx_hal_spi.o
 .comment       0x0000006e       0x6f Drivers/STM32F7xx_HAL_Driver/stm32f7xx_hal_uart.o

.debug_frame    0x00000000     0x1238
 .debug_frame   0x00000000       0x58 Application/User/main.o
 .debug_frame   0x00000058       0x80 Application/User/stm32f7xx_hal_msp.o
 .debug_frame   0x000000d8       0xac Application/User/stm32f7xx_it.o
 .debug_frame   0x00000184       0x30 Drivers/CMSIS/system_stm32f7xx.o
 .debug_frame   0x000001b4      0x1a4 Drivers/STM32F7xx_HAL_Driver/stm32f7xx_hal.o
 .debug_frame   0x00000358      0x150 Drivers/STM32F7xx_HAL_Driver/stm32f7xx_hal_cortex.o
 .debug_frame   0x000004a8       0xd4 Drivers/STM32F7xx_HAL_Driver/stm32f7xx_hal_gpio.o
 .debug_frame   0x0000057c      0x13c Drivers/STM32F7xx_HAL_Driver/stm32f7xx_hal_pwr_ex.o
 .debug_frame   0x000006b8      0x138 Drivers/STM32F7xx_HAL_Driver/stm32f7xx_hal_rcc.o
 .debug_frame   0x000007f0       0x6c Drivers/STM32F7xx_HAL_Driver/stm32f7xx_hal_rcc_ex.o
 .debug_frame   0x0000085c      0x598 Drivers/STM32F7xx_HAL_Driver/stm32f7xx_hal_spi.o
 .debug_frame   0x00000df4      0x418 Drivers/STM32F7xx_HAL_Driver/stm32f7xx_hal_uart.o
 .debug_frame   0x0000120c       0x2c /home/flisu/Ac6new/SystemWorkbench/plugins/fr.ac6.mcu.externaltools.arm-none.linux32_1.7.0.201602291259/tools/compiler/bin/../lib/gcc/arm-none-eabi/5.2.1/../../../../arm-none-eabi/lib/armv7e-m/fpu/fpv5-sp-d16/libc_nano.a(lib_a-init.o)

.debug_loc      0x00000000     0x47f4
 .debug_loc     0x00000000       0x9a Application/User/stm32f7xx_hal_msp.o
 .debug_loc     0x0000009a       0xec Drivers/CMSIS/system_stm32f7xx.o
 .debug_loc     0x00000186       0x6a Drivers/STM32F7xx_HAL_Driver/stm32f7xx_hal.o
 .debug_loc     0x000001f0      0x4ee Drivers/STM32F7xx_HAL_Driver/stm32f7xx_hal_cortex.o
 .debug_loc     0x000006de      0x34f Drivers/STM32F7xx_HAL_Driver/stm32f7xx_hal_gpio.o
 .debug_loc     0x00000a2d      0x1e8 Drivers/STM32F7xx_HAL_Driver/stm32f7xx_hal_pwr_ex.o
 .debug_loc     0x00000c15      0x4b3 Drivers/STM32F7xx_HAL_Driver/stm32f7xx_hal_rcc.o
 .debug_loc     0x000010c8      0x9b4 Drivers/STM32F7xx_HAL_Driver/stm32f7xx_hal_rcc_ex.o
 .debug_loc     0x00001a7c     0x1afb Drivers/STM32F7xx_HAL_Driver/stm32f7xx_hal_spi.o
 .debug_loc     0x00003577     0x127d Drivers/STM32F7xx_HAL_Driver/stm32f7xx_hal_uart.o
